2026-06-14 17:47:29.437 [INFO ] [tf_bridge] tf_bridge started | session=/home/jeano/picar_ros/logs/session_20260614_174729
2026-06-14 17:47:29.437 [INFO ] [tf_bridge] camera_height=0.075m  world_tags=[2,3]  x_offset=0.065m  offset_tol=0.020m  nz_tol=0.025m
2026-06-14 17:47:29.437 [INFO ] [tf_bridge] connecting to ws://192.168.1.241:8000/ws
2026-06-14 17:47:29.476 [INFO ] [tf_bridge] websocket connected to ws://192.168.1.241:8000/ws
2026-06-14 17:47:39.964 [INFO ] [tf_bridge] first_detection session cycle=0
2026-06-14 17:47:39.965 [INFO ] [tf_bridge] cycle_start cycle=0
2026-06-14 17:47:39.966 [INFO ] [tf_bridge] cycle_file_open file=cycle_0_world_174739.json
2026-06-14 17:47:39.968 [INFO ] [tf_bridge] world_initialized camera_height=0.075m anchor=[-0.123, 1.033, -0.050]
2026-06-14 17:47:39.969 [INFO ] [tf_bridge] world_origin_published cycle=0
2026-06-14 17:47:48.197 [INFO ] [tf_bridge] waiting_for_valid_pair: world not yet initialized or pair failed
2026-06-14 17:47:49.660 [INFO ] [tf_bridge] waiting_for_valid_pair: world not yet initialized or pair failed
2026-06-14 17:47:49.898 [INFO ] [tf_bridge] waiting_for_valid_pair: world not yet initialized or pair failed
2026-06-14 17:47:50.624 [INFO ] [tf_bridge] waiting_for_valid_pair: world not yet initialized or pair failed
2026-06-14 17:47:51.722 [INFO ] [tf_bridge] waiting_for_valid_pair: world not yet initialized or pair failed
2026-06-14 17:48:00.633 [INFO ] [tf_bridge] waiting_for_valid_pair: world not yet initialized or pair failed
2026-06-14 17:48:03.049 [INFO ] [tf_bridge] waiting_for_valid_pair: world not yet initialized or pair failed
2026-06-14 17:48:03.480 [INFO ] [tf_bridge] waiting_for_valid_pair: world not yet initialized or pair failed
2026-06-14 17:48:04.880 [INFO ] [tf_bridge] waiting_for_valid_pair: world not yet initialized or pair failed
2026-06-14 17:48:06.744 [INFO ] [tf_bridge] waiting_for_valid_pair: world not yet initialized or pair failed
2026-06-14 17:48:08.476 [INFO ] [tf_bridge] waiting_for_valid_pair: world not yet initialized or pair failed
2026-06-14 17:48:09.573 [INFO ] [tf_bridge] waiting_for_valid_pair: world not yet initialized or pair failed
2026-06-14 17:48:11.482 [INFO ] [tf_bridge] waiting_for_valid_pair: world not yet initialized or pair failed
2026-06-14 17:48:11.968 [INFO ] [tf_bridge] waiting_for_valid_pair: world not yet initialized or pair failed
2026-06-14 17:48:21.770 [INFO ] [tf_bridge] waiting_for_valid_pair: world not yet initialized or pair failed
2026-06-14 17:48:23.325 [INFO ] [tf_bridge] waiting_for_valid_pair: world not yet initialized or pair failed
2026-06-14 17:48:53.629 [INFO ] [tf_bridge] waiting_for_valid_pair: world not yet initialized or pair failed
2026-06-14 17:48:59.437 [INFO ] [tf_bridge] waiting_for_valid_pair: world not yet initialized or pair failed
2026-06-14 17:49:02.752 [INFO ] [tf_bridge] waiting_for_valid_pair: world not yet initialized or pair failed
2026-06-14 17:49:03.623 [INFO ] [tf_bridge] waiting_for_valid_pair: world not yet initialized or pair failed
2026-06-14 17:49:17.960 [WARNING] [tf_bridge] websocket closed: received 1012 (service restart); then sent 1012 (service restart) — retry in 1.0s
2026-06-14 17:49:18.971 [WARNING] [tf_bridge] connection refused: [Errno 111] Connect call failed ('192.168.1.241', 8000) — retry in 2.0s
2026-06-14 17:49:20.989 [WARNING] [tf_bridge] connection refused: [Errno 111] Connect call failed ('192.168.1.241', 8000) — retry in 4.0s
2026-06-14 17:49:25.268 [WARNING] [tf_bridge] connection refused: [Errno 111] Connect call failed ('192.168.1.241', 8000) — retry in 8.0s
2026-06-14 17:49:33.286 [WARNING] [tf_bridge] connection refused: [Errno 111] Connect call failed ('192.168.1.241', 8000) — retry in 16.0s
2026-06-14 17:49:34.097 [INFO ] [tf_bridge] cycle_file_close cycle=0
2026-06-14 17:49:34.098 [INFO ] [tf_bridge] ply_written file=car_cycle_0_174739.ply points=275
2026-06-14 17:49:34.100 [INFO ] [tf_bridge] ply_written file=tag2_raw_cycle_0_174739.ply points=374
2026-06-14 17:49:34.101 [INFO ] [tf_bridge] ply_written file=tag3_raw_cycle_0_174739.ply points=327
2026-06-14 17:49:34.103 [INFO ] [tf_bridge] ply_written file=pair_filtered_cycle_0_174739.ply points=550
