2026-06-13 14:38:20.345 [INFO ] [marker_detector] cycle_file_open cycle=0 file=cycle_0_raw_143820.json
2026-06-13 14:38:20.346 [INFO ] [marker_detector] manual_track_start cycle=0
2026-06-13 14:38:20.470 [INFO ] [marker_detector] manual_track world_acquired cycle=0
2026-06-13 14:38:23.014 [INFO ] [marker_detector] manual_track world_lost cycle=0 — TF gap open
2026-06-13 14:38:23.628 [INFO ] [marker_detector] manual_track world_acquired cycle=0
2026-06-13 14:38:23.952 [INFO ] [marker_detector] manual_track world_lost cycle=0 — TF gap open
2026-06-13 14:38:24.197 [INFO ] [marker_detector] manual_track world_acquired cycle=0
2026-06-13 14:38:24.257 [INFO ] [marker_detector] manual_track world_lost cycle=0 — TF gap open
2026-06-13 14:38:24.319 [INFO ] [marker_detector] manual_track world_acquired cycle=0
2026-06-13 14:38:25.042 [INFO ] [marker_detector] manual_track world_lost cycle=0 — TF gap open
2026-06-13 14:38:25.833 [INFO ] [marker_detector] manual_track world_acquired cycle=0
2026-06-13 14:38:28.344 [INFO ] [marker_detector] manual_track world_lost cycle=0 — TF gap open
2026-06-13 14:38:28.594 [INFO ] [marker_detector] manual_track world_acquired cycle=0
2026-06-13 14:38:28.883 [INFO ] [marker_detector] manual_track world_lost cycle=0 — TF gap open
2026-06-13 14:38:29.294 [INFO ] [marker_detector] manual_track world_acquired cycle=0
2026-06-13 14:38:29.655 [INFO ] [marker_detector] manual_track world_lost cycle=0 — TF gap open
2026-06-13 14:38:30.049 [INFO ] [marker_detector] manual_track world_acquired cycle=0
2026-06-13 14:38:30.334 [INFO ] [marker_detector] manual_track world_lost cycle=0 — TF gap open
2026-06-13 14:38:30.801 [INFO ] [marker_detector] manual_track world_acquired cycle=0
2026-06-13 14:38:30.868 [INFO ] [marker_detector] manual_track world_lost cycle=0 — TF gap open
2026-06-13 14:38:31.007 [INFO ] [marker_detector] manual_track world_acquired cycle=0
2026-06-13 14:38:31.205 [INFO ] [marker_detector] manual_track world_lost cycle=0 — TF gap open
2026-06-13 14:38:31.903 [INFO ] [marker_detector] manual_track world_acquired cycle=0
2026-06-13 14:38:32.488 [INFO ] [marker_detector] manual_track world_lost cycle=0 — TF gap open
2026-06-13 14:38:32.561 [INFO ] [marker_detector] manual_track world_acquired cycle=0
2026-06-13 14:38:33.057 [INFO ] [marker_detector] manual_track world_lost cycle=0 — TF gap open
2026-06-13 14:38:33.131 [INFO ] [marker_detector] manual_track world_acquired cycle=0
2026-06-13 14:38:34.123 [INFO ] [marker_detector] manual_track world_lost cycle=0 — TF gap open
2026-06-13 14:38:34.199 [INFO ] [marker_detector] manual_track world_acquired cycle=0
2026-06-13 14:38:34.978 [INFO ] [marker_detector] manual_track world_lost cycle=0 — TF gap open
2026-06-13 14:38:35.058 [INFO ] [marker_detector] manual_track world_acquired cycle=0
2026-06-13 14:38:35.273 [INFO ] [marker_detector] manual_track world_lost cycle=0 — TF gap open
2026-06-13 14:38:35.346 [INFO ] [marker_detector] manual_track world_acquired cycle=0
2026-06-13 14:38:35.556 [INFO ] [marker_detector] manual_track world_lost cycle=0 — TF gap open
2026-06-13 14:38:35.626 [INFO ] [marker_detector] manual_track world_acquired cycle=0
2026-06-13 14:38:35.913 [INFO ] [marker_detector] manual_track world_lost cycle=0 — TF gap open
2026-06-13 14:38:35.986 [INFO ] [marker_detector] manual_track world_acquired cycle=0
2026-06-13 14:38:36.343 [INFO ] [marker_detector] manual_track world_lost cycle=0 — TF gap open
2026-06-13 14:38:36.413 [INFO ] [marker_detector] manual_track world_acquired cycle=0
2026-06-13 14:38:36.841 [INFO ] [marker_detector] manual_track world_lost cycle=0 — TF gap open
2026-06-13 14:38:36.909 [INFO ] [marker_detector] manual_track world_acquired cycle=0
2026-06-13 14:38:37.342 [INFO ] [marker_detector] manual_track world_lost cycle=0 — TF gap open
2026-06-13 14:38:37.416 [INFO ] [marker_detector] manual_track world_acquired cycle=0
2026-06-13 14:38:38.910 [INFO ] [marker_detector] manual_track world_lost cycle=0 — TF gap open
2026-06-13 14:38:38.980 [INFO ] [marker_detector] manual_track world_acquired cycle=0
2026-06-13 14:38:39.047 [INFO ] [marker_detector] manual_track world_lost cycle=0 — TF gap open
2026-06-13 14:38:39.124 [INFO ] [marker_detector] manual_track world_acquired cycle=0
2026-06-13 14:38:39.691 [INFO ] [marker_detector] manual_track world_lost cycle=0 — TF gap open
2026-06-13 14:38:39.766 [INFO ] [marker_detector] manual_track world_acquired cycle=0
2026-06-13 14:38:40.548 [INFO ] [marker_detector] manual_track world_lost cycle=0 — TF gap open
2026-06-13 14:38:40.622 [INFO ] [marker_detector] manual_track world_acquired cycle=0
2026-06-13 14:38:40.834 [INFO ] [marker_detector] manual_track world_lost cycle=0 — TF gap open
2026-06-13 14:38:40.904 [INFO ] [marker_detector] manual_track world_acquired cycle=0
2026-06-13 14:38:40.972 [INFO ] [marker_detector] manual_track world_lost cycle=0 — TF gap open
2026-06-13 14:38:41.048 [INFO ] [marker_detector] manual_track world_acquired cycle=0
2026-06-13 14:38:42.408 [INFO ] [marker_detector] manual_track world_lost cycle=0 — TF gap open
2026-06-13 14:38:42.482 [INFO ] [marker_detector] manual_track world_acquired cycle=0
2026-06-13 14:38:43.061 [INFO ] [marker_detector] manual_track world_lost cycle=0 — TF gap open
2026-06-13 14:38:43.132 [INFO ] [marker_detector] manual_track world_acquired cycle=0
2026-06-13 14:38:43.409 [INFO ] [marker_detector] manual_track world_lost cycle=0 — TF gap open
2026-06-13 14:38:43.479 [INFO ] [marker_detector] manual_track world_acquired cycle=0
2026-06-13 14:38:45.700 [INFO ] [marker_detector] manual_track world_lost cycle=0 — TF gap open
2026-06-13 14:38:45.772 [INFO ] [marker_detector] manual_track world_acquired cycle=0
2026-06-13 14:38:45.840 [INFO ] [marker_detector] manual_track world_lost cycle=0 — TF gap open
2026-06-13 14:38:45.909 [INFO ] [marker_detector] manual_track world_acquired cycle=0
2026-06-13 14:38:46.400 [INFO ] [marker_detector] manual_track world_lost cycle=0 — TF gap open
2026-06-13 14:38:46.536 [INFO ] [marker_detector] manual_track world_acquired cycle=0
2026-06-13 14:38:49.097 [INFO ] [marker_detector] manual_track world_lost cycle=0 — TF gap open
2026-06-13 14:38:49.173 [INFO ] [marker_detector] manual_track world_acquired cycle=0
2026-06-13 14:38:49.307 [INFO ] [marker_detector] manual_track world_lost cycle=0 — TF gap open
2026-06-13 14:38:49.387 [INFO ] [marker_detector] manual_track world_acquired cycle=0
2026-06-13 14:38:51.308 [INFO ] [marker_detector] manual_track world_lost cycle=0 — TF gap open
2026-06-13 14:38:51.379 [INFO ] [marker_detector] manual_track world_acquired cycle=0
2026-06-13 14:38:53.314 [INFO ] [marker_detector] manual_track world_lost cycle=0 — TF gap open
2026-06-13 14:38:53.386 [INFO ] [marker_detector] manual_track world_acquired cycle=0
2026-06-13 14:38:54.834 [INFO ] [marker_detector] manual_track world_lost cycle=0 — TF gap open
2026-06-13 14:38:54.907 [INFO ] [marker_detector] manual_track world_acquired cycle=0
2026-06-13 14:38:55.250 [INFO ] [marker_detector] manual_track world_lost cycle=0 — TF gap open
2026-06-13 14:38:55.323 [INFO ] [marker_detector] manual_track world_acquired cycle=0
2026-06-13 14:38:56.304 [INFO ] [marker_detector] manual_track world_lost cycle=0 — TF gap open
2026-06-13 14:38:56.381 [INFO ] [marker_detector] manual_track world_acquired cycle=0
2026-06-13 14:38:57.449 [INFO ] [marker_detector] manual_track world_lost cycle=0 — TF gap open
2026-06-13 14:38:57.524 [INFO ] [marker_detector] manual_track world_acquired cycle=0
2026-06-13 14:38:58.505 [INFO ] [marker_detector] manual_track world_lost cycle=0 — TF gap open
2026-06-13 14:38:58.579 [INFO ] [marker_detector] manual_track world_acquired cycle=0
2026-06-13 14:39:01.758 [INFO ] [marker_detector] manual_track world_lost cycle=0 — TF gap open
2026-06-13 14:39:01.828 [INFO ] [marker_detector] manual_track world_acquired cycle=0
2026-06-13 14:39:02.254 [INFO ] [marker_detector] manual_track world_lost cycle=0 — TF gap open
2026-06-13 14:39:02.322 [INFO ] [marker_detector] manual_track world_acquired cycle=0
2026-06-13 14:39:03.176 [INFO ] [marker_detector] manual_track world_lost cycle=0 — TF gap open
2026-06-13 14:39:03.248 [INFO ] [marker_detector] manual_track world_acquired cycle=0
2026-06-13 14:39:04.744 [INFO ] [marker_detector] manual_track world_lost cycle=0 — TF gap open
2026-06-13 14:39:04.891 [INFO ] [marker_detector] manual_track world_acquired cycle=0
2026-06-13 14:39:06.705 [INFO ] [marker_detector] manual_track world_lost cycle=0 — TF gap open
2026-06-13 14:39:06.774 [INFO ] [marker_detector] manual_track world_acquired cycle=0
2026-06-13 14:39:09.508 [INFO ] [marker_detector] manual_track world_lost cycle=0 — TF gap open
2026-06-13 14:39:09.582 [INFO ] [marker_detector] manual_track world_acquired cycle=0
2026-06-13 14:39:10.938 [INFO ] [marker_detector] manual_track world_lost cycle=0 — TF gap open
2026-06-13 14:39:11.078 [INFO ] [marker_detector] manual_track world_acquired cycle=0
2026-06-13 14:39:13.902 [INFO ] [marker_detector] manual_track world_lost cycle=0 — TF gap open
2026-06-13 14:39:13.973 [INFO ] [marker_detector] manual_track world_acquired cycle=0
2026-06-13 14:39:15.891 [INFO ] [marker_detector] manual_track world_lost cycle=0 — TF gap open
2026-06-13 14:39:15.964 [INFO ] [marker_detector] manual_track world_acquired cycle=0
2026-06-13 14:39:19.455 [INFO ] [marker_detector] manual_track world_lost cycle=0 — TF gap open
2026-06-13 14:39:19.528 [INFO ] [marker_detector] manual_track world_acquired cycle=0
2026-06-13 14:39:19.961 [INFO ] [marker_detector] manual_track world_lost cycle=0 — TF gap open
2026-06-13 14:39:20.033 [INFO ] [marker_detector] manual_track world_acquired cycle=0
2026-06-13 14:39:27.114 [INFO ] [marker_detector] manual_track world_lost cycle=0 — TF gap open
2026-06-13 14:39:27.182 [INFO ] [marker_detector] manual_track world_acquired cycle=0
2026-06-13 14:39:29.453 [INFO ] [marker_detector] manual_track world_lost cycle=0 — TF gap open
2026-06-13 14:39:29.527 [INFO ] [marker_detector] manual_track world_acquired cycle=0
2026-06-13 14:39:32.314 [INFO ] [marker_detector] manual_track world_lost cycle=0 — TF gap open
2026-06-13 14:39:32.382 [INFO ] [marker_detector] manual_track world_acquired cycle=0
2026-06-13 14:39:32.734 [INFO ] [marker_detector] manual_track world_lost cycle=0 — TF gap open
2026-06-13 14:39:32.808 [INFO ] [marker_detector] manual_track world_acquired cycle=0
2026-06-13 14:39:34.653 [INFO ] [marker_detector] manual_track world_lost cycle=0 — TF gap open
2026-06-13 14:39:34.723 [INFO ] [marker_detector] manual_track world_acquired cycle=0
2026-06-13 14:39:38.053 [INFO ] [marker_detector] manual_track world_lost cycle=0 — TF gap open
2026-06-13 14:39:38.125 [INFO ] [marker_detector] manual_track world_acquired cycle=0
2026-06-13 14:39:39.333 [INFO ] [marker_detector] manual_track world_lost cycle=0 — TF gap open
2026-06-13 14:39:39.408 [INFO ] [marker_detector] manual_track world_acquired cycle=0
2026-06-13 14:39:39.479 [INFO ] [marker_detector] manual_track world_lost cycle=0 — TF gap open
2026-06-13 14:39:39.552 [INFO ] [marker_detector] manual_track world_acquired cycle=0
2026-06-13 14:39:41.975 [INFO ] [marker_detector] manual_track world_lost cycle=0 — TF gap open
2026-06-13 14:39:42.044 [INFO ] [marker_detector] manual_track world_acquired cycle=0
2026-06-13 14:39:42.332 [INFO ] [marker_detector] manual_track world_lost cycle=0 — TF gap open
2026-06-13 14:39:42.473 [INFO ] [marker_detector] manual_track world_acquired cycle=0
2026-06-13 14:39:43.540 [INFO ] [marker_detector] manual_track world_lost cycle=0 — TF gap open
2026-06-13 14:39:44.920 [INFO ] [marker_detector] manual_track world_acquired cycle=0
2026-06-13 14:39:44.989 [INFO ] [marker_detector] manual_track world_lost cycle=0 — TF gap open
2026-06-13 14:39:45.651 [INFO ] [marker_detector] manual_track world_acquired cycle=0
2026-06-13 14:39:46.002 [INFO ] [marker_detector] manual_track world_lost cycle=0 — TF gap open
2026-06-13 14:39:46.195 [INFO ] [marker_detector] manual_track world_acquired cycle=0
2026-06-13 14:39:46.265 [INFO ] [marker_detector] manual_track world_lost cycle=0 — TF gap open
2026-06-13 14:39:46.337 [INFO ] [marker_detector] manual_track world_acquired cycle=0
2026-06-13 14:39:46.404 [INFO ] [marker_detector] manual_track world_lost cycle=0 — TF gap open
2026-06-13 14:39:47.565 [INFO ] [marker_detector] manual_track world_acquired cycle=0
2026-06-13 14:39:47.711 [INFO ] [marker_detector] manual_track world_lost cycle=0 — TF gap open
2026-06-13 14:39:49.582 [INFO ] [marker_detector] manual_track world_acquired cycle=0
2026-06-13 14:39:49.651 [INFO ] [marker_detector] manual_track world_lost cycle=0 — TF gap open
2026-06-13 14:39:49.788 [INFO ] [marker_detector] manual_track world_acquired cycle=0
2026-06-13 14:39:50.411 [INFO ] [marker_detector] manual_track world_lost cycle=0 — TF gap open
2026-06-13 14:39:50.744 [INFO ] [marker_detector] manual_track world_acquired cycle=0
2026-06-13 14:39:50.813 [INFO ] [marker_detector] manual_track world_lost cycle=0 — TF gap open
2026-06-13 14:39:51.028 [INFO ] [marker_detector] manual_track world_acquired cycle=0
2026-06-13 14:39:51.177 [INFO ] [marker_detector] manual_track world_lost cycle=0 — TF gap open
2026-06-13 14:39:51.388 [INFO ] [marker_detector] manual_track world_acquired cycle=0
2026-06-13 14:39:51.454 [INFO ] [marker_detector] manual_track world_lost cycle=0 — TF gap open
2026-06-13 14:39:52.184 [INFO ] [marker_detector] manual_track world_acquired cycle=0
2026-06-13 14:39:52.252 [INFO ] [marker_detector] manual_track world_lost cycle=0 — TF gap open
2026-06-13 14:39:52.330 [INFO ] [marker_detector] manual_track world_acquired cycle=0
2026-06-13 14:39:53.047 [INFO ] [marker_detector] manual_track world_lost cycle=0 — TF gap open
2026-06-13 14:39:53.182 [INFO ] [marker_detector] manual_track world_acquired cycle=0
2026-06-13 14:39:53.322 [INFO ] [marker_detector] manual_track world_lost cycle=0 — TF gap open
2026-06-13 14:39:53.394 [INFO ] [marker_detector] manual_track world_acquired cycle=0
2026-06-13 14:40:04.358 [INFO ] [marker_detector] manual_track world_lost cycle=0 — TF gap open
2026-06-13 14:40:04.422 [INFO ] [marker_detector] manual_track world_acquired cycle=0
2026-06-13 14:40:04.762 [INFO ] [marker_detector] manual_track world_lost cycle=0 — TF gap open
2026-06-13 14:40:04.830 [INFO ] [marker_detector] manual_track world_acquired cycle=0
2026-06-13 14:40:05.423 [INFO ] [marker_detector] manual_track world_lost cycle=0 — TF gap open
2026-06-13 14:40:05.489 [INFO ] [marker_detector] manual_track world_acquired cycle=0
2026-06-13 14:40:05.677 [INFO ] [marker_detector] manual_track world_lost cycle=0 — TF gap open
2026-06-13 14:40:05.744 [INFO ] [marker_detector] manual_track world_acquired cycle=0
2026-06-13 14:40:05.875 [INFO ] [marker_detector] manual_track world_lost cycle=0 — TF gap open
2026-06-13 14:40:05.936 [INFO ] [marker_detector] manual_track world_acquired cycle=0
2026-06-13 14:40:06.121 [INFO ] [marker_detector] manual_track world_lost cycle=0 — TF gap open
2026-06-13 14:40:06.187 [INFO ] [marker_detector] manual_track world_acquired cycle=0
2026-06-13 14:40:06.913 [INFO ] [marker_detector] manual_track world_lost cycle=0 — TF gap open
2026-06-13 14:40:07.197 [INFO ] [marker_detector] manual_track world_acquired cycle=0
2026-06-13 14:40:09.109 [INFO ] [marker_detector] manual_track world_lost cycle=0 — TF gap open
2026-06-13 14:40:09.543 [INFO ] [marker_detector] manual_track world_acquired cycle=0
2026-06-13 14:40:09.989 [INFO ] [marker_detector] manual_track world_lost cycle=0 — TF gap open
2026-06-13 14:40:10.432 [INFO ] [marker_detector] manual_track world_acquired cycle=0
2026-06-13 14:40:10.843 [INFO ] [marker_detector] manual_track world_lost cycle=0 — TF gap open
2026-06-13 14:40:10.914 [INFO ] [marker_detector] manual_track world_acquired cycle=0
2026-06-13 14:40:11.180 [INFO ] [marker_detector] manual_track world_lost cycle=0 — TF gap open
2026-06-13 14:40:11.249 [INFO ] [marker_detector] manual_track world_acquired cycle=0
2026-06-13 14:40:11.527 [INFO ] [marker_detector] manual_track world_lost cycle=0 — TF gap open
2026-06-13 14:40:11.596 [INFO ] [marker_detector] manual_track world_acquired cycle=0
2026-06-13 14:40:11.738 [INFO ] [marker_detector] manual_track world_lost cycle=0 — TF gap open
2026-06-13 14:40:12.611 [INFO ] [marker_detector] manual_track world_acquired cycle=0
2026-06-13 14:40:13.149 [INFO ] [marker_detector] manual_track world_lost cycle=0 — TF gap open
2026-06-13 14:40:13.355 [INFO ] [marker_detector] manual_track world_acquired cycle=0
2026-06-13 14:40:13.416 [INFO ] [marker_detector] manual_track world_lost cycle=0 — TF gap open
2026-06-13 14:40:13.742 [INFO ] [marker_detector] manual_track world_acquired cycle=0
2026-06-13 14:40:14.536 [INFO ] [marker_detector] manual_track world_lost cycle=0 — TF gap open
2026-06-13 14:40:14.670 [INFO ] [marker_detector] manual_track world_acquired cycle=0
2026-06-13 14:40:14.736 [INFO ] [marker_detector] manual_track world_lost cycle=0 — TF gap open
2026-06-13 14:40:15.072 [INFO ] [marker_detector] manual_track world_acquired cycle=0
2026-06-13 14:40:15.228 [INFO ] [marker_detector] manual_track world_lost cycle=0 — TF gap open
2026-06-13 14:40:15.360 [INFO ] [marker_detector] manual_track world_acquired cycle=0
2026-06-13 14:40:15.431 [INFO ] [marker_detector] manual_track world_lost cycle=0 — TF gap open
2026-06-13 14:40:15.645 [INFO ] [marker_detector] manual_track world_acquired cycle=0
2026-06-13 14:40:16.949 [INFO ] [marker_detector] manual_track world_lost cycle=0 — TF gap open
2026-06-13 14:40:17.363 [INFO ] [marker_detector] manual_track world_acquired cycle=0
2026-06-13 14:40:18.197 [INFO ] [marker_detector] manual_track world_lost cycle=0 — TF gap open
2026-06-13 14:40:18.414 [INFO ] [marker_detector] manual_track world_acquired cycle=0
2026-06-13 14:40:18.653 [INFO ] [marker_detector] manual_track world_lost cycle=0 — TF gap open
2026-06-13 14:40:19.013 [INFO ] [marker_detector] manual_track world_acquired cycle=0
2026-06-13 14:40:19.085 [INFO ] [marker_detector] manual_track world_lost cycle=0 — TF gap open
2026-06-13 14:40:19.502 [INFO ] [marker_detector] manual_track world_acquired cycle=0
2026-06-13 14:40:24.694 [INFO ] [marker_detector] manual_track world_lost cycle=0 — TF gap open
2026-06-13 14:40:24.911 [INFO ] [marker_detector] manual_track world_acquired cycle=0
2026-06-13 14:40:25.069 [INFO ] [marker_detector] manual_track world_lost cycle=0 — TF gap open
2026-06-13 14:40:25.289 [INFO ] [marker_detector] manual_track world_acquired cycle=0
2026-06-13 14:40:25.436 [INFO ] [marker_detector] manual_track world_lost cycle=0 — TF gap open
2026-06-13 14:40:26.258 [INFO ] [marker_detector] manual_track world_acquired cycle=0
2026-06-13 14:40:26.326 [INFO ] [marker_detector] manual_track world_lost cycle=0 — TF gap open
2026-06-13 14:40:26.399 [INFO ] [marker_detector] manual_track world_acquired cycle=0
2026-06-13 14:40:27.351 [INFO ] [marker_detector] manual_track world_lost cycle=0 — TF gap open
2026-06-13 14:40:28.989 [INFO ] [marker_detector] manual_track world_acquired cycle=0
2026-06-13 14:40:29.338 [INFO ] [marker_detector] manual_track world_lost cycle=0 — TF gap open
2026-06-13 14:40:29.402 [INFO ] [marker_detector] manual_track world_acquired cycle=0
2026-06-13 14:40:29.534 [INFO ] [marker_detector] manual_track world_lost cycle=0 — TF gap open
2026-06-13 14:40:29.663 [INFO ] [marker_detector] manual_track world_acquired cycle=0
2026-06-13 14:40:30.653 [INFO ] [marker_detector] manual_track world_lost cycle=0 — TF gap open
2026-06-13 14:40:30.775 [INFO ] [marker_detector] manual_track world_acquired cycle=0
2026-06-13 14:40:30.957 [INFO ] [marker_detector] manual_track world_lost cycle=0 — TF gap open
2026-06-13 14:40:31.018 [INFO ] [marker_detector] manual_track world_acquired cycle=0
2026-06-13 14:40:31.764 [INFO ] [marker_detector] manual_track world_lost cycle=0 — TF gap open
2026-06-13 14:40:31.999 [INFO ] [marker_detector] manual_track world_acquired cycle=0
2026-06-13 14:40:33.052 [INFO ] [marker_detector] manual_track world_lost cycle=0 — TF gap open
2026-06-13 14:40:33.169 [INFO ] [marker_detector] manual_track world_acquired cycle=0
2026-06-13 14:40:33.690 [INFO ] [marker_detector] manual_track world_lost cycle=0 — TF gap open
2026-06-13 14:40:36.056 [INFO ] [marker_detector] manual_track world_acquired cycle=0
2026-06-13 14:40:36.532 [INFO ] [marker_detector] manual_track world_lost cycle=0 — TF gap open
2026-06-13 14:40:36.592 [INFO ] [marker_detector] manual_track world_acquired cycle=0
2026-06-13 14:40:36.963 [INFO ] [marker_detector] manual_track world_lost cycle=0 — TF gap open
2026-06-13 14:40:37.883 [INFO ] [marker_detector] manual_track world_acquired cycle=0
2026-06-13 14:40:38.869 [INFO ] [marker_detector] manual_track world_lost cycle=0 — TF gap open
2026-06-13 14:40:40.484 [INFO ] [marker_detector] manual_track world_acquired cycle=0
2026-06-13 14:40:41.033 [INFO ] [marker_detector] manual_track world_lost cycle=0 — TF gap open
2026-06-13 14:40:41.096 [INFO ] [marker_detector] manual_track world_acquired cycle=0
2026-06-13 14:40:41.286 [INFO ] [marker_detector] manual_track world_lost cycle=0 — TF gap open
2026-06-13 14:40:41.524 [INFO ] [marker_detector] manual_track world_acquired cycle=0
2026-06-13 14:40:41.580 [INFO ] [marker_detector] manual_track world_lost cycle=0 — TF gap open
2026-06-13 14:40:41.636 [INFO ] [marker_detector] manual_track world_acquired cycle=0
2026-06-13 14:40:43.260 [INFO ] [marker_detector] manual_track world_lost cycle=0 — TF gap open
2026-06-13 14:40:43.316 [INFO ] [marker_detector] manual_track world_acquired cycle=0
2026-06-13 14:40:43.380 [INFO ] [marker_detector] manual_track world_lost cycle=0 — TF gap open
2026-06-13 14:40:43.435 [INFO ] [marker_detector] manual_track world_acquired cycle=0
2026-06-13 14:40:43.601 [INFO ] [marker_detector] manual_track world_lost cycle=0 — TF gap open
2026-06-13 14:40:45.864 [INFO ] [marker_detector] manual_track world_acquired cycle=0
2026-06-13 14:40:46.601 [INFO ] [marker_detector] manual_track world_lost cycle=0 — TF gap open
2026-06-13 14:40:46.661 [INFO ] [marker_detector] manual_track world_acquired cycle=0
2026-06-13 14:40:46.727 [INFO ] [marker_detector] manual_track world_lost cycle=0 — TF gap open
2026-06-13 14:40:46.785 [INFO ] [marker_detector] manual_track world_acquired cycle=0
2026-06-13 14:40:47.256 [INFO ] [marker_detector] manual_track world_lost cycle=0 — TF gap open
2026-06-13 14:40:47.310 [INFO ] [marker_detector] manual_track world_acquired cycle=0
2026-06-13 14:40:48.181 [INFO ] [marker_detector] manual_track world_lost cycle=0 — TF gap open
2026-06-13 14:40:48.234 [INFO ] [marker_detector] manual_track world_acquired cycle=0
2026-06-13 14:40:48.293 [INFO ] [marker_detector] manual_track world_lost cycle=0 — TF gap open
2026-06-13 14:40:50.131 [INFO ] [marker_detector] manual_track world_acquired cycle=0
2026-06-13 14:40:51.938 [INFO ] [marker_detector] manual_track world_lost cycle=0 — TF gap open
2026-06-13 14:40:52.269 [INFO ] [marker_detector] manual_track world_acquired cycle=0
2026-06-13 14:40:52.813 [INFO ] [marker_detector] manual_track world_lost cycle=0 — TF gap open
2026-06-13 14:40:53.200 [INFO ] [marker_detector] manual_track world_acquired cycle=0
2026-06-13 14:40:54.130 [INFO ] [marker_detector] manual_track world_lost cycle=0 — TF gap open
2026-06-13 14:40:54.202 [INFO ] [marker_detector] manual_track world_acquired cycle=0
2026-06-13 14:40:54.261 [INFO ] [marker_detector] manual_track world_lost cycle=0 — TF gap open
2026-06-13 14:40:54.386 [INFO ] [marker_detector] manual_track world_acquired cycle=0
2026-06-13 14:40:54.525 [INFO ] [marker_detector] manual_track world_lost cycle=0 — TF gap open
2026-06-13 14:40:54.666 [INFO ] [marker_detector] manual_track world_acquired cycle=0
2026-06-13 14:40:54.892 [INFO ] [marker_detector] manual_track world_lost cycle=0 — TF gap open
2026-06-13 14:40:55.456 [INFO ] [marker_detector] manual_track world_acquired cycle=0
2026-06-13 14:40:55.956 [INFO ] [marker_detector] manual_track world_lost cycle=0 — TF gap open
2026-06-13 14:40:56.023 [INFO ] [marker_detector] manual_track world_acquired cycle=0
2026-06-13 14:40:56.099 [INFO ] [marker_detector] manual_track world_lost cycle=0 — TF gap open
2026-06-13 14:40:56.289 [INFO ] [marker_detector] manual_track world_acquired cycle=0
2026-06-13 14:40:56.420 [INFO ] [marker_detector] manual_track world_lost cycle=0 — TF gap open
2026-06-13 14:40:56.548 [INFO ] [marker_detector] manual_track world_acquired cycle=0
2026-06-13 14:40:56.612 [INFO ] [marker_detector] manual_track world_lost cycle=0 — TF gap open
2026-06-13 14:40:56.855 [INFO ] [marker_detector] manual_track world_acquired cycle=0
2026-06-13 14:41:04.621 [INFO ] [marker_detector] manual_track world_lost cycle=0 — TF gap open
2026-06-13 14:41:04.688 [INFO ] [marker_detector] manual_track world_acquired cycle=0
2026-06-13 14:41:04.748 [INFO ] [marker_detector] manual_track world_lost cycle=0 — TF gap open
2026-06-13 14:41:05.054 [INFO ] [marker_detector] manual_track world_acquired cycle=0
2026-06-13 14:41:05.241 [INFO ] [marker_detector] manual_track world_lost cycle=0 — TF gap open
2026-06-13 14:41:05.363 [INFO ] [marker_detector] manual_track world_acquired cycle=0
2026-06-13 14:41:05.479 [INFO ] [marker_detector] manual_track world_lost cycle=0 — TF gap open
2026-06-13 14:41:05.662 [INFO ] [marker_detector] manual_track world_acquired cycle=0
2026-06-13 14:41:05.933 [INFO ] [marker_detector] manual_track world_lost cycle=0 — TF gap open
2026-06-13 14:41:06.062 [INFO ] [marker_detector] manual_track world_acquired cycle=0
2026-06-13 14:41:06.120 [INFO ] [marker_detector] manual_track world_lost cycle=0 — TF gap open
2026-06-13 14:41:06.433 [INFO ] [marker_detector] manual_track world_acquired cycle=0
2026-06-13 14:41:06.904 [INFO ] [marker_detector] manual_track world_lost cycle=0 — TF gap open
2026-06-13 14:41:07.378 [INFO ] [marker_detector] manual_track world_acquired cycle=0
2026-06-13 14:41:08.034 [INFO ] [marker_detector] manual_track world_lost cycle=0 — TF gap open
2026-06-13 14:41:08.630 [INFO ] [marker_detector] manual_track world_acquired cycle=0
2026-06-13 14:41:08.694 [INFO ] [marker_detector] manual_track world_lost cycle=0 — TF gap open
2026-06-13 14:41:08.760 [INFO ] [marker_detector] manual_track world_acquired cycle=0
2026-06-13 14:41:08.825 [INFO ] [marker_detector] manual_track world_lost cycle=0 — TF gap open
2026-06-13 14:41:08.896 [INFO ] [marker_detector] manual_track world_acquired cycle=0
2026-06-13 14:41:09.029 [INFO ] [marker_detector] manual_track world_lost cycle=0 — TF gap open
2026-06-13 14:41:09.164 [INFO ] [marker_detector] manual_track world_acquired cycle=0
2026-06-13 14:41:09.298 [INFO ] [marker_detector] manual_track world_lost cycle=0 — TF gap open
2026-06-13 14:41:09.672 [INFO ] [marker_detector] manual_track world_acquired cycle=0
2026-06-13 14:41:09.740 [INFO ] [marker_detector] manual_track world_lost cycle=0 — TF gap open
2026-06-13 14:41:09.808 [INFO ] [marker_detector] manual_track world_acquired cycle=0
2026-06-13 14:41:09.872 [INFO ] [marker_detector] manual_track world_lost cycle=0 — TF gap open
2026-06-13 14:41:09.943 [INFO ] [marker_detector] manual_track world_acquired cycle=0
2026-06-13 14:41:11.020 [INFO ] [marker_detector] manual_track world_lost cycle=0 — TF gap open
2026-06-13 14:41:11.370 [INFO ] [marker_detector] manual_track world_acquired cycle=0
2026-06-13 14:41:12.952 [INFO ] [marker_detector] manual_track world_lost cycle=0 — TF gap open
2026-06-13 14:41:13.338 [INFO ] [marker_detector] manual_track world_acquired cycle=0
2026-06-13 14:41:14.113 [INFO ] [marker_detector] manual_track world_lost cycle=0 — TF gap open
2026-06-13 14:41:14.459 [INFO ] [marker_detector] manual_track world_acquired cycle=0
2026-06-13 14:41:14.644 [INFO ] [marker_detector] manual_track world_lost cycle=0 — TF gap open
2026-06-13 14:41:14.705 [INFO ] [marker_detector] manual_track world_acquired cycle=0
2026-06-13 14:41:14.762 [INFO ] [marker_detector] manual_track world_lost cycle=0 — TF gap open
2026-06-13 14:41:14.980 [INFO ] [marker_detector] manual_track world_acquired cycle=0
2026-06-13 14:41:15.484 [INFO ] [marker_detector] manual_track world_lost cycle=0 — TF gap open
2026-06-13 14:41:16.018 [INFO ] [marker_detector] manual_track world_acquired cycle=0
2026-06-13 14:41:16.218 [INFO ] [marker_detector] manual_track world_lost cycle=0 — TF gap open
2026-06-13 14:41:16.281 [INFO ] [marker_detector] manual_track world_acquired cycle=0
2026-06-13 14:41:16.341 [INFO ] [marker_detector] manual_track world_lost cycle=0 — TF gap open
2026-06-13 14:41:16.730 [INFO ] [marker_detector] manual_track world_acquired cycle=0
2026-06-13 14:41:16.795 [INFO ] [marker_detector] manual_track world_lost cycle=0 — TF gap open
2026-06-13 14:41:16.858 [INFO ] [marker_detector] manual_track world_acquired cycle=0
2026-06-13 14:41:16.915 [INFO ] [marker_detector] manual_track world_lost cycle=0 — TF gap open
2026-06-13 14:41:17.371 [INFO ] [marker_detector] manual_track world_acquired cycle=0
2026-06-13 14:41:18.183 [INFO ] [marker_detector] manual_track world_lost cycle=0 — TF gap open
2026-06-13 14:41:18.911 [INFO ] [marker_detector] manual_track world_acquired cycle=0
2026-06-13 14:41:19.045 [INFO ] [marker_detector] manual_track world_lost cycle=0 — TF gap open
2026-06-13 14:41:19.184 [INFO ] [marker_detector] manual_track world_acquired cycle=0
2026-06-13 14:41:19.454 [INFO ] [marker_detector] manual_track world_lost cycle=0 — TF gap open
2026-06-13 14:41:39.021 [INFO ] [marker_detector] manual_track world_acquired cycle=0
2026-06-13 14:41:39.835 [INFO ] [marker_detector] manual_track world_lost cycle=0 — TF gap open
2026-06-13 14:41:40.532 [INFO ] [marker_detector] manual_track world_acquired cycle=0
2026-06-13 14:41:40.778 [INFO ] [marker_detector] manual_track world_lost cycle=0 — TF gap open
2026-06-13 14:41:41.514 [INFO ] [marker_detector] manual_track world_acquired cycle=0
2026-06-13 14:41:41.575 [INFO ] [marker_detector] manual_track world_lost cycle=0 — TF gap open
2026-06-13 14:41:41.976 [INFO ] [marker_detector] manual_track world_acquired cycle=0
2026-06-13 14:41:42.184 [INFO ] [marker_detector] manual_track world_lost cycle=0 — TF gap open
2026-06-13 14:41:42.455 [INFO ] [marker_detector] manual_track world_acquired cycle=0
2026-06-13 14:41:42.667 [INFO ] [marker_detector] manual_track world_lost cycle=0 — TF gap open
2026-06-13 14:41:42.739 [INFO ] [marker_detector] manual_track world_acquired cycle=0
2026-06-13 14:41:44.087 [INFO ] [marker_detector] manual_track world_lost cycle=0 — TF gap open
2026-06-13 14:41:44.154 [INFO ] [marker_detector] manual_track world_acquired cycle=0
2026-06-13 14:41:44.281 [INFO ] [marker_detector] manual_track world_lost cycle=0 — TF gap open
2026-06-13 14:41:44.421 [INFO ] [marker_detector] manual_track world_acquired cycle=0
2026-06-13 14:41:46.021 [INFO ] [marker_detector] manual_track world_lost cycle=0 — TF gap open
2026-06-13 14:41:46.098 [INFO ] [marker_detector] manual_track world_acquired cycle=0
2026-06-13 14:41:46.552 [INFO ] [marker_detector] manual_track world_lost cycle=0 — TF gap open
2026-06-13 14:41:46.679 [INFO ] [marker_detector] manual_track world_acquired cycle=0
2026-06-13 14:41:46.904 [INFO ] [marker_detector] manual_track world_lost cycle=0 — TF gap open
2026-06-13 14:41:47.002 [INFO ] [marker_detector] manual_track world_acquired cycle=0
2026-06-13 14:41:47.731 [INFO ] [marker_detector] manual_track world_lost cycle=0 — TF gap open
2026-06-13 14:41:47.795 [INFO ] [marker_detector] manual_track world_acquired cycle=0
2026-06-13 14:41:47.984 [INFO ] [marker_detector] manual_track world_lost cycle=0 — TF gap open
2026-06-13 14:41:48.281 [INFO ] [marker_detector] manual_track world_acquired cycle=0
2026-06-13 14:41:49.710 [INFO ] [marker_detector] manual_track world_lost cycle=0 — TF gap open
2026-06-13 14:41:49.771 [INFO ] [marker_detector] manual_track world_acquired cycle=0
2026-06-13 14:41:49.938 [INFO ] [marker_detector] manual_track world_lost cycle=0 — TF gap open
2026-06-13 14:41:50.055 [INFO ] [marker_detector] manual_track world_acquired cycle=0
2026-06-13 14:41:50.447 [INFO ] [marker_detector] manual_track world_lost cycle=0 — TF gap open
2026-06-13 14:41:50.507 [INFO ] [marker_detector] manual_track world_acquired cycle=0
2026-06-13 14:41:50.574 [INFO ] [marker_detector] manual_track world_lost cycle=0 — TF gap open
2026-06-13 14:41:50.684 [INFO ] [marker_detector] manual_track world_acquired cycle=0
2026-06-13 14:41:50.810 [INFO ] [marker_detector] manual_track world_lost cycle=0 — TF gap open
2026-06-13 14:41:51.013 [INFO ] [marker_detector] manual_track world_acquired cycle=0
2026-06-13 14:41:52.030 [INFO ] [marker_detector] manual_track world_lost cycle=0 — TF gap open
2026-06-13 14:41:58.554 [INFO ] [marker_detector] manual_track world_acquired cycle=0
2026-06-13 14:41:58.763 [INFO ] [marker_detector] manual_track world_lost cycle=0 — TF gap open
2026-06-13 14:41:59.832 [INFO ] [marker_detector] manual_track world_acquired cycle=0
2026-06-13 14:42:00.446 [INFO ] [marker_detector] manual_track world_lost cycle=0 — TF gap open
2026-06-13 14:42:00.518 [INFO ] [marker_detector] manual_track world_acquired cycle=0
2026-06-13 14:42:00.580 [INFO ] [marker_detector] manual_track world_lost cycle=0 — TF gap open
2026-06-13 14:42:00.994 [INFO ] [marker_detector] manual_track world_acquired cycle=0
2026-06-13 14:42:13.302 [INFO ] [marker_detector] cycle_file_close cycle=0
2026-06-13 14:42:13.302 [INFO ] [marker_detector] manual_track_stop cycle=0
2026-06-13 14:42:14.450 [INFO ] [marker_detector] cycle_file_open cycle=1 file=cycle_1_raw_144214.json
2026-06-13 14:42:14.451 [INFO ] [marker_detector] manual_track_start cycle=1
2026-06-13 14:42:14.533 [INFO ] [marker_detector] manual_track world_acquired cycle=1
2026-06-13 14:42:23.828 [INFO ] [marker_detector] manual_track world_lost cycle=1 — TF gap open
2026-06-13 14:42:24.195 [INFO ] [marker_detector] manual_track world_acquired cycle=1
2026-06-13 14:42:25.057 [INFO ] [marker_detector] manual_track world_lost cycle=1 — TF gap open
2026-06-13 14:42:25.212 [INFO ] [marker_detector] manual_track world_acquired cycle=1
2026-06-13 14:42:25.282 [INFO ] [marker_detector] manual_track world_lost cycle=1 — TF gap open
2026-06-13 14:42:25.434 [INFO ] [marker_detector] manual_track world_acquired cycle=1
2026-06-13 14:42:26.913 [INFO ] [marker_detector] manual_track world_lost cycle=1 — TF gap open
2026-06-13 14:42:27.206 [INFO ] [marker_detector] manual_track world_acquired cycle=1
2026-06-13 14:42:32.359 [INFO ] [marker_detector] manual_track world_lost cycle=1 — TF gap open
2026-06-13 14:42:32.431 [INFO ] [marker_detector] manual_track world_acquired cycle=1
2026-06-13 14:42:32.497 [INFO ] [marker_detector] manual_track world_lost cycle=1 — TF gap open
2026-06-13 14:42:32.565 [INFO ] [marker_detector] manual_track world_acquired cycle=1
2026-06-13 14:42:32.626 [INFO ] [marker_detector] manual_track world_lost cycle=1 — TF gap open
2026-06-13 14:42:33.793 [INFO ] [marker_detector] manual_track world_acquired cycle=1
2026-06-13 14:42:33.928 [INFO ] [marker_detector] manual_track world_lost cycle=1 — TF gap open
2026-06-13 14:42:33.994 [INFO ] [marker_detector] manual_track world_acquired cycle=1
2026-06-13 14:42:34.253 [INFO ] [marker_detector] manual_track world_lost cycle=1 — TF gap open
2026-06-13 14:42:34.317 [INFO ] [marker_detector] manual_track world_acquired cycle=1
2026-06-13 14:42:34.381 [INFO ] [marker_detector] manual_track world_lost cycle=1 — TF gap open
2026-06-13 14:42:34.722 [INFO ] [marker_detector] manual_track world_acquired cycle=1
2026-06-13 14:42:44.772 [INFO ] [marker_detector] manual_track world_lost cycle=1 — TF gap open
2026-06-13 14:42:45.016 [INFO ] [marker_detector] manual_track world_acquired cycle=1
2026-06-13 14:42:45.451 [INFO ] [marker_detector] manual_track world_lost cycle=1 — TF gap open
2026-06-13 14:42:45.625 [INFO ] [marker_detector] manual_track world_acquired cycle=1
2026-06-13 14:42:46.219 [INFO ] [marker_detector] manual_track world_lost cycle=1 — TF gap open
2026-06-13 14:42:47.171 [INFO ] [marker_detector] manual_track world_acquired cycle=1
2026-06-13 14:42:47.223 [INFO ] [marker_detector] manual_track world_lost cycle=1 — TF gap open
2026-06-13 14:42:47.275 [INFO ] [marker_detector] manual_track world_acquired cycle=1
2026-06-13 14:42:47.553 [INFO ] [marker_detector] manual_track world_lost cycle=1 — TF gap open
2026-06-13 14:42:47.661 [INFO ] [marker_detector] manual_track world_acquired cycle=1
2026-06-13 14:42:48.654 [INFO ] [marker_detector] manual_track world_lost cycle=1 — TF gap open
2026-06-13 14:42:48.707 [INFO ] [marker_detector] manual_track world_acquired cycle=1
2026-06-13 14:42:58.368 [INFO ] [marker_detector] cycle_file_close cycle=1
2026-06-13 14:42:58.368 [INFO ] [marker_detector] manual_track_stop cycle=1
