2026-06-23 07:53:01.084 [INFO ] [marker_detector] cycle_file_open cycle=0 file=cycle_0_raw_075301.json
2026-06-23 07:53:01.085 [INFO ] [marker_detector] manual_track_start cycle=0
2026-06-23 07:53:01.137 [INFO ] [marker_detector] manual_track world_acquired cycle=0
2026-06-23 07:53:27.912 [INFO ] [marker_detector] manual_track world_lost cycle=0 — TF gap open
2026-06-23 07:53:28.012 [INFO ] [marker_detector] manual_track world_acquired cycle=0
2026-06-23 07:53:29.013 [INFO ] [marker_detector] manual_track world_lost cycle=0 — TF gap open
2026-06-23 07:53:29.046 [INFO ] [marker_detector] manual_track world_acquired cycle=0
2026-06-23 07:53:29.151 [INFO ] [marker_detector] manual_track world_lost cycle=0 — TF gap open
2026-06-23 07:53:29.213 [INFO ] [marker_detector] manual_track world_acquired cycle=0
2026-06-23 07:53:29.445 [INFO ] [marker_detector] manual_track world_lost cycle=0 — TF gap open
2026-06-23 07:53:29.510 [INFO ] [marker_detector] manual_track world_acquired cycle=0
2026-06-23 07:53:29.579 [INFO ] [marker_detector] manual_track world_lost cycle=0 — TF gap open
2026-06-23 07:53:29.610 [INFO ] [marker_detector] manual_track world_acquired cycle=0
2026-06-23 07:53:30.576 [INFO ] [marker_detector] manual_track world_lost cycle=0 — TF gap open
2026-06-23 07:53:30.649 [INFO ] [marker_detector] manual_track world_acquired cycle=0
2026-06-23 07:53:30.676 [INFO ] [marker_detector] manual_track world_lost cycle=0 — TF gap open
2026-06-23 07:53:30.711 [INFO ] [marker_detector] manual_track world_acquired cycle=0
2026-06-23 07:53:31.895 [INFO ] [marker_detector] manual_track world_lost cycle=0 — TF gap open
2026-06-23 07:53:31.932 [INFO ] [marker_detector] manual_track world_acquired cycle=0
2026-06-23 07:53:32.011 [INFO ] [marker_detector] manual_track world_lost cycle=0 — TF gap open
2026-06-23 07:53:32.076 [INFO ] [marker_detector] manual_track world_acquired cycle=0
2026-06-23 07:53:32.543 [INFO ] [marker_detector] manual_track world_lost cycle=0 — TF gap open
2026-06-23 07:53:32.575 [INFO ] [marker_detector] manual_track world_acquired cycle=0
2026-06-23 07:53:33.908 [INFO ] [marker_detector] manual_track world_lost cycle=0 — TF gap open
2026-06-23 07:53:33.940 [INFO ] [marker_detector] manual_track world_acquired cycle=0
2026-06-23 07:53:34.139 [INFO ] [marker_detector] manual_track world_lost cycle=0 — TF gap open
2026-06-23 07:53:34.207 [INFO ] [marker_detector] manual_track world_acquired cycle=0
2026-06-23 07:53:35.009 [INFO ] [marker_detector] manual_track world_lost cycle=0 — TF gap open
2026-06-23 07:53:35.372 [INFO ] [marker_detector] manual_track world_acquired cycle=0
2026-06-23 07:53:35.550 [INFO ] [marker_detector] manual_track world_lost cycle=0 — TF gap open
2026-06-23 07:53:35.577 [INFO ] [marker_detector] manual_track world_acquired cycle=0
2026-06-23 07:53:35.704 [INFO ] [marker_detector] manual_track world_lost cycle=0 — TF gap open
2026-06-23 07:53:35.780 [INFO ] [marker_detector] manual_track world_acquired cycle=0
2026-06-23 07:53:35.838 [INFO ] [marker_detector] manual_track world_lost cycle=0 — TF gap open
2026-06-23 07:53:36.073 [INFO ] [marker_detector] manual_track world_acquired cycle=0
2026-06-23 07:53:36.107 [INFO ] [marker_detector] manual_track world_lost cycle=0 — TF gap open
2026-06-23 07:53:36.140 [INFO ] [marker_detector] manual_track world_acquired cycle=0
2026-06-23 07:53:37.714 [INFO ] [marker_detector] manual_track world_lost cycle=0 — TF gap open
2026-06-23 07:53:37.784 [INFO ] [marker_detector] manual_track world_acquired cycle=0
2026-06-23 07:53:38.703 [INFO ] [marker_detector] manual_track world_lost cycle=0 — TF gap open
2026-06-23 07:53:38.772 [INFO ] [marker_detector] manual_track world_acquired cycle=0
2026-06-23 07:53:38.912 [INFO ] [marker_detector] manual_track world_lost cycle=0 — TF gap open
2026-06-23 07:53:38.940 [INFO ] [marker_detector] manual_track world_acquired cycle=0
2026-06-23 07:53:39.604 [INFO ] [marker_detector] manual_track world_lost cycle=0 — TF gap open
2026-06-23 07:53:39.672 [INFO ] [marker_detector] manual_track world_acquired cycle=0
2026-06-23 07:53:39.701 [INFO ] [marker_detector] manual_track world_lost cycle=0 — TF gap open
2026-06-23 07:53:39.737 [INFO ] [marker_detector] manual_track world_acquired cycle=0
2026-06-23 07:53:39.768 [INFO ] [marker_detector] manual_track world_lost cycle=0 — TF gap open
2026-06-23 07:53:39.836 [INFO ] [marker_detector] manual_track world_acquired cycle=0
2026-06-23 07:55:41.228 [INFO ] [marker_detector] manual_track world_lost cycle=0 — TF gap open
2026-06-23 07:55:41.272 [INFO ] [marker_detector] manual_track world_acquired cycle=0
2026-06-23 07:55:41.328 [INFO ] [marker_detector] manual_track world_lost cycle=0 — TF gap open
2026-06-23 07:55:41.363 [INFO ] [marker_detector] manual_track world_acquired cycle=0
2026-06-23 07:55:41.930 [INFO ] [marker_detector] manual_track world_lost cycle=0 — TF gap open
2026-06-23 07:55:41.964 [INFO ] [marker_detector] manual_track world_acquired cycle=0
2026-06-23 07:55:42.037 [INFO ] [marker_detector] manual_track world_lost cycle=0 — TF gap open
2026-06-23 07:55:42.064 [INFO ] [marker_detector] manual_track world_acquired cycle=0
2026-06-23 07:55:45.232 [INFO ] [marker_detector] cycle_file_close cycle=0
2026-06-23 07:55:45.232 [INFO ] [marker_detector] manual_track_stop cycle=0
2026-06-23 07:55:50.624 [INFO ] [marker_detector] cycle_file_open cycle=1 file=cycle_1_raw_075550.json
2026-06-23 07:55:50.632 [INFO ] [marker_detector] manual_track_start cycle=1
2026-06-23 07:55:50.677 [INFO ] [marker_detector] manual_track world_acquired cycle=1
2026-06-23 07:57:43.324 [INFO ] [marker_detector] manual_track world_lost cycle=1 — TF gap open
2026-06-23 07:57:43.398 [INFO ] [marker_detector] manual_track world_acquired cycle=1
2026-06-23 07:57:43.670 [INFO ] [marker_detector] manual_track world_lost cycle=1 — TF gap open
2026-06-23 07:57:43.698 [INFO ] [marker_detector] manual_track world_acquired cycle=1
2026-06-23 07:57:44.956 [INFO ] [marker_detector] manual_track world_lost cycle=1 — TF gap open
2026-06-23 07:57:45.062 [INFO ] [marker_detector] manual_track world_acquired cycle=1
2026-06-23 07:57:45.765 [INFO ] [marker_detector] manual_track world_lost cycle=1 — TF gap open
2026-06-23 07:57:45.888 [INFO ] [marker_detector] manual_track world_acquired cycle=1
2026-06-23 07:57:46.297 [INFO ] [marker_detector] manual_track world_lost cycle=1 — TF gap open
2026-06-23 07:57:46.339 [INFO ] [marker_detector] manual_track world_acquired cycle=1
2026-06-23 07:57:46.423 [INFO ] [marker_detector] manual_track world_lost cycle=1 — TF gap open
2026-06-23 07:57:46.455 [INFO ] [marker_detector] manual_track world_acquired cycle=1
2026-06-23 07:58:26.288 [INFO ] [marker_detector] cycle_file_close cycle=1
2026-06-23 07:58:26.288 [INFO ] [marker_detector] manual_track_stop cycle=1
