2026-06-23 07:41:29.106 [INFO ] [tf_bridge] tf_bridge started | session=/home/jeano/picar_ros/logs/session_20260623_074129
2026-06-23 07:41:29.106 [INFO ] [tf_bridge] camera_height=0.075m±0.020m  world_tags=[2,3]  x_offset=0.065m  offset_tol=0.020m  nz_tol=0.025m
2026-06-23 07:41:29.106 [INFO ] [tf_bridge] connecting to ws://192.168.1.241:8000/ws
2026-06-23 07:41:29.137 [INFO ] [tf_bridge] websocket connected to ws://192.168.1.241:8000/ws
2026-06-23 07:41:29.174 [INFO ] [tf_bridge] first_detection session cycle=0
2026-06-23 07:41:29.174 [INFO ] [tf_bridge] cycle_start cycle=0
2026-06-23 07:41:29.175 [INFO ] [tf_bridge] cycle_file_open file=cycle_0_world_074129.json
2026-06-23 07:41:29.176 [WARNING] [tf_bridge] pair_valid=True but one world tag missing — skipping
2026-06-23 07:41:29.315 [WARNING] [tf_bridge] pair_valid=True but one world tag missing — skipping
2026-06-23 07:41:29.443 [WARNING] [tf_bridge] pair_valid=True but one world tag missing — skipping
2026-06-23 07:41:29.575 [WARNING] [tf_bridge] pair_valid=True but one world tag missing — skipping
2026-06-23 07:41:29.704 [WARNING] [tf_bridge] pair_valid=True but one world tag missing — skipping
2026-06-23 07:41:29.837 [WARNING] [tf_bridge] pair_valid=True but one world tag missing — skipping
2026-06-23 07:41:29.947 [WARNING] [tf_bridge] pair_valid=True but one world tag missing — skipping
2026-06-23 07:41:30.070 [WARNING] [tf_bridge] pair_valid=True but one world tag missing — skipping
2026-06-23 07:41:30.172 [WARNING] [tf_bridge] pair_valid=True but one world tag missing — skipping
2026-06-23 07:41:30.303 [WARNING] [tf_bridge] pair_valid=True but one world tag missing — skipping
2026-06-23 07:41:30.409 [WARNING] [tf_bridge] pair_valid=True but one world tag missing — skipping
2026-06-23 07:41:30.537 [WARNING] [tf_bridge] pair_valid=True but one world tag missing — skipping
2026-06-23 07:41:30.637 [WARNING] [tf_bridge] pair_valid=True but one world tag missing — skipping
2026-06-23 07:41:30.771 [WARNING] [tf_bridge] pair_valid=True but one world tag missing — skipping
2026-06-23 07:41:30.876 [WARNING] [tf_bridge] pair_valid=True but one world tag missing — skipping
2026-06-23 07:41:31.004 [WARNING] [tf_bridge] pair_valid=True but one world tag missing — skipping
2026-06-23 07:41:31.138 [WARNING] [tf_bridge] pair_valid=True but one world tag missing — skipping
2026-06-23 07:41:31.243 [WARNING] [tf_bridge] pair_valid=True but one world tag missing — skipping
2026-06-23 07:41:31.372 [WARNING] [tf_bridge] pair_valid=True but one world tag missing — skipping
2026-06-23 07:41:31.505 [WARNING] [tf_bridge] pair_valid=True but one world tag missing — skipping
2026-06-23 07:41:31.608 [WARNING] [tf_bridge] pair_valid=True but one world tag missing — skipping
2026-06-23 07:41:31.741 [WARNING] [tf_bridge] pair_valid=True but one world tag missing — skipping
2026-06-23 07:41:31.879 [WARNING] [tf_bridge] pair_valid=True but one world tag missing — skipping
2026-06-23 07:41:32.003 [WARNING] [tf_bridge] pair_valid=True but one world tag missing — skipping
2026-06-23 07:41:32.103 [WARNING] [tf_bridge] pair_valid=True but one world tag missing — skipping
2026-06-23 07:41:32.235 [WARNING] [tf_bridge] pair_valid=True but one world tag missing — skipping
2026-06-23 07:41:32.351 [WARNING] [tf_bridge] pair_valid=True but one world tag missing — skipping
2026-06-23 07:41:32.469 [WARNING] [tf_bridge] pair_valid=True but one world tag missing — skipping
2026-06-23 07:41:32.602 [WARNING] [tf_bridge] pair_valid=True but one world tag missing — skipping
2026-06-23 07:41:32.743 [WARNING] [tf_bridge] pair_valid=True but one world tag missing — skipping
2026-06-23 07:41:32.868 [WARNING] [tf_bridge] pair_valid=True but one world tag missing — skipping
2026-06-23 07:41:32.968 [WARNING] [tf_bridge] pair_valid=True but one world tag missing — skipping
2026-06-23 07:41:33.096 [WARNING] [tf_bridge] pair_valid=True but one world tag missing — skipping
2026-06-23 07:41:33.227 [WARNING] [tf_bridge] pair_valid=True but one world tag missing — skipping
2026-06-23 07:41:33.335 [WARNING] [tf_bridge] pair_valid=True but one world tag missing — skipping
2026-06-23 07:41:33.468 [WARNING] [tf_bridge] pair_valid=True but one world tag missing — skipping
2026-06-23 07:41:33.572 [WARNING] [tf_bridge] pair_valid=True but one world tag missing — skipping
2026-06-23 07:41:33.705 [WARNING] [tf_bridge] pair_valid=True but one world tag missing — skipping
2026-06-23 07:41:33.808 [WARNING] [tf_bridge] pair_valid=True but one world tag missing — skipping
2026-06-23 07:41:33.939 [WARNING] [tf_bridge] pair_valid=True but one world tag missing — skipping
2026-06-23 07:41:34.045 [WARNING] [tf_bridge] pair_valid=True but one world tag missing — skipping
2026-06-23 07:41:34.176 [WARNING] [tf_bridge] pair_valid=True but one world tag missing — skipping
2026-06-23 07:41:34.277 [WARNING] [tf_bridge] pair_valid=True but one world tag missing — skipping
2026-06-23 07:41:34.410 [WARNING] [tf_bridge] pair_valid=True but one world tag missing — skipping
2026-06-23 07:41:34.532 [WARNING] [tf_bridge] pair_valid=True but one world tag missing — skipping
2026-06-23 07:41:34.670 [WARNING] [tf_bridge] pair_valid=True but one world tag missing — skipping
2026-06-23 07:41:34.800 [WARNING] [tf_bridge] pair_valid=True but one world tag missing — skipping
2026-06-23 07:41:34.901 [WARNING] [tf_bridge] pair_valid=True but one world tag missing — skipping
2026-06-23 07:41:35.032 [WARNING] [tf_bridge] pair_valid=True but one world tag missing — skipping
2026-06-23 07:41:35.134 [WARNING] [tf_bridge] pair_valid=True but one world tag missing — skipping
2026-06-23 07:41:35.270 [WARNING] [tf_bridge] pair_valid=True but one world tag missing — skipping
2026-06-23 07:41:35.399 [WARNING] [tf_bridge] pair_valid=True but one world tag missing — skipping
2026-06-23 07:41:35.533 [WARNING] [tf_bridge] pair_valid=True but one world tag missing — skipping
2026-06-23 07:41:35.666 [WARNING] [tf_bridge] pair_valid=True but one world tag missing — skipping
2026-06-23 07:41:35.769 [WARNING] [tf_bridge] pair_valid=True but one world tag missing — skipping
2026-06-23 07:41:35.902 [WARNING] [tf_bridge] pair_valid=True but one world tag missing — skipping
2026-06-23 07:41:36.005 [WARNING] [tf_bridge] pair_valid=True but one world tag missing — skipping
2026-06-23 07:41:36.143 [WARNING] [tf_bridge] pair_valid=True but one world tag missing — skipping
2026-06-23 07:41:36.237 [WARNING] [tf_bridge] pair_valid=True but one world tag missing — skipping
2026-06-23 07:41:36.372 [WARNING] [tf_bridge] pair_valid=True but one world tag missing — skipping
2026-06-23 07:41:36.506 [WARNING] [tf_bridge] pair_valid=True but one world tag missing — skipping
2026-06-23 07:41:36.609 [WARNING] [tf_bridge] pair_valid=True but one world tag missing — skipping
2026-06-23 07:41:36.732 [WARNING] [tf_bridge] pair_valid=True but one world tag missing — skipping
2026-06-23 07:41:36.834 [WARNING] [tf_bridge] pair_valid=True but one world tag missing — skipping
2026-06-23 07:41:36.965 [WARNING] [tf_bridge] pair_valid=True but one world tag missing — skipping
2026-06-23 07:41:37.098 [WARNING] [tf_bridge] pair_valid=True but one world tag missing — skipping
2026-06-23 07:41:37.242 [WARNING] [tf_bridge] pair_valid=True but one world tag missing — skipping
2026-06-23 07:41:37.363 [WARNING] [tf_bridge] pair_valid=True but one world tag missing — skipping
2026-06-23 07:41:37.509 [WARNING] [tf_bridge] pair_valid=True but one world tag missing — skipping
2026-06-23 07:41:37.641 [WARNING] [tf_bridge] pair_valid=True but one world tag missing — skipping
2026-06-23 07:41:37.765 [WARNING] [tf_bridge] pair_valid=True but one world tag missing — skipping
2026-06-23 07:41:37.899 [WARNING] [tf_bridge] pair_valid=True but one world tag missing — skipping
2026-06-23 07:41:38.034 [WARNING] [tf_bridge] pair_valid=True but one world tag missing — skipping
2026-06-23 07:41:38.149 [WARNING] [tf_bridge] pair_valid=True but one world tag missing — skipping
2026-06-23 07:41:38.246 [WARNING] [tf_bridge] pair_valid=True but one world tag missing — skipping
2026-06-23 07:41:38.372 [WARNING] [tf_bridge] pair_valid=True but one world tag missing — skipping
2026-06-23 07:41:38.506 [WARNING] [tf_bridge] pair_valid=True but one world tag missing — skipping
2026-06-23 07:41:38.600 [WARNING] [tf_bridge] pair_valid=True but one world tag missing — skipping
2026-06-23 07:41:38.744 [WARNING] [tf_bridge] pair_valid=True but one world tag missing — skipping
2026-06-23 07:41:38.863 [WARNING] [tf_bridge] pair_valid=True but one world tag missing — skipping
2026-06-23 07:41:38.996 [WARNING] [tf_bridge] pair_valid=True but one world tag missing — skipping
2026-06-23 07:41:39.153 [WARNING] [tf_bridge] pair_valid=True but one world tag missing — skipping
2026-06-23 07:41:39.261 [WARNING] [tf_bridge] pair_valid=True but one world tag missing — skipping
2026-06-23 07:41:39.362 [WARNING] [tf_bridge] pair_valid=True but one world tag missing — skipping
2026-06-23 07:41:39.496 [WARNING] [tf_bridge] pair_valid=True but one world tag missing — skipping
2026-06-23 07:41:39.599 [WARNING] [tf_bridge] pair_valid=True but one world tag missing — skipping
2026-06-23 07:41:39.729 [WARNING] [tf_bridge] pair_valid=True but one world tag missing — skipping
2026-06-23 07:41:39.835 [WARNING] [tf_bridge] pair_valid=True but one world tag missing — skipping
2026-06-23 07:41:39.968 [WARNING] [tf_bridge] pair_valid=True but one world tag missing — skipping
2026-06-23 07:41:40.095 [WARNING] [tf_bridge] pair_valid=True but one world tag missing — skipping
2026-06-23 07:41:40.196 [WARNING] [tf_bridge] pair_valid=True but one world tag missing — skipping
2026-06-23 07:41:40.295 [WARNING] [tf_bridge] pair_valid=True but one world tag missing — skipping
2026-06-23 07:41:40.430 [WARNING] [tf_bridge] pair_valid=True but one world tag missing — skipping
2026-06-23 07:41:40.561 [WARNING] [tf_bridge] pair_valid=True but one world tag missing — skipping
2026-06-23 07:41:40.730 [WARNING] [tf_bridge] pair_valid=True but one world tag missing — skipping
2026-06-23 07:41:40.836 [WARNING] [tf_bridge] pair_valid=True but one world tag missing — skipping
2026-06-23 07:41:40.966 [WARNING] [tf_bridge] pair_valid=True but one world tag missing — skipping
2026-06-23 07:41:41.100 [WARNING] [tf_bridge] pair_valid=True but one world tag missing — skipping
2026-06-23 07:41:41.193 [WARNING] [tf_bridge] pair_valid=True but one world tag missing — skipping
2026-06-23 07:41:41.329 [WARNING] [tf_bridge] pair_valid=True but one world tag missing — skipping
2026-06-23 07:41:41.461 [WARNING] [tf_bridge] pair_valid=True but one world tag missing — skipping
2026-06-23 07:41:41.562 [WARNING] [tf_bridge] pair_valid=True but one world tag missing — skipping
2026-06-23 07:41:41.693 [WARNING] [tf_bridge] pair_valid=True but one world tag missing — skipping
2026-06-23 07:41:41.804 [WARNING] [tf_bridge] pair_valid=True but one world tag missing — skipping
2026-06-23 07:41:41.927 [WARNING] [tf_bridge] pair_valid=True but one world tag missing — skipping
2026-06-23 07:41:42.060 [WARNING] [tf_bridge] pair_valid=True but one world tag missing — skipping
2026-06-23 07:41:42.194 [WARNING] [tf_bridge] pair_valid=True but one world tag missing — skipping
2026-06-23 07:41:42.294 [WARNING] [tf_bridge] pair_valid=True but one world tag missing — skipping
2026-06-23 07:41:42.430 [WARNING] [tf_bridge] pair_valid=True but one world tag missing — skipping
2026-06-23 07:41:42.564 [WARNING] [tf_bridge] pair_valid=True but one world tag missing — skipping
2026-06-23 07:41:42.666 [WARNING] [tf_bridge] pair_valid=True but one world tag missing — skipping
2026-06-23 07:41:42.800 [WARNING] [tf_bridge] pair_valid=True but one world tag missing — skipping
2026-06-23 07:41:42.904 [WARNING] [tf_bridge] pair_valid=True but one world tag missing — skipping
2026-06-23 07:41:43.033 [WARNING] [tf_bridge] pair_valid=True but one world tag missing — skipping
2026-06-23 07:41:43.161 [WARNING] [tf_bridge] pair_valid=True but one world tag missing — skipping
2026-06-23 07:41:43.287 [WARNING] [tf_bridge] pair_valid=True but one world tag missing — skipping
2026-06-23 07:41:43.406 [WARNING] [tf_bridge] pair_valid=True but one world tag missing — skipping
2026-06-23 07:41:43.525 [WARNING] [tf_bridge] pair_valid=True but one world tag missing — skipping
2026-06-23 07:41:43.660 [WARNING] [tf_bridge] pair_valid=True but one world tag missing — skipping
2026-06-23 07:41:43.760 [WARNING] [tf_bridge] pair_valid=True but one world tag missing — skipping
2026-06-23 07:41:43.893 [WARNING] [tf_bridge] pair_valid=True but one world tag missing — skipping
2026-06-23 07:41:44.028 [WARNING] [tf_bridge] pair_valid=True but one world tag missing — skipping
2026-06-23 07:41:44.161 [WARNING] [tf_bridge] pair_valid=True but one world tag missing — skipping
2026-06-23 07:41:44.292 [WARNING] [tf_bridge] pair_valid=True but one world tag missing — skipping
2026-06-23 07:41:44.398 [WARNING] [tf_bridge] pair_valid=True but one world tag missing — skipping
2026-06-23 07:41:44.526 [WARNING] [tf_bridge] pair_valid=True but one world tag missing — skipping
2026-06-23 07:41:44.627 [WARNING] [tf_bridge] pair_valid=True but one world tag missing — skipping
2026-06-23 07:41:44.762 [WARNING] [tf_bridge] pair_valid=True but one world tag missing — skipping
2026-06-23 07:41:44.896 [WARNING] [tf_bridge] pair_valid=True but one world tag missing — skipping
2026-06-23 07:41:44.998 [WARNING] [tf_bridge] pair_valid=True but one world tag missing — skipping
2026-06-23 07:41:45.132 [WARNING] [tf_bridge] pair_valid=True but one world tag missing — skipping
2026-06-23 07:41:45.234 [WARNING] [tf_bridge] pair_valid=True but one world tag missing — skipping
2026-06-23 07:41:45.358 [WARNING] [tf_bridge] pair_valid=True but one world tag missing — skipping
2026-06-23 07:41:45.490 [WARNING] [tf_bridge] pair_valid=True but one world tag missing — skipping
2026-06-23 07:41:45.591 [WARNING] [tf_bridge] pair_valid=True but one world tag missing — skipping
2026-06-23 07:41:45.724 [WARNING] [tf_bridge] pair_valid=True but one world tag missing — skipping
2026-06-23 07:41:45.877 [WARNING] [tf_bridge] pair_valid=True but one world tag missing — skipping
2026-06-23 07:41:45.989 [WARNING] [tf_bridge] pair_valid=True but one world tag missing — skipping
2026-06-23 07:41:46.092 [WARNING] [tf_bridge] pair_valid=True but one world tag missing — skipping
2026-06-23 07:41:46.223 [WARNING] [tf_bridge] pair_valid=True but one world tag missing — skipping
2026-06-23 07:41:46.324 [WARNING] [tf_bridge] pair_valid=True but one world tag missing — skipping
2026-06-23 07:41:46.461 [WARNING] [tf_bridge] pair_valid=True but one world tag missing — skipping
2026-06-23 07:41:46.592 [WARNING] [tf_bridge] pair_valid=True but one world tag missing — skipping
2026-06-23 07:41:46.732 [WARNING] [tf_bridge] pair_valid=True but one world tag missing — skipping
2026-06-23 07:41:46.858 [WARNING] [tf_bridge] pair_valid=True but one world tag missing — skipping
2026-06-23 07:41:46.995 [WARNING] [tf_bridge] pair_valid=True but one world tag missing — skipping
2026-06-23 07:41:47.097 [WARNING] [tf_bridge] pair_valid=True but one world tag missing — skipping
2026-06-23 07:41:47.195 [WARNING] [tf_bridge] pair_valid=True but one world tag missing — skipping
2026-06-23 07:41:47.329 [WARNING] [tf_bridge] pair_valid=True but one world tag missing — skipping
2026-06-23 07:41:47.454 [WARNING] [tf_bridge] pair_valid=True but one world tag missing — skipping
2026-06-23 07:41:47.589 [WARNING] [tf_bridge] pair_valid=True but one world tag missing — skipping
2026-06-23 07:41:47.723 [WARNING] [tf_bridge] pair_valid=True but one world tag missing — skipping
2026-06-23 07:41:47.826 [WARNING] [tf_bridge] pair_valid=True but one world tag missing — skipping
2026-06-23 07:41:47.956 [WARNING] [tf_bridge] pair_valid=True but one world tag missing — skipping
2026-06-23 07:41:48.055 [WARNING] [tf_bridge] pair_valid=True but one world tag missing — skipping
2026-06-23 07:41:48.157 [WARNING] [tf_bridge] pair_valid=True but one world tag missing — skipping
2026-06-23 07:41:48.257 [WARNING] [tf_bridge] pair_valid=True but one world tag missing — skipping
2026-06-23 07:41:48.381 [WARNING] [tf_bridge] pair_valid=True but one world tag missing — skipping
2026-06-23 07:41:48.479 [WARNING] [tf_bridge] pair_valid=True but one world tag missing — skipping
2026-06-23 07:41:48.592 [WARNING] [tf_bridge] pair_valid=True but one world tag missing — skipping
2026-06-23 07:41:48.723 [WARNING] [tf_bridge] pair_valid=True but one world tag missing — skipping
2026-06-23 07:41:48.855 [WARNING] [tf_bridge] pair_valid=True but one world tag missing — skipping
2026-06-23 07:41:48.989 [WARNING] [tf_bridge] pair_valid=True but one world tag missing — skipping
2026-06-23 07:41:49.091 [WARNING] [tf_bridge] pair_valid=True but one world tag missing — skipping
2026-06-23 07:41:49.226 [WARNING] [tf_bridge] pair_valid=True but one world tag missing — skipping
2026-06-23 07:41:49.328 [WARNING] [tf_bridge] pair_valid=True but one world tag missing — skipping
2026-06-23 07:41:49.461 [WARNING] [tf_bridge] pair_valid=True but one world tag missing — skipping
2026-06-23 07:41:49.595 [WARNING] [tf_bridge] pair_valid=True but one world tag missing — skipping
2026-06-23 07:41:49.697 [WARNING] [tf_bridge] pair_valid=True but one world tag missing — skipping
2026-06-23 07:41:49.821 [WARNING] [tf_bridge] pair_valid=True but one world tag missing — skipping
2026-06-23 07:41:49.954 [WARNING] [tf_bridge] pair_valid=True but one world tag missing — skipping
2026-06-23 07:41:50.055 [WARNING] [tf_bridge] pair_valid=True but one world tag missing — skipping
2026-06-23 07:41:50.159 [WARNING] [tf_bridge] pair_valid=True but one world tag missing — skipping
2026-06-23 07:41:50.287 [WARNING] [tf_bridge] pair_valid=True but one world tag missing — skipping
2026-06-23 07:41:50.387 [WARNING] [tf_bridge] pair_valid=True but one world tag missing — skipping
2026-06-23 07:41:50.521 [WARNING] [tf_bridge] pair_valid=True but one world tag missing — skipping
2026-06-23 07:41:50.653 [WARNING] [tf_bridge] pair_valid=True but one world tag missing — skipping
2026-06-23 07:41:50.753 [WARNING] [tf_bridge] pair_valid=True but one world tag missing — skipping
2026-06-23 07:41:50.854 [WARNING] [tf_bridge] pair_valid=True but one world tag missing — skipping
2026-06-23 07:41:50.991 [WARNING] [tf_bridge] pair_valid=True but one world tag missing — skipping
2026-06-23 07:41:51.121 [WARNING] [tf_bridge] pair_valid=True but one world tag missing — skipping
2026-06-23 07:41:51.229 [WARNING] [tf_bridge] pair_valid=True but one world tag missing — skipping
2026-06-23 07:41:51.357 [WARNING] [tf_bridge] pair_valid=True but one world tag missing — skipping
2026-06-23 07:41:51.492 [WARNING] [tf_bridge] pair_valid=True but one world tag missing — skipping
2026-06-23 07:41:51.591 [WARNING] [tf_bridge] pair_valid=True but one world tag missing — skipping
2026-06-23 07:41:51.690 [WARNING] [tf_bridge] pair_valid=True but one world tag missing — skipping
2026-06-23 07:41:51.829 [WARNING] [tf_bridge] pair_valid=True but one world tag missing — skipping
2026-06-23 07:41:51.953 [WARNING] [tf_bridge] pair_valid=True but one world tag missing — skipping
2026-06-23 07:41:52.087 [WARNING] [tf_bridge] pair_valid=True but one world tag missing — skipping
2026-06-23 07:41:52.218 [WARNING] [tf_bridge] pair_valid=True but one world tag missing — skipping
2026-06-23 07:41:52.324 [WARNING] [tf_bridge] pair_valid=True but one world tag missing — skipping
2026-06-23 07:41:52.451 [WARNING] [tf_bridge] pair_valid=True but one world tag missing — skipping
2026-06-23 07:41:52.554 [WARNING] [tf_bridge] pair_valid=True but one world tag missing — skipping
2026-06-23 07:41:52.684 [WARNING] [tf_bridge] pair_valid=True but one world tag missing — skipping
2026-06-23 07:41:52.788 [WARNING] [tf_bridge] pair_valid=True but one world tag missing — skipping
2026-06-23 07:41:52.918 [WARNING] [tf_bridge] pair_valid=True but one world tag missing — skipping
2026-06-23 07:41:53.019 [WARNING] [tf_bridge] pair_valid=True but one world tag missing — skipping
2026-06-23 07:41:53.159 [WARNING] [tf_bridge] pair_valid=True but one world tag missing — skipping
2026-06-23 07:41:53.287 [WARNING] [tf_bridge] pair_valid=True but one world tag missing — skipping
2026-06-23 07:41:53.433 [WARNING] [tf_bridge] pair_valid=True but one world tag missing — skipping
2026-06-23 07:41:53.535 [WARNING] [tf_bridge] pair_valid=True but one world tag missing — skipping
2026-06-23 07:41:53.655 [WARNING] [tf_bridge] pair_valid=True but one world tag missing — skipping
2026-06-23 07:41:53.794 [WARNING] [tf_bridge] pair_valid=True but one world tag missing — skipping
2026-06-23 07:41:53.924 [WARNING] [tf_bridge] pair_valid=True but one world tag missing — skipping
2026-06-23 07:41:54.020 [WARNING] [tf_bridge] pair_valid=True but one world tag missing — skipping
2026-06-23 07:41:54.150 [WARNING] [tf_bridge] pair_valid=True but one world tag missing — skipping
2026-06-23 07:41:54.266 [WARNING] [tf_bridge] pair_valid=True but one world tag missing — skipping
2026-06-23 07:41:54.384 [WARNING] [tf_bridge] pair_valid=True but one world tag missing — skipping
2026-06-23 07:41:54.516 [WARNING] [tf_bridge] pair_valid=True but one world tag missing — skipping
2026-06-23 07:41:54.616 [WARNING] [tf_bridge] pair_valid=True but one world tag missing — skipping
2026-06-23 07:41:54.750 [WARNING] [tf_bridge] pair_valid=True but one world tag missing — skipping
2026-06-23 07:41:54.764 [INFO ] [tf_bridge] cycle_file_close cycle=0
