2026-06-14 18:02:27.675 [INFO ] [marker_detector] cycle_file_open cycle=0 file=cycle_0_raw_180227.json
2026-06-14 18:02:27.676 [INFO ] [marker_detector] manual_track_start cycle=0
2026-06-14 18:02:27.738 [INFO ] [marker_detector] manual_track world_acquired cycle=0
2026-06-14 18:02:42.779 [INFO ] [marker_detector] manual_track world_lost cycle=0 — TF gap open
2026-06-14 18:02:42.884 [INFO ] [marker_detector] manual_track world_acquired cycle=0
2026-06-14 18:02:42.946 [INFO ] [marker_detector] manual_track world_lost cycle=0 — TF gap open
2026-06-14 18:02:43.083 [INFO ] [marker_detector] manual_track world_acquired cycle=0
2026-06-14 18:02:44.577 [INFO ] [marker_detector] manual_track world_lost cycle=0 — TF gap open
2026-06-14 18:02:44.716 [INFO ] [marker_detector] manual_track world_acquired cycle=0
2026-06-14 18:02:45.811 [INFO ] [marker_detector] manual_track world_lost cycle=0 — TF gap open
2026-06-14 18:02:45.882 [INFO ] [marker_detector] manual_track world_acquired cycle=0
2026-06-14 18:02:46.010 [INFO ] [marker_detector] manual_track world_lost cycle=0 — TF gap open
2026-06-14 18:02:46.214 [INFO ] [marker_detector] manual_track world_acquired cycle=0
2026-06-14 18:02:47.107 [INFO ] [marker_detector] manual_track world_lost cycle=0 — TF gap open
2026-06-14 18:02:47.187 [INFO ] [marker_detector] manual_track world_acquired cycle=0
2026-06-14 18:02:47.242 [INFO ] [marker_detector] manual_track world_lost cycle=0 — TF gap open
2026-06-14 18:02:47.278 [INFO ] [marker_detector] manual_track world_acquired cycle=0
2026-06-14 18:02:47.306 [INFO ] [marker_detector] manual_track world_lost cycle=0 — TF gap open
2026-06-14 18:02:47.346 [INFO ] [marker_detector] manual_track world_acquired cycle=0
2026-06-14 18:02:47.420 [INFO ] [marker_detector] manual_track world_lost cycle=0 — TF gap open
2026-06-14 18:02:47.450 [INFO ] [marker_detector] manual_track world_acquired cycle=0
2026-06-14 18:02:47.874 [INFO ] [marker_detector] manual_track world_lost cycle=0 — TF gap open
2026-06-14 18:02:47.913 [INFO ] [marker_detector] manual_track world_acquired cycle=0
2026-06-14 18:02:48.143 [INFO ] [marker_detector] manual_track world_lost cycle=0 — TF gap open
2026-06-14 18:02:48.211 [INFO ] [marker_detector] manual_track world_acquired cycle=0
2026-06-14 18:02:48.291 [INFO ] [marker_detector] manual_track world_lost cycle=0 — TF gap open
2026-06-14 18:02:48.328 [INFO ] [marker_detector] manual_track world_acquired cycle=0
2026-06-14 18:02:48.382 [INFO ] [marker_detector] manual_track world_lost cycle=0 — TF gap open
2026-06-14 18:02:48.414 [INFO ] [marker_detector] manual_track world_acquired cycle=0
2026-06-14 18:02:48.445 [INFO ] [marker_detector] manual_track world_lost cycle=0 — TF gap open
2026-06-14 18:02:48.510 [INFO ] [marker_detector] manual_track world_acquired cycle=0
2026-06-14 18:02:48.544 [INFO ] [marker_detector] manual_track world_lost cycle=0 — TF gap open
2026-06-14 18:02:48.979 [INFO ] [marker_detector] manual_track world_acquired cycle=0
2026-06-14 18:02:49.006 [INFO ] [marker_detector] manual_track world_lost cycle=0 — TF gap open
2026-06-14 18:02:49.046 [INFO ] [marker_detector] manual_track world_acquired cycle=0
2026-06-14 18:02:49.074 [INFO ] [marker_detector] manual_track world_lost cycle=0 — TF gap open
2026-06-14 18:02:49.113 [INFO ] [marker_detector] manual_track world_acquired cycle=0
2026-06-14 18:02:49.147 [INFO ] [marker_detector] manual_track world_lost cycle=0 — TF gap open
2026-06-14 18:02:49.246 [INFO ] [marker_detector] manual_track world_acquired cycle=0
2026-06-14 18:02:49.350 [INFO ] [marker_detector] manual_track world_lost cycle=0 — TF gap open
2026-06-14 18:02:49.880 [INFO ] [marker_detector] manual_track world_acquired cycle=0
2026-06-14 18:02:49.912 [INFO ] [marker_detector] manual_track world_lost cycle=0 — TF gap open
2026-06-14 18:02:50.048 [INFO ] [marker_detector] manual_track world_acquired cycle=0
2026-06-14 18:02:50.111 [INFO ] [marker_detector] manual_track world_lost cycle=0 — TF gap open
2026-06-14 18:02:50.146 [INFO ] [marker_detector] manual_track world_acquired cycle=0
2026-06-14 18:02:50.215 [INFO ] [marker_detector] manual_track world_lost cycle=0 — TF gap open
2026-06-14 18:02:50.249 [INFO ] [marker_detector] manual_track world_acquired cycle=0
2026-06-14 18:02:51.076 [INFO ] [marker_detector] manual_track world_lost cycle=0 — TF gap open
2026-06-14 18:02:51.211 [INFO ] [marker_detector] manual_track world_acquired cycle=0
2026-06-14 18:02:51.238 [INFO ] [marker_detector] manual_track world_lost cycle=0 — TF gap open
2026-06-14 18:02:51.478 [INFO ] [marker_detector] manual_track world_acquired cycle=0
2026-06-14 18:02:51.509 [INFO ] [marker_detector] manual_track world_lost cycle=0 — TF gap open
2026-06-14 18:02:51.544 [INFO ] [marker_detector] manual_track world_acquired cycle=0
2026-06-14 18:02:52.937 [INFO ] [marker_detector] manual_track world_lost cycle=0 — TF gap open
2026-06-14 18:02:53.548 [INFO ] [marker_detector] manual_track world_acquired cycle=0
2026-06-14 18:02:53.576 [INFO ] [marker_detector] manual_track world_lost cycle=0 — TF gap open
2026-06-14 18:02:54.314 [INFO ] [marker_detector] manual_track world_acquired cycle=0
2026-06-14 18:02:54.376 [INFO ] [marker_detector] manual_track world_lost cycle=0 — TF gap open
2026-06-14 18:02:56.111 [INFO ] [marker_detector] manual_track world_acquired cycle=0
2026-06-14 18:02:56.141 [INFO ] [marker_detector] manual_track world_lost cycle=0 — TF gap open
2026-06-14 18:02:56.409 [INFO ] [marker_detector] manual_track world_acquired cycle=0
2026-06-14 18:02:56.485 [INFO ] [marker_detector] manual_track world_lost cycle=0 — TF gap open
2026-06-14 18:02:56.675 [INFO ] [marker_detector] manual_track world_acquired cycle=0
2026-06-14 18:02:56.741 [INFO ] [marker_detector] manual_track world_lost cycle=0 — TF gap open
2026-06-14 18:02:56.886 [INFO ] [marker_detector] manual_track world_acquired cycle=0
2026-06-14 18:02:56.916 [INFO ] [marker_detector] manual_track world_lost cycle=0 — TF gap open
2026-06-14 18:02:57.842 [INFO ] [marker_detector] manual_track world_acquired cycle=0
2026-06-14 18:02:57.874 [INFO ] [marker_detector] manual_track world_lost cycle=0 — TF gap open
2026-06-14 18:02:58.275 [INFO ] [marker_detector] manual_track world_acquired cycle=0
2026-06-14 18:02:58.339 [INFO ] [marker_detector] manual_track world_lost cycle=0 — TF gap open
2026-06-14 18:02:58.409 [INFO ] [marker_detector] manual_track world_acquired cycle=0
2026-06-14 18:02:58.469 [INFO ] [marker_detector] manual_track world_lost cycle=0 — TF gap open
2026-06-14 18:02:58.773 [INFO ] [marker_detector] manual_track world_acquired cycle=0
2026-06-14 18:02:58.806 [INFO ] [marker_detector] manual_track world_lost cycle=0 — TF gap open
2026-06-14 18:02:59.338 [INFO ] [marker_detector] manual_track world_acquired cycle=0
2026-06-14 18:02:59.403 [INFO ] [marker_detector] manual_track world_lost cycle=0 — TF gap open
2026-06-14 18:02:59.445 [INFO ] [marker_detector] manual_track world_acquired cycle=0
2026-06-14 18:03:01.034 [INFO ] [marker_detector] manual_track world_lost cycle=0 — TF gap open
2026-06-14 18:03:01.669 [INFO ] [marker_detector] manual_track world_acquired cycle=0
2026-06-14 18:03:01.697 [INFO ] [marker_detector] manual_track world_lost cycle=0 — TF gap open
2026-06-14 18:03:01.835 [INFO ] [marker_detector] manual_track world_acquired cycle=0
2026-06-14 18:03:01.863 [INFO ] [marker_detector] manual_track world_lost cycle=0 — TF gap open
2026-06-14 18:03:01.904 [INFO ] [marker_detector] manual_track world_acquired cycle=0
2026-06-14 18:03:04.260 [INFO ] [marker_detector] manual_track world_lost cycle=0 — TF gap open
2026-06-14 18:03:04.430 [INFO ] [marker_detector] manual_track world_acquired cycle=0
2026-06-14 18:03:04.496 [INFO ] [marker_detector] manual_track world_lost cycle=0 — TF gap open
2026-06-14 18:03:04.532 [INFO ] [marker_detector] manual_track world_acquired cycle=0
2026-06-14 18:03:04.593 [INFO ] [marker_detector] manual_track world_lost cycle=0 — TF gap open
2026-06-14 18:03:04.666 [INFO ] [marker_detector] manual_track world_acquired cycle=0
2026-06-14 18:03:04.696 [INFO ] [marker_detector] manual_track world_lost cycle=0 — TF gap open
2026-06-14 18:03:04.733 [INFO ] [marker_detector] manual_track world_acquired cycle=0
2026-06-14 18:03:04.769 [INFO ] [marker_detector] manual_track world_lost cycle=0 — TF gap open
2026-06-14 18:03:04.807 [INFO ] [marker_detector] manual_track world_acquired cycle=0
2026-06-14 18:03:04.836 [INFO ] [marker_detector] manual_track world_lost cycle=0 — TF gap open
2026-06-14 18:03:04.872 [INFO ] [marker_detector] manual_track world_acquired cycle=0
2026-06-14 18:03:05.030 [INFO ] [marker_detector] manual_track world_lost cycle=0 — TF gap open
2026-06-14 18:03:06.796 [INFO ] [marker_detector] manual_track world_acquired cycle=0
2026-06-14 18:03:06.827 [INFO ] [marker_detector] manual_track world_lost cycle=0 — TF gap open
2026-06-14 18:03:06.865 [INFO ] [marker_detector] manual_track world_acquired cycle=0
2026-06-14 18:03:07.758 [INFO ] [marker_detector] manual_track world_lost cycle=0 — TF gap open
2026-06-14 18:03:07.800 [INFO ] [marker_detector] manual_track world_acquired cycle=0
2026-06-14 18:03:07.824 [INFO ] [marker_detector] manual_track world_lost cycle=0 — TF gap open
2026-06-14 18:03:07.893 [INFO ] [marker_detector] manual_track world_acquired cycle=0
2026-06-14 18:03:07.959 [INFO ] [marker_detector] manual_track world_lost cycle=0 — TF gap open
2026-06-14 18:03:07.995 [INFO ] [marker_detector] manual_track world_acquired cycle=0
2026-06-14 18:03:08.159 [INFO ] [marker_detector] manual_track world_lost cycle=0 — TF gap open
2026-06-14 18:03:08.192 [INFO ] [marker_detector] manual_track world_acquired cycle=0
2026-06-14 18:03:08.358 [INFO ] [marker_detector] manual_track world_lost cycle=0 — TF gap open
2026-06-14 18:03:10.524 [INFO ] [marker_detector] manual_track world_acquired cycle=0
2026-06-14 18:03:10.687 [INFO ] [marker_detector] manual_track world_lost cycle=0 — TF gap open
2026-06-14 18:03:10.728 [INFO ] [marker_detector] manual_track world_acquired cycle=0
2026-06-14 18:03:10.757 [INFO ] [marker_detector] manual_track world_lost cycle=0 — TF gap open
2026-06-14 18:03:10.793 [INFO ] [marker_detector] manual_track world_acquired cycle=0
2026-06-14 18:03:10.987 [INFO ] [marker_detector] manual_track world_lost cycle=0 — TF gap open
2026-06-14 18:03:11.091 [INFO ] [marker_detector] manual_track world_acquired cycle=0
2026-06-14 18:03:11.853 [INFO ] [marker_detector] manual_track world_lost cycle=0 — TF gap open
2026-06-14 18:03:11.892 [INFO ] [marker_detector] manual_track world_acquired cycle=0
2026-06-14 18:03:11.955 [INFO ] [marker_detector] manual_track world_lost cycle=0 — TF gap open
2026-06-14 18:03:12.157 [INFO ] [marker_detector] manual_track world_acquired cycle=0
2026-06-14 18:03:14.553 [INFO ] [marker_detector] manual_track world_lost cycle=0 — TF gap open
2026-06-14 18:03:14.592 [INFO ] [marker_detector] manual_track world_acquired cycle=0
2026-06-14 18:03:14.617 [INFO ] [marker_detector] manual_track world_lost cycle=0 — TF gap open
2026-06-14 18:03:14.657 [INFO ] [marker_detector] manual_track world_acquired cycle=0
2026-06-14 18:03:14.985 [INFO ] [marker_detector] manual_track world_lost cycle=0 — TF gap open
2026-06-14 18:03:15.089 [INFO ] [marker_detector] manual_track world_acquired cycle=0
2026-06-14 18:03:15.517 [INFO ] [marker_detector] manual_track world_lost cycle=0 — TF gap open
2026-06-14 18:03:15.557 [INFO ] [marker_detector] manual_track world_acquired cycle=0
2026-06-14 18:03:15.586 [INFO ] [marker_detector] manual_track world_lost cycle=0 — TF gap open
2026-06-14 18:03:15.621 [INFO ] [marker_detector] manual_track world_acquired cycle=0
2026-06-14 18:03:16.683 [INFO ] [marker_detector] manual_track world_lost cycle=0 — TF gap open
2026-06-14 18:03:16.722 [INFO ] [marker_detector] manual_track world_acquired cycle=0
2026-06-14 18:03:18.050 [INFO ] [marker_detector] manual_track world_lost cycle=0 — TF gap open
2026-06-14 18:03:18.085 [INFO ] [marker_detector] manual_track world_acquired cycle=0
2026-06-14 18:03:18.116 [INFO ] [marker_detector] manual_track world_lost cycle=0 — TF gap open
2026-06-14 18:03:18.221 [INFO ] [marker_detector] manual_track world_acquired cycle=0
2026-06-14 18:03:18.680 [INFO ] [marker_detector] manual_track world_lost cycle=0 — TF gap open
2026-06-14 18:03:18.718 [INFO ] [marker_detector] manual_track world_acquired cycle=0
2026-06-14 18:03:18.748 [INFO ] [marker_detector] manual_track world_lost cycle=0 — TF gap open
2026-06-14 18:03:18.858 [INFO ] [marker_detector] manual_track world_acquired cycle=0
2026-06-14 18:03:19.149 [INFO ] [marker_detector] manual_track world_lost cycle=0 — TF gap open
2026-06-14 18:03:19.221 [INFO ] [marker_detector] manual_track world_acquired cycle=0
2026-06-14 18:03:19.614 [INFO ] [marker_detector] manual_track world_lost cycle=0 — TF gap open
2026-06-14 18:03:19.686 [INFO ] [marker_detector] manual_track world_acquired cycle=0
2026-06-14 18:03:19.716 [INFO ] [marker_detector] manual_track world_lost cycle=0 — TF gap open
2026-06-14 18:03:19.785 [INFO ] [marker_detector] manual_track world_acquired cycle=0
2026-06-14 18:03:19.847 [INFO ] [marker_detector] manual_track world_lost cycle=0 — TF gap open
2026-06-14 18:03:19.950 [INFO ] [marker_detector] manual_track world_acquired cycle=0
2026-06-14 18:03:19.980 [INFO ] [marker_detector] manual_track world_lost cycle=0 — TF gap open
2026-06-14 18:03:20.019 [INFO ] [marker_detector] manual_track world_acquired cycle=0
2026-06-14 18:03:20.050 [INFO ] [marker_detector] manual_track world_lost cycle=0 — TF gap open
2026-06-14 18:03:20.187 [INFO ] [marker_detector] manual_track world_acquired cycle=0
2026-06-14 18:03:20.217 [INFO ] [marker_detector] manual_track world_lost cycle=0 — TF gap open
2026-06-14 18:03:20.987 [INFO ] [marker_detector] manual_track world_acquired cycle=0
2026-06-14 18:03:22.054 [INFO ] [marker_detector] manual_track world_lost cycle=0 — TF gap open
2026-06-14 18:03:22.085 [INFO ] [marker_detector] manual_track world_acquired cycle=0
2026-06-14 18:03:22.165 [INFO ] [marker_detector] manual_track world_lost cycle=0 — TF gap open
2026-06-14 18:03:22.195 [INFO ] [marker_detector] manual_track world_acquired cycle=0
2026-06-14 18:03:22.286 [INFO ] [marker_detector] manual_track world_lost cycle=0 — TF gap open
2026-06-14 18:03:22.319 [INFO ] [marker_detector] manual_track world_acquired cycle=0
2026-06-14 18:03:22.419 [INFO ] [marker_detector] manual_track world_lost cycle=0 — TF gap open
2026-06-14 18:03:22.451 [INFO ] [marker_detector] manual_track world_acquired cycle=0
2026-06-14 18:03:22.552 [INFO ] [marker_detector] manual_track world_lost cycle=0 — TF gap open
2026-06-14 18:03:22.595 [INFO ] [marker_detector] manual_track world_acquired cycle=0
2026-06-14 18:03:22.657 [INFO ] [marker_detector] manual_track world_lost cycle=0 — TF gap open
2026-06-14 18:03:22.688 [INFO ] [marker_detector] manual_track world_acquired cycle=0
2026-06-14 18:03:22.781 [INFO ] [marker_detector] manual_track world_lost cycle=0 — TF gap open
2026-06-14 18:03:23.252 [INFO ] [marker_detector] manual_track world_acquired cycle=0
2026-06-14 18:03:23.812 [INFO ] [marker_detector] manual_track world_lost cycle=0 — TF gap open
2026-06-14 18:03:23.858 [INFO ] [marker_detector] manual_track world_acquired cycle=0
2026-06-14 18:03:23.882 [INFO ] [marker_detector] manual_track world_lost cycle=0 — TF gap open
2026-06-14 18:03:27.281 [INFO ] [marker_detector] manual_track world_acquired cycle=0
2026-06-14 18:03:27.313 [INFO ] [marker_detector] manual_track world_lost cycle=0 — TF gap open
2026-06-14 18:03:27.648 [INFO ] [marker_detector] manual_track world_acquired cycle=0
2026-06-14 18:03:28.478 [INFO ] [marker_detector] manual_track world_lost cycle=0 — TF gap open
2026-06-14 18:03:28.741 [INFO ] [marker_detector] manual_track world_acquired cycle=0
2026-06-14 18:03:28.773 [INFO ] [marker_detector] manual_track world_lost cycle=0 — TF gap open
2026-06-14 18:03:28.911 [INFO ] [marker_detector] manual_track world_acquired cycle=0
2026-06-14 18:03:28.939 [INFO ] [marker_detector] manual_track world_lost cycle=0 — TF gap open
2026-06-14 18:03:29.135 [INFO ] [marker_detector] manual_track world_acquired cycle=0
2026-06-14 18:03:29.224 [INFO ] [marker_detector] manual_track world_lost cycle=0 — TF gap open
2026-06-14 18:03:29.377 [INFO ] [marker_detector] manual_track world_acquired cycle=0
2026-06-14 18:03:29.407 [INFO ] [marker_detector] manual_track world_lost cycle=0 — TF gap open
2026-06-14 18:03:29.443 [INFO ] [marker_detector] manual_track world_acquired cycle=0
2026-06-14 18:03:29.504 [INFO ] [marker_detector] manual_track world_lost cycle=0 — TF gap open
2026-06-14 18:03:29.709 [INFO ] [marker_detector] manual_track world_acquired cycle=0
2026-06-14 18:03:29.904 [INFO ] [marker_detector] manual_track world_lost cycle=0 — TF gap open
2026-06-14 18:03:29.943 [INFO ] [marker_detector] manual_track world_acquired cycle=0
2026-06-14 18:03:29.971 [INFO ] [marker_detector] manual_track world_lost cycle=0 — TF gap open
2026-06-14 18:03:30.008 [INFO ] [marker_detector] manual_track world_acquired cycle=0
2026-06-14 18:03:30.339 [INFO ] [marker_detector] manual_track world_lost cycle=0 — TF gap open
2026-06-14 18:03:31.540 [INFO ] [marker_detector] manual_track world_acquired cycle=0
2026-06-14 18:03:31.578 [INFO ] [marker_detector] manual_track world_lost cycle=0 — TF gap open
2026-06-14 18:03:31.609 [INFO ] [marker_detector] manual_track world_acquired cycle=0
2026-06-14 18:03:32.172 [INFO ] [marker_detector] manual_track world_lost cycle=0 — TF gap open
2026-06-14 18:03:32.214 [INFO ] [marker_detector] manual_track world_acquired cycle=0
2026-06-14 18:03:32.238 [INFO ] [marker_detector] manual_track world_lost cycle=0 — TF gap open
2026-06-14 18:03:32.407 [INFO ] [marker_detector] manual_track world_acquired cycle=0
2026-06-14 18:03:32.602 [INFO ] [marker_detector] manual_track world_lost cycle=0 — TF gap open
2026-06-14 18:03:32.673 [INFO ] [marker_detector] manual_track world_acquired cycle=0
2026-06-14 18:03:32.934 [INFO ] [marker_detector] manual_track world_lost cycle=0 — TF gap open
2026-06-14 18:03:32.973 [INFO ] [marker_detector] manual_track world_acquired cycle=0
2026-06-14 18:03:33.005 [INFO ] [marker_detector] manual_track world_lost cycle=0 — TF gap open
2026-06-14 18:03:33.040 [INFO ] [marker_detector] manual_track world_acquired cycle=0
2026-06-14 18:03:33.167 [INFO ] [marker_detector] manual_track world_lost cycle=0 — TF gap open
2026-06-14 18:03:33.208 [INFO ] [marker_detector] manual_track world_acquired cycle=0
2026-06-14 18:03:39.644 [INFO ] [marker_detector] cycle_file_close cycle=0
2026-06-14 18:03:39.644 [INFO ] [marker_detector] manual_track_stop cycle=0
