2026-06-14 18:34:45.769 [INFO ] [marker_detector] cycle_file_open cycle=0 file=cycle_0_raw_183445.json
2026-06-14 18:34:45.769 [INFO ] [marker_detector] manual_track_start cycle=0
2026-06-14 18:35:08.845 [INFO ] [marker_detector] manual_track world_acquired cycle=0
2026-06-14 18:35:09.441 [INFO ] [marker_detector] manual_track world_lost cycle=0 — TF gap open
2026-06-14 18:35:15.270 [INFO ] [marker_detector] manual_track world_acquired cycle=0
2026-06-14 18:35:15.503 [INFO ] [marker_detector] manual_track world_lost cycle=0 — TF gap open
2026-06-14 18:35:41.440 [INFO ] [marker_detector] cycle_file_close cycle=0
2026-06-14 18:35:41.441 [INFO ] [marker_detector] manual_track_stop cycle=0
2026-06-14 18:35:44.064 [INFO ] [marker_detector] cycle_file_open cycle=1 file=cycle_1_raw_183544.json
2026-06-14 18:35:44.064 [INFO ] [marker_detector] manual_track_start cycle=1
2026-06-14 18:35:53.541 [INFO ] [marker_detector] manual_track world_acquired cycle=1
2026-06-14 18:35:54.483 [INFO ] [marker_detector] manual_track world_lost cycle=1 — TF gap open
2026-06-14 18:35:54.508 [INFO ] [marker_detector] manual_track world_acquired cycle=1
2026-06-14 18:35:56.238 [INFO ] [marker_detector] manual_track world_lost cycle=1 — TF gap open
2026-06-14 18:35:56.271 [INFO ] [marker_detector] manual_track world_acquired cycle=1
2026-06-14 18:35:56.335 [INFO ] [marker_detector] manual_track world_lost cycle=1 — TF gap open
2026-06-14 18:36:04.065 [INFO ] [marker_detector] manual_track world_acquired cycle=1
2026-06-14 18:36:04.097 [INFO ] [marker_detector] manual_track world_lost cycle=1 — TF gap open
2026-06-14 18:36:04.132 [INFO ] [marker_detector] manual_track world_acquired cycle=1
2026-06-14 18:36:04.165 [INFO ] [marker_detector] manual_track world_lost cycle=1 — TF gap open
2026-06-14 18:36:04.234 [INFO ] [marker_detector] manual_track world_acquired cycle=1
2026-06-14 18:36:04.268 [INFO ] [marker_detector] manual_track world_lost cycle=1 — TF gap open
2026-06-14 18:36:04.300 [INFO ] [marker_detector] manual_track world_acquired cycle=1
2026-06-14 18:36:04.464 [INFO ] [marker_detector] manual_track world_lost cycle=1 — TF gap open
2026-06-14 18:36:04.504 [INFO ] [marker_detector] manual_track world_acquired cycle=1
2026-06-14 18:36:04.572 [INFO ] [marker_detector] manual_track world_lost cycle=1 — TF gap open
2026-06-14 18:36:04.927 [INFO ] [marker_detector] manual_track world_acquired cycle=1
2026-06-14 18:36:05.690 [INFO ] [marker_detector] manual_track world_lost cycle=1 — TF gap open
2026-06-14 18:36:05.760 [INFO ] [marker_detector] manual_track world_acquired cycle=1
2026-06-14 18:36:05.825 [INFO ] [marker_detector] manual_track world_lost cycle=1 — TF gap open
2026-06-14 18:36:20.346 [INFO ] [marker_detector] manual_track world_acquired cycle=1
2026-06-14 18:36:21.211 [INFO ] [marker_detector] manual_track world_lost cycle=1 — TF gap open
2026-06-14 18:36:21.249 [INFO ] [marker_detector] manual_track world_acquired cycle=1
2026-06-14 18:36:21.277 [INFO ] [marker_detector] manual_track world_lost cycle=1 — TF gap open
2026-06-14 18:36:21.348 [INFO ] [marker_detector] manual_track world_acquired cycle=1
2026-06-14 18:36:22.611 [INFO ] [marker_detector] manual_track world_lost cycle=1 — TF gap open
2026-06-14 18:36:22.644 [INFO ] [marker_detector] manual_track world_acquired cycle=1
2026-06-14 18:36:22.711 [INFO ] [marker_detector] manual_track world_lost cycle=1 — TF gap open
2026-06-14 18:36:22.745 [INFO ] [marker_detector] manual_track world_acquired cycle=1
2026-06-14 18:36:22.946 [INFO ] [marker_detector] manual_track world_lost cycle=1 — TF gap open
2026-06-14 18:36:22.981 [INFO ] [marker_detector] manual_track world_acquired cycle=1
2026-06-14 18:36:23.045 [INFO ] [marker_detector] manual_track world_lost cycle=1 — TF gap open
2026-06-14 18:36:23.082 [INFO ] [marker_detector] manual_track world_acquired cycle=1
2026-06-14 18:36:23.146 [INFO ] [marker_detector] manual_track world_lost cycle=1 — TF gap open
2026-06-14 18:36:23.248 [INFO ] [marker_detector] manual_track world_acquired cycle=1
2026-06-14 18:36:23.280 [INFO ] [marker_detector] manual_track world_lost cycle=1 — TF gap open
2026-06-14 18:36:24.050 [INFO ] [marker_detector] manual_track world_acquired cycle=1
2026-06-14 18:36:24.080 [INFO ] [marker_detector] manual_track world_lost cycle=1 — TF gap open
2026-06-14 18:36:24.954 [INFO ] [marker_detector] manual_track world_acquired cycle=1
2026-06-14 18:36:24.993 [INFO ] [marker_detector] manual_track world_lost cycle=1 — TF gap open
2026-06-14 18:36:29.053 [INFO ] [marker_detector] cycle_file_close cycle=1
2026-06-14 18:36:29.054 [INFO ] [marker_detector] manual_track_stop cycle=1
