2026-06-14 18:34:21.868  INFO     Server starting | session=/home/jvpicar/picar_ros/logs/pi_session_20260614_183421
2026-06-14 18:34:22.268  INFO     Picarx initialized
2026-06-14 18:34:22.368  INFO     TagChaser v2 initialized
2026-06-14 18:34:22.459  INFO     ManualTracker initialized
2026-06-14 18:34:23.282  INFO     Picamera2 started at 640x480
2026-06-14 18:34:23.283  INFO     MJPEG stream at :9000
2026-06-14 18:34:23.283  INFO     Camera stream at http://0.0.0.0:9000
2026-06-14 18:34:23.284  INFO     Sensor and capture loops started
2026-06-14 18:34:23.285  INFO     Dashboard listening at http://0.0.0.0:8000
2026-06-14 18:34:23.296  INFO     frame_diag shape=(480, 640, 3) dtype=uint8 ch0_mean=111.9 ch1_mean=117.2 ch2_mean=119.4
2026-06-14 18:34:42.823  INFO     WebSocket connected from 192.168.1.109
2026-06-14 18:34:43.796  DEBUG    heartbeat from 192.168.1.109
2026-06-14 18:34:44.795  DEBUG    heartbeat from 192.168.1.109
2026-06-14 18:34:45.765  INFO     manual_track action=start tracker_ready=True from 192.168.1.109
2026-06-14 18:34:45.770  INFO     manual_track: tracker started cycle=0
2026-06-14 18:34:45.796  DEBUG    heartbeat from 192.168.1.109
2026-06-14 18:34:46.631  INFO     drive direction=stop speed=0
2026-06-14 18:34:46.643  INFO     steer angle=0
2026-06-14 18:34:46.795  DEBUG    heartbeat from 192.168.1.109
2026-06-14 18:34:47.795  DEBUG    heartbeat from 192.168.1.109
2026-06-14 18:34:48.797  DEBUG    heartbeat from 192.168.1.109
2026-06-14 18:34:49.795  DEBUG    heartbeat from 192.168.1.109
2026-06-14 18:34:50.796  DEBUG    heartbeat from 192.168.1.109
2026-06-14 18:34:51.796  DEBUG    heartbeat from 192.168.1.109
2026-06-14 18:34:52.797  DEBUG    heartbeat from 192.168.1.109
2026-06-14 18:34:53.546  INFO     WebSocket connected from 192.168.1.109
2026-06-14 18:34:53.794  DEBUG    heartbeat from 192.168.1.109
2026-06-14 18:34:54.794  DEBUG    heartbeat from 192.168.1.109
2026-06-14 18:34:55.798  DEBUG    heartbeat from 192.168.1.109
2026-06-14 18:34:56.794  DEBUG    heartbeat from 192.168.1.109
2026-06-14 18:34:57.795  DEBUG    heartbeat from 192.168.1.109
2026-06-14 18:34:58.794  DEBUG    heartbeat from 192.168.1.109
2026-06-14 18:34:59.796  DEBUG    heartbeat from 192.168.1.109
2026-06-14 18:35:00.799  DEBUG    heartbeat from 192.168.1.109
2026-06-14 18:35:01.802  DEBUG    heartbeat from 192.168.1.109
2026-06-14 18:35:02.795  DEBUG    heartbeat from 192.168.1.109
2026-06-14 18:35:03.796  DEBUG    heartbeat from 192.168.1.109
2026-06-14 18:35:04.795  DEBUG    heartbeat from 192.168.1.109
2026-06-14 18:35:04.963  INFO     steer angle=30
2026-06-14 18:35:04.965  INFO     drive direction=stop speed=0
2026-06-14 18:35:05.050  INFO     steer angle=30
2026-06-14 18:35:05.051  INFO     drive direction=forward speed=75
2026-06-14 18:35:05.064  INFO     steer angle=30
2026-06-14 18:35:05.066  INFO     drive direction=forward speed=75
2026-06-14 18:35:05.151  INFO     steer angle=30
2026-06-14 18:35:05.153  INFO     drive direction=forward speed=75
2026-06-14 18:35:05.164  INFO     steer angle=30
2026-06-14 18:35:05.165  INFO     drive direction=forward speed=75
2026-06-14 18:35:05.201  INFO     steer angle=0
2026-06-14 18:35:05.202  INFO     drive direction=forward speed=75
2026-06-14 18:35:05.251  INFO     steer angle=0
2026-06-14 18:35:05.252  INFO     drive direction=forward speed=75
2026-06-14 18:35:05.264  INFO     steer angle=0
2026-06-14 18:35:05.265  INFO     drive direction=stop speed=0
2026-06-14 18:35:05.794  DEBUG    heartbeat from 192.168.1.109
2026-06-14 18:35:06.645  INFO     steer angle=0
2026-06-14 18:35:06.647  INFO     drive direction=backward speed=75
2026-06-14 18:35:06.750  INFO     steer angle=0
2026-06-14 18:35:06.751  INFO     drive direction=backward speed=75
2026-06-14 18:35:06.797  DEBUG    heartbeat from 192.168.1.109
2026-06-14 18:35:06.804  INFO     steer angle=0
2026-06-14 18:35:06.805  INFO     drive direction=stop speed=0
2026-06-14 18:35:07.298  INFO     steer angle=0
2026-06-14 18:35:07.300  INFO     drive direction=forward speed=75
2026-06-14 18:35:07.404  INFO     steer angle=0
2026-06-14 18:35:07.405  INFO     drive direction=forward speed=75
2026-06-14 18:35:07.503  INFO     steer angle=0
2026-06-14 18:35:07.504  INFO     drive direction=forward speed=75
2026-06-14 18:35:07.568  INFO     steer angle=0
2026-06-14 18:35:07.570  INFO     drive direction=stop speed=0
2026-06-14 18:35:07.853  DEBUG    heartbeat from 192.168.1.109
2026-06-14 18:35:08.464  INFO     steer angle=30
2026-06-14 18:35:08.466  INFO     drive direction=stop speed=0
2026-06-14 18:35:08.473  INFO     steer angle=30
2026-06-14 18:35:08.475  INFO     drive direction=forward speed=75
2026-06-14 18:35:08.539  INFO     steer angle=30
2026-06-14 18:35:08.541  INFO     drive direction=forward speed=75
2026-06-14 18:35:08.552  INFO     steer angle=30
2026-06-14 18:35:08.553  INFO     drive direction=forward speed=75
2026-06-14 18:35:08.645  INFO     steer angle=30
2026-06-14 18:35:08.646  INFO     drive direction=forward speed=75
2026-06-14 18:35:08.652  INFO     steer angle=30
2026-06-14 18:35:08.654  INFO     drive direction=forward speed=75
2026-06-14 18:35:08.693  INFO     steer angle=0
2026-06-14 18:35:08.725  INFO     drive direction=forward speed=75
2026-06-14 18:35:08.742  INFO     steer angle=0
2026-06-14 18:35:08.743  INFO     drive direction=stop speed=0
2026-06-14 18:35:08.794  DEBUG    heartbeat from 192.168.1.109
2026-06-14 18:35:09.050  INFO     steer angle=0
2026-06-14 18:35:09.052  INFO     drive direction=backward speed=75
2026-06-14 18:35:09.145  INFO     steer angle=0
2026-06-14 18:35:09.146  INFO     drive direction=backward speed=75
2026-06-14 18:35:09.247  INFO     steer angle=0
2026-06-14 18:35:09.248  INFO     drive direction=backward speed=75
2026-06-14 18:35:09.315  INFO     steer angle=30
2026-06-14 18:35:09.317  INFO     drive direction=backward speed=75
2026-06-14 18:35:09.360  INFO     steer angle=30
2026-06-14 18:35:09.361  INFO     drive direction=backward speed=75
2026-06-14 18:35:09.415  INFO     steer angle=30
2026-06-14 18:35:09.417  INFO     drive direction=backward speed=75
2026-06-14 18:35:09.454  INFO     steer angle=30
2026-06-14 18:35:09.455  INFO     drive direction=stop speed=0
2026-06-14 18:35:09.516  INFO     steer angle=30
2026-06-14 18:35:09.517  INFO     drive direction=stop speed=0
2026-06-14 18:35:09.616  INFO     steer angle=30
2026-06-14 18:35:09.618  INFO     drive direction=stop speed=0
2026-06-14 18:35:09.748  INFO     steer angle=30
2026-06-14 18:35:09.749  INFO     drive direction=stop speed=0
2026-06-14 18:35:09.756  INFO     steer angle=30
2026-06-14 18:35:09.757  INFO     drive direction=backward speed=75
2026-06-14 18:35:09.800  DEBUG    heartbeat from 192.168.1.109
2026-06-14 18:35:09.820  INFO     steer angle=30
2026-06-14 18:35:09.822  INFO     drive direction=backward speed=75
2026-06-14 18:35:09.854  INFO     steer angle=30
2026-06-14 18:35:09.855  INFO     drive direction=backward speed=75
2026-06-14 18:35:09.857  INFO     steer angle=0
2026-06-14 18:35:09.859  INFO     drive direction=backward speed=75
2026-06-14 18:35:09.928  INFO     steer angle=0
2026-06-14 18:35:09.929  INFO     drive direction=backward speed=75
2026-06-14 18:35:10.053  INFO     steer angle=0
2026-06-14 18:35:10.055  INFO     drive direction=backward speed=75
2026-06-14 18:35:10.128  INFO     steer angle=0
2026-06-14 18:35:10.129  INFO     drive direction=backward speed=75
2026-06-14 18:35:10.229  INFO     steer angle=0
2026-06-14 18:35:10.230  INFO     drive direction=backward speed=75
2026-06-14 18:35:10.328  INFO     steer angle=0
2026-06-14 18:35:10.329  INFO     drive direction=backward speed=75
2026-06-14 18:35:10.404  INFO     steer angle=0
2026-06-14 18:35:10.405  INFO     drive direction=stop speed=0
2026-06-14 18:35:10.588  INFO     steer angle=0
2026-06-14 18:35:10.589  INFO     drive direction=forward speed=75
2026-06-14 18:35:10.684  INFO     steer angle=0
2026-06-14 18:35:10.686  INFO     drive direction=forward speed=75
2026-06-14 18:35:10.787  INFO     steer angle=0
2026-06-14 18:35:10.789  INFO     drive direction=forward speed=75
2026-06-14 18:35:10.797  DEBUG    heartbeat from 192.168.1.109
2026-06-14 18:35:10.890  INFO     steer angle=0
2026-06-14 18:35:10.891  INFO     drive direction=forward speed=75
2026-06-14 18:35:10.987  INFO     steer angle=0
2026-06-14 18:35:10.989  INFO     drive direction=forward speed=75
2026-06-14 18:35:11.086  INFO     steer angle=0
2026-06-14 18:35:11.087  INFO     drive direction=forward speed=75
2026-06-14 18:35:11.199  INFO     steer angle=0
2026-06-14 18:35:11.200  INFO     drive direction=forward speed=75
2026-06-14 18:35:11.261  INFO     steer angle=30
2026-06-14 18:35:11.262  INFO     drive direction=forward speed=75
2026-06-14 18:35:11.286  INFO     steer angle=30
2026-06-14 18:35:11.287  INFO     drive direction=forward speed=75
2026-06-14 18:35:11.364  INFO     steer angle=30
2026-06-14 18:35:11.367  INFO     drive direction=forward speed=75
2026-06-14 18:35:11.383  INFO     steer angle=30
2026-06-14 18:35:11.385  INFO     drive direction=forward speed=75
2026-06-14 18:35:11.458  INFO     steer angle=30
2026-06-14 18:35:11.460  INFO     drive direction=forward speed=75
2026-06-14 18:35:11.483  INFO     steer angle=30
2026-06-14 18:35:11.484  INFO     drive direction=forward speed=75
2026-06-14 18:35:11.557  INFO     steer angle=30
2026-06-14 18:35:11.561  INFO     drive direction=forward speed=75
2026-06-14 18:35:11.583  INFO     steer angle=30
2026-06-14 18:35:11.584  INFO     drive direction=forward speed=75
2026-06-14 18:35:11.637  INFO     steer angle=30
2026-06-14 18:35:11.638  INFO     drive direction=stop speed=0
2026-06-14 18:35:11.649  INFO     steer angle=0
2026-06-14 18:35:11.651  INFO     drive direction=stop speed=0
2026-06-14 18:35:11.795  DEBUG    heartbeat from 192.168.1.109
2026-06-14 18:35:12.798  DEBUG    heartbeat from 192.168.1.109
2026-06-14 18:35:13.795  DEBUG    heartbeat from 192.168.1.109
2026-06-14 18:35:13.838  INFO     steer angle=0
2026-06-14 18:35:13.839  INFO     drive direction=forward speed=75
2026-06-14 18:35:13.924  INFO     steer angle=-30
2026-06-14 18:35:13.925  INFO     drive direction=forward speed=75
2026-06-14 18:35:13.938  INFO     steer angle=-30
2026-06-14 18:35:13.940  INFO     drive direction=forward speed=75
2026-06-14 18:35:14.024  INFO     steer angle=-30
2026-06-14 18:35:14.025  INFO     drive direction=forward speed=75
2026-06-14 18:35:14.038  INFO     steer angle=-30
2026-06-14 18:35:14.040  INFO     drive direction=forward speed=75
2026-06-14 18:35:14.081  INFO     steer angle=-30
2026-06-14 18:35:14.084  INFO     drive direction=stop speed=0
2026-06-14 18:35:14.122  INFO     steer angle=0
2026-06-14 18:35:14.124  INFO     drive direction=stop speed=0
2026-06-14 18:35:14.798  DEBUG    heartbeat from 192.168.1.109
2026-06-14 18:35:14.972  INFO     steer angle=0
2026-06-14 18:35:14.974  INFO     drive direction=backward speed=75
2026-06-14 18:35:15.073  INFO     steer angle=0
2026-06-14 18:35:15.074  INFO     drive direction=backward speed=75
2026-06-14 18:35:15.172  INFO     steer angle=0
2026-06-14 18:35:15.174  INFO     drive direction=backward speed=75
2026-06-14 18:35:15.273  INFO     steer angle=0
2026-06-14 18:35:15.274  INFO     drive direction=backward speed=75
2026-06-14 18:35:15.372  INFO     steer angle=0
2026-06-14 18:35:15.373  INFO     drive direction=backward speed=75
2026-06-14 18:35:15.474  INFO     steer angle=0
2026-06-14 18:35:15.475  INFO     drive direction=backward speed=75
2026-06-14 18:35:15.577  INFO     steer angle=0
2026-06-14 18:35:15.579  INFO     drive direction=backward speed=75
2026-06-14 18:35:15.677  INFO     steer angle=0
2026-06-14 18:35:15.678  INFO     drive direction=backward speed=75
2026-06-14 18:35:15.772  INFO     steer angle=0
2026-06-14 18:35:15.774  INFO     drive direction=backward speed=75
2026-06-14 18:35:15.795  DEBUG    heartbeat from 192.168.1.109
2026-06-14 18:35:15.873  INFO     steer angle=0
2026-06-14 18:35:15.874  INFO     drive direction=backward speed=75
2026-06-14 18:35:15.974  INFO     steer angle=0
2026-06-14 18:35:15.976  INFO     drive direction=backward speed=75
2026-06-14 18:35:16.065  INFO     steer angle=0
2026-06-14 18:35:16.067  INFO     drive direction=stop speed=0
2026-06-14 18:35:16.798  DEBUG    heartbeat from 192.168.1.109
2026-06-14 18:35:17.794  DEBUG    heartbeat from 192.168.1.109
2026-06-14 18:35:18.050  INFO     steer angle=0
2026-06-14 18:35:18.052  INFO     drive direction=backward speed=75
2026-06-14 18:35:18.148  INFO     steer angle=0
2026-06-14 18:35:18.149  INFO     drive direction=backward speed=75
2026-06-14 18:35:18.220  INFO     steer angle=0
2026-06-14 18:35:18.221  INFO     drive direction=stop speed=0
2026-06-14 18:35:18.798  DEBUG    heartbeat from 192.168.1.109
2026-06-14 18:35:19.020  INFO     steer angle=0
2026-06-14 18:35:19.022  INFO     drive direction=backward speed=75
2026-06-14 18:35:19.118  INFO     steer angle=0
2026-06-14 18:35:19.120  INFO     drive direction=backward speed=75
2026-06-14 18:35:19.219  INFO     steer angle=0
2026-06-14 18:35:19.220  INFO     drive direction=backward speed=75
2026-06-14 18:35:19.238  INFO     steer angle=0
2026-06-14 18:35:19.239  INFO     drive direction=stop speed=0
2026-06-14 18:35:19.795  DEBUG    heartbeat from 192.168.1.109
2026-06-14 18:35:19.875  INFO     steer angle=0
2026-06-14 18:35:19.877  INFO     drive direction=backward speed=75
2026-06-14 18:35:19.975  INFO     steer angle=0
2026-06-14 18:35:19.977  INFO     drive direction=backward speed=75
2026-06-14 18:35:20.072  INFO     steer angle=0
2026-06-14 18:35:20.074  INFO     drive direction=backward speed=75
2026-06-14 18:35:20.172  INFO     steer angle=0
2026-06-14 18:35:20.173  INFO     drive direction=backward speed=75
2026-06-14 18:35:20.270  INFO     steer angle=0
2026-06-14 18:35:20.271  INFO     drive direction=backward speed=75
2026-06-14 18:35:20.368  INFO     steer angle=0
2026-06-14 18:35:20.369  INFO     drive direction=backward speed=75
2026-06-14 18:35:20.478  INFO     steer angle=0
2026-06-14 18:35:20.479  INFO     drive direction=stop speed=0
2026-06-14 18:35:20.793  DEBUG    heartbeat from 192.168.1.109
2026-06-14 18:35:21.800  DEBUG    heartbeat from 192.168.1.109
2026-06-14 18:35:22.742  INFO     drive direction=stop speed=0
2026-06-14 18:35:22.749  INFO     steer angle=0
2026-06-14 18:35:22.794  DEBUG    heartbeat from 192.168.1.109
2026-06-14 18:35:23.794  DEBUG    heartbeat from 192.168.1.109
2026-06-14 18:35:24.797  DEBUG    heartbeat from 192.168.1.109
2026-06-14 18:35:25.794  DEBUG    heartbeat from 192.168.1.109
2026-06-14 18:35:26.795  DEBUG    heartbeat from 192.168.1.109
2026-06-14 18:35:27.794  DEBUG    heartbeat from 192.168.1.109
2026-06-14 18:35:28.793  DEBUG    heartbeat from 192.168.1.109
2026-06-14 18:35:29.794  DEBUG    heartbeat from 192.168.1.109
2026-06-14 18:35:30.793  DEBUG    heartbeat from 192.168.1.109
2026-06-14 18:35:31.797  DEBUG    heartbeat from 192.168.1.109
2026-06-14 18:35:32.794  DEBUG    heartbeat from 192.168.1.109
2026-06-14 18:35:33.795  DEBUG    heartbeat from 192.168.1.109
2026-06-14 18:35:34.642  INFO     steer angle=0
2026-06-14 18:35:34.644  INFO     drive direction=backward speed=75
2026-06-14 18:35:34.744  INFO     steer angle=0
2026-06-14 18:35:34.747  INFO     drive direction=backward speed=75
2026-06-14 18:35:34.793  DEBUG    heartbeat from 192.168.1.109
2026-06-14 18:35:34.839  INFO     steer angle=0
2026-06-14 18:35:34.841  INFO     drive direction=backward speed=75
2026-06-14 18:35:34.940  INFO     steer angle=0
2026-06-14 18:35:34.941  INFO     drive direction=backward speed=75
2026-06-14 18:35:35.045  INFO     steer angle=0
2026-06-14 18:35:35.047  INFO     drive direction=backward speed=75
2026-06-14 18:35:35.172  INFO     steer angle=0
2026-06-14 18:35:35.173  INFO     drive direction=backward speed=75
2026-06-14 18:35:35.218  INFO     steer angle=0
2026-06-14 18:35:35.220  INFO     drive direction=stop speed=0
2026-06-14 18:35:35.550  INFO     steer angle=0
2026-06-14 18:35:35.552  INFO     drive direction=backward speed=75
2026-06-14 18:35:35.643  INFO     steer angle=0
2026-06-14 18:35:35.645  INFO     drive direction=backward speed=75
2026-06-14 18:35:35.748  INFO     steer angle=0
2026-06-14 18:35:35.749  INFO     drive direction=backward speed=75
2026-06-14 18:35:35.798  DEBUG    heartbeat from 192.168.1.109
2026-06-14 18:35:35.838  INFO     steer angle=0
2026-06-14 18:35:35.847  INFO     drive direction=backward speed=75
2026-06-14 18:35:35.940  INFO     steer angle=0
2026-06-14 18:35:35.941  INFO     drive direction=backward speed=75
2026-06-14 18:35:36.051  INFO     steer angle=0
2026-06-14 18:35:36.062  INFO     drive direction=backward speed=75
2026-06-14 18:35:36.165  INFO     steer angle=0
2026-06-14 18:35:36.167  INFO     drive direction=backward speed=75
2026-06-14 18:35:36.245  INFO     steer angle=0
2026-06-14 18:35:36.247  INFO     drive direction=backward speed=75
2026-06-14 18:35:36.326  INFO     steer angle=0
2026-06-14 18:35:36.327  INFO     drive direction=stop speed=0
2026-06-14 18:35:36.796  DEBUG    heartbeat from 192.168.1.109
2026-06-14 18:35:37.799  DEBUG    heartbeat from 192.168.1.109
2026-06-14 18:35:38.102  INFO     drive direction=stop speed=0
2026-06-14 18:35:38.111  INFO     steer angle=0
2026-06-14 18:35:38.817  DEBUG    heartbeat from 192.168.1.109
2026-06-14 18:35:39.576  INFO     drive direction=stop speed=0
2026-06-14 18:35:39.583  INFO     steer angle=0
2026-06-14 18:35:39.801  DEBUG    heartbeat from 192.168.1.109
2026-06-14 18:35:40.801  DEBUG    heartbeat from 192.168.1.109
2026-06-14 18:35:41.440  INFO     manual_track action=stop tracker_ready=True from 192.168.1.109
2026-06-14 18:35:41.441  INFO     manual_track: tracker stopped
2026-06-14 18:35:41.793  DEBUG    heartbeat from 192.168.1.109
2026-06-14 18:35:42.799  DEBUG    heartbeat from 192.168.1.109
2026-06-14 18:35:43.794  DEBUG    heartbeat from 192.168.1.109
2026-06-14 18:35:44.062  INFO     manual_track action=start tracker_ready=True from 192.168.1.109
2026-06-14 18:35:44.065  INFO     manual_track: tracker started cycle=1
2026-06-14 18:35:44.798  DEBUG    heartbeat from 192.168.1.109
2026-06-14 18:35:45.795  DEBUG    heartbeat from 192.168.1.109
2026-06-14 18:35:46.060  INFO     steer angle=0
2026-06-14 18:35:46.062  INFO     drive direction=forward speed=75
2026-06-14 18:35:46.160  INFO     steer angle=0
2026-06-14 18:35:46.163  INFO     drive direction=forward speed=75
2026-06-14 18:35:46.261  INFO     steer angle=0
2026-06-14 18:35:46.263  INFO     drive direction=forward speed=75
2026-06-14 18:35:46.360  INFO     steer angle=0
2026-06-14 18:35:46.361  INFO     drive direction=forward speed=75
2026-06-14 18:35:46.460  INFO     steer angle=0
2026-06-14 18:35:46.462  INFO     drive direction=forward speed=75
2026-06-14 18:35:46.571  INFO     steer angle=0
2026-06-14 18:35:46.573  INFO     drive direction=forward speed=75
2026-06-14 18:35:46.661  INFO     steer angle=0
2026-06-14 18:35:46.662  INFO     drive direction=forward speed=75
2026-06-14 18:35:46.695  INFO     steer angle=0
2026-06-14 18:35:46.696  INFO     drive direction=stop speed=0
2026-06-14 18:35:46.794  DEBUG    heartbeat from 192.168.1.109
2026-06-14 18:35:47.659  INFO     steer angle=0
2026-06-14 18:35:47.663  INFO     drive direction=forward speed=75
2026-06-14 18:35:47.761  INFO     steer angle=0
2026-06-14 18:35:47.763  INFO     drive direction=forward speed=75
2026-06-14 18:35:47.793  DEBUG    heartbeat from 192.168.1.109
2026-06-14 18:35:47.860  INFO     steer angle=0
2026-06-14 18:35:47.862  INFO     drive direction=forward speed=75
2026-06-14 18:35:47.960  INFO     steer angle=0
2026-06-14 18:35:47.962  INFO     drive direction=forward speed=75
2026-06-14 18:35:48.065  INFO     steer angle=0
2026-06-14 18:35:48.066  INFO     drive direction=forward speed=75
2026-06-14 18:35:48.117  INFO     steer angle=0
2026-06-14 18:35:48.118  INFO     drive direction=stop speed=0
2026-06-14 18:35:48.690  INFO     steer angle=0
2026-06-14 18:35:48.691  INFO     drive direction=forward speed=75
2026-06-14 18:35:48.787  INFO     steer angle=0
2026-06-14 18:35:48.789  INFO     drive direction=forward speed=75
2026-06-14 18:35:48.793  DEBUG    heartbeat from 192.168.1.109
2026-06-14 18:35:48.889  INFO     steer angle=0
2026-06-14 18:35:48.890  INFO     drive direction=forward speed=75
2026-06-14 18:35:48.992  INFO     steer angle=0
2026-06-14 18:35:48.996  INFO     drive direction=forward speed=75
2026-06-14 18:35:49.077  INFO     steer angle=0
2026-06-14 18:35:49.078  INFO     drive direction=stop speed=0
2026-06-14 18:35:49.698  INFO     steer angle=0
2026-06-14 18:35:49.699  INFO     drive direction=forward speed=75
2026-06-14 18:35:49.796  DEBUG    heartbeat from 192.168.1.109
2026-06-14 18:35:49.798  INFO     steer angle=0
2026-06-14 18:35:49.800  INFO     drive direction=forward speed=75
2026-06-14 18:35:49.898  INFO     steer angle=0
2026-06-14 18:35:49.900  INFO     drive direction=forward speed=75
2026-06-14 18:35:49.972  INFO     steer angle=0
2026-06-14 18:35:49.974  INFO     drive direction=stop speed=0
2026-06-14 18:35:50.448  INFO     steer angle=0
2026-06-14 18:35:50.449  INFO     drive direction=forward speed=75
2026-06-14 18:35:50.547  INFO     steer angle=0
2026-06-14 18:35:50.548  INFO     drive direction=forward speed=75
2026-06-14 18:35:50.648  INFO     steer angle=0
2026-06-14 18:35:50.649  INFO     drive direction=forward speed=75
2026-06-14 18:35:50.749  INFO     steer angle=0
2026-06-14 18:35:50.750  INFO     drive direction=forward speed=75
2026-06-14 18:35:50.794  DEBUG    heartbeat from 192.168.1.109
2026-06-14 18:35:50.826  INFO     steer angle=0
2026-06-14 18:35:50.831  INFO     drive direction=stop speed=0
2026-06-14 18:35:51.578  INFO     steer angle=0
2026-06-14 18:35:51.579  INFO     drive direction=forward speed=75
2026-06-14 18:35:51.677  INFO     steer angle=0
2026-06-14 18:35:51.678  INFO     drive direction=forward speed=75
2026-06-14 18:35:51.777  INFO     steer angle=0
2026-06-14 18:35:51.778  INFO     drive direction=forward speed=75
2026-06-14 18:35:51.799  DEBUG    heartbeat from 192.168.1.109
2026-06-14 18:35:51.877  INFO     steer angle=0
2026-06-14 18:35:51.878  INFO     drive direction=forward speed=75
2026-06-14 18:35:51.977  INFO     steer angle=0
2026-06-14 18:35:51.978  INFO     drive direction=forward speed=75
2026-06-14 18:35:52.038  INFO     steer angle=0
2026-06-14 18:35:52.040  INFO     drive direction=stop speed=0
2026-06-14 18:35:52.795  DEBUG    heartbeat from 192.168.1.109
2026-06-14 18:35:52.908  INFO     steer angle=0
2026-06-14 18:35:52.909  INFO     drive direction=forward speed=75
2026-06-14 18:35:52.924  INFO     steer angle=-30
2026-06-14 18:35:52.925  INFO     drive direction=forward speed=75
2026-06-14 18:35:53.008  INFO     steer angle=-30
2026-06-14 18:35:53.009  INFO     drive direction=forward speed=75
2026-06-14 18:35:53.022  INFO     steer angle=-30
2026-06-14 18:35:53.023  INFO     drive direction=forward speed=75
2026-06-14 18:35:53.110  INFO     steer angle=-30
2026-06-14 18:35:53.112  INFO     drive direction=forward speed=75
2026-06-14 18:35:53.132  INFO     steer angle=-30
2026-06-14 18:35:53.133  INFO     drive direction=forward speed=75
2026-06-14 18:35:53.209  INFO     steer angle=-30
2026-06-14 18:35:53.211  INFO     drive direction=forward speed=75
2026-06-14 18:35:53.224  INFO     steer angle=-30
2026-06-14 18:35:53.225  INFO     drive direction=forward speed=75
2026-06-14 18:35:53.308  INFO     steer angle=-30
2026-06-14 18:35:53.309  INFO     drive direction=forward speed=75
2026-06-14 18:35:53.327  INFO     steer angle=-30
2026-06-14 18:35:53.329  INFO     drive direction=forward speed=75
2026-06-14 18:35:53.341  INFO     steer angle=0
2026-06-14 18:35:53.342  INFO     drive direction=forward speed=75
2026-06-14 18:35:53.358  INFO     steer angle=0
2026-06-14 18:35:53.359  INFO     drive direction=stop speed=0
2026-06-14 18:35:53.793  DEBUG    heartbeat from 192.168.1.109
2026-06-14 18:35:54.380  INFO     steer angle=0
2026-06-14 18:35:54.382  INFO     drive direction=forward speed=75
2026-06-14 18:35:54.480  INFO     steer angle=0
2026-06-14 18:35:54.482  INFO     drive direction=forward speed=75
2026-06-14 18:35:54.577  INFO     steer angle=0
2026-06-14 18:35:54.583  INFO     drive direction=forward speed=75
2026-06-14 18:35:54.591  INFO     steer angle=0
2026-06-14 18:35:54.594  INFO     drive direction=stop speed=0
2026-06-14 18:35:54.798  DEBUG    heartbeat from 192.168.1.109
2026-06-14 18:35:55.516  INFO     steer angle=0
2026-06-14 18:35:55.517  INFO     drive direction=backward speed=75
2026-06-14 18:35:55.616  INFO     steer angle=0
2026-06-14 18:35:55.617  INFO     drive direction=backward speed=75
2026-06-14 18:35:55.716  INFO     steer angle=0
2026-06-14 18:35:55.717  INFO     drive direction=backward speed=75
2026-06-14 18:35:55.798  DEBUG    heartbeat from 192.168.1.109
2026-06-14 18:35:55.816  INFO     steer angle=0
2026-06-14 18:35:55.817  INFO     drive direction=backward speed=75
2026-06-14 18:35:55.916  INFO     steer angle=0
2026-06-14 18:35:55.917  INFO     drive direction=backward speed=75
2026-06-14 18:35:56.016  INFO     steer angle=0
2026-06-14 18:35:56.017  INFO     drive direction=backward speed=75
2026-06-14 18:35:56.131  INFO     steer angle=0
2026-06-14 18:35:56.136  INFO     drive direction=backward speed=75
2026-06-14 18:35:56.216  INFO     steer angle=0
2026-06-14 18:35:56.217  INFO     drive direction=backward speed=75
2026-06-14 18:35:56.316  INFO     steer angle=0
2026-06-14 18:35:56.318  INFO     drive direction=backward speed=75
2026-06-14 18:35:56.416  INFO     steer angle=0
2026-06-14 18:35:56.417  INFO     drive direction=backward speed=75
2026-06-14 18:35:56.516  INFO     steer angle=0
2026-06-14 18:35:56.517  INFO     drive direction=backward speed=75
2026-06-14 18:35:56.616  INFO     steer angle=0
2026-06-14 18:35:56.618  INFO     drive direction=backward speed=75
2026-06-14 18:35:56.716  INFO     steer angle=0
2026-06-14 18:35:56.717  INFO     drive direction=backward speed=75
2026-06-14 18:35:56.789  INFO     steer angle=0
2026-06-14 18:35:56.791  INFO     drive direction=stop speed=0
2026-06-14 18:35:56.798  DEBUG    heartbeat from 192.168.1.109
2026-06-14 18:35:57.330  INFO     steer angle=0
2026-06-14 18:35:57.332  INFO     drive direction=backward speed=75
2026-06-14 18:35:57.431  INFO     steer angle=0
2026-06-14 18:35:57.432  INFO     drive direction=backward speed=75
2026-06-14 18:35:57.531  INFO     steer angle=0
2026-06-14 18:35:57.533  INFO     drive direction=backward speed=75
2026-06-14 18:35:57.572  INFO     steer angle=0
2026-06-14 18:35:57.573  INFO     drive direction=stop speed=0
2026-06-14 18:35:57.793  DEBUG    heartbeat from 192.168.1.109
2026-06-14 18:35:58.034  INFO     steer angle=0
2026-06-14 18:35:58.035  INFO     drive direction=backward speed=75
2026-06-14 18:35:58.135  INFO     steer angle=0
2026-06-14 18:35:58.136  INFO     drive direction=backward speed=75
2026-06-14 18:35:58.235  INFO     steer angle=0
2026-06-14 18:35:58.236  INFO     drive direction=backward speed=75
2026-06-14 18:35:58.338  INFO     steer angle=0
2026-06-14 18:35:58.339  INFO     drive direction=backward speed=75
2026-06-14 18:35:58.400  INFO     steer angle=0
2026-06-14 18:35:58.402  INFO     drive direction=stop speed=0
2026-06-14 18:35:58.793  DEBUG    heartbeat from 192.168.1.109
2026-06-14 18:35:58.984  INFO     steer angle=0
2026-06-14 18:35:58.986  INFO     drive direction=backward speed=75
2026-06-14 18:35:59.081  INFO     steer angle=0
2026-06-14 18:35:59.083  INFO     drive direction=backward speed=75
2026-06-14 18:35:59.181  INFO     steer angle=0
2026-06-14 18:35:59.183  INFO     drive direction=backward speed=75
2026-06-14 18:35:59.269  INFO     steer angle=0
2026-06-14 18:35:59.270  INFO     drive direction=stop speed=0
2026-06-14 18:35:59.794  DEBUG    heartbeat from 192.168.1.109
2026-06-14 18:36:00.236  INFO     steer angle=0
2026-06-14 18:36:00.237  INFO     drive direction=forward speed=75
2026-06-14 18:36:00.335  INFO     steer angle=0
2026-06-14 18:36:00.336  INFO     drive direction=forward speed=75
2026-06-14 18:36:00.436  INFO     steer angle=0
2026-06-14 18:36:00.438  INFO     drive direction=forward speed=75
2026-06-14 18:36:00.535  INFO     steer angle=0
2026-06-14 18:36:00.536  INFO     drive direction=forward speed=75
2026-06-14 18:36:00.625  INFO     steer angle=0
2026-06-14 18:36:00.627  INFO     drive direction=stop speed=0
2026-06-14 18:36:00.793  DEBUG    heartbeat from 192.168.1.109
2026-06-14 18:36:01.512  INFO     steer angle=0
2026-06-14 18:36:01.516  INFO     drive direction=forward speed=75
2026-06-14 18:36:01.613  INFO     steer angle=0
2026-06-14 18:36:01.615  INFO     drive direction=forward speed=75
2026-06-14 18:36:01.713  INFO     steer angle=0
2026-06-14 18:36:01.715  INFO     drive direction=forward speed=75
2026-06-14 18:36:01.794  DEBUG    heartbeat from 192.168.1.109
2026-06-14 18:36:01.813  INFO     steer angle=0
2026-06-14 18:36:01.815  INFO     drive direction=forward speed=75
2026-06-14 18:36:01.829  INFO     steer angle=0
2026-06-14 18:36:01.831  INFO     drive direction=stop speed=0
2026-06-14 18:36:02.302  INFO     steer angle=0
2026-06-14 18:36:02.304  INFO     drive direction=forward speed=75
2026-06-14 18:36:02.400  INFO     steer angle=0
2026-06-14 18:36:02.401  INFO     drive direction=forward speed=75
2026-06-14 18:36:02.501  INFO     steer angle=0
2026-06-14 18:36:02.503  INFO     drive direction=forward speed=75
2026-06-14 18:36:02.602  INFO     steer angle=0
2026-06-14 18:36:02.603  INFO     drive direction=forward speed=75
2026-06-14 18:36:02.627  INFO     steer angle=0
2026-06-14 18:36:02.629  INFO     drive direction=stop speed=0
2026-06-14 18:36:02.796  DEBUG    heartbeat from 192.168.1.109
2026-06-14 18:36:03.549  INFO     steer angle=0
2026-06-14 18:36:03.550  INFO     drive direction=forward speed=75
2026-06-14 18:36:03.648  INFO     steer angle=0
2026-06-14 18:36:03.649  INFO     drive direction=forward speed=75
2026-06-14 18:36:03.749  INFO     steer angle=0
2026-06-14 18:36:03.751  INFO     drive direction=forward speed=75
2026-06-14 18:36:03.788  INFO     steer angle=0
2026-06-14 18:36:03.789  INFO     drive direction=stop speed=0
2026-06-14 18:36:03.796  DEBUG    heartbeat from 192.168.1.109
2026-06-14 18:36:04.451  INFO     steer angle=30
2026-06-14 18:36:04.453  INFO     drive direction=stop speed=0
2026-06-14 18:36:04.470  INFO     steer angle=30
2026-06-14 18:36:04.476  INFO     drive direction=forward speed=75
2026-06-14 18:36:04.553  INFO     steer angle=30
2026-06-14 18:36:04.554  INFO     drive direction=forward speed=75
2026-06-14 18:36:04.571  INFO     steer angle=30
2026-06-14 18:36:04.574  INFO     drive direction=forward speed=75
2026-06-14 18:36:04.653  INFO     steer angle=30
2026-06-14 18:36:04.655  INFO     drive direction=forward speed=75
2026-06-14 18:36:04.671  INFO     steer angle=30
2026-06-14 18:36:04.673  INFO     drive direction=forward speed=75
2026-06-14 18:36:04.675  INFO     steer angle=0
2026-06-14 18:36:04.676  INFO     drive direction=forward speed=75
2026-06-14 18:36:04.699  INFO     steer angle=0
2026-06-14 18:36:04.701  INFO     drive direction=stop speed=0
2026-06-14 18:36:04.791  DEBUG    heartbeat from 192.168.1.109
2026-06-14 18:36:05.613  INFO     steer angle=0
2026-06-14 18:36:05.615  INFO     drive direction=backward speed=75
2026-06-14 18:36:05.713  INFO     steer angle=0
2026-06-14 18:36:05.714  INFO     drive direction=backward speed=75
2026-06-14 18:36:05.792  DEBUG    heartbeat from 192.168.1.109
2026-06-14 18:36:05.813  INFO     steer angle=0
2026-06-14 18:36:05.814  INFO     drive direction=backward speed=75
2026-06-14 18:36:05.922  INFO     steer angle=0
2026-06-14 18:36:05.926  INFO     drive direction=backward speed=75
2026-06-14 18:36:06.013  INFO     steer angle=0
2026-06-14 18:36:06.014  INFO     drive direction=backward speed=75
2026-06-14 18:36:06.113  INFO     steer angle=0
2026-06-14 18:36:06.115  INFO     drive direction=backward speed=75
2026-06-14 18:36:06.223  INFO     steer angle=0
2026-06-14 18:36:06.224  INFO     drive direction=backward speed=75
2026-06-14 18:36:06.313  INFO     steer angle=0
2026-06-14 18:36:06.314  INFO     drive direction=backward speed=75
2026-06-14 18:36:06.414  INFO     steer angle=0
2026-06-14 18:36:06.416  INFO     drive direction=backward speed=75
2026-06-14 18:36:06.514  INFO     steer angle=0
2026-06-14 18:36:06.515  INFO     drive direction=backward speed=75
2026-06-14 18:36:06.613  INFO     steer angle=0
2026-06-14 18:36:06.614  INFO     drive direction=backward speed=75
2026-06-14 18:36:06.679  INFO     steer angle=-30
2026-06-14 18:36:06.680  INFO     drive direction=backward speed=75
2026-06-14 18:36:06.713  INFO     steer angle=-30
2026-06-14 18:36:06.715  INFO     drive direction=backward speed=75
2026-06-14 18:36:06.772  INFO     steer angle=-30
2026-06-14 18:36:06.774  INFO     drive direction=backward speed=75
2026-06-14 18:36:06.792  DEBUG    heartbeat from 192.168.1.109
2026-06-14 18:36:06.813  INFO     steer angle=-30
2026-06-14 18:36:06.815  INFO     drive direction=backward speed=75
2026-06-14 18:36:06.873  INFO     steer angle=-30
2026-06-14 18:36:06.874  INFO     drive direction=backward speed=75
2026-06-14 18:36:06.906  INFO     steer angle=0
2026-06-14 18:36:06.907  INFO     drive direction=backward speed=75
2026-06-14 18:36:06.913  INFO     steer angle=0
2026-06-14 18:36:06.915  INFO     drive direction=backward speed=75
2026-06-14 18:36:07.014  INFO     steer angle=0
2026-06-14 18:36:07.018  INFO     drive direction=backward speed=75
2026-06-14 18:36:07.114  INFO     steer angle=0
2026-06-14 18:36:07.116  INFO     drive direction=backward speed=75
2026-06-14 18:36:07.214  INFO     steer angle=0
2026-06-14 18:36:07.217  INFO     drive direction=backward speed=75
2026-06-14 18:36:07.313  INFO     steer angle=0
2026-06-14 18:36:07.315  INFO     drive direction=backward speed=75
2026-06-14 18:36:07.413  INFO     steer angle=0
2026-06-14 18:36:07.422  INFO     drive direction=backward speed=75
2026-06-14 18:36:07.517  INFO     steer angle=0
2026-06-14 18:36:07.519  INFO     drive direction=backward speed=75
2026-06-14 18:36:07.615  INFO     steer angle=0
2026-06-14 18:36:07.616  INFO     drive direction=backward speed=75
2026-06-14 18:36:07.714  INFO     steer angle=0
2026-06-14 18:36:07.716  INFO     drive direction=backward speed=75
2026-06-14 18:36:07.793  DEBUG    heartbeat from 192.168.1.109
2026-06-14 18:36:07.816  INFO     steer angle=0
2026-06-14 18:36:07.818  INFO     drive direction=backward speed=75
2026-06-14 18:36:07.915  INFO     steer angle=0
2026-06-14 18:36:07.917  INFO     drive direction=backward speed=75
2026-06-14 18:36:08.011  INFO     steer angle=0
2026-06-14 18:36:08.012  INFO     drive direction=stop speed=0
2026-06-14 18:36:08.399  INFO     steer angle=0
2026-06-14 18:36:08.400  INFO     drive direction=backward speed=75
2026-06-14 18:36:08.498  INFO     steer angle=0
2026-06-14 18:36:08.499  INFO     drive direction=backward speed=75
2026-06-14 18:36:08.598  INFO     steer angle=0
2026-06-14 18:36:08.599  INFO     drive direction=backward speed=75
2026-06-14 18:36:08.703  INFO     steer angle=0
2026-06-14 18:36:08.705  INFO     drive direction=backward speed=75
2026-06-14 18:36:08.736  INFO     steer angle=0
2026-06-14 18:36:08.737  INFO     drive direction=stop speed=0
2026-06-14 18:36:08.794  DEBUG    heartbeat from 192.168.1.109
2026-06-14 18:36:09.136  INFO     steer angle=0
2026-06-14 18:36:09.138  INFO     drive direction=backward speed=75
2026-06-14 18:36:09.232  INFO     steer angle=0
2026-06-14 18:36:09.233  INFO     drive direction=backward speed=75
2026-06-14 18:36:09.332  INFO     steer angle=0
2026-06-14 18:36:09.334  INFO     drive direction=backward speed=75
2026-06-14 18:36:09.362  INFO     steer angle=0
2026-06-14 18:36:09.363  INFO     drive direction=stop speed=0
2026-06-14 18:36:09.792  DEBUG    heartbeat from 192.168.1.109
2026-06-14 18:36:10.360  INFO     steer angle=0
2026-06-14 18:36:10.361  INFO     drive direction=backward speed=75
2026-06-14 18:36:10.459  INFO     steer angle=0
2026-06-14 18:36:10.460  INFO     drive direction=backward speed=75
2026-06-14 18:36:10.561  INFO     steer angle=0
2026-06-14 18:36:10.562  INFO     drive direction=backward speed=75
2026-06-14 18:36:10.617  INFO     steer angle=0
2026-06-14 18:36:10.619  INFO     drive direction=stop speed=0
2026-06-14 18:36:10.796  DEBUG    heartbeat from 192.168.1.109
2026-06-14 18:36:11.792  DEBUG    heartbeat from 192.168.1.109
2026-06-14 18:36:12.803  DEBUG    heartbeat from 192.168.1.109
2026-06-14 18:36:13.791  DEBUG    heartbeat from 192.168.1.109
2026-06-14 18:36:14.792  DEBUG    heartbeat from 192.168.1.109
2026-06-14 18:36:14.900  INFO     steer angle=0
2026-06-14 18:36:14.902  INFO     drive direction=forward speed=75
2026-06-14 18:36:15.004  INFO     steer angle=0
2026-06-14 18:36:15.006  INFO     drive direction=forward speed=75
2026-06-14 18:36:15.104  INFO     steer angle=0
2026-06-14 18:36:15.105  INFO     drive direction=forward speed=75
2026-06-14 18:36:15.204  INFO     steer angle=0
2026-06-14 18:36:15.205  INFO     drive direction=forward speed=75
2026-06-14 18:36:15.303  INFO     steer angle=0
2026-06-14 18:36:15.304  INFO     drive direction=forward speed=75
2026-06-14 18:36:15.401  INFO     steer angle=0
2026-06-14 18:36:15.403  INFO     drive direction=forward speed=75
2026-06-14 18:36:15.506  INFO     steer angle=0
2026-06-14 18:36:15.508  INFO     drive direction=forward speed=75
2026-06-14 18:36:15.607  INFO     steer angle=0
2026-06-14 18:36:15.609  INFO     drive direction=forward speed=75
2026-06-14 18:36:15.704  INFO     steer angle=0
2026-06-14 18:36:15.706  INFO     drive direction=forward speed=75
2026-06-14 18:36:15.776  INFO     steer angle=-30
2026-06-14 18:36:15.777  INFO     drive direction=forward speed=75
2026-06-14 18:36:15.793  DEBUG    heartbeat from 192.168.1.109
2026-06-14 18:36:15.801  INFO     steer angle=-30
2026-06-14 18:36:15.813  INFO     drive direction=forward speed=75
2026-06-14 18:36:15.876  INFO     steer angle=-30
2026-06-14 18:36:15.878  INFO     drive direction=forward speed=75
2026-06-14 18:36:15.904  INFO     steer angle=-30
2026-06-14 18:36:15.905  INFO     drive direction=forward speed=75
2026-06-14 18:36:15.975  INFO     steer angle=-30
2026-06-14 18:36:15.977  INFO     drive direction=forward speed=75
2026-06-14 18:36:16.002  INFO     steer angle=-30
2026-06-14 18:36:16.004  INFO     drive direction=forward speed=75
2026-06-14 18:36:16.036  INFO     steer angle=0
2026-06-14 18:36:16.037  INFO     drive direction=forward speed=75
2026-06-14 18:36:16.101  INFO     steer angle=0
2026-06-14 18:36:16.103  INFO     drive direction=forward speed=75
2026-06-14 18:36:16.203  INFO     steer angle=0
2026-06-14 18:36:16.205  INFO     drive direction=forward speed=75
2026-06-14 18:36:16.301  INFO     steer angle=0
2026-06-14 18:36:16.303  INFO     drive direction=forward speed=75
2026-06-14 18:36:16.402  INFO     steer angle=0
2026-06-14 18:36:16.403  INFO     drive direction=forward speed=75
2026-06-14 18:36:16.501  INFO     steer angle=0
2026-06-14 18:36:16.503  INFO     drive direction=forward speed=75
2026-06-14 18:36:16.604  INFO     steer angle=0
2026-06-14 18:36:16.605  INFO     drive direction=forward speed=75
2026-06-14 18:36:16.701  INFO     steer angle=0
2026-06-14 18:36:16.704  INFO     drive direction=forward speed=75
2026-06-14 18:36:16.795  DEBUG    heartbeat from 192.168.1.109
2026-06-14 18:36:16.802  INFO     steer angle=0
2026-06-14 18:36:16.803  INFO     drive direction=forward speed=75
2026-06-14 18:36:16.901  INFO     steer angle=0
2026-06-14 18:36:16.903  INFO     drive direction=forward speed=75
2026-06-14 18:36:16.971  INFO     steer angle=-30
2026-06-14 18:36:16.972  INFO     drive direction=forward speed=75
2026-06-14 18:36:17.001  INFO     steer angle=-30
2026-06-14 18:36:17.003  INFO     drive direction=forward speed=75
2026-06-14 18:36:17.072  INFO     steer angle=-30
2026-06-14 18:36:17.076  INFO     drive direction=forward speed=75
2026-06-14 18:36:17.104  INFO     steer angle=-30
2026-06-14 18:36:17.105  INFO     drive direction=forward speed=75
2026-06-14 18:36:17.173  INFO     steer angle=-30
2026-06-14 18:36:17.175  INFO     drive direction=forward speed=75
2026-06-14 18:36:17.201  INFO     steer angle=-30
2026-06-14 18:36:17.203  INFO     drive direction=forward speed=75
2026-06-14 18:36:17.272  INFO     steer angle=-30
2026-06-14 18:36:17.273  INFO     drive direction=forward speed=75
2026-06-14 18:36:17.305  INFO     steer angle=-30
2026-06-14 18:36:17.307  INFO     drive direction=forward speed=75
2026-06-14 18:36:17.374  INFO     steer angle=-30
2026-06-14 18:36:17.376  INFO     drive direction=forward speed=75
2026-06-14 18:36:17.408  INFO     steer angle=-30
2026-06-14 18:36:17.409  INFO     drive direction=forward speed=75
2026-06-14 18:36:17.457  INFO     steer angle=0
2026-06-14 18:36:17.458  INFO     drive direction=forward speed=75
2026-06-14 18:36:17.508  INFO     steer angle=0
2026-06-14 18:36:17.510  INFO     drive direction=forward speed=75
2026-06-14 18:36:17.608  INFO     steer angle=0
2026-06-14 18:36:17.609  INFO     drive direction=forward speed=75
2026-06-14 18:36:17.705  INFO     steer angle=0
2026-06-14 18:36:17.707  INFO     drive direction=forward speed=75
2026-06-14 18:36:17.792  DEBUG    heartbeat from 192.168.1.109
2026-06-14 18:36:17.805  INFO     steer angle=0
2026-06-14 18:36:17.807  INFO     drive direction=forward speed=75
2026-06-14 18:36:17.915  INFO     steer angle=0
2026-06-14 18:36:17.917  INFO     drive direction=forward speed=75
2026-06-14 18:36:17.930  INFO     steer angle=30
2026-06-14 18:36:17.932  INFO     drive direction=forward speed=75
2026-06-14 18:36:18.003  INFO     steer angle=30
2026-06-14 18:36:18.005  INFO     drive direction=forward speed=75
2026-06-14 18:36:18.024  INFO     steer angle=30
2026-06-14 18:36:18.025  INFO     drive direction=forward speed=75
2026-06-14 18:36:18.104  INFO     steer angle=30
2026-06-14 18:36:18.106  INFO     drive direction=forward speed=75
2026-06-14 18:36:18.124  INFO     steer angle=30
2026-06-14 18:36:18.126  INFO     drive direction=forward speed=75
2026-06-14 18:36:18.197  INFO     steer angle=0
2026-06-14 18:36:18.199  INFO     drive direction=forward speed=75
2026-06-14 18:36:18.213  INFO     steer angle=0
2026-06-14 18:36:18.214  INFO     drive direction=forward speed=75
2026-06-14 18:36:18.301  INFO     steer angle=0
2026-06-14 18:36:18.303  INFO     drive direction=forward speed=75
2026-06-14 18:36:18.401  INFO     steer angle=0
2026-06-14 18:36:18.403  INFO     drive direction=forward speed=75
2026-06-14 18:36:18.501  INFO     steer angle=0
2026-06-14 18:36:18.502  INFO     drive direction=forward speed=75
2026-06-14 18:36:18.601  INFO     steer angle=0
2026-06-14 18:36:18.603  INFO     drive direction=forward speed=75
2026-06-14 18:36:18.669  INFO     steer angle=-30
2026-06-14 18:36:18.671  INFO     drive direction=forward speed=75
2026-06-14 18:36:18.701  INFO     steer angle=-30
2026-06-14 18:36:18.703  INFO     drive direction=forward speed=75
2026-06-14 18:36:18.719  INFO     steer angle=-30
2026-06-14 18:36:18.720  INFO     drive direction=stop speed=0
2026-06-14 18:36:18.770  INFO     steer angle=-30
2026-06-14 18:36:18.772  INFO     drive direction=stop speed=0
2026-06-14 18:36:18.792  DEBUG    heartbeat from 192.168.1.109
2026-06-14 18:36:18.793  INFO     steer angle=-30
2026-06-14 18:36:18.795  INFO     drive direction=forward speed=75
2026-06-14 18:36:18.870  INFO     steer angle=-30
2026-06-14 18:36:18.872  INFO     drive direction=forward speed=75
2026-06-14 18:36:18.893  INFO     steer angle=-30
2026-06-14 18:36:18.895  INFO     drive direction=forward speed=75
2026-06-14 18:36:18.978  INFO     steer angle=-30
2026-06-14 18:36:18.979  INFO     drive direction=forward speed=75
2026-06-14 18:36:18.993  INFO     steer angle=-30
2026-06-14 18:36:18.995  INFO     drive direction=forward speed=75
2026-06-14 18:36:19.074  INFO     steer angle=-30
2026-06-14 18:36:19.076  INFO     drive direction=forward speed=75
2026-06-14 18:36:19.094  INFO     steer angle=-30
2026-06-14 18:36:19.095  INFO     drive direction=forward speed=75
2026-06-14 18:36:19.170  INFO     steer angle=-30
2026-06-14 18:36:19.172  INFO     drive direction=forward speed=75
2026-06-14 18:36:19.194  INFO     steer angle=-30
2026-06-14 18:36:19.195  INFO     drive direction=forward speed=75
2026-06-14 18:36:19.271  INFO     steer angle=-30
2026-06-14 18:36:19.272  INFO     drive direction=forward speed=75
2026-06-14 18:36:19.306  INFO     steer angle=-30
2026-06-14 18:36:19.308  INFO     drive direction=forward speed=75
2026-06-14 18:36:19.373  INFO     steer angle=-30
2026-06-14 18:36:19.375  INFO     drive direction=forward speed=75
2026-06-14 18:36:19.396  INFO     steer angle=-30
2026-06-14 18:36:19.398  INFO     drive direction=forward speed=75
2026-06-14 18:36:19.458  INFO     steer angle=-30
2026-06-14 18:36:19.460  INFO     drive direction=stop speed=0
2026-06-14 18:36:19.468  INFO     steer angle=0
2026-06-14 18:36:19.469  INFO     drive direction=stop speed=0
2026-06-14 18:36:19.793  DEBUG    heartbeat from 192.168.1.109
2026-06-14 18:36:19.984  INFO     steer angle=0
2026-06-14 18:36:19.985  INFO     drive direction=backward speed=75
2026-06-14 18:36:20.085  INFO     steer angle=0
2026-06-14 18:36:20.086  INFO     drive direction=backward speed=75
2026-06-14 18:36:20.185  INFO     steer angle=0
2026-06-14 18:36:20.186  INFO     drive direction=backward speed=75
2026-06-14 18:36:20.285  INFO     steer angle=0
2026-06-14 18:36:20.286  INFO     drive direction=backward speed=75
2026-06-14 18:36:20.386  INFO     steer angle=0
2026-06-14 18:36:20.388  INFO     drive direction=backward speed=75
2026-06-14 18:36:20.484  INFO     steer angle=0
2026-06-14 18:36:20.485  INFO     drive direction=backward speed=75
2026-06-14 18:36:20.589  INFO     steer angle=0
2026-06-14 18:36:20.590  INFO     drive direction=backward speed=75
2026-06-14 18:36:20.689  INFO     steer angle=0
2026-06-14 18:36:20.690  INFO     drive direction=backward speed=75
2026-06-14 18:36:20.784  INFO     steer angle=0
2026-06-14 18:36:20.785  INFO     drive direction=backward speed=75
2026-06-14 18:36:20.792  DEBUG    heartbeat from 192.168.1.109
2026-06-14 18:36:20.884  INFO     steer angle=0
2026-06-14 18:36:20.885  INFO     drive direction=backward speed=75
2026-06-14 18:36:20.985  INFO     steer angle=0
2026-06-14 18:36:20.987  INFO     drive direction=backward speed=75
2026-06-14 18:36:21.084  INFO     steer angle=0
2026-06-14 18:36:21.085  INFO     drive direction=backward speed=75
2026-06-14 18:36:21.119  INFO     steer angle=0
2026-06-14 18:36:21.120  INFO     drive direction=stop speed=0
2026-06-14 18:36:21.792  DEBUG    heartbeat from 192.168.1.109
2026-06-14 18:36:22.497  INFO     steer angle=0
2026-06-14 18:36:22.498  INFO     drive direction=backward speed=75
2026-06-14 18:36:22.596  INFO     steer angle=0
2026-06-14 18:36:22.597  INFO     drive direction=backward speed=75
2026-06-14 18:36:22.691  INFO     steer angle=0
2026-06-14 18:36:22.692  INFO     drive direction=backward speed=75
2026-06-14 18:36:22.792  INFO     steer angle=0
2026-06-14 18:36:22.794  INFO     drive direction=backward speed=75
2026-06-14 18:36:22.797  DEBUG    heartbeat from 192.168.1.109
2026-06-14 18:36:22.892  INFO     steer angle=0
2026-06-14 18:36:22.894  INFO     drive direction=backward speed=75
2026-06-14 18:36:23.006  INFO     steer angle=0
2026-06-14 18:36:23.008  INFO     drive direction=backward speed=75
2026-06-14 18:36:23.090  INFO     steer angle=0
2026-06-14 18:36:23.092  INFO     drive direction=backward speed=75
2026-06-14 18:36:23.190  INFO     steer angle=0
2026-06-14 18:36:23.192  INFO     drive direction=backward speed=75
2026-06-14 18:36:23.291  INFO     steer angle=0
2026-06-14 18:36:23.293  INFO     drive direction=backward speed=75
2026-06-14 18:36:23.390  INFO     steer angle=0
2026-06-14 18:36:23.391  INFO     drive direction=backward speed=75
2026-06-14 18:36:23.423  INFO     steer angle=0
2026-06-14 18:36:23.424  INFO     drive direction=stop speed=0
2026-06-14 18:36:23.797  DEBUG    heartbeat from 192.168.1.109
2026-06-14 18:36:24.170  INFO     steer angle=0
2026-06-14 18:36:24.171  INFO     drive direction=forward speed=75
2026-06-14 18:36:24.269  INFO     steer angle=0
2026-06-14 18:36:24.271  INFO     drive direction=forward speed=75
2026-06-14 18:36:24.370  INFO     steer angle=0
2026-06-14 18:36:24.372  INFO     drive direction=forward speed=75
2026-06-14 18:36:24.471  INFO     steer angle=0
2026-06-14 18:36:24.473  INFO     drive direction=forward speed=75
2026-06-14 18:36:24.570  INFO     steer angle=0
2026-06-14 18:36:24.572  INFO     drive direction=forward speed=75
2026-06-14 18:36:24.669  INFO     steer angle=0
2026-06-14 18:36:24.671  INFO     drive direction=forward speed=75
2026-06-14 18:36:24.750  INFO     steer angle=0
2026-06-14 18:36:24.751  INFO     drive direction=stop speed=0
2026-06-14 18:36:24.792  DEBUG    heartbeat from 192.168.1.109
2026-06-14 18:36:25.795  DEBUG    heartbeat from 192.168.1.109
2026-06-14 18:36:26.794  DEBUG    heartbeat from 192.168.1.109
2026-06-14 18:36:27.792  DEBUG    heartbeat from 192.168.1.109
2026-06-14 18:36:28.800  DEBUG    heartbeat from 192.168.1.109
2026-06-14 18:36:29.053  INFO     manual_track action=stop tracker_ready=True from 192.168.1.109
2026-06-14 18:36:29.054  INFO     manual_track: tracker stopped
2026-06-14 18:36:29.792  DEBUG    heartbeat from 192.168.1.109
2026-06-14 18:36:30.454  INFO     shutdown command from 192.168.1.109
2026-06-14 18:36:30.455  INFO     Graceful shutdown initiated — stopping hardware
2026-06-14 18:36:30.707  INFO     WebSocket disconnected from 192.168.1.109
2026-06-14 18:36:30.709  INFO     WebSocket disconnected from 192.168.1.109
