2026-06-13 11:54:27.935 [INFO ] [marker_detector] cycle_file_open cycle=0 file=cycle_0_raw_115427.json
2026-06-13 11:54:27.935 [INFO ] [marker_detector] manual_track_start cycle=0
2026-06-13 11:54:28.026 [INFO ] [marker_detector] manual_track world_acquired cycle=0
2026-06-13 11:54:32.553 [INFO ] [marker_detector] manual_track world_lost cycle=0 — TF gap open
2026-06-13 11:54:32.616 [INFO ] [marker_detector] manual_track world_acquired cycle=0
2026-06-13 11:54:32.679 [INFO ] [marker_detector] manual_track world_lost cycle=0 — TF gap open
2026-06-13 11:54:32.810 [INFO ] [marker_detector] manual_track world_acquired cycle=0
2026-06-13 11:54:33.248 [INFO ] [marker_detector] manual_track world_lost cycle=0 — TF gap open
2026-06-13 11:54:33.314 [INFO ] [marker_detector] manual_track world_acquired cycle=0
2026-06-13 11:54:33.449 [INFO ] [marker_detector] manual_track world_lost cycle=0 — TF gap open
2026-06-13 11:54:33.514 [INFO ] [marker_detector] manual_track world_acquired cycle=0
2026-06-13 11:54:34.167 [INFO ] [marker_detector] manual_track world_lost cycle=0 — TF gap open
2026-06-13 11:54:34.235 [INFO ] [marker_detector] manual_track world_acquired cycle=0
2026-06-13 11:54:34.590 [INFO ] [marker_detector] manual_track world_lost cycle=0 — TF gap open
2026-06-13 11:54:34.721 [INFO ] [marker_detector] manual_track world_acquired cycle=0
2026-06-13 11:54:34.782 [INFO ] [marker_detector] manual_track world_lost cycle=0 — TF gap open
2026-06-13 11:54:35.027 [INFO ] [marker_detector] manual_track world_acquired cycle=0
2026-06-13 11:54:36.097 [INFO ] [marker_detector] manual_track world_lost cycle=0 — TF gap open
2026-06-13 11:54:36.427 [INFO ] [marker_detector] manual_track world_acquired cycle=0
2026-06-13 11:54:37.012 [INFO ] [marker_detector] manual_track world_lost cycle=0 — TF gap open
2026-06-13 11:54:37.082 [INFO ] [marker_detector] manual_track world_acquired cycle=0
2026-06-13 11:54:37.143 [INFO ] [marker_detector] manual_track world_lost cycle=0 — TF gap open
2026-06-13 11:54:37.403 [INFO ] [marker_detector] manual_track world_acquired cycle=0
2026-06-13 11:54:38.742 [INFO ] [marker_detector] manual_track world_lost cycle=0 — TF gap open
2026-06-13 11:54:38.877 [INFO ] [marker_detector] manual_track world_acquired cycle=0
2026-06-13 11:54:39.234 [INFO ] [marker_detector] manual_track world_lost cycle=0 — TF gap open
2026-06-13 11:54:39.366 [INFO ] [marker_detector] manual_track world_acquired cycle=0
2026-06-13 11:54:39.428 [INFO ] [marker_detector] manual_track world_lost cycle=0 — TF gap open
2026-06-13 11:54:39.496 [INFO ] [marker_detector] manual_track world_acquired cycle=0
2026-06-13 11:54:39.696 [INFO ] [marker_detector] manual_track world_lost cycle=0 — TF gap open
2026-06-13 11:54:40.299 [INFO ] [marker_detector] manual_track world_acquired cycle=0
2026-06-13 11:54:40.930 [INFO ] [marker_detector] manual_track world_lost cycle=0 — TF gap open
2026-06-13 11:54:41.210 [INFO ] [marker_detector] manual_track world_acquired cycle=0
2026-06-13 11:54:41.270 [INFO ] [marker_detector] manual_track world_lost cycle=0 — TF gap open
2026-06-13 11:54:41.529 [INFO ] [marker_detector] manual_track world_acquired cycle=0
2026-06-13 11:55:19.415 [INFO ] [marker_detector] manual_track world_lost cycle=0 — TF gap open
2026-06-13 11:55:19.716 [INFO ] [marker_detector] manual_track world_acquired cycle=0
2026-06-13 11:55:20.564 [INFO ] [marker_detector] manual_track world_lost cycle=0 — TF gap open
2026-06-13 11:55:20.699 [INFO ] [marker_detector] manual_track world_acquired cycle=0
2026-06-13 11:55:20.781 [INFO ] [marker_detector] manual_track world_lost cycle=0 — TF gap open
2026-06-13 11:55:20.851 [INFO ] [marker_detector] manual_track world_acquired cycle=0
2026-06-13 11:55:21.264 [INFO ] [marker_detector] manual_track world_lost cycle=0 — TF gap open
2026-06-13 11:55:21.337 [INFO ] [marker_detector] manual_track world_acquired cycle=0
2026-06-13 11:55:21.823 [INFO ] [marker_detector] manual_track world_lost cycle=0 — TF gap open
2026-06-13 11:55:21.960 [INFO ] [marker_detector] manual_track world_acquired cycle=0
2026-06-13 11:55:22.806 [INFO ] [marker_detector] manual_track world_lost cycle=0 — TF gap open
2026-06-13 11:55:22.933 [INFO ] [marker_detector] manual_track world_acquired cycle=0
2026-06-13 11:55:23.593 [INFO ] [marker_detector] manual_track world_lost cycle=0 — TF gap open
2026-06-13 11:55:23.836 [INFO ] [marker_detector] manual_track world_acquired cycle=0
2026-06-13 11:55:24.434 [INFO ] [marker_detector] manual_track world_lost cycle=0 — TF gap open
2026-06-13 11:55:24.750 [INFO ] [marker_detector] manual_track world_acquired cycle=0
2026-06-13 11:55:25.197 [INFO ] [marker_detector] manual_track world_lost cycle=0 — TF gap open
2026-06-13 11:55:25.260 [INFO ] [marker_detector] manual_track world_acquired cycle=0
2026-06-13 11:55:25.659 [INFO ] [marker_detector] manual_track world_lost cycle=0 — TF gap open
2026-06-13 11:55:25.719 [INFO ] [marker_detector] manual_track world_acquired cycle=0
2026-06-13 11:55:25.839 [INFO ] [marker_detector] manual_track world_lost cycle=0 — TF gap open
2026-06-13 11:55:25.896 [INFO ] [marker_detector] manual_track world_acquired cycle=0
2026-06-13 11:55:26.750 [INFO ] [marker_detector] manual_track world_lost cycle=0 — TF gap open
2026-06-13 11:55:26.919 [INFO ] [marker_detector] manual_track world_acquired cycle=0
2026-06-13 11:55:28.574 [INFO ] [marker_detector] manual_track world_lost cycle=0 — TF gap open
2026-06-13 11:55:28.822 [INFO ] [marker_detector] manual_track world_acquired cycle=0
2026-06-13 11:55:29.159 [INFO ] [marker_detector] manual_track world_lost cycle=0 — TF gap open
2026-06-13 11:55:29.224 [INFO ] [marker_detector] manual_track world_acquired cycle=0
2026-06-13 11:55:29.556 [INFO ] [marker_detector] manual_track world_lost cycle=0 — TF gap open
2026-06-13 11:55:29.624 [INFO ] [marker_detector] manual_track world_acquired cycle=0
2026-06-13 11:55:30.202 [INFO ] [marker_detector] manual_track world_lost cycle=0 — TF gap open
2026-06-13 11:55:31.762 [INFO ] [marker_detector] manual_track world_acquired cycle=0
2026-06-13 11:55:31.834 [INFO ] [marker_detector] manual_track world_lost cycle=0 — TF gap open
2026-06-13 11:55:32.010 [INFO ] [marker_detector] manual_track world_acquired cycle=0
2026-06-13 11:55:33.169 [INFO ] [marker_detector] manual_track world_lost cycle=0 — TF gap open
2026-06-13 11:55:33.496 [INFO ] [marker_detector] manual_track world_acquired cycle=0
2026-06-13 11:55:34.017 [INFO ] [marker_detector] manual_track world_lost cycle=0 — TF gap open
2026-06-13 11:55:34.424 [INFO ] [marker_detector] manual_track world_acquired cycle=0
2026-06-13 11:55:35.073 [INFO ] [marker_detector] manual_track world_lost cycle=0 — TF gap open
2026-06-13 11:55:35.217 [INFO ] [marker_detector] manual_track world_acquired cycle=0
2026-06-13 11:55:35.550 [INFO ] [marker_detector] manual_track world_lost cycle=0 — TF gap open
2026-06-13 11:55:35.676 [INFO ] [marker_detector] manual_track world_acquired cycle=0
2026-06-13 11:55:35.736 [INFO ] [marker_detector] manual_track world_lost cycle=0 — TF gap open
2026-06-13 11:55:35.799 [INFO ] [marker_detector] manual_track world_acquired cycle=0
2026-06-13 11:55:37.599 [INFO ] [marker_detector] manual_track world_lost cycle=0 — TF gap open
2026-06-13 11:55:37.661 [INFO ] [marker_detector] manual_track world_acquired cycle=0
2026-06-13 11:55:39.444 [INFO ] [marker_detector] manual_track world_lost cycle=0 — TF gap open
2026-06-13 11:55:39.687 [INFO ] [marker_detector] manual_track world_acquired cycle=0
2026-06-13 11:55:40.097 [INFO ] [marker_detector] manual_track world_lost cycle=0 — TF gap open
2026-06-13 11:55:40.161 [INFO ] [marker_detector] manual_track world_acquired cycle=0
2026-06-13 11:55:40.222 [INFO ] [marker_detector] manual_track world_lost cycle=0 — TF gap open
2026-06-13 11:55:40.348 [INFO ] [marker_detector] manual_track world_acquired cycle=0
2026-06-13 11:55:40.630 [INFO ] [marker_detector] manual_track world_lost cycle=0 — TF gap open
2026-06-13 11:56:09.593 [INFO ] [marker_detector] manual_track world_acquired cycle=0
2026-06-13 11:56:14.926 [INFO ] [marker_detector] manual_track world_lost cycle=0 — TF gap open
2026-06-13 11:56:15.169 [INFO ] [marker_detector] manual_track world_acquired cycle=0
2026-06-13 11:56:15.234 [INFO ] [marker_detector] manual_track world_lost cycle=0 — TF gap open
2026-06-13 11:56:15.355 [INFO ] [marker_detector] manual_track world_acquired cycle=0
2026-06-13 11:56:16.149 [INFO ] [marker_detector] manual_track world_lost cycle=0 — TF gap open
2026-06-13 11:56:16.461 [INFO ] [marker_detector] manual_track world_acquired cycle=0
2026-06-13 11:56:54.277 [INFO ] [marker_detector] manual_track world_lost cycle=0 — TF gap open
2026-06-13 11:56:54.341 [INFO ] [marker_detector] manual_track world_acquired cycle=0
2026-06-13 11:56:54.405 [INFO ] [marker_detector] manual_track world_lost cycle=0 — TF gap open
2026-06-13 11:56:54.466 [INFO ] [marker_detector] manual_track world_acquired cycle=0
2026-06-13 11:56:55.278 [INFO ] [marker_detector] manual_track world_lost cycle=0 — TF gap open
2026-06-13 11:56:55.434 [INFO ] [marker_detector] manual_track world_acquired cycle=0
2026-06-13 11:56:56.846 [INFO ] [marker_detector] manual_track world_lost cycle=0 — TF gap open
2026-06-13 11:56:57.131 [INFO ] [marker_detector] manual_track world_acquired cycle=0
2026-06-13 11:56:58.104 [INFO ] [marker_detector] manual_track world_lost cycle=0 — TF gap open
2026-06-13 11:56:58.292 [INFO ] [marker_detector] manual_track world_acquired cycle=0
2026-06-13 11:56:58.934 [INFO ] [marker_detector] manual_track world_lost cycle=0 — TF gap open
2026-06-13 11:56:59.258 [INFO ] [marker_detector] manual_track world_acquired cycle=0
2026-06-13 11:56:59.910 [INFO ] [marker_detector] manual_track world_lost cycle=0 — TF gap open
2026-06-13 11:56:59.976 [INFO ] [marker_detector] manual_track world_acquired cycle=0
2026-06-13 11:57:00.119 [INFO ] [marker_detector] manual_track world_lost cycle=0 — TF gap open
2026-06-13 11:57:00.218 [INFO ] [marker_detector] manual_track world_acquired cycle=0
2026-06-13 11:57:00.357 [INFO ] [marker_detector] manual_track world_lost cycle=0 — TF gap open
2026-06-13 11:57:00.572 [INFO ] [marker_detector] manual_track world_acquired cycle=0
2026-06-13 11:57:00.758 [INFO ] [marker_detector] manual_track world_lost cycle=0 — TF gap open
2026-06-13 11:57:00.965 [INFO ] [marker_detector] manual_track world_acquired cycle=0
2026-06-13 11:57:01.527 [INFO ] [marker_detector] manual_track world_lost cycle=0 — TF gap open
2026-06-13 11:57:01.598 [INFO ] [marker_detector] manual_track world_acquired cycle=0
2026-06-13 11:57:02.780 [INFO ] [marker_detector] manual_track world_lost cycle=0 — TF gap open
2026-06-13 11:57:03.004 [INFO ] [marker_detector] manual_track world_acquired cycle=0
2026-06-13 11:57:03.188 [INFO ] [marker_detector] manual_track world_lost cycle=0 — TF gap open
2026-06-13 11:57:03.401 [INFO ] [marker_detector] manual_track world_acquired cycle=0
2026-06-13 11:58:02.685 [INFO ] [marker_detector] cycle_file_close cycle=0
2026-06-13 11:58:02.685 [INFO ] [marker_detector] manual_track_stop cycle=0
