2026-06-14 16:47:43.835 [INFO ] [marker_detector] cycle_file_open cycle=0 file=cycle_0_raw_164743.json
2026-06-14 16:47:43.835 [INFO ] [marker_detector] manual_track_start cycle=0
2026-06-14 16:48:21.909 [INFO ] [marker_detector] manual_track world_acquired cycle=0
2026-06-14 16:48:21.983 [INFO ] [marker_detector] manual_track world_lost cycle=0 — TF gap open
2026-06-14 16:48:22.829 [INFO ] [marker_detector] manual_track world_acquired cycle=0
2026-06-14 16:48:22.903 [INFO ] [marker_detector] manual_track world_lost cycle=0 — TF gap open
2026-06-14 16:48:26.512 [INFO ] [marker_detector] manual_track world_acquired cycle=0
2026-06-14 16:48:26.585 [INFO ] [marker_detector] manual_track world_lost cycle=0 — TF gap open
2026-06-14 16:48:27.722 [INFO ] [marker_detector] manual_track world_acquired cycle=0
2026-06-14 16:48:27.794 [INFO ] [marker_detector] manual_track world_lost cycle=0 — TF gap open
2026-06-14 16:48:30.626 [INFO ] [marker_detector] manual_track world_acquired cycle=0
2026-06-14 16:48:30.699 [INFO ] [marker_detector] manual_track world_lost cycle=0 — TF gap open
2026-06-14 16:48:33.378 [INFO ] [marker_detector] manual_track world_acquired cycle=0
2026-06-14 16:48:33.449 [INFO ] [marker_detector] manual_track world_lost cycle=0 — TF gap open
2026-06-14 16:48:34.158 [INFO ] [marker_detector] manual_track world_acquired cycle=0
2026-06-14 16:48:34.230 [INFO ] [marker_detector] manual_track world_lost cycle=0 — TF gap open
2026-06-14 16:48:37.234 [INFO ] [marker_detector] manual_track world_acquired cycle=0
2026-06-14 16:48:37.309 [INFO ] [marker_detector] manual_track world_lost cycle=0 — TF gap open
2026-06-14 16:48:37.383 [INFO ] [marker_detector] manual_track world_acquired cycle=0
2026-06-14 16:48:37.533 [INFO ] [marker_detector] manual_track world_lost cycle=0 — TF gap open
2026-06-14 16:48:38.116 [INFO ] [marker_detector] manual_track world_acquired cycle=0
2026-06-14 16:48:38.188 [INFO ] [marker_detector] manual_track world_lost cycle=0 — TF gap open
2026-06-14 16:48:39.672 [INFO ] [marker_detector] manual_track world_acquired cycle=0
2026-06-14 16:48:39.743 [INFO ] [marker_detector] manual_track world_lost cycle=0 — TF gap open
2026-06-14 16:48:41.959 [INFO ] [marker_detector] manual_track world_acquired cycle=0
2026-06-14 16:48:42.029 [INFO ] [marker_detector] manual_track world_lost cycle=0 — TF gap open
2026-06-14 16:48:42.384 [INFO ] [marker_detector] manual_track world_acquired cycle=0
2026-06-14 16:48:42.456 [INFO ] [marker_detector] manual_track world_lost cycle=0 — TF gap open
2026-06-14 16:48:42.672 [INFO ] [marker_detector] manual_track world_acquired cycle=0
2026-06-14 16:48:42.744 [INFO ] [marker_detector] manual_track world_lost cycle=0 — TF gap open
2026-06-14 16:48:43.472 [INFO ] [marker_detector] manual_track world_acquired cycle=0
2026-06-14 16:48:43.547 [INFO ] [marker_detector] manual_track world_lost cycle=0 — TF gap open
2026-06-14 16:48:43.625 [INFO ] [marker_detector] manual_track world_acquired cycle=0
2026-06-14 16:48:43.696 [INFO ] [marker_detector] manual_track world_lost cycle=0 — TF gap open
2026-06-14 16:48:43.768 [INFO ] [marker_detector] manual_track world_acquired cycle=0
2026-06-14 16:48:43.912 [INFO ] [marker_detector] manual_track world_lost cycle=0 — TF gap open
2026-06-14 16:48:44.337 [INFO ] [marker_detector] manual_track world_acquired cycle=0
2026-06-14 16:48:44.408 [INFO ] [marker_detector] manual_track world_lost cycle=0 — TF gap open
2026-06-14 16:48:44.551 [INFO ] [marker_detector] manual_track world_acquired cycle=0
2026-06-14 16:48:44.623 [INFO ] [marker_detector] manual_track world_lost cycle=0 — TF gap open
2026-06-14 16:48:44.694 [INFO ] [marker_detector] manual_track world_acquired cycle=0
2026-06-14 16:48:44.763 [INFO ] [marker_detector] manual_track world_lost cycle=0 — TF gap open
2026-06-14 16:48:44.902 [INFO ] [marker_detector] manual_track world_acquired cycle=0
2026-06-14 16:48:44.971 [INFO ] [marker_detector] manual_track world_lost cycle=0 — TF gap open
2026-06-14 16:48:45.478 [INFO ] [marker_detector] manual_track world_acquired cycle=0
2026-06-14 16:48:45.550 [INFO ] [marker_detector] manual_track world_lost cycle=0 — TF gap open
2026-06-14 16:48:46.048 [INFO ] [marker_detector] manual_track world_acquired cycle=0
2026-06-14 16:48:46.191 [INFO ] [marker_detector] manual_track world_lost cycle=0 — TF gap open
2026-06-14 16:48:46.823 [INFO ] [marker_detector] manual_track world_acquired cycle=0
2026-06-14 16:48:46.898 [INFO ] [marker_detector] manual_track world_lost cycle=0 — TF gap open
2026-06-14 16:48:47.182 [INFO ] [marker_detector] manual_track world_acquired cycle=0
2026-06-14 16:48:47.254 [INFO ] [marker_detector] manual_track world_lost cycle=0 — TF gap open
2026-06-14 16:48:47.545 [INFO ] [marker_detector] manual_track world_acquired cycle=0
2026-06-14 16:48:47.615 [INFO ] [marker_detector] manual_track world_lost cycle=0 — TF gap open
2026-06-14 16:48:48.032 [INFO ] [marker_detector] manual_track world_acquired cycle=0
2026-06-14 16:48:48.105 [INFO ] [marker_detector] manual_track world_lost cycle=0 — TF gap open
2026-06-14 16:48:48.178 [INFO ] [marker_detector] manual_track world_acquired cycle=0
2026-06-14 16:48:48.248 [INFO ] [marker_detector] manual_track world_lost cycle=0 — TF gap open
2026-06-14 16:48:48.607 [INFO ] [marker_detector] manual_track world_acquired cycle=0
2026-06-14 16:48:48.680 [INFO ] [marker_detector] manual_track world_lost cycle=0 — TF gap open
2026-06-14 16:48:49.034 [INFO ] [marker_detector] manual_track world_acquired cycle=0
2026-06-14 16:48:49.106 [INFO ] [marker_detector] manual_track world_lost cycle=0 — TF gap open
2026-06-14 16:48:49.359 [INFO ] [marker_detector] manual_track world_acquired cycle=0
2026-06-14 16:48:49.428 [INFO ] [marker_detector] manual_track world_lost cycle=0 — TF gap open
2026-06-14 16:48:50.411 [INFO ] [marker_detector] manual_track world_acquired cycle=0
2026-06-14 16:48:50.557 [INFO ] [marker_detector] manual_track world_lost cycle=0 — TF gap open
2026-06-14 16:48:50.628 [INFO ] [marker_detector] manual_track world_acquired cycle=0
2026-06-14 16:48:50.699 [INFO ] [marker_detector] manual_track world_lost cycle=0 — TF gap open
2026-06-14 16:48:50.769 [INFO ] [marker_detector] manual_track world_acquired cycle=0
2026-06-14 16:48:50.842 [INFO ] [marker_detector] manual_track world_lost cycle=0 — TF gap open
2026-06-14 16:48:52.863 [INFO ] [marker_detector] manual_track world_acquired cycle=0
2026-06-14 16:48:53.274 [INFO ] [marker_detector] manual_track world_lost cycle=0 — TF gap open
2026-06-14 16:48:53.723 [INFO ] [marker_detector] manual_track world_acquired cycle=0
2026-06-14 16:48:54.293 [INFO ] [marker_detector] manual_track world_lost cycle=0 — TF gap open
2026-06-14 16:48:55.254 [INFO ] [marker_detector] manual_track world_acquired cycle=0
2026-06-14 16:48:58.055 [INFO ] [marker_detector] manual_track world_lost cycle=0 — TF gap open
2026-06-14 16:48:59.548 [INFO ] [marker_detector] manual_track world_acquired cycle=0
2026-06-14 16:49:00.091 [INFO ] [marker_detector] manual_track world_lost cycle=0 — TF gap open
2026-06-14 16:49:00.146 [INFO ] [marker_detector] manual_track world_acquired cycle=0
2026-06-14 16:49:00.197 [INFO ] [marker_detector] manual_track world_lost cycle=0 — TF gap open
2026-06-14 16:49:00.252 [INFO ] [marker_detector] manual_track world_acquired cycle=0
2026-06-14 16:49:00.542 [INFO ] [marker_detector] manual_track world_lost cycle=0 — TF gap open
2026-06-14 16:49:03.402 [INFO ] [marker_detector] manual_track world_acquired cycle=0
2026-06-14 16:49:04.081 [INFO ] [marker_detector] manual_track world_lost cycle=0 — TF gap open
2026-06-14 16:49:04.140 [INFO ] [marker_detector] manual_track world_acquired cycle=0
2026-06-14 16:49:04.509 [INFO ] [marker_detector] manual_track world_lost cycle=0 — TF gap open
2026-06-14 16:49:04.562 [INFO ] [marker_detector] manual_track world_acquired cycle=0
2026-06-14 16:49:05.796 [INFO ] [marker_detector] manual_track world_lost cycle=0 — TF gap open
2026-06-14 16:49:07.170 [INFO ] [marker_detector] manual_track world_acquired cycle=0
2026-06-14 16:49:07.275 [INFO ] [marker_detector] manual_track world_lost cycle=0 — TF gap open
2026-06-14 16:49:07.326 [INFO ] [marker_detector] manual_track world_acquired cycle=0
2026-06-14 16:49:08.095 [INFO ] [marker_detector] manual_track world_lost cycle=0 — TF gap open
2026-06-14 16:49:08.978 [INFO ] [marker_detector] manual_track world_acquired cycle=0
2026-06-14 16:49:09.028 [INFO ] [marker_detector] manual_track world_lost cycle=0 — TF gap open
2026-06-14 16:49:27.752 [INFO ] [marker_detector] manual_track world_acquired cycle=0
2026-06-14 16:49:28.049 [INFO ] [marker_detector] manual_track world_lost cycle=0 — TF gap open
2026-06-14 16:49:28.282 [INFO ] [marker_detector] manual_track world_acquired cycle=0
2026-06-14 16:49:28.504 [INFO ] [marker_detector] manual_track world_lost cycle=0 — TF gap open
2026-06-14 16:49:28.651 [INFO ] [marker_detector] manual_track world_acquired cycle=0
2026-06-14 16:49:28.876 [INFO ] [marker_detector] manual_track world_lost cycle=0 — TF gap open
2026-06-14 16:49:28.953 [INFO ] [marker_detector] manual_track world_acquired cycle=0
2026-06-14 16:49:29.028 [INFO ] [marker_detector] manual_track world_lost cycle=0 — TF gap open
2026-06-14 16:49:29.173 [INFO ] [marker_detector] manual_track world_acquired cycle=0
2026-06-14 16:49:29.245 [INFO ] [marker_detector] manual_track world_lost cycle=0 — TF gap open
2026-06-14 16:49:29.320 [INFO ] [marker_detector] manual_track world_acquired cycle=0
2026-06-14 16:49:29.394 [INFO ] [marker_detector] manual_track world_lost cycle=0 — TF gap open
2026-06-14 16:49:29.475 [INFO ] [marker_detector] manual_track world_acquired cycle=0
2026-06-14 16:49:29.801 [INFO ] [marker_detector] manual_track world_lost cycle=0 — TF gap open
2026-06-14 16:49:29.874 [INFO ] [marker_detector] manual_track world_acquired cycle=0
2026-06-14 16:49:30.097 [INFO ] [marker_detector] manual_track world_lost cycle=0 — TF gap open
2026-06-14 16:49:30.172 [INFO ] [marker_detector] manual_track world_acquired cycle=0
2026-06-14 16:49:30.697 [INFO ] [marker_detector] manual_track world_lost cycle=0 — TF gap open
2026-06-14 16:49:30.772 [INFO ] [marker_detector] manual_track world_acquired cycle=0
2026-06-14 16:49:32.542 [INFO ] [marker_detector] manual_track world_lost cycle=0 — TF gap open
2026-06-14 16:49:32.622 [INFO ] [marker_detector] manual_track world_acquired cycle=0
2026-06-14 16:49:33.082 [INFO ] [marker_detector] manual_track world_lost cycle=0 — TF gap open
2026-06-14 16:49:33.320 [INFO ] [marker_detector] manual_track world_acquired cycle=0
2026-06-14 16:49:33.394 [INFO ] [marker_detector] manual_track world_lost cycle=0 — TF gap open
2026-06-14 16:49:33.470 [INFO ] [marker_detector] manual_track world_acquired cycle=0
2026-06-14 16:49:33.849 [INFO ] [marker_detector] manual_track world_lost cycle=0 — TF gap open
2026-06-14 16:49:34.066 [INFO ] [marker_detector] manual_track world_acquired cycle=0
2026-06-14 16:49:34.210 [INFO ] [marker_detector] manual_track world_lost cycle=0 — TF gap open
2026-06-14 16:49:34.285 [INFO ] [marker_detector] manual_track world_acquired cycle=0
2026-06-14 16:49:34.598 [INFO ] [marker_detector] manual_track world_lost cycle=0 — TF gap open
2026-06-14 16:49:34.764 [INFO ] [marker_detector] manual_track world_acquired cycle=0
2026-06-14 16:49:34.990 [INFO ] [marker_detector] manual_track world_lost cycle=0 — TF gap open
2026-06-14 16:49:35.131 [INFO ] [marker_detector] manual_track world_acquired cycle=0
2026-06-14 16:49:35.202 [INFO ] [marker_detector] manual_track world_lost cycle=0 — TF gap open
2026-06-14 16:49:35.422 [INFO ] [marker_detector] manual_track world_acquired cycle=0
2026-06-14 16:49:35.569 [INFO ] [marker_detector] manual_track world_lost cycle=0 — TF gap open
2026-06-14 16:49:35.932 [INFO ] [marker_detector] manual_track world_acquired cycle=0
2026-06-14 16:49:36.082 [INFO ] [marker_detector] manual_track world_lost cycle=0 — TF gap open
2026-06-14 16:49:36.447 [INFO ] [marker_detector] manual_track world_acquired cycle=0
2026-06-14 16:49:36.521 [INFO ] [marker_detector] manual_track world_lost cycle=0 — TF gap open
2026-06-14 16:49:36.813 [INFO ] [marker_detector] manual_track world_acquired cycle=0
2026-06-14 16:49:36.889 [INFO ] [marker_detector] manual_track world_lost cycle=0 — TF gap open
2026-06-14 16:49:36.979 [INFO ] [marker_detector] manual_track world_acquired cycle=0
2026-06-14 16:49:37.056 [INFO ] [marker_detector] manual_track world_lost cycle=0 — TF gap open
2026-06-14 16:49:37.345 [INFO ] [marker_detector] manual_track world_acquired cycle=0
2026-06-14 16:49:37.419 [INFO ] [marker_detector] manual_track world_lost cycle=0 — TF gap open
2026-06-14 16:49:37.489 [INFO ] [marker_detector] manual_track world_acquired cycle=0
2026-06-14 16:49:37.716 [INFO ] [marker_detector] manual_track world_lost cycle=0 — TF gap open
2026-06-14 16:49:38.006 [INFO ] [marker_detector] manual_track world_acquired cycle=0
2026-06-14 16:49:38.079 [INFO ] [marker_detector] manual_track world_lost cycle=0 — TF gap open
2026-06-14 16:49:38.224 [INFO ] [marker_detector] manual_track world_acquired cycle=0
2026-06-14 16:49:38.375 [INFO ] [marker_detector] manual_track world_lost cycle=0 — TF gap open
2026-06-14 16:49:38.524 [INFO ] [marker_detector] manual_track world_acquired cycle=0
2026-06-14 16:49:38.671 [INFO ] [marker_detector] manual_track world_lost cycle=0 — TF gap open
2026-06-14 16:49:39.109 [INFO ] [marker_detector] manual_track world_acquired cycle=0
2026-06-14 16:49:39.182 [INFO ] [marker_detector] manual_track world_lost cycle=0 — TF gap open
2026-06-14 16:49:39.482 [INFO ] [marker_detector] manual_track world_acquired cycle=0
2026-06-14 16:49:39.642 [INFO ] [marker_detector] manual_track world_lost cycle=0 — TF gap open
2026-06-14 16:49:39.717 [INFO ] [marker_detector] manual_track world_acquired cycle=0
2026-06-14 16:49:39.789 [INFO ] [marker_detector] manual_track world_lost cycle=0 — TF gap open
2026-06-14 16:49:39.861 [INFO ] [marker_detector] manual_track world_acquired cycle=0
2026-06-14 16:49:39.935 [INFO ] [marker_detector] manual_track world_lost cycle=0 — TF gap open
2026-06-14 16:49:40.008 [INFO ] [marker_detector] manual_track world_acquired cycle=0
2026-06-14 16:49:40.083 [INFO ] [marker_detector] manual_track world_lost cycle=0 — TF gap open
2026-06-14 16:49:40.508 [INFO ] [marker_detector] manual_track world_acquired cycle=0
2026-06-14 16:49:40.581 [INFO ] [marker_detector] manual_track world_lost cycle=0 — TF gap open
2026-06-14 16:49:40.724 [INFO ] [marker_detector] manual_track world_acquired cycle=0
2026-06-14 16:49:40.795 [INFO ] [marker_detector] manual_track world_lost cycle=0 — TF gap open
2026-06-14 16:49:40.943 [INFO ] [marker_detector] manual_track world_acquired cycle=0
2026-06-14 16:49:41.017 [INFO ] [marker_detector] manual_track world_lost cycle=0 — TF gap open
2026-06-14 16:49:41.090 [INFO ] [marker_detector] manual_track world_acquired cycle=0
2026-06-14 16:49:41.165 [INFO ] [marker_detector] manual_track world_lost cycle=0 — TF gap open
2026-06-14 16:49:42.044 [INFO ] [marker_detector] manual_track world_acquired cycle=0
2026-06-14 16:49:42.193 [INFO ] [marker_detector] manual_track world_lost cycle=0 — TF gap open
2026-06-14 16:49:42.553 [INFO ] [marker_detector] manual_track world_acquired cycle=0
2026-06-14 16:49:42.626 [INFO ] [marker_detector] manual_track world_lost cycle=0 — TF gap open
2026-06-14 16:49:43.131 [INFO ] [marker_detector] manual_track world_acquired cycle=0
2026-06-14 16:49:43.206 [INFO ] [marker_detector] manual_track world_lost cycle=0 — TF gap open
2026-06-14 16:49:43.359 [INFO ] [marker_detector] manual_track world_acquired cycle=0
2026-06-14 16:49:43.443 [INFO ] [marker_detector] manual_track world_lost cycle=0 — TF gap open
2026-06-14 16:49:46.355 [INFO ] [marker_detector] manual_track world_acquired cycle=0
2026-06-14 16:49:46.429 [INFO ] [marker_detector] manual_track world_lost cycle=0 — TF gap open
2026-06-14 16:49:46.801 [INFO ] [marker_detector] manual_track world_acquired cycle=0
2026-06-14 16:49:46.872 [INFO ] [marker_detector] manual_track world_lost cycle=0 — TF gap open
2026-06-14 16:49:48.344 [INFO ] [marker_detector] manual_track world_acquired cycle=0
2026-06-14 16:49:48.419 [INFO ] [marker_detector] manual_track world_lost cycle=0 — TF gap open
2026-06-14 16:49:49.699 [INFO ] [marker_detector] cycle_file_close cycle=0
2026-06-14 16:49:49.699 [INFO ] [marker_detector] manual_track_stop cycle=0
2026-06-14 16:50:09.114 [INFO ] [marker_detector] cycle_file_open cycle=1 file=cycle_1_raw_165009.json
2026-06-14 16:50:09.115 [INFO ] [marker_detector] manual_track_start cycle=1
2026-06-14 16:50:12.772 [INFO ] [marker_detector] manual_track world_acquired cycle=1
2026-06-14 16:50:12.846 [INFO ] [marker_detector] manual_track world_lost cycle=1 — TF gap open
2026-06-14 16:50:13.945 [INFO ] [marker_detector] manual_track world_acquired cycle=1
2026-06-14 16:50:14.373 [INFO ] [marker_detector] manual_track world_lost cycle=1 — TF gap open
2026-06-14 16:50:14.878 [INFO ] [marker_detector] manual_track world_acquired cycle=1
2026-06-14 16:50:25.970 [INFO ] [marker_detector] manual_track world_lost cycle=1 — TF gap open
2026-06-14 16:50:27.027 [INFO ] [marker_detector] manual_track world_acquired cycle=1
2026-06-14 16:50:27.836 [INFO ] [marker_detector] manual_track world_lost cycle=1 — TF gap open
2026-06-14 16:50:28.211 [INFO ] [marker_detector] manual_track world_acquired cycle=1
2026-06-14 16:50:28.342 [INFO ] [marker_detector] manual_track world_lost cycle=1 — TF gap open
2026-06-14 16:50:28.923 [INFO ] [marker_detector] manual_track world_acquired cycle=1
2026-06-14 16:50:29.205 [INFO ] [marker_detector] manual_track world_lost cycle=1 — TF gap open
2026-06-14 16:50:29.591 [INFO ] [marker_detector] manual_track world_acquired cycle=1
2026-06-14 16:50:29.801 [INFO ] [marker_detector] manual_track world_lost cycle=1 — TF gap open
2026-06-14 16:50:29.934 [INFO ] [marker_detector] manual_track world_acquired cycle=1
2026-06-14 16:50:30.002 [INFO ] [marker_detector] manual_track world_lost cycle=1 — TF gap open
2026-06-14 16:50:30.137 [INFO ] [marker_detector] manual_track world_acquired cycle=1
2026-06-14 16:50:30.273 [INFO ] [marker_detector] manual_track world_lost cycle=1 — TF gap open
2026-06-14 16:50:30.400 [INFO ] [marker_detector] manual_track world_acquired cycle=1
2026-06-14 16:50:30.530 [INFO ] [marker_detector] manual_track world_lost cycle=1 — TF gap open
2026-06-14 16:50:30.602 [INFO ] [marker_detector] manual_track world_acquired cycle=1
2026-06-14 16:50:30.672 [INFO ] [marker_detector] manual_track world_lost cycle=1 — TF gap open
2026-06-14 16:50:30.742 [INFO ] [marker_detector] manual_track world_acquired cycle=1
2026-06-14 16:50:30.807 [INFO ] [marker_detector] manual_track world_lost cycle=1 — TF gap open
2026-06-14 16:50:30.994 [INFO ] [marker_detector] manual_track world_acquired cycle=1
2026-06-14 16:50:31.059 [INFO ] [marker_detector] manual_track world_lost cycle=1 — TF gap open
2026-06-14 16:50:31.178 [INFO ] [marker_detector] manual_track world_acquired cycle=1
2026-06-14 16:50:31.355 [INFO ] [marker_detector] manual_track world_lost cycle=1 — TF gap open
2026-06-14 16:50:31.471 [INFO ] [marker_detector] manual_track world_acquired cycle=1
2026-06-14 16:50:31.526 [INFO ] [marker_detector] manual_track world_lost cycle=1 — TF gap open
2026-06-14 16:50:31.649 [INFO ] [marker_detector] manual_track world_acquired cycle=1
2026-06-14 16:50:31.816 [INFO ] [marker_detector] manual_track world_lost cycle=1 — TF gap open
2026-06-14 16:50:34.839 [INFO ] [marker_detector] manual_track world_acquired cycle=1
2026-06-14 16:50:35.338 [INFO ] [marker_detector] manual_track world_lost cycle=1 — TF gap open
2026-06-14 16:50:35.390 [INFO ] [marker_detector] manual_track world_acquired cycle=1
2026-06-14 16:50:35.562 [INFO ] [marker_detector] manual_track world_lost cycle=1 — TF gap open
2026-06-14 16:50:35.622 [INFO ] [marker_detector] manual_track world_acquired cycle=1
2026-06-14 16:50:36.170 [INFO ] [marker_detector] manual_track world_lost cycle=1 — TF gap open
2026-06-14 16:50:37.169 [INFO ] [marker_detector] manual_track world_acquired cycle=1
2026-06-14 16:50:39.582 [INFO ] [marker_detector] manual_track world_lost cycle=1 — TF gap open
2026-06-14 16:50:39.640 [INFO ] [marker_detector] manual_track world_acquired cycle=1
2026-06-14 16:50:39.702 [INFO ] [marker_detector] manual_track world_lost cycle=1 — TF gap open
2026-06-14 16:50:39.826 [INFO ] [marker_detector] manual_track world_acquired cycle=1
2026-06-14 16:50:40.417 [INFO ] [marker_detector] manual_track world_lost cycle=1 — TF gap open
2026-06-14 16:50:40.614 [INFO ] [marker_detector] manual_track world_acquired cycle=1
2026-06-14 16:50:40.674 [INFO ] [marker_detector] manual_track world_lost cycle=1 — TF gap open
2026-06-14 16:50:40.741 [INFO ] [marker_detector] manual_track world_acquired cycle=1
2026-06-14 16:50:44.513 [INFO ] [marker_detector] cycle_file_close cycle=1
2026-06-14 16:50:44.513 [INFO ] [marker_detector] manual_track_stop cycle=1
