2026-06-13 12:17:55.843 [INFO ] [tf_bridge] tf_bridge started | session=/home/jeano/picar_ros/logs/session_20260613_121755
2026-06-13 12:17:55.843 [INFO ] [tf_bridge] connecting to ws://picar-jv:8000/ws
2026-06-13 12:17:55.865 [WARNING] [tf_bridge] connection refused: [Errno -3] Temporary failure in name resolution — retry in 1.0s
2026-06-13 12:17:56.882 [WARNING] [tf_bridge] connection refused: [Errno -3] Temporary failure in name resolution — retry in 2.0s
2026-06-13 12:17:59.142 [INFO ] [tf_bridge] websocket connected to ws://picar-jv:8000/ws
2026-06-13 12:18:06.273 [INFO ] [tf_bridge] first_detection session cycle=0
2026-06-13 12:18:06.274 [INFO ] [tf_bridge] cycle_start cycle=0
2026-06-13 12:18:06.275 [INFO ] [tf_bridge] cycle_file_open file=cycle_0_world_121806.json
2026-06-13 12:18:06.277 [INFO ] [tf_bridge] world_origin_published cycle=0
2026-06-13 12:18:11.748 [INFO ] [tf_bridge] cycle_end cycle=0
2026-06-13 12:18:11.749 [INFO ] [tf_bridge] cycle_file_close cycle=0
2026-06-13 12:18:11.749 [INFO ] [tf_bridge] cycle_start cycle=1
2026-06-13 12:18:11.750 [INFO ] [tf_bridge] cycle_file_open file=cycle_1_world_121811.json
2026-06-13 12:18:15.211 [INFO ] [tf_bridge] cycle_end cycle=1
2026-06-13 12:18:15.212 [INFO ] [tf_bridge] cycle_file_close cycle=1
2026-06-13 12:18:15.212 [INFO ] [tf_bridge] cycle_start cycle=2
2026-06-13 12:18:15.212 [INFO ] [tf_bridge] cycle_file_open file=cycle_2_world_121815.json
2026-06-13 12:18:36.994 [ERROR] [tf_bridge] websocket error: Non-positive determinant (left-handed or null coordinate frame) in rotation matrix 0: [[ 0.93817722 -0.04012703 -0.34382164]
 [-0.32933009 -0.40936935 -0.85085747]
 [ 0.10660766 -0.91148591  0.39727604]]. — retry in 1.0s
2026-06-13 12:18:38.006 [WARNING] [tf_bridge] connection refused: [Errno -3] Temporary failure in name resolution — retry in 2.0s
2026-06-13 12:18:40.038 [INFO ] [tf_bridge] websocket connected to ws://picar-jv:8000/ws
2026-06-13 12:18:42.995 [ERROR] [tf_bridge] websocket error: Non-positive determinant (left-handed or null coordinate frame) in rotation matrix 0: [[ 0.9390168  -0.04316455 -0.3411514 ]
 [-0.32809084 -0.40955067 -0.85124887]
 [ 0.10297501 -0.91126564  0.39873685]]. — retry in 1.0s
2026-06-13 12:18:44.019 [INFO ] [tf_bridge] websocket connected to ws://picar-jv:8000/ws
2026-06-13 12:18:44.622 [ERROR] [tf_bridge] websocket error: Non-positive determinant (left-handed or null coordinate frame) in rotation matrix 0: [[ 0.94108822 -0.04313058 -0.33539934]
 [-0.3229799  -0.40848526 -0.85371176]
 [ 0.1001846  -0.91174533  0.39835098]]. — retry in 1.0s
2026-06-13 12:18:45.632 [WARNING] [tf_bridge] connection refused: [Errno -3] Temporary failure in name resolution — retry in 2.0s
2026-06-13 12:18:47.643 [WARNING] [tf_bridge] connection refused: [Errno -3] Temporary failure in name resolution — retry in 4.0s
2026-06-13 12:18:51.685 [INFO ] [tf_bridge] websocket connected to ws://picar-jv:8000/ws
2026-06-13 12:19:35.883 [INFO ] [tf_bridge] cycle_file_close cycle=2
