2026-06-23 07:22:47.614 [INFO ] [marker_detector] cycle_file_open cycle=0 file=cycle_0_raw_072247.json
2026-06-23 07:22:47.615 [INFO ] [marker_detector] manual_track_start cycle=0
2026-06-23 07:22:47.678 [INFO ] [marker_detector] manual_track world_acquired cycle=0
2026-06-23 07:23:07.776 [INFO ] [marker_detector] manual_track world_lost cycle=0 — TF gap open
2026-06-23 07:23:08.117 [INFO ] [marker_detector] manual_track world_acquired cycle=0
2026-06-23 07:23:08.249 [INFO ] [marker_detector] manual_track world_lost cycle=0 — TF gap open
2026-06-23 07:23:08.578 [INFO ] [marker_detector] manual_track world_acquired cycle=0
2026-06-23 07:23:08.610 [INFO ] [marker_detector] manual_track world_lost cycle=0 — TF gap open
2026-06-23 07:23:08.683 [INFO ] [marker_detector] manual_track world_acquired cycle=0
2026-06-23 07:23:21.265 [INFO ] [marker_detector] manual_track world_lost cycle=0 — TF gap open
2026-06-23 07:23:21.668 [INFO ] [marker_detector] manual_track world_acquired cycle=0
2026-06-23 07:23:21.731 [INFO ] [marker_detector] manual_track world_lost cycle=0 — TF gap open
2026-06-23 07:23:21.774 [INFO ] [marker_detector] manual_track world_acquired cycle=0
2026-06-23 07:23:22.497 [INFO ] [marker_detector] manual_track world_lost cycle=0 — TF gap open
2026-06-23 07:23:22.932 [INFO ] [marker_detector] manual_track world_acquired cycle=0
2026-06-23 07:23:23.444 [INFO ] [marker_detector] manual_track world_lost cycle=0 — TF gap open
2026-06-23 07:23:23.568 [INFO ] [marker_detector] manual_track world_acquired cycle=0
2026-06-23 07:23:23.595 [INFO ] [marker_detector] manual_track world_lost cycle=0 — TF gap open
2026-06-23 07:23:23.834 [INFO ] [marker_detector] manual_track world_acquired cycle=0
2026-06-23 07:23:24.396 [INFO ] [marker_detector] manual_track world_lost cycle=0 — TF gap open
2026-06-23 07:23:24.735 [INFO ] [marker_detector] manual_track world_acquired cycle=0
2026-06-23 07:23:24.996 [INFO ] [marker_detector] manual_track world_lost cycle=0 — TF gap open
2026-06-23 07:23:25.335 [INFO ] [marker_detector] manual_track world_acquired cycle=0
2026-06-23 07:23:26.794 [INFO ] [marker_detector] manual_track world_lost cycle=0 — TF gap open
2026-06-23 07:23:27.129 [INFO ] [marker_detector] manual_track world_acquired cycle=0
2026-06-23 07:23:30.057 [INFO ] [marker_detector] manual_track world_lost cycle=0 — TF gap open
2026-06-23 07:23:30.429 [INFO ] [marker_detector] manual_track world_acquired cycle=0
2026-06-23 07:23:30.824 [INFO ] [marker_detector] manual_track world_lost cycle=0 — TF gap open
2026-06-23 07:23:30.924 [INFO ] [marker_detector] manual_track world_acquired cycle=0
2026-06-23 07:23:30.990 [INFO ] [marker_detector] manual_track world_lost cycle=0 — TF gap open
2026-06-23 07:23:31.025 [INFO ] [marker_detector] manual_track world_acquired cycle=0
2026-06-23 07:23:31.057 [INFO ] [marker_detector] manual_track world_lost cycle=0 — TF gap open
2026-06-23 07:23:31.093 [INFO ] [marker_detector] manual_track world_acquired cycle=0
2026-06-23 07:23:32.788 [INFO ] [marker_detector] manual_track world_lost cycle=0 — TF gap open
2026-06-23 07:23:32.990 [INFO ] [marker_detector] manual_track world_acquired cycle=0
2026-06-23 07:23:33.022 [INFO ] [marker_detector] manual_track world_lost cycle=0 — TF gap open
2026-06-23 07:23:33.059 [INFO ] [marker_detector] manual_track world_acquired cycle=0
2026-06-23 07:23:33.253 [INFO ] [marker_detector] manual_track world_lost cycle=0 — TF gap open
2026-06-23 07:23:33.592 [INFO ] [marker_detector] manual_track world_acquired cycle=0
2026-06-23 07:23:33.620 [INFO ] [marker_detector] manual_track world_lost cycle=0 — TF gap open
2026-06-23 07:23:33.691 [INFO ] [marker_detector] manual_track world_acquired cycle=0
2026-06-23 07:23:34.420 [INFO ] [marker_detector] manual_track world_lost cycle=0 — TF gap open
2026-06-23 07:23:34.825 [INFO ] [marker_detector] manual_track world_acquired cycle=0
2026-06-23 07:23:34.953 [INFO ] [marker_detector] manual_track world_lost cycle=0 — TF gap open
2026-06-23 07:23:35.122 [INFO ] [marker_detector] manual_track world_acquired cycle=0
2026-06-23 07:23:35.152 [INFO ] [marker_detector] manual_track world_lost cycle=0 — TF gap open
2026-06-23 07:23:35.428 [INFO ] [marker_detector] manual_track world_acquired cycle=0
2026-06-23 07:23:36.619 [INFO ] [marker_detector] manual_track world_lost cycle=0 — TF gap open
2026-06-23 07:23:36.930 [INFO ] [marker_detector] manual_track world_acquired cycle=0
2026-06-23 07:26:12.996 [INFO ] [marker_detector] cycle_file_close cycle=0
2026-06-23 07:26:12.998 [INFO ] [marker_detector] manual_track_stop cycle=0
