2026-06-27 20:20:37.561  INFO     Server starting | session=/home/jvpicar/picar_ros/logs/pi_session_20260627_202037
2026-06-27 20:20:37.968  INFO     Picarx initialized
2026-06-27 20:20:38.089  INFO     TagChaser v3 initialized
2026-06-27 20:20:38.182  INFO     ManualTracker initialized
2026-06-27 20:20:39.185  INFO     Picamera2 started at 640x480
2026-06-27 20:20:39.186  INFO     MJPEG stream at :9000
2026-06-27 20:20:39.187  INFO     Camera stream at http://0.0.0.0:9000
2026-06-27 20:20:39.189  INFO     Sensor and capture loops started
2026-06-27 20:20:39.190  INFO     Dashboard listening at http://0.0.0.0:8000
2026-06-27 20:20:39.202  INFO     frame_diag shape=(480, 640, 3) dtype=uint8 ch0_mean=25.6 ch1_mean=35.9 ch2_mean=39.9
2026-06-27 20:20:39.715  INFO     WebSocket connected from 192.168.1.151
2026-06-27 20:20:40.621  DEBUG    heartbeat from 192.168.1.151
2026-06-27 20:20:41.620  DEBUG    heartbeat from 192.168.1.151
2026-06-27 20:20:42.616  DEBUG    heartbeat from 192.168.1.151
2026-06-27 20:20:43.624  DEBUG    heartbeat from 192.168.1.151
2026-06-27 20:20:44.015  INFO     gimbal axis=pan angle=0
2026-06-27 20:20:44.017  INFO     gimbal axis=tilt angle=0
2026-06-27 20:20:44.099  INFO     WebSocket disconnected from 192.168.1.151
2026-06-27 20:20:44.116  INFO     WebSocket connected from 192.168.1.151
2026-06-27 20:20:45.108  DEBUG    heartbeat from 192.168.1.151
2026-06-27 20:20:46.109  DEBUG    heartbeat from 192.168.1.151
2026-06-27 20:20:47.105  DEBUG    heartbeat from 192.168.1.151
2026-06-27 20:20:47.796  INFO     set_chase_mode mode=manual_ibvs
2026-06-27 20:20:48.106  DEBUG    heartbeat from 192.168.1.151
2026-06-27 20:20:49.107  DEBUG    heartbeat from 192.168.1.151
2026-06-27 20:20:50.110  DEBUG    heartbeat from 192.168.1.151
2026-06-27 20:20:50.258  INFO     tag_chase start speed=75 mode=manual_ibvs
2026-06-27 20:20:50.265  DEBUG    capture->chaser active
2026-06-27 20:20:51.107  DEBUG    heartbeat from 192.168.1.151
2026-06-27 20:20:51.928  INFO     steer angle=0
2026-06-27 20:20:51.930  INFO     drive direction=forward speed=75
2026-06-27 20:20:52.028  INFO     steer angle=0
2026-06-27 20:20:52.030  INFO     drive direction=forward speed=75
2026-06-27 20:20:52.045  INFO     steer angle=0
2026-06-27 20:20:52.046  INFO     drive direction=stop speed=0
2026-06-27 20:20:52.110  DEBUG    heartbeat from 192.168.1.151
2026-06-27 20:20:52.853  INFO     steer angle=0
2026-06-27 20:20:52.854  INFO     drive direction=forward speed=75
2026-06-27 20:20:52.948  INFO     steer angle=0
2026-06-27 20:20:52.950  INFO     drive direction=forward speed=75
2026-06-27 20:20:52.987  INFO     steer angle=0
2026-06-27 20:20:52.988  INFO     drive direction=stop speed=0
2026-06-27 20:20:53.107  DEBUG    heartbeat from 192.168.1.151
2026-06-27 20:20:54.001  INFO     steer angle=30
2026-06-27 20:20:54.002  INFO     drive direction=stop speed=0
2026-06-27 20:20:54.103  INFO     steer angle=30
2026-06-27 20:20:54.106  INFO     drive direction=stop speed=0
2026-06-27 20:20:54.114  DEBUG    heartbeat from 192.168.1.151
2026-06-27 20:20:54.125  INFO     steer angle=30
2026-06-27 20:20:54.126  INFO     drive direction=forward speed=75
2026-06-27 20:20:54.202  INFO     steer angle=30
2026-06-27 20:20:54.204  INFO     drive direction=forward speed=75
2026-06-27 20:20:54.225  INFO     steer angle=30
2026-06-27 20:20:54.227  INFO     drive direction=forward speed=75
2026-06-27 20:20:54.277  INFO     steer angle=0
2026-06-27 20:20:54.278  INFO     drive direction=forward speed=75
2026-06-27 20:20:54.325  INFO     steer angle=0
2026-06-27 20:20:54.327  INFO     drive direction=forward speed=75
2026-06-27 20:20:54.368  INFO     steer angle=0
2026-06-27 20:20:54.369  INFO     drive direction=stop speed=0
2026-06-27 20:20:55.106  DEBUG    heartbeat from 192.168.1.151
2026-06-27 20:20:55.694  INFO     steer angle=0
2026-06-27 20:20:55.696  INFO     drive direction=forward speed=75
2026-06-27 20:20:55.795  INFO     steer angle=0
2026-06-27 20:20:55.796  INFO     drive direction=forward speed=75
2026-06-27 20:20:55.850  INFO     steer angle=0
2026-06-27 20:20:55.852  INFO     drive direction=stop speed=0
2026-06-27 20:20:56.106  DEBUG    heartbeat from 192.168.1.151
2026-06-27 20:20:56.466  INFO     steer angle=0
2026-06-27 20:20:56.468  INFO     drive direction=forward speed=75
2026-06-27 20:20:56.567  INFO     steer angle=0
2026-06-27 20:20:56.571  INFO     drive direction=forward speed=75
2026-06-27 20:20:56.598  INFO     steer angle=0
2026-06-27 20:20:56.600  INFO     drive direction=stop speed=0
2026-06-27 20:20:57.106  DEBUG    heartbeat from 192.168.1.151
2026-06-27 20:20:57.474  INFO     steer angle=30
2026-06-27 20:20:57.476  INFO     drive direction=stop speed=0
2026-06-27 20:20:57.537  INFO     steer angle=30
2026-06-27 20:20:57.539  INFO     drive direction=forward speed=75
2026-06-27 20:20:57.574  INFO     steer angle=30
2026-06-27 20:20:57.576  INFO     drive direction=forward speed=75
2026-06-27 20:20:57.635  INFO     steer angle=30
2026-06-27 20:20:57.637  INFO     drive direction=forward speed=75
2026-06-27 20:20:57.674  INFO     steer angle=30
2026-06-27 20:20:57.676  INFO     drive direction=forward speed=75
2026-06-27 20:20:57.734  INFO     steer angle=30
2026-06-27 20:20:57.736  INFO     drive direction=forward speed=75
2026-06-27 20:20:57.775  INFO     steer angle=30
2026-06-27 20:20:57.777  INFO     drive direction=forward speed=75
2026-06-27 20:20:57.835  INFO     steer angle=30
2026-06-27 20:20:57.837  INFO     drive direction=forward speed=75
2026-06-27 20:20:57.874  INFO     steer angle=30
2026-06-27 20:20:57.876  INFO     drive direction=forward speed=75
2026-06-27 20:20:57.906  INFO     steer angle=30
2026-06-27 20:20:57.908  INFO     drive direction=stop speed=0
2026-06-27 20:20:57.927  INFO     steer angle=0
2026-06-27 20:20:57.928  INFO     drive direction=stop speed=0
2026-06-27 20:20:58.108  DEBUG    heartbeat from 192.168.1.151
2026-06-27 20:20:59.106  DEBUG    heartbeat from 192.168.1.151
2026-06-27 20:21:00.110  DEBUG    heartbeat from 192.168.1.151
2026-06-27 20:21:01.106  DEBUG    heartbeat from 192.168.1.151
2026-06-27 20:21:02.106  DEBUG    heartbeat from 192.168.1.151
2026-06-27 20:21:03.107  DEBUG    heartbeat from 192.168.1.151
2026-06-27 20:21:04.109  DEBUG    heartbeat from 192.168.1.151
2026-06-27 20:21:05.109  DEBUG    heartbeat from 192.168.1.151
2026-06-27 20:21:05.783  INFO     steer angle=0
2026-06-27 20:21:05.785  INFO     drive direction=backward speed=75
2026-06-27 20:21:05.884  INFO     steer angle=0
2026-06-27 20:21:05.886  INFO     drive direction=backward speed=75
2026-06-27 20:21:05.981  INFO     steer angle=0
2026-06-27 20:21:05.983  INFO     drive direction=backward speed=75
2026-06-27 20:21:06.084  INFO     steer angle=0
2026-06-27 20:21:06.086  INFO     drive direction=backward speed=75
2026-06-27 20:21:06.108  DEBUG    heartbeat from 192.168.1.151
2026-06-27 20:21:06.180  INFO     steer angle=0
2026-06-27 20:21:06.182  INFO     drive direction=backward speed=75
2026-06-27 20:21:06.290  INFO     steer angle=0
2026-06-27 20:21:06.297  INFO     drive direction=backward speed=75
2026-06-27 20:21:06.300  INFO     steer angle=0
2026-06-27 20:21:06.302  INFO     drive direction=stop speed=0
2026-06-27 20:21:06.999  INFO     steer angle=0
2026-06-27 20:21:07.001  INFO     drive direction=backward speed=75
2026-06-27 20:21:07.097  INFO     steer angle=0
2026-06-27 20:21:07.098  INFO     drive direction=backward speed=75
2026-06-27 20:21:07.108  DEBUG    heartbeat from 192.168.1.151
2026-06-27 20:21:07.196  INFO     steer angle=0
2026-06-27 20:21:07.198  INFO     drive direction=backward speed=75
2026-06-27 20:21:07.266  INFO     steer angle=0
2026-06-27 20:21:07.267  INFO     drive direction=stop speed=0
2026-06-27 20:21:08.107  DEBUG    heartbeat from 192.168.1.151
2026-06-27 20:21:09.038  INFO     steer angle=0
2026-06-27 20:21:09.040  INFO     drive direction=backward speed=75
2026-06-27 20:21:09.042  INFO     steer angle=-30
2026-06-27 20:21:09.043  INFO     drive direction=backward speed=75
2026-06-27 20:21:09.107  DEBUG    heartbeat from 192.168.1.151
2026-06-27 20:21:09.141  INFO     steer angle=-30
2026-06-27 20:21:09.143  INFO     drive direction=backward speed=75
2026-06-27 20:21:09.145  INFO     steer angle=-30
2026-06-27 20:21:09.146  INFO     drive direction=backward speed=75
2026-06-27 20:21:09.240  INFO     steer angle=-30
2026-06-27 20:21:09.241  INFO     drive direction=backward speed=75
2026-06-27 20:21:09.243  INFO     steer angle=-30
2026-06-27 20:21:09.245  INFO     drive direction=backward speed=75
2026-06-27 20:21:09.312  INFO     steer angle=0
2026-06-27 20:21:09.314  INFO     drive direction=backward speed=75
2026-06-27 20:21:09.340  INFO     steer angle=0
2026-06-27 20:21:09.342  INFO     drive direction=backward speed=75
2026-06-27 20:21:09.345  INFO     steer angle=0
2026-06-27 20:21:09.347  INFO     drive direction=stop speed=0
2026-06-27 20:21:09.977  INFO     steer angle=0
2026-06-27 20:21:09.979  INFO     drive direction=backward speed=75
2026-06-27 20:21:09.995  INFO     steer angle=-30
2026-06-27 20:21:09.997  INFO     drive direction=backward speed=75
2026-06-27 20:21:10.076  INFO     steer angle=-30
2026-06-27 20:21:10.077  INFO     drive direction=backward speed=75
2026-06-27 20:21:10.090  INFO     steer angle=-30
2026-06-27 20:21:10.092  INFO     drive direction=backward speed=75
2026-06-27 20:21:10.110  DEBUG    heartbeat from 192.168.1.151
2026-06-27 20:21:10.177  INFO     steer angle=-30
2026-06-27 20:21:10.179  INFO     drive direction=backward speed=75
2026-06-27 20:21:10.191  INFO     steer angle=-30
2026-06-27 20:21:10.193  INFO     drive direction=backward speed=75
2026-06-27 20:21:10.233  INFO     steer angle=0
2026-06-27 20:21:10.235  INFO     drive direction=backward speed=75
2026-06-27 20:21:10.259  INFO     steer angle=0
2026-06-27 20:21:10.261  INFO     drive direction=stop speed=0
2026-06-27 20:21:11.107  DEBUG    heartbeat from 192.168.1.151
2026-06-27 20:21:12.107  DEBUG    heartbeat from 192.168.1.151
2026-06-27 20:21:13.107  DEBUG    heartbeat from 192.168.1.151
2026-06-27 20:21:14.116  DEBUG    heartbeat from 192.168.1.151
2026-06-27 20:21:14.318  INFO     steer angle=0
2026-06-27 20:21:14.320  INFO     drive direction=forward speed=75
2026-06-27 20:21:14.369  INFO     steer angle=-30
2026-06-27 20:21:14.370  INFO     drive direction=forward speed=75
2026-06-27 20:21:14.419  INFO     steer angle=-30
2026-06-27 20:21:14.421  INFO     drive direction=forward speed=75
2026-06-27 20:21:14.468  INFO     steer angle=-30
2026-06-27 20:21:14.469  INFO     drive direction=forward speed=75
2026-06-27 20:21:14.519  INFO     steer angle=-30
2026-06-27 20:21:14.521  INFO     drive direction=forward speed=75
2026-06-27 20:21:14.568  INFO     steer angle=-30
2026-06-27 20:21:14.570  INFO     drive direction=forward speed=75
2026-06-27 20:21:14.623  INFO     steer angle=-30
2026-06-27 20:21:14.625  INFO     drive direction=forward speed=75
2026-06-27 20:21:14.668  INFO     steer angle=-30
2026-06-27 20:21:14.670  INFO     drive direction=forward speed=75
2026-06-27 20:21:14.722  INFO     steer angle=-30
2026-06-27 20:21:14.723  INFO     drive direction=forward speed=75
2026-06-27 20:21:14.744  INFO     steer angle=0
2026-06-27 20:21:14.746  INFO     drive direction=forward speed=75
2026-06-27 20:21:14.823  INFO     steer angle=0
2026-06-27 20:21:14.825  INFO     drive direction=forward speed=75
2026-06-27 20:21:14.919  INFO     steer angle=0
2026-06-27 20:21:14.921  INFO     drive direction=forward speed=75
2026-06-27 20:21:14.963  INFO     steer angle=-30
2026-06-27 20:21:14.965  INFO     drive direction=forward speed=75
2026-06-27 20:21:15.019  INFO     steer angle=-30
2026-06-27 20:21:15.022  INFO     drive direction=forward speed=75
2026-06-27 20:21:15.065  INFO     steer angle=-30
2026-06-27 20:21:15.068  INFO     drive direction=forward speed=75
2026-06-27 20:21:15.107  DEBUG    heartbeat from 192.168.1.151
2026-06-27 20:21:15.119  INFO     steer angle=-30
2026-06-27 20:21:15.121  INFO     drive direction=forward speed=75
2026-06-27 20:21:15.164  INFO     steer angle=-30
2026-06-27 20:21:15.166  INFO     drive direction=forward speed=75
2026-06-27 20:21:15.199  INFO     steer angle=0
2026-06-27 20:21:15.202  INFO     drive direction=forward speed=75
2026-06-27 20:21:15.209  INFO     steer angle=0
2026-06-27 20:21:15.211  INFO     drive direction=stop speed=0
2026-06-27 20:21:16.107  DEBUG    heartbeat from 192.168.1.151
2026-06-27 20:21:17.108  DEBUG    heartbeat from 192.168.1.151
2026-06-27 20:21:18.107  DEBUG    heartbeat from 192.168.1.151
2026-06-27 20:21:19.110  DEBUG    heartbeat from 192.168.1.151
2026-06-27 20:21:20.107  DEBUG    heartbeat from 192.168.1.151
2026-06-27 20:21:20.272  DEBUG    capture->chaser active
2026-06-27 20:21:21.109  DEBUG    heartbeat from 192.168.1.151
2026-06-27 20:21:22.110  DEBUG    heartbeat from 192.168.1.151
2026-06-27 20:21:23.107  DEBUG    heartbeat from 192.168.1.151
2026-06-27 20:21:24.109  DEBUG    heartbeat from 192.168.1.151
2026-06-27 20:21:25.107  DEBUG    heartbeat from 192.168.1.151
2026-06-27 20:21:26.109  DEBUG    heartbeat from 192.168.1.151
2026-06-27 20:21:27.109  DEBUG    heartbeat from 192.168.1.151
2026-06-27 20:21:28.107  DEBUG    heartbeat from 192.168.1.151
2026-06-27 20:21:28.856  INFO     steer angle=0
2026-06-27 20:21:28.858  INFO     drive direction=forward speed=75
2026-06-27 20:21:28.957  INFO     steer angle=0
2026-06-27 20:21:28.959  INFO     drive direction=forward speed=75
2026-06-27 20:21:28.981  INFO     steer angle=-30
2026-06-27 20:21:28.982  INFO     drive direction=forward speed=75
2026-06-27 20:21:29.058  INFO     steer angle=-30
2026-06-27 20:21:29.060  INFO     drive direction=forward speed=75
2026-06-27 20:21:29.081  INFO     steer angle=-30
2026-06-27 20:21:29.082  INFO     drive direction=forward speed=75
2026-06-27 20:21:29.108  DEBUG    heartbeat from 192.168.1.151
2026-06-27 20:21:29.157  INFO     steer angle=-30
2026-06-27 20:21:29.158  INFO     drive direction=forward speed=75
2026-06-27 20:21:29.183  INFO     steer angle=-30
2026-06-27 20:21:29.185  INFO     drive direction=forward speed=75
2026-06-27 20:21:29.243  INFO     steer angle=0
2026-06-27 20:21:29.245  INFO     drive direction=forward speed=75
2026-06-27 20:21:29.253  INFO     steer angle=0
2026-06-27 20:21:29.254  INFO     drive direction=stop speed=0
2026-06-27 20:21:29.809  INFO     steer angle=0
2026-06-27 20:21:29.811  INFO     drive direction=forward speed=75
2026-06-27 20:21:29.861  INFO     steer angle=-30
2026-06-27 20:21:29.863  INFO     drive direction=forward speed=75
2026-06-27 20:21:29.910  INFO     steer angle=-30
2026-06-27 20:21:29.912  INFO     drive direction=forward speed=75
2026-06-27 20:21:29.962  INFO     steer angle=-30
2026-06-27 20:21:29.963  INFO     drive direction=forward speed=75
2026-06-27 20:21:30.011  INFO     steer angle=-30
2026-06-27 20:21:30.012  INFO     drive direction=forward speed=75
2026-06-27 20:21:30.063  INFO     steer angle=-30
2026-06-27 20:21:30.065  INFO     drive direction=forward speed=75
2026-06-27 20:21:30.107  DEBUG    heartbeat from 192.168.1.151
2026-06-27 20:21:30.111  INFO     steer angle=-30
2026-06-27 20:21:30.112  INFO     drive direction=forward speed=75
2026-06-27 20:21:30.162  INFO     steer angle=-30
2026-06-27 20:21:30.164  INFO     drive direction=forward speed=75
2026-06-27 20:21:30.210  INFO     steer angle=-30
2026-06-27 20:21:30.211  INFO     drive direction=forward speed=75
2026-06-27 20:21:30.263  INFO     steer angle=-30
2026-06-27 20:21:30.265  INFO     drive direction=forward speed=75
2026-06-27 20:21:30.310  INFO     steer angle=-30
2026-06-27 20:21:30.311  INFO     drive direction=forward speed=75
2026-06-27 20:21:30.362  INFO     steer angle=-30
2026-06-27 20:21:30.363  INFO     drive direction=stop speed=0
2026-06-27 20:21:30.373  INFO     steer angle=-30
2026-06-27 20:21:30.375  INFO     drive direction=stop speed=0
2026-06-27 20:21:30.411  INFO     steer angle=0
2026-06-27 20:21:30.412  INFO     drive direction=stop speed=0
2026-06-27 20:21:31.108  DEBUG    heartbeat from 192.168.1.151
2026-06-27 20:21:31.480  INFO     steer angle=0
2026-06-27 20:21:31.481  INFO     drive direction=forward speed=75
2026-06-27 20:21:31.528  INFO     steer angle=-30
2026-06-27 20:21:31.529  INFO     drive direction=forward speed=75
2026-06-27 20:21:31.580  INFO     steer angle=-30
2026-06-27 20:21:31.581  INFO     drive direction=forward speed=75
2026-06-27 20:21:31.628  INFO     steer angle=-30
2026-06-27 20:21:31.630  INFO     drive direction=forward speed=75
2026-06-27 20:21:31.681  INFO     steer angle=-30
2026-06-27 20:21:31.685  INFO     drive direction=forward speed=75
2026-06-27 20:21:31.727  INFO     steer angle=-30
2026-06-27 20:21:31.729  INFO     drive direction=forward speed=75
2026-06-27 20:21:31.782  INFO     steer angle=-30
2026-06-27 20:21:31.784  INFO     drive direction=forward speed=75
2026-06-27 20:21:31.829  INFO     steer angle=-30
2026-06-27 20:21:31.831  INFO     drive direction=forward speed=75
2026-06-27 20:21:31.869  INFO     steer angle=-30
2026-06-27 20:21:31.870  INFO     drive direction=stop speed=0
2026-06-27 20:21:31.889  INFO     steer angle=0
2026-06-27 20:21:31.892  INFO     drive direction=stop speed=0
2026-06-27 20:21:32.108  DEBUG    heartbeat from 192.168.1.151
2026-06-27 20:21:32.474  INFO     steer angle=30
2026-06-27 20:21:32.475  INFO     drive direction=stop speed=0
2026-06-27 20:21:32.484  INFO     steer angle=30
2026-06-27 20:21:32.487  INFO     drive direction=backward speed=75
2026-06-27 20:21:32.568  INFO     steer angle=30
2026-06-27 20:21:32.569  INFO     drive direction=backward speed=75
2026-06-27 20:21:32.581  INFO     steer angle=30
2026-06-27 20:21:32.582  INFO     drive direction=backward speed=75
2026-06-27 20:21:32.667  INFO     steer angle=30
2026-06-27 20:21:32.669  INFO     drive direction=backward speed=75
2026-06-27 20:21:32.681  INFO     steer angle=30
2026-06-27 20:21:32.682  INFO     drive direction=backward speed=75
2026-06-27 20:21:32.768  INFO     steer angle=30
2026-06-27 20:21:32.769  INFO     drive direction=backward speed=75
2026-06-27 20:21:32.781  INFO     steer angle=30
2026-06-27 20:21:32.782  INFO     drive direction=backward speed=75
2026-06-27 20:21:32.807  INFO     steer angle=0
2026-06-27 20:21:32.808  INFO     drive direction=backward speed=75
2026-06-27 20:21:32.883  INFO     steer angle=0
2026-06-27 20:21:32.885  INFO     drive direction=backward speed=75
2026-06-27 20:21:32.981  INFO     steer angle=0
2026-06-27 20:21:32.983  INFO     drive direction=backward speed=75
2026-06-27 20:21:32.998  INFO     steer angle=0
2026-06-27 20:21:33.001  INFO     drive direction=stop speed=0
2026-06-27 20:21:33.107  DEBUG    heartbeat from 192.168.1.151
2026-06-27 20:21:33.354  INFO     steer angle=0
2026-06-27 20:21:33.356  INFO     drive direction=backward speed=75
2026-06-27 20:21:33.457  INFO     steer angle=0
2026-06-27 20:21:33.460  INFO     drive direction=backward speed=75
2026-06-27 20:21:33.556  INFO     steer angle=0
2026-06-27 20:21:33.557  INFO     drive direction=backward speed=75
2026-06-27 20:21:33.655  INFO     steer angle=0
2026-06-27 20:21:33.657  INFO     drive direction=backward speed=75
2026-06-27 20:21:33.671  INFO     steer angle=0
2026-06-27 20:21:33.674  INFO     drive direction=stop speed=0
2026-06-27 20:21:34.109  DEBUG    heartbeat from 192.168.1.151
2026-06-27 20:21:34.164  INFO     steer angle=0
2026-06-27 20:21:34.166  INFO     drive direction=backward speed=75
2026-06-27 20:21:34.266  INFO     steer angle=0
2026-06-27 20:21:34.267  INFO     drive direction=backward speed=75
2026-06-27 20:21:34.368  INFO     steer angle=0
2026-06-27 20:21:34.369  INFO     drive direction=backward speed=75
2026-06-27 20:21:34.467  INFO     steer angle=0
2026-06-27 20:21:34.468  INFO     drive direction=backward speed=75
2026-06-27 20:21:34.566  INFO     steer angle=0
2026-06-27 20:21:34.568  INFO     drive direction=backward speed=75
2026-06-27 20:21:34.570  INFO     steer angle=0
2026-06-27 20:21:34.572  INFO     drive direction=stop speed=0
2026-06-27 20:21:35.108  DEBUG    heartbeat from 192.168.1.151
2026-06-27 20:21:36.016  INFO     steer angle=30
2026-06-27 20:21:36.019  INFO     drive direction=stop speed=0
2026-06-27 20:21:36.051  INFO     steer angle=30
2026-06-27 20:21:36.052  INFO     drive direction=backward speed=75
2026-06-27 20:21:36.108  DEBUG    heartbeat from 192.168.1.151
2026-06-27 20:21:36.116  INFO     steer angle=30
2026-06-27 20:21:36.118  INFO     drive direction=backward speed=75
2026-06-27 20:21:36.151  INFO     steer angle=30
2026-06-27 20:21:36.153  INFO     drive direction=backward speed=75
2026-06-27 20:21:36.217  INFO     steer angle=30
2026-06-27 20:21:36.218  INFO     drive direction=backward speed=75
2026-06-27 20:21:36.253  INFO     steer angle=30
2026-06-27 20:21:36.255  INFO     drive direction=backward speed=75
2026-06-27 20:21:36.315  INFO     steer angle=30
2026-06-27 20:21:36.317  INFO     drive direction=backward speed=75
2026-06-27 20:21:36.355  INFO     steer angle=30
2026-06-27 20:21:36.357  INFO     drive direction=backward speed=75
2026-06-27 20:21:36.414  INFO     steer angle=30
2026-06-27 20:21:36.417  INFO     drive direction=backward speed=75
2026-06-27 20:21:36.455  INFO     steer angle=30
2026-06-27 20:21:36.456  INFO     drive direction=backward speed=75
2026-06-27 20:21:36.515  INFO     steer angle=30
2026-06-27 20:21:36.516  INFO     drive direction=backward speed=75
2026-06-27 20:21:36.540  INFO     steer angle=0
2026-06-27 20:21:36.541  INFO     drive direction=backward speed=75
2026-06-27 20:21:36.550  INFO     steer angle=0
2026-06-27 20:21:36.552  INFO     drive direction=stop speed=0
2026-06-27 20:21:37.108  DEBUG    heartbeat from 192.168.1.151
2026-06-27 20:21:37.526  INFO     steer angle=30
2026-06-27 20:21:37.527  INFO     drive direction=stop speed=0
2026-06-27 20:21:37.574  INFO     steer angle=30
2026-06-27 20:21:37.576  INFO     drive direction=forward speed=75
2026-06-27 20:21:37.625  INFO     steer angle=30
2026-06-27 20:21:37.626  INFO     drive direction=forward speed=75
2026-06-27 20:21:37.675  INFO     steer angle=30
2026-06-27 20:21:37.676  INFO     drive direction=forward speed=75
2026-06-27 20:21:37.725  INFO     steer angle=30
2026-06-27 20:21:37.726  INFO     drive direction=forward speed=75
2026-06-27 20:21:37.772  INFO     steer angle=30
2026-06-27 20:21:37.774  INFO     drive direction=forward speed=75
2026-06-27 20:21:37.807  INFO     steer angle=0
2026-06-27 20:21:37.809  INFO     drive direction=forward speed=75
2026-06-27 20:21:37.816  INFO     steer angle=0
2026-06-27 20:21:37.818  INFO     drive direction=stop speed=0
2026-06-27 20:21:38.108  DEBUG    heartbeat from 192.168.1.151
2026-06-27 20:21:38.190  INFO     steer angle=30
2026-06-27 20:21:38.191  INFO     drive direction=stop speed=0
2026-06-27 20:21:38.237  INFO     steer angle=30
2026-06-27 20:21:38.239  INFO     drive direction=forward speed=75
2026-06-27 20:21:38.291  INFO     steer angle=30
2026-06-27 20:21:38.292  INFO     drive direction=forward speed=75
2026-06-27 20:21:38.340  INFO     steer angle=30
2026-06-27 20:21:38.343  INFO     drive direction=forward speed=75
2026-06-27 20:21:38.391  INFO     steer angle=30
2026-06-27 20:21:38.393  INFO     drive direction=forward speed=75
2026-06-27 20:21:38.438  INFO     steer angle=30
2026-06-27 20:21:38.440  INFO     drive direction=forward speed=75
2026-06-27 20:21:38.442  INFO     steer angle=0
2026-06-27 20:21:38.444  INFO     drive direction=forward speed=75
2026-06-27 20:21:38.467  INFO     steer angle=0
2026-06-27 20:21:38.468  INFO     drive direction=stop speed=0
2026-06-27 20:21:39.108  DEBUG    heartbeat from 192.168.1.151
2026-06-27 20:21:40.111  DEBUG    heartbeat from 192.168.1.151
2026-06-27 20:21:40.368  INFO     steer angle=0
2026-06-27 20:21:40.369  INFO     drive direction=forward speed=75
2026-06-27 20:21:40.472  INFO     steer angle=0
2026-06-27 20:21:40.473  INFO     drive direction=forward speed=75
2026-06-27 20:21:40.570  INFO     steer angle=0
2026-06-27 20:21:40.572  INFO     drive direction=forward speed=75
2026-06-27 20:21:40.670  INFO     steer angle=0
2026-06-27 20:21:40.672  INFO     drive direction=forward speed=75
2026-06-27 20:21:40.705  INFO     steer angle=0
2026-06-27 20:21:40.707  INFO     drive direction=stop speed=0
2026-06-27 20:21:41.108  DEBUG    heartbeat from 192.168.1.151
2026-06-27 20:21:41.451  INFO     steer angle=0
2026-06-27 20:21:41.453  INFO     drive direction=backward speed=75
2026-06-27 20:21:41.539  INFO     steer angle=-30
2026-06-27 20:21:41.541  INFO     drive direction=backward speed=75
2026-06-27 20:21:41.555  INFO     steer angle=-30
2026-06-27 20:21:41.556  INFO     drive direction=backward speed=75
2026-06-27 20:21:41.640  INFO     steer angle=-30
2026-06-27 20:21:41.641  INFO     drive direction=backward speed=75
2026-06-27 20:21:41.651  INFO     steer angle=-30
2026-06-27 20:21:41.652  INFO     drive direction=backward speed=75
2026-06-27 20:21:41.714  INFO     steer angle=0
2026-06-27 20:21:41.716  INFO     drive direction=backward speed=75
2026-06-27 20:21:41.751  INFO     steer angle=0
2026-06-27 20:21:41.753  INFO     drive direction=backward speed=75
2026-06-27 20:21:41.851  INFO     steer angle=0
2026-06-27 20:21:41.853  INFO     drive direction=backward speed=75
2026-06-27 20:21:41.951  INFO     steer angle=0
2026-06-27 20:21:41.952  INFO     drive direction=backward speed=75
2026-06-27 20:21:42.051  INFO     steer angle=0
2026-06-27 20:21:42.052  INFO     drive direction=backward speed=75
2026-06-27 20:21:42.084  INFO     steer angle=0
2026-06-27 20:21:42.086  INFO     drive direction=stop speed=0
2026-06-27 20:21:42.108  DEBUG    heartbeat from 192.168.1.151
2026-06-27 20:21:43.108  DEBUG    heartbeat from 192.168.1.151
2026-06-27 20:21:44.108  DEBUG    heartbeat from 192.168.1.151
2026-06-27 20:21:44.422  INFO     steer angle=0
2026-06-27 20:21:44.424  INFO     drive direction=forward speed=75
2026-06-27 20:21:44.524  INFO     steer angle=0
2026-06-27 20:21:44.526  INFO     drive direction=forward speed=75
2026-06-27 20:21:44.625  INFO     steer angle=0
2026-06-27 20:21:44.626  INFO     drive direction=forward speed=75
2026-06-27 20:21:44.723  INFO     steer angle=0
2026-06-27 20:21:44.724  INFO     drive direction=forward speed=75
2026-06-27 20:21:44.823  INFO     steer angle=0
2026-06-27 20:21:44.825  INFO     drive direction=forward speed=75
2026-06-27 20:21:44.921  INFO     steer angle=0
2026-06-27 20:21:44.922  INFO     drive direction=forward speed=75
2026-06-27 20:21:44.939  INFO     steer angle=0
2026-06-27 20:21:44.943  INFO     drive direction=stop speed=0
2026-06-27 20:21:45.114  DEBUG    heartbeat from 192.168.1.151
2026-06-27 20:21:45.593  INFO     steer angle=30
2026-06-27 20:21:45.595  INFO     drive direction=stop speed=0
2026-06-27 20:21:45.609  INFO     steer angle=30
2026-06-27 20:21:45.610  INFO     drive direction=forward speed=75
2026-06-27 20:21:45.695  INFO     steer angle=30
2026-06-27 20:21:45.696  INFO     drive direction=forward speed=75
2026-06-27 20:21:45.710  INFO     steer angle=30
2026-06-27 20:21:45.712  INFO     drive direction=forward speed=75
2026-06-27 20:21:45.794  INFO     steer angle=30
2026-06-27 20:21:45.795  INFO     drive direction=forward speed=75
2026-06-27 20:21:45.800  INFO     steer angle=0
2026-06-27 20:21:45.801  INFO     drive direction=forward speed=75
2026-06-27 20:21:45.809  INFO     steer angle=0
2026-06-27 20:21:45.811  INFO     drive direction=forward speed=75
2026-06-27 20:21:45.821  INFO     steer angle=0
2026-06-27 20:21:45.823  INFO     drive direction=stop speed=0
2026-06-27 20:21:46.108  DEBUG    heartbeat from 192.168.1.151
2026-06-27 20:21:46.292  INFO     steer angle=30
2026-06-27 20:21:46.294  INFO     drive direction=stop speed=0
2026-06-27 20:21:46.315  INFO     steer angle=30
2026-06-27 20:21:46.317  INFO     drive direction=forward speed=75
2026-06-27 20:21:46.393  INFO     steer angle=30
2026-06-27 20:21:46.394  INFO     drive direction=forward speed=75
2026-06-27 20:21:46.411  INFO     steer angle=30
2026-06-27 20:21:46.412  INFO     drive direction=forward speed=75
2026-06-27 20:21:46.494  INFO     steer angle=30
2026-06-27 20:21:46.496  INFO     drive direction=forward speed=75
2026-06-27 20:21:46.505  INFO     steer angle=0
2026-06-27 20:21:46.508  INFO     drive direction=forward speed=75
2026-06-27 20:21:46.523  INFO     steer angle=0
2026-06-27 20:21:46.525  INFO     drive direction=forward speed=75
2026-06-27 20:21:46.526  INFO     steer angle=0
2026-06-27 20:21:46.528  INFO     drive direction=stop speed=0
2026-06-27 20:21:47.108  DEBUG    heartbeat from 192.168.1.151
2026-06-27 20:21:47.291  INFO     steer angle=0
2026-06-27 20:21:47.293  INFO     drive direction=backward speed=75
2026-06-27 20:21:47.395  INFO     steer angle=0
2026-06-27 20:21:47.397  INFO     drive direction=backward speed=75
2026-06-27 20:21:47.495  INFO     steer angle=0
2026-06-27 20:21:47.497  INFO     drive direction=backward speed=75
2026-06-27 20:21:47.591  INFO     steer angle=0
2026-06-27 20:21:47.593  INFO     drive direction=backward speed=75
2026-06-27 20:21:47.691  INFO     steer angle=0
2026-06-27 20:21:47.695  INFO     drive direction=backward speed=75
2026-06-27 20:21:47.795  INFO     steer angle=0
2026-06-27 20:21:47.797  INFO     drive direction=backward speed=75
2026-06-27 20:21:47.891  INFO     steer angle=0
2026-06-27 20:21:47.894  INFO     drive direction=backward speed=75
2026-06-27 20:21:47.954  INFO     steer angle=0
2026-06-27 20:21:47.955  INFO     drive direction=stop speed=0
2026-06-27 20:21:48.108  DEBUG    heartbeat from 192.168.1.151
2026-06-27 20:21:48.437  INFO     steer angle=0
2026-06-27 20:21:48.439  INFO     drive direction=backward speed=75
2026-06-27 20:21:48.539  INFO     steer angle=0
2026-06-27 20:21:48.540  INFO     drive direction=backward speed=75
2026-06-27 20:21:48.643  INFO     steer angle=0
2026-06-27 20:21:48.645  INFO     drive direction=backward speed=75
2026-06-27 20:21:48.690  INFO     steer angle=0
2026-06-27 20:21:48.692  INFO     drive direction=stop speed=0
2026-06-27 20:21:49.113  DEBUG    heartbeat from 192.168.1.151
2026-06-27 20:21:49.572  INFO     steer angle=-30
2026-06-27 20:21:49.574  INFO     drive direction=stop speed=0
2026-06-27 20:21:49.582  INFO     steer angle=-30
2026-06-27 20:21:49.583  INFO     drive direction=backward speed=75
2026-06-27 20:21:49.673  INFO     steer angle=-30
2026-06-27 20:21:49.674  INFO     drive direction=backward speed=75
2026-06-27 20:21:49.677  INFO     steer angle=-30
2026-06-27 20:21:49.678  INFO     drive direction=backward speed=75
2026-06-27 20:21:49.772  INFO     steer angle=-30
2026-06-27 20:21:49.774  INFO     drive direction=backward speed=75
2026-06-27 20:21:49.776  INFO     steer angle=-30
2026-06-27 20:21:49.777  INFO     drive direction=backward speed=75
2026-06-27 20:21:49.811  INFO     steer angle=0
2026-06-27 20:21:49.812  INFO     drive direction=backward speed=75
2026-06-27 20:21:49.826  INFO     steer angle=0
2026-06-27 20:21:49.827  INFO     drive direction=stop speed=0
2026-06-27 20:21:50.108  DEBUG    heartbeat from 192.168.1.151
2026-06-27 20:21:50.287  DEBUG    capture->chaser active
2026-06-27 20:21:51.108  DEBUG    heartbeat from 192.168.1.151
2026-06-27 20:21:51.487  INFO     steer angle=0
2026-06-27 20:21:51.488  INFO     drive direction=forward speed=75
2026-06-27 20:21:51.588  INFO     steer angle=0
2026-06-27 20:21:51.589  INFO     drive direction=forward speed=75
2026-06-27 20:21:51.626  INFO     steer angle=-30
2026-06-27 20:21:51.634  INFO     drive direction=forward speed=75
2026-06-27 20:21:51.688  INFO     steer angle=-30
2026-06-27 20:21:51.689  INFO     drive direction=forward speed=75
2026-06-27 20:21:51.728  INFO     steer angle=-30
2026-06-27 20:21:51.730  INFO     drive direction=forward speed=75
2026-06-27 20:21:51.787  INFO     steer angle=-30
2026-06-27 20:21:51.789  INFO     drive direction=forward speed=75
2026-06-27 20:21:51.827  INFO     steer angle=-30
2026-06-27 20:21:51.829  INFO     drive direction=forward speed=75
2026-06-27 20:21:51.887  INFO     steer angle=-30
2026-06-27 20:21:51.892  INFO     drive direction=forward speed=75
2026-06-27 20:21:51.927  INFO     steer angle=-30
2026-06-27 20:21:51.929  INFO     drive direction=forward speed=75
2026-06-27 20:21:51.987  INFO     steer angle=-30
2026-06-27 20:21:51.989  INFO     drive direction=forward speed=75
2026-06-27 20:21:52.026  INFO     steer angle=-30
2026-06-27 20:21:52.028  INFO     drive direction=forward speed=75
2026-06-27 20:21:52.087  INFO     steer angle=-30
2026-06-27 20:21:52.089  INFO     drive direction=forward speed=75
2026-06-27 20:21:52.109  DEBUG    heartbeat from 192.168.1.151
2026-06-27 20:21:52.127  INFO     steer angle=-30
2026-06-27 20:21:52.128  INFO     drive direction=forward speed=75
2026-06-27 20:21:52.187  INFO     steer angle=-30
2026-06-27 20:21:52.189  INFO     drive direction=forward speed=75
2026-06-27 20:21:52.200  INFO     steer angle=0
2026-06-27 20:21:52.203  INFO     drive direction=forward speed=75
2026-06-27 20:21:52.287  INFO     steer angle=0
2026-06-27 20:21:52.291  INFO     drive direction=forward speed=75
2026-06-27 20:21:52.366  INFO     steer angle=30
2026-06-27 20:21:52.368  INFO     drive direction=forward speed=75
2026-06-27 20:21:52.388  INFO     steer angle=30
2026-06-27 20:21:52.390  INFO     drive direction=forward speed=75
2026-06-27 20:21:52.466  INFO     steer angle=30
2026-06-27 20:21:52.476  INFO     drive direction=forward speed=75
2026-06-27 20:21:52.487  INFO     steer angle=30
2026-06-27 20:21:52.489  INFO     drive direction=forward speed=75
2026-06-27 20:21:52.566  INFO     steer angle=30
2026-06-27 20:21:52.569  INFO     drive direction=forward speed=75
2026-06-27 20:21:52.592  INFO     steer angle=30
2026-06-27 20:21:52.593  INFO     drive direction=forward speed=75
2026-06-27 20:21:52.663  INFO     steer angle=30
2026-06-27 20:21:52.665  INFO     drive direction=stop speed=0
2026-06-27 20:21:52.675  INFO     steer angle=30
2026-06-27 20:21:52.676  INFO     drive direction=stop speed=0
2026-06-27 20:21:52.766  INFO     steer angle=30
2026-06-27 20:21:52.768  INFO     drive direction=stop speed=0
2026-06-27 20:21:52.867  INFO     steer angle=30
2026-06-27 20:21:52.868  INFO     drive direction=stop speed=0
2026-06-27 20:21:52.970  INFO     steer angle=30
2026-06-27 20:21:52.971  INFO     drive direction=stop speed=0
2026-06-27 20:21:53.072  INFO     steer angle=0
2026-06-27 20:21:53.073  INFO     drive direction=stop speed=0
2026-06-27 20:21:53.109  DEBUG    heartbeat from 192.168.1.151
2026-06-27 20:21:54.108  DEBUG    heartbeat from 192.168.1.151
2026-06-27 20:21:55.108  DEBUG    heartbeat from 192.168.1.151
2026-06-27 20:21:56.108  DEBUG    heartbeat from 192.168.1.151
2026-06-27 20:21:57.108  DEBUG    heartbeat from 192.168.1.151
2026-06-27 20:21:58.111  DEBUG    heartbeat from 192.168.1.151
2026-06-27 20:21:59.111  DEBUG    heartbeat from 192.168.1.151
2026-06-27 20:21:59.341  INFO     steer angle=0
2026-06-27 20:21:59.343  INFO     drive direction=backward speed=75
2026-06-27 20:21:59.375  INFO     steer angle=-30
2026-06-27 20:21:59.376  INFO     drive direction=backward speed=75
2026-06-27 20:21:59.443  INFO     steer angle=-30
2026-06-27 20:21:59.445  INFO     drive direction=backward speed=75
2026-06-27 20:21:59.477  INFO     steer angle=-30
2026-06-27 20:21:59.478  INFO     drive direction=backward speed=75
2026-06-27 20:21:59.541  INFO     steer angle=-30
2026-06-27 20:21:59.543  INFO     drive direction=backward speed=75
2026-06-27 20:21:59.576  INFO     steer angle=-30
2026-06-27 20:21:59.578  INFO     drive direction=backward speed=75
2026-06-27 20:21:59.642  INFO     steer angle=-30
2026-06-27 20:21:59.644  INFO     drive direction=backward speed=75
2026-06-27 20:21:59.679  INFO     steer angle=-30
2026-06-27 20:21:59.681  INFO     drive direction=backward speed=75
2026-06-27 20:21:59.741  INFO     steer angle=-30
2026-06-27 20:21:59.743  INFO     drive direction=backward speed=75
2026-06-27 20:21:59.779  INFO     steer angle=-30
2026-06-27 20:21:59.781  INFO     drive direction=backward speed=75
2026-06-27 20:21:59.841  INFO     steer angle=-30
2026-06-27 20:21:59.842  INFO     drive direction=backward speed=75
2026-06-27 20:21:59.876  INFO     steer angle=-30
2026-06-27 20:21:59.878  INFO     drive direction=backward speed=75
2026-06-27 20:21:59.881  INFO     steer angle=0
2026-06-27 20:21:59.882  INFO     drive direction=backward speed=75
2026-06-27 20:21:59.941  INFO     steer angle=0
2026-06-27 20:21:59.944  INFO     drive direction=backward speed=75
2026-06-27 20:21:59.947  INFO     steer angle=0
2026-06-27 20:21:59.949  INFO     drive direction=stop speed=0
2026-06-27 20:22:00.108  DEBUG    heartbeat from 192.168.1.151
2026-06-27 20:22:01.108  DEBUG    heartbeat from 192.168.1.151
2026-06-27 20:22:01.936  INFO     steer angle=0
2026-06-27 20:22:01.938  INFO     drive direction=backward speed=75
2026-06-27 20:22:01.941  INFO     steer angle=30
2026-06-27 20:22:01.943  INFO     drive direction=backward speed=75
2026-06-27 20:22:02.030  INFO     steer angle=30
2026-06-27 20:22:02.032  INFO     drive direction=backward speed=75
2026-06-27 20:22:02.043  INFO     steer angle=30
2026-06-27 20:22:02.046  INFO     drive direction=backward speed=75
2026-06-27 20:22:02.110  DEBUG    heartbeat from 192.168.1.151
2026-06-27 20:22:02.129  INFO     steer angle=30
2026-06-27 20:22:02.131  INFO     drive direction=backward speed=75
2026-06-27 20:22:02.141  INFO     steer angle=30
2026-06-27 20:22:02.149  INFO     drive direction=backward speed=75
2026-06-27 20:22:02.229  INFO     steer angle=30
2026-06-27 20:22:02.230  INFO     drive direction=backward speed=75
2026-06-27 20:22:02.242  INFO     steer angle=30
2026-06-27 20:22:02.244  INFO     drive direction=backward speed=75
2026-06-27 20:22:02.300  INFO     steer angle=0
2026-06-27 20:22:02.301  INFO     drive direction=backward speed=75
2026-06-27 20:22:02.314  INFO     steer angle=0
2026-06-27 20:22:02.315  INFO     drive direction=stop speed=0
2026-06-27 20:22:03.108  DEBUG    heartbeat from 192.168.1.151
2026-06-27 20:22:04.108  DEBUG    heartbeat from 192.168.1.151
2026-06-27 20:22:04.746  INFO     steer angle=30
2026-06-27 20:22:04.748  INFO     drive direction=stop speed=0
2026-06-27 20:22:04.760  INFO     steer angle=30
2026-06-27 20:22:04.762  INFO     drive direction=backward speed=75
2026-06-27 20:22:04.846  INFO     steer angle=30
2026-06-27 20:22:04.848  INFO     drive direction=backward speed=75
2026-06-27 20:22:04.860  INFO     steer angle=30
2026-06-27 20:22:04.861  INFO     drive direction=backward speed=75
2026-06-27 20:22:04.944  INFO     steer angle=30
2026-06-27 20:22:04.946  INFO     drive direction=backward speed=75
2026-06-27 20:22:04.960  INFO     steer angle=30
2026-06-27 20:22:04.961  INFO     drive direction=backward speed=75
2026-06-27 20:22:05.044  INFO     steer angle=30
2026-06-27 20:22:05.046  INFO     drive direction=backward speed=75
2026-06-27 20:22:05.061  INFO     steer angle=30
2026-06-27 20:22:05.063  INFO     drive direction=backward speed=75
2026-06-27 20:22:05.079  INFO     steer angle=0
2026-06-27 20:22:05.086  INFO     drive direction=backward speed=75
2026-06-27 20:22:05.091  INFO     steer angle=0
2026-06-27 20:22:05.093  INFO     drive direction=stop speed=0
2026-06-27 20:22:05.108  DEBUG    heartbeat from 192.168.1.151
2026-06-27 20:22:05.823  INFO     steer angle=0
2026-06-27 20:22:05.826  INFO     drive direction=forward speed=75
2026-06-27 20:22:05.904  INFO     steer angle=0
2026-06-27 20:22:05.907  INFO     drive direction=stop speed=0
2026-06-27 20:22:06.007  INFO     steer angle=0
2026-06-27 20:22:06.008  INFO     drive direction=forward speed=75
2026-06-27 20:22:06.022  INFO     steer angle=30
2026-06-27 20:22:06.024  INFO     drive direction=forward speed=75
2026-06-27 20:22:06.106  INFO     steer angle=30
2026-06-27 20:22:06.108  INFO     drive direction=forward speed=75
2026-06-27 20:22:06.110  DEBUG    heartbeat from 192.168.1.151
2026-06-27 20:22:06.122  INFO     steer angle=30
2026-06-27 20:22:06.124  INFO     drive direction=forward speed=75
2026-06-27 20:22:06.205  INFO     steer angle=30
2026-06-27 20:22:06.206  INFO     drive direction=forward speed=75
2026-06-27 20:22:06.223  INFO     steer angle=30
2026-06-27 20:22:06.227  INFO     drive direction=forward speed=75
2026-06-27 20:22:06.309  INFO     steer angle=30
2026-06-27 20:22:06.310  INFO     drive direction=forward speed=75
2026-06-27 20:22:06.322  INFO     steer angle=30
2026-06-27 20:22:06.324  INFO     drive direction=forward speed=75
2026-06-27 20:22:06.406  INFO     steer angle=30
2026-06-27 20:22:06.408  INFO     drive direction=forward speed=75
2026-06-27 20:22:06.424  INFO     steer angle=30
2026-06-27 20:22:06.426  INFO     drive direction=forward speed=75
2026-06-27 20:22:06.488  INFO     steer angle=30
2026-06-27 20:22:06.492  INFO     drive direction=stop speed=0
2026-06-27 20:22:06.499  INFO     steer angle=0
2026-06-27 20:22:06.501  INFO     drive direction=stop speed=0
2026-06-27 20:22:07.108  DEBUG    heartbeat from 192.168.1.151
2026-06-27 20:22:07.609  INFO     steer angle=0
2026-06-27 20:22:07.610  INFO     drive direction=forward speed=75
2026-06-27 20:22:07.710  INFO     steer angle=0
2026-06-27 20:22:07.712  INFO     drive direction=forward speed=75
2026-06-27 20:22:07.795  INFO     steer angle=-30
2026-06-27 20:22:07.798  INFO     drive direction=forward speed=75
2026-06-27 20:22:07.809  INFO     steer angle=-30
2026-06-27 20:22:07.811  INFO     drive direction=forward speed=75
2026-06-27 20:22:07.896  INFO     steer angle=-30
2026-06-27 20:22:07.897  INFO     drive direction=forward speed=75
2026-06-27 20:22:07.909  INFO     steer angle=-30
2026-06-27 20:22:07.911  INFO     drive direction=forward speed=75
2026-06-27 20:22:07.965  INFO     steer angle=0
2026-06-27 20:22:07.966  INFO     drive direction=forward speed=75
2026-06-27 20:22:08.009  INFO     steer angle=0
2026-06-27 20:22:08.011  INFO     drive direction=forward speed=75
2026-06-27 20:22:08.023  INFO     steer angle=0
2026-06-27 20:22:08.025  INFO     drive direction=stop speed=0
2026-06-27 20:22:08.109  DEBUG    heartbeat from 192.168.1.151
2026-06-27 20:22:08.819  INFO     steer angle=0
2026-06-27 20:22:08.821  INFO     drive direction=forward speed=75
2026-06-27 20:22:08.888  INFO     steer angle=-30
2026-06-27 20:22:08.891  INFO     drive direction=forward speed=75
2026-06-27 20:22:08.921  INFO     steer angle=-30
2026-06-27 20:22:08.923  INFO     drive direction=forward speed=75
2026-06-27 20:22:08.987  INFO     steer angle=-30
2026-06-27 20:22:08.990  INFO     drive direction=forward speed=75
2026-06-27 20:22:09.020  INFO     steer angle=-30
2026-06-27 20:22:09.022  INFO     drive direction=forward speed=75
2026-06-27 20:22:09.088  INFO     steer angle=-30
2026-06-27 20:22:09.089  INFO     drive direction=forward speed=75
2026-06-27 20:22:09.108  DEBUG    heartbeat from 192.168.1.151
2026-06-27 20:22:09.123  INFO     steer angle=-30
2026-06-27 20:22:09.125  INFO     drive direction=forward speed=75
2026-06-27 20:22:09.147  INFO     steer angle=-30
2026-06-27 20:22:09.148  INFO     drive direction=stop speed=0
2026-06-27 20:22:09.155  INFO     steer angle=0
2026-06-27 20:22:09.157  INFO     drive direction=stop speed=0
2026-06-27 20:22:09.554  INFO     steer angle=0
2026-06-27 20:22:09.556  INFO     drive direction=backward speed=75
2026-06-27 20:22:09.567  INFO     steer angle=30
2026-06-27 20:22:09.568  INFO     drive direction=backward speed=75
2026-06-27 20:22:09.655  INFO     steer angle=30
2026-06-27 20:22:09.656  INFO     drive direction=backward speed=75
2026-06-27 20:22:09.674  INFO     steer angle=30
2026-06-27 20:22:09.675  INFO     drive direction=backward speed=75
2026-06-27 20:22:09.755  INFO     steer angle=30
2026-06-27 20:22:09.757  INFO     drive direction=backward speed=75
2026-06-27 20:22:09.771  INFO     steer angle=30
2026-06-27 20:22:09.772  INFO     drive direction=backward speed=75
2026-06-27 20:22:09.856  INFO     steer angle=30
2026-06-27 20:22:09.858  INFO     drive direction=backward speed=75
2026-06-27 20:22:09.870  INFO     steer angle=30
2026-06-27 20:22:09.871  INFO     drive direction=backward speed=75
2026-06-27 20:22:09.955  INFO     steer angle=30
2026-06-27 20:22:09.957  INFO     drive direction=backward speed=75
2026-06-27 20:22:09.970  INFO     steer angle=30
2026-06-27 20:22:09.971  INFO     drive direction=backward speed=75
2026-06-27 20:22:10.054  INFO     steer angle=30
2026-06-27 20:22:10.056  INFO     drive direction=backward speed=75
2026-06-27 20:22:10.085  INFO     steer angle=30
2026-06-27 20:22:10.087  INFO     drive direction=backward speed=75
2026-06-27 20:22:10.108  DEBUG    heartbeat from 192.168.1.151
2026-06-27 20:22:10.154  INFO     steer angle=30
2026-06-27 20:22:10.155  INFO     drive direction=backward speed=75
2026-06-27 20:22:10.169  INFO     steer angle=30
2026-06-27 20:22:10.171  INFO     drive direction=backward speed=75
2026-06-27 20:22:10.253  INFO     steer angle=30
2026-06-27 20:22:10.255  INFO     drive direction=backward speed=75
2026-06-27 20:22:10.269  INFO     steer angle=30
2026-06-27 20:22:10.270  INFO     drive direction=backward speed=75
2026-06-27 20:22:10.371  INFO     steer angle=30
2026-06-27 20:22:10.372  INFO     drive direction=backward speed=75
2026-06-27 20:22:10.374  INFO     steer angle=30
2026-06-27 20:22:10.375  INFO     drive direction=backward speed=75
2026-06-27 20:22:10.410  INFO     steer angle=30
2026-06-27 20:22:10.411  INFO     drive direction=stop speed=0
2026-06-27 20:22:10.418  INFO     steer angle=0
2026-06-27 20:22:10.420  INFO     drive direction=stop speed=0
2026-06-27 20:22:11.109  DEBUG    heartbeat from 192.168.1.151
2026-06-27 20:22:12.108  DEBUG    heartbeat from 192.168.1.151
2026-06-27 20:22:13.108  DEBUG    heartbeat from 192.168.1.151
2026-06-27 20:22:13.718  INFO     steer angle=30
2026-06-27 20:22:13.719  INFO     drive direction=stop speed=0
2026-06-27 20:22:13.732  INFO     steer angle=30
2026-06-27 20:22:13.733  INFO     drive direction=forward speed=75
2026-06-27 20:22:13.821  INFO     steer angle=30
2026-06-27 20:22:13.822  INFO     drive direction=forward speed=75
2026-06-27 20:22:13.828  INFO     steer angle=30
2026-06-27 20:22:13.829  INFO     drive direction=forward speed=75
2026-06-27 20:22:13.920  INFO     steer angle=30
2026-06-27 20:22:13.921  INFO     drive direction=forward speed=75
2026-06-27 20:22:13.928  INFO     steer angle=30
2026-06-27 20:22:13.929  INFO     drive direction=forward speed=75
2026-06-27 20:22:14.020  INFO     steer angle=30
2026-06-27 20:22:14.021  INFO     drive direction=forward speed=75
2026-06-27 20:22:14.028  INFO     steer angle=30
2026-06-27 20:22:14.029  INFO     drive direction=forward speed=75
2026-06-27 20:22:14.108  DEBUG    heartbeat from 192.168.1.151
2026-06-27 20:22:14.120  INFO     steer angle=30
2026-06-27 20:22:14.122  INFO     drive direction=forward speed=75
2026-06-27 20:22:14.128  INFO     steer angle=30
2026-06-27 20:22:14.129  INFO     drive direction=forward speed=75
2026-06-27 20:22:14.220  INFO     steer angle=30
2026-06-27 20:22:14.222  INFO     drive direction=forward speed=75
2026-06-27 20:22:14.228  INFO     steer angle=30
2026-06-27 20:22:14.229  INFO     drive direction=forward speed=75
2026-06-27 20:22:14.292  INFO     steer angle=0
2026-06-27 20:22:14.294  INFO     drive direction=forward speed=75
2026-06-27 20:22:14.311  INFO     steer angle=0
2026-06-27 20:22:14.313  INFO     drive direction=stop speed=0
2026-06-27 20:22:14.847  INFO     steer angle=30
2026-06-27 20:22:14.849  INFO     drive direction=stop speed=0
2026-06-27 20:22:14.874  INFO     steer angle=30
2026-06-27 20:22:14.877  INFO     drive direction=forward speed=75
2026-06-27 20:22:14.946  INFO     steer angle=30
2026-06-27 20:22:14.948  INFO     drive direction=forward speed=75
2026-06-27 20:22:14.975  INFO     steer angle=30
2026-06-27 20:22:14.976  INFO     drive direction=forward speed=75
2026-06-27 20:22:15.046  INFO     steer angle=30
2026-06-27 20:22:15.048  INFO     drive direction=forward speed=75
2026-06-27 20:22:15.074  INFO     steer angle=30
2026-06-27 20:22:15.075  INFO     drive direction=forward speed=75
2026-06-27 20:22:15.108  DEBUG    heartbeat from 192.168.1.151
2026-06-27 20:22:15.147  INFO     steer angle=30
2026-06-27 20:22:15.149  INFO     drive direction=forward speed=75
2026-06-27 20:22:15.164  INFO     steer angle=0
2026-06-27 20:22:15.166  INFO     drive direction=forward speed=75
2026-06-27 20:22:15.172  INFO     steer angle=0
2026-06-27 20:22:15.173  INFO     drive direction=stop speed=0
2026-06-27 20:22:15.655  INFO     steer angle=0
2026-06-27 20:22:15.656  INFO     drive direction=backward speed=75
2026-06-27 20:22:15.753  INFO     steer angle=0
2026-06-27 20:22:15.755  INFO     drive direction=backward speed=75
2026-06-27 20:22:15.853  INFO     steer angle=0
2026-06-27 20:22:15.854  INFO     drive direction=backward speed=75
2026-06-27 20:22:15.954  INFO     steer angle=0
2026-06-27 20:22:15.955  INFO     drive direction=backward speed=75
2026-06-27 20:22:16.053  INFO     steer angle=0
2026-06-27 20:22:16.055  INFO     drive direction=backward speed=75
2026-06-27 20:22:16.111  DEBUG    heartbeat from 192.168.1.151
2026-06-27 20:22:16.154  INFO     steer angle=0
2026-06-27 20:22:16.159  INFO     drive direction=backward speed=75
2026-06-27 20:22:16.234  INFO     steer angle=0
2026-06-27 20:22:16.235  INFO     drive direction=stop speed=0
2026-06-27 20:22:16.536  INFO     steer angle=0
2026-06-27 20:22:16.537  INFO     drive direction=backward speed=75
2026-06-27 20:22:16.637  INFO     steer angle=0
2026-06-27 20:22:16.638  INFO     drive direction=backward speed=75
2026-06-27 20:22:16.739  INFO     steer angle=0
2026-06-27 20:22:16.740  INFO     drive direction=backward speed=75
2026-06-27 20:22:16.835  INFO     steer angle=0
2026-06-27 20:22:16.837  INFO     drive direction=backward speed=75
2026-06-27 20:22:16.930  INFO     steer angle=0
2026-06-27 20:22:16.931  INFO     drive direction=stop speed=0
2026-06-27 20:22:17.115  DEBUG    heartbeat from 192.168.1.151
2026-06-27 20:22:18.111  DEBUG    heartbeat from 192.168.1.151
2026-06-27 20:22:19.108  DEBUG    heartbeat from 192.168.1.151
2026-06-27 20:22:20.113  DEBUG    heartbeat from 192.168.1.151
2026-06-27 20:22:20.299  DEBUG    capture->chaser active
2026-06-27 20:22:21.108  DEBUG    heartbeat from 192.168.1.151
2026-06-27 20:22:22.111  DEBUG    heartbeat from 192.168.1.151
2026-06-27 20:22:23.108  DEBUG    heartbeat from 192.168.1.151
2026-06-27 20:22:24.110  DEBUG    heartbeat from 192.168.1.151
2026-06-27 20:22:25.108  DEBUG    heartbeat from 192.168.1.151
2026-06-27 20:22:26.109  DEBUG    heartbeat from 192.168.1.151
2026-06-27 20:22:27.109  DEBUG    heartbeat from 192.168.1.151
2026-06-27 20:22:28.108  DEBUG    heartbeat from 192.168.1.151
2026-06-27 20:22:29.108  DEBUG    heartbeat from 192.168.1.151
2026-06-27 20:22:30.111  DEBUG    heartbeat from 192.168.1.151
2026-06-27 20:22:31.108  DEBUG    heartbeat from 192.168.1.151
2026-06-27 20:22:32.110  DEBUG    heartbeat from 192.168.1.151
2026-06-27 20:22:33.108  DEBUG    heartbeat from 192.168.1.151
2026-06-27 20:22:34.111  DEBUG    heartbeat from 192.168.1.151
2026-06-27 20:22:35.108  DEBUG    heartbeat from 192.168.1.151
2026-06-27 20:22:36.109  DEBUG    heartbeat from 192.168.1.151
2026-06-27 20:22:37.108  DEBUG    heartbeat from 192.168.1.151
2026-06-27 20:22:38.111  DEBUG    heartbeat from 192.168.1.151
2026-06-27 20:22:39.108  DEBUG    heartbeat from 192.168.1.151
2026-06-27 20:22:40.108  DEBUG    heartbeat from 192.168.1.151
2026-06-27 20:22:41.108  DEBUG    heartbeat from 192.168.1.151
2026-06-27 20:22:42.108  DEBUG    heartbeat from 192.168.1.151
2026-06-27 20:22:43.108  DEBUG    heartbeat from 192.168.1.151
2026-06-27 20:22:44.111  DEBUG    heartbeat from 192.168.1.151
2026-06-27 20:22:45.108  DEBUG    heartbeat from 192.168.1.151
2026-06-27 20:22:46.108  DEBUG    heartbeat from 192.168.1.151
2026-06-27 20:22:47.111  DEBUG    heartbeat from 192.168.1.151
2026-06-27 20:22:48.108  DEBUG    heartbeat from 192.168.1.151
2026-06-27 20:22:49.107  DEBUG    heartbeat from 192.168.1.151
2026-06-27 20:22:50.111  DEBUG    heartbeat from 192.168.1.151
2026-06-27 20:22:50.328  DEBUG    capture->chaser active
2026-06-27 20:22:51.109  DEBUG    heartbeat from 192.168.1.151
2026-06-27 20:22:52.108  DEBUG    heartbeat from 192.168.1.151
2026-06-27 20:22:53.107  DEBUG    heartbeat from 192.168.1.151
2026-06-27 20:22:53.390  INFO     steer angle=0
2026-06-27 20:22:53.391  INFO     drive direction=forward speed=75
2026-06-27 20:22:53.492  INFO     steer angle=0
2026-06-27 20:22:53.493  INFO     drive direction=forward speed=75
2026-06-27 20:22:53.591  INFO     steer angle=0
2026-06-27 20:22:53.592  INFO     drive direction=forward speed=75
2026-06-27 20:22:53.695  INFO     steer angle=0
2026-06-27 20:22:53.697  INFO     drive direction=forward speed=75
2026-06-27 20:22:53.795  INFO     steer angle=0
2026-06-27 20:22:53.797  INFO     drive direction=forward speed=75
2026-06-27 20:22:53.892  INFO     steer angle=0
2026-06-27 20:22:53.893  INFO     drive direction=forward speed=75
2026-06-27 20:22:53.999  INFO     steer angle=0
2026-06-27 20:22:54.000  INFO     drive direction=forward speed=75
2026-06-27 20:22:54.099  INFO     steer angle=0
2026-06-27 20:22:54.100  INFO     drive direction=forward speed=75
2026-06-27 20:22:54.108  DEBUG    heartbeat from 192.168.1.151
2026-06-27 20:22:54.195  INFO     steer angle=0
2026-06-27 20:22:54.196  INFO     drive direction=forward speed=75
2026-06-27 20:22:54.293  INFO     steer angle=0
2026-06-27 20:22:54.295  INFO     drive direction=forward speed=75
2026-06-27 20:22:54.395  INFO     steer angle=0
2026-06-27 20:22:54.396  INFO     drive direction=forward speed=75
2026-06-27 20:22:54.498  INFO     steer angle=0
2026-06-27 20:22:54.501  INFO     drive direction=forward speed=75
2026-06-27 20:22:54.601  INFO     steer angle=0
2026-06-27 20:22:54.602  INFO     drive direction=forward speed=75
2026-06-27 20:22:54.679  INFO     steer angle=0
2026-06-27 20:22:54.681  INFO     drive direction=stop speed=0
2026-06-27 20:22:54.803  INFO     steer angle=-30
2026-06-27 20:22:54.806  INFO     drive direction=stop speed=0
2026-06-27 20:22:54.868  INFO     steer angle=-30
2026-06-27 20:22:54.870  INFO     drive direction=forward speed=75
2026-06-27 20:22:54.895  INFO     steer angle=-30
2026-06-27 20:22:54.897  INFO     drive direction=forward speed=75
2026-06-27 20:22:54.970  INFO     steer angle=-30
2026-06-27 20:22:54.971  INFO     drive direction=forward speed=75
2026-06-27 20:22:54.996  INFO     steer angle=-30
2026-06-27 20:22:54.997  INFO     drive direction=forward speed=75
2026-06-27 20:22:55.070  INFO     steer angle=-30
2026-06-27 20:22:55.072  INFO     drive direction=forward speed=75
2026-06-27 20:22:55.094  INFO     steer angle=-30
2026-06-27 20:22:55.096  INFO     drive direction=forward speed=75
2026-06-27 20:22:55.108  DEBUG    heartbeat from 192.168.1.151
2026-06-27 20:22:55.169  INFO     steer angle=-30
2026-06-27 20:22:55.171  INFO     drive direction=forward speed=75
2026-06-27 20:22:55.194  INFO     steer angle=-30
2026-06-27 20:22:55.196  INFO     drive direction=forward speed=75
2026-06-27 20:22:55.275  INFO     steer angle=-30
2026-06-27 20:22:55.277  INFO     drive direction=forward speed=75
2026-06-27 20:22:55.293  INFO     steer angle=-30
2026-06-27 20:22:55.295  INFO     drive direction=forward speed=75
2026-06-27 20:22:55.367  INFO     steer angle=0
2026-06-27 20:22:55.368  INFO     drive direction=forward speed=75
2026-06-27 20:22:55.380  INFO     steer angle=0
2026-06-27 20:22:55.382  INFO     drive direction=stop speed=0
2026-06-27 20:22:55.841  INFO     steer angle=0
2026-06-27 20:22:55.843  INFO     drive direction=forward speed=75
2026-06-27 20:22:55.889  INFO     steer angle=-30
2026-06-27 20:22:55.891  INFO     drive direction=forward speed=75
2026-06-27 20:22:55.942  INFO     steer angle=-30
2026-06-27 20:22:55.944  INFO     drive direction=forward speed=75
2026-06-27 20:22:55.988  INFO     steer angle=-30
2026-06-27 20:22:55.989  INFO     drive direction=forward speed=75
2026-06-27 20:22:56.042  INFO     steer angle=-30
2026-06-27 20:22:56.043  INFO     drive direction=forward speed=75
2026-06-27 20:22:56.099  INFO     steer angle=-30
2026-06-27 20:22:56.101  INFO     drive direction=forward speed=75
2026-06-27 20:22:56.109  DEBUG    heartbeat from 192.168.1.151
2026-06-27 20:22:56.142  INFO     steer angle=-30
2026-06-27 20:22:56.144  INFO     drive direction=forward speed=75
2026-06-27 20:22:56.189  INFO     steer angle=-30
2026-06-27 20:22:56.190  INFO     drive direction=forward speed=75
2026-06-27 20:22:56.280  INFO     steer angle=-30
2026-06-27 20:22:56.282  INFO     drive direction=forward speed=75
2026-06-27 20:22:56.287  INFO     steer angle=-30
2026-06-27 20:22:56.289  INFO     drive direction=forward speed=75
2026-06-27 20:22:56.343  INFO     steer angle=-30
2026-06-27 20:22:56.347  INFO     drive direction=forward speed=75
2026-06-27 20:22:56.386  INFO     steer angle=-30
2026-06-27 20:22:56.387  INFO     drive direction=stop speed=0
2026-06-27 20:22:56.396  INFO     steer angle=0
2026-06-27 20:22:56.397  INFO     drive direction=stop speed=0
2026-06-27 20:22:56.539  INFO     steer angle=30
2026-06-27 20:22:56.541  INFO     drive direction=stop speed=0
2026-06-27 20:22:56.586  INFO     steer angle=30
2026-06-27 20:22:56.588  INFO     drive direction=backward speed=75
2026-06-27 20:22:56.638  INFO     steer angle=30
2026-06-27 20:22:56.641  INFO     drive direction=backward speed=75
2026-06-27 20:22:56.686  INFO     steer angle=30
2026-06-27 20:22:56.687  INFO     drive direction=backward speed=75
2026-06-27 20:22:56.747  INFO     steer angle=30
2026-06-27 20:22:56.748  INFO     drive direction=backward speed=75
2026-06-27 20:22:56.785  INFO     steer angle=30
2026-06-27 20:22:56.786  INFO     drive direction=backward speed=75
2026-06-27 20:22:56.838  INFO     steer angle=30
2026-06-27 20:22:56.839  INFO     drive direction=backward speed=75
2026-06-27 20:22:56.886  INFO     steer angle=30
2026-06-27 20:22:56.888  INFO     drive direction=backward speed=75
2026-06-27 20:22:56.939  INFO     steer angle=30
2026-06-27 20:22:56.941  INFO     drive direction=backward speed=75
2026-06-27 20:22:56.985  INFO     steer angle=30
2026-06-27 20:22:56.987  INFO     drive direction=backward speed=75
2026-06-27 20:22:57.039  INFO     steer angle=30
2026-06-27 20:22:57.041  INFO     drive direction=backward speed=75
2026-06-27 20:22:57.086  INFO     steer angle=30
2026-06-27 20:22:57.087  INFO     drive direction=backward speed=75
2026-06-27 20:22:57.110  DEBUG    heartbeat from 192.168.1.151
2026-06-27 20:22:57.138  INFO     steer angle=30
2026-06-27 20:22:57.140  INFO     drive direction=backward speed=75
2026-06-27 20:22:57.199  INFO     steer angle=30
2026-06-27 20:22:57.201  INFO     drive direction=backward speed=75
2026-06-27 20:22:57.236  INFO     steer angle=30
2026-06-27 20:22:57.237  INFO     drive direction=backward speed=75
2026-06-27 20:22:57.285  INFO     steer angle=30
2026-06-27 20:22:57.287  INFO     drive direction=backward speed=75
2026-06-27 20:22:57.315  INFO     steer angle=30
2026-06-27 20:22:57.317  INFO     drive direction=stop speed=0
2026-06-27 20:22:57.335  INFO     steer angle=0
2026-06-27 20:22:57.337  INFO     drive direction=stop speed=0
2026-06-27 20:22:58.108  DEBUG    heartbeat from 192.168.1.151
2026-06-27 20:22:58.617  INFO     steer angle=30
2026-06-27 20:22:58.618  INFO     drive direction=stop speed=0
2026-06-27 20:22:58.698  INFO     steer angle=30
2026-06-27 20:22:58.700  INFO     drive direction=forward speed=75
2026-06-27 20:22:58.717  INFO     steer angle=30
2026-06-27 20:22:58.719  INFO     drive direction=forward speed=75
2026-06-27 20:22:58.800  INFO     steer angle=30
2026-06-27 20:22:58.801  INFO     drive direction=forward speed=75
2026-06-27 20:22:58.818  INFO     steer angle=30
2026-06-27 20:22:58.819  INFO     drive direction=forward speed=75
2026-06-27 20:22:58.861  INFO     steer angle=30
2026-06-27 20:22:58.863  INFO     drive direction=stop speed=0
2026-06-27 20:22:58.917  INFO     steer angle=30
2026-06-27 20:22:58.918  INFO     drive direction=stop speed=0
2026-06-27 20:22:58.937  INFO     steer angle=0
2026-06-27 20:22:58.938  INFO     drive direction=stop speed=0
2026-06-27 20:22:59.109  DEBUG    heartbeat from 192.168.1.151
2026-06-27 20:23:00.108  DEBUG    heartbeat from 192.168.1.151
2026-06-27 20:23:01.107  DEBUG    heartbeat from 192.168.1.151
2026-06-27 20:23:02.109  DEBUG    heartbeat from 192.168.1.151
2026-06-27 20:23:03.108  DEBUG    heartbeat from 192.168.1.151
2026-06-27 20:23:03.431  INFO     steer angle=0
2026-06-27 20:23:03.434  INFO     drive direction=forward speed=75
2026-06-27 20:23:03.532  INFO     steer angle=0
2026-06-27 20:23:03.536  INFO     drive direction=forward speed=75
2026-06-27 20:23:03.631  INFO     steer angle=0
2026-06-27 20:23:03.632  INFO     drive direction=forward speed=75
2026-06-27 20:23:03.736  INFO     steer angle=0
2026-06-27 20:23:03.738  INFO     drive direction=forward speed=75
2026-06-27 20:23:03.832  INFO     steer angle=0
2026-06-27 20:23:03.834  INFO     drive direction=forward speed=75
2026-06-27 20:23:03.934  INFO     steer angle=30
2026-06-27 20:23:03.937  INFO     drive direction=forward speed=75
2026-06-27 20:23:03.940  INFO     steer angle=30
2026-06-27 20:23:03.942  INFO     drive direction=forward speed=75
2026-06-27 20:23:04.030  INFO     steer angle=30
2026-06-27 20:23:04.032  INFO     drive direction=forward speed=75
2026-06-27 20:23:04.042  INFO     steer angle=30
2026-06-27 20:23:04.044  INFO     drive direction=forward speed=75
2026-06-27 20:23:04.111  DEBUG    heartbeat from 192.168.1.151
2026-06-27 20:23:04.129  INFO     steer angle=30
2026-06-27 20:23:04.130  INFO     drive direction=forward speed=75
2026-06-27 20:23:04.136  INFO     steer angle=30
2026-06-27 20:23:04.138  INFO     drive direction=forward speed=75
2026-06-27 20:23:04.184  INFO     steer angle=0
2026-06-27 20:23:04.186  INFO     drive direction=forward speed=75
2026-06-27 20:23:04.230  INFO     steer angle=0
2026-06-27 20:23:04.231  INFO     drive direction=forward speed=75
2026-06-27 20:23:04.329  INFO     steer angle=0
2026-06-27 20:23:04.330  INFO     drive direction=forward speed=75
2026-06-27 20:23:04.429  INFO     steer angle=0
2026-06-27 20:23:04.431  INFO     drive direction=forward speed=75
2026-06-27 20:23:04.531  INFO     steer angle=0
2026-06-27 20:23:04.532  INFO     drive direction=forward speed=75
2026-06-27 20:23:04.630  INFO     steer angle=0
2026-06-27 20:23:04.631  INFO     drive direction=forward speed=75
2026-06-27 20:23:04.729  INFO     steer angle=0
2026-06-27 20:23:04.730  INFO     drive direction=forward speed=75
2026-06-27 20:23:04.771  INFO     steer angle=-30
2026-06-27 20:23:04.774  INFO     drive direction=forward speed=75
2026-06-27 20:23:04.830  INFO     steer angle=-30
2026-06-27 20:23:04.831  INFO     drive direction=forward speed=75
2026-06-27 20:23:04.874  INFO     steer angle=-30
2026-06-27 20:23:04.876  INFO     drive direction=forward speed=75
2026-06-27 20:23:04.929  INFO     steer angle=-30
2026-06-27 20:23:04.931  INFO     drive direction=forward speed=75
2026-06-27 20:23:04.972  INFO     steer angle=-30
2026-06-27 20:23:04.974  INFO     drive direction=forward speed=75
2026-06-27 20:23:05.023  INFO     steer angle=0
2026-06-27 20:23:05.025  INFO     drive direction=forward speed=75
2026-06-27 20:23:05.033  INFO     steer angle=0
2026-06-27 20:23:05.034  INFO     drive direction=forward speed=75
2026-06-27 20:23:05.112  DEBUG    heartbeat from 192.168.1.151
2026-06-27 20:23:05.128  INFO     steer angle=0
2026-06-27 20:23:05.129  INFO     drive direction=forward speed=75
2026-06-27 20:23:05.228  INFO     steer angle=0
2026-06-27 20:23:05.229  INFO     drive direction=forward speed=75
2026-06-27 20:23:05.328  INFO     steer angle=0
2026-06-27 20:23:05.329  INFO     drive direction=forward speed=75
2026-06-27 20:23:05.357  INFO     steer angle=0
2026-06-27 20:23:05.359  INFO     drive direction=stop speed=0
2026-06-27 20:23:05.920  INFO     steer angle=0
2026-06-27 20:23:05.921  INFO     drive direction=backward speed=75
2026-06-27 20:23:06.022  INFO     steer angle=0
2026-06-27 20:23:06.024  INFO     drive direction=backward speed=75
2026-06-27 20:23:06.051  INFO     steer angle=0
2026-06-27 20:23:06.052  INFO     drive direction=stop speed=0
2026-06-27 20:23:06.083  INFO     steer angle=0
2026-06-27 20:23:06.084  INFO     drive direction=backward speed=75
2026-06-27 20:23:06.108  DEBUG    heartbeat from 192.168.1.151
2026-06-27 20:23:06.144  INFO     steer angle=-30
2026-06-27 20:23:06.145  INFO     drive direction=backward speed=75
2026-06-27 20:23:06.183  INFO     steer angle=-30
2026-06-27 20:23:06.185  INFO     drive direction=backward speed=75
2026-06-27 20:23:06.239  INFO     steer angle=-30
2026-06-27 20:23:06.241  INFO     drive direction=backward speed=75
2026-06-27 20:23:06.284  INFO     steer angle=-30
2026-06-27 20:23:06.285  INFO     drive direction=backward speed=75
2026-06-27 20:23:06.341  INFO     steer angle=-30
2026-06-27 20:23:06.343  INFO     drive direction=backward speed=75
2026-06-27 20:23:06.364  INFO     steer angle=0
2026-06-27 20:23:06.366  INFO     drive direction=backward speed=75
2026-06-27 20:23:06.388  INFO     steer angle=0
2026-06-27 20:23:06.389  INFO     drive direction=backward speed=75
2026-06-27 20:23:06.487  INFO     steer angle=0
2026-06-27 20:23:06.488  INFO     drive direction=backward speed=75
2026-06-27 20:23:06.572  INFO     steer angle=0
2026-06-27 20:23:06.574  INFO     drive direction=stop speed=0
2026-06-27 20:23:07.108  DEBUG    heartbeat from 192.168.1.151
2026-06-27 20:23:07.984  INFO     steer angle=-30
2026-06-27 20:23:07.986  INFO     drive direction=stop speed=0
2026-06-27 20:23:08.010  INFO     steer angle=-30
2026-06-27 20:23:08.012  INFO     drive direction=backward speed=75
2026-06-27 20:23:08.084  INFO     steer angle=-30
2026-06-27 20:23:08.086  INFO     drive direction=backward speed=75
2026-06-27 20:23:08.108  DEBUG    heartbeat from 192.168.1.151
2026-06-27 20:23:08.109  INFO     steer angle=-30
2026-06-27 20:23:08.111  INFO     drive direction=backward speed=75
2026-06-27 20:23:08.184  INFO     steer angle=-30
2026-06-27 20:23:08.185  INFO     drive direction=backward speed=75
2026-06-27 20:23:08.209  INFO     steer angle=-30
2026-06-27 20:23:08.211  INFO     drive direction=backward speed=75
2026-06-27 20:23:08.254  INFO     steer angle=0
2026-06-27 20:23:08.255  INFO     drive direction=backward speed=75
2026-06-27 20:23:08.279  INFO     steer angle=0
2026-06-27 20:23:08.280  INFO     drive direction=stop speed=0
2026-06-27 20:23:08.820  INFO     steer angle=30
2026-06-27 20:23:08.822  INFO     drive direction=stop speed=0
2026-06-27 20:23:08.851  INFO     steer angle=30
2026-06-27 20:23:08.853  INFO     drive direction=backward speed=75
2026-06-27 20:23:08.918  INFO     steer angle=30
2026-06-27 20:23:08.920  INFO     drive direction=backward speed=75
2026-06-27 20:23:08.951  INFO     steer angle=30
2026-06-27 20:23:08.952  INFO     drive direction=backward speed=75
2026-06-27 20:23:09.018  INFO     steer angle=30
2026-06-27 20:23:09.019  INFO     drive direction=backward speed=75
2026-06-27 20:23:09.051  INFO     steer angle=30
2026-06-27 20:23:09.052  INFO     drive direction=backward speed=75
2026-06-27 20:23:09.108  DEBUG    heartbeat from 192.168.1.151
2026-06-27 20:23:09.118  INFO     steer angle=30
2026-06-27 20:23:09.120  INFO     drive direction=backward speed=75
2026-06-27 20:23:09.151  INFO     steer angle=30
2026-06-27 20:23:09.153  INFO     drive direction=backward speed=75
2026-06-27 20:23:09.159  INFO     steer angle=0
2026-06-27 20:23:09.160  INFO     drive direction=backward speed=75
2026-06-27 20:23:09.215  INFO     steer angle=0
2026-06-27 20:23:09.217  INFO     drive direction=stop speed=0
2026-06-27 20:23:09.610  INFO     steer angle=30
2026-06-27 20:23:09.611  INFO     drive direction=stop speed=0
2026-06-27 20:23:09.663  INFO     steer angle=30
2026-06-27 20:23:09.665  INFO     drive direction=backward speed=75
2026-06-27 20:23:09.710  INFO     steer angle=30
2026-06-27 20:23:09.712  INFO     drive direction=backward speed=75
2026-06-27 20:23:09.765  INFO     steer angle=30
2026-06-27 20:23:09.767  INFO     drive direction=backward speed=75
2026-06-27 20:23:09.810  INFO     steer angle=30
2026-06-27 20:23:09.823  INFO     drive direction=backward speed=75
2026-06-27 20:23:09.865  INFO     steer angle=30
2026-06-27 20:23:09.866  INFO     drive direction=backward speed=75
2026-06-27 20:23:09.910  INFO     steer angle=30
2026-06-27 20:23:09.911  INFO     drive direction=backward speed=75
2026-06-27 20:23:09.966  INFO     steer angle=30
2026-06-27 20:23:09.968  INFO     drive direction=backward speed=75
2026-06-27 20:23:10.010  INFO     steer angle=30
2026-06-27 20:23:10.012  INFO     drive direction=backward speed=75
2026-06-27 20:23:10.069  INFO     steer angle=30
2026-06-27 20:23:10.071  INFO     drive direction=backward speed=75
2026-06-27 20:23:10.108  DEBUG    heartbeat from 192.168.1.151
2026-06-27 20:23:10.110  INFO     steer angle=30
2026-06-27 20:23:10.112  INFO     drive direction=backward speed=75
2026-06-27 20:23:10.168  INFO     steer angle=0
2026-06-27 20:23:10.171  INFO     drive direction=backward speed=75
2026-06-27 20:23:10.183  INFO     steer angle=0
2026-06-27 20:23:10.184  INFO     drive direction=stop speed=0
2026-06-27 20:23:11.111  DEBUG    heartbeat from 192.168.1.151
2026-06-27 20:23:11.352  INFO     steer angle=30
2026-06-27 20:23:11.353  INFO     drive direction=stop speed=0
2026-06-27 20:23:11.360  INFO     steer angle=30
2026-06-27 20:23:11.362  INFO     drive direction=forward speed=75
2026-06-27 20:23:11.452  INFO     steer angle=30
2026-06-27 20:23:11.454  INFO     drive direction=forward speed=75
2026-06-27 20:23:11.457  INFO     steer angle=30
2026-06-27 20:23:11.459  INFO     drive direction=forward speed=75
2026-06-27 20:23:11.552  INFO     steer angle=30
2026-06-27 20:23:11.554  INFO     drive direction=forward speed=75
2026-06-27 20:23:11.557  INFO     steer angle=30
2026-06-27 20:23:11.558  INFO     drive direction=forward speed=75
2026-06-27 20:23:11.635  INFO     steer angle=30
2026-06-27 20:23:11.637  INFO     drive direction=stop speed=0
2026-06-27 20:23:11.644  INFO     steer angle=0
2026-06-27 20:23:11.645  INFO     drive direction=stop speed=0
2026-06-27 20:23:12.113  DEBUG    heartbeat from 192.168.1.151
2026-06-27 20:23:13.108  DEBUG    heartbeat from 192.168.1.151
2026-06-27 20:23:13.578  INFO     steer angle=0
2026-06-27 20:23:13.579  INFO     drive direction=forward speed=75
2026-06-27 20:23:13.681  INFO     steer angle=0
2026-06-27 20:23:13.683  INFO     drive direction=forward speed=75
2026-06-27 20:23:13.780  INFO     steer angle=0
2026-06-27 20:23:13.783  INFO     drive direction=forward speed=75
2026-06-27 20:23:13.882  INFO     steer angle=0
2026-06-27 20:23:13.884  INFO     drive direction=forward speed=75
2026-06-27 20:23:13.899  INFO     steer angle=0
2026-06-27 20:23:13.901  INFO     drive direction=stop speed=0
2026-06-27 20:23:14.111  DEBUG    heartbeat from 192.168.1.151
2026-06-27 20:23:14.158  INFO     steer angle=0
2026-06-27 20:23:14.160  INFO     drive direction=forward speed=75
2026-06-27 20:23:14.251  INFO     steer angle=30
2026-06-27 20:23:14.252  INFO     drive direction=forward speed=75
2026-06-27 20:23:14.267  INFO     steer angle=30
2026-06-27 20:23:14.269  INFO     drive direction=forward speed=75
2026-06-27 20:23:14.352  INFO     steer angle=30
2026-06-27 20:23:14.354  INFO     drive direction=forward speed=75
2026-06-27 20:23:14.358  INFO     steer angle=30
2026-06-27 20:23:14.360  INFO     drive direction=forward speed=75
2026-06-27 20:23:14.451  INFO     steer angle=30
2026-06-27 20:23:14.452  INFO     drive direction=forward speed=75
2026-06-27 20:23:14.458  INFO     steer angle=30
2026-06-27 20:23:14.460  INFO     drive direction=forward speed=75
2026-06-27 20:23:14.551  INFO     steer angle=30
2026-06-27 20:23:14.552  INFO     drive direction=forward speed=75
2026-06-27 20:23:14.558  INFO     steer angle=30
2026-06-27 20:23:14.560  INFO     drive direction=forward speed=75
2026-06-27 20:23:14.568  INFO     steer angle=0
2026-06-27 20:23:14.569  INFO     drive direction=forward speed=75
2026-06-27 20:23:14.582  INFO     steer angle=0
2026-06-27 20:23:14.584  INFO     drive direction=stop speed=0
2026-06-27 20:23:15.108  DEBUG    heartbeat from 192.168.1.151
2026-06-27 20:23:15.143  INFO     steer angle=0
2026-06-27 20:23:15.144  INFO     drive direction=forward speed=75
2026-06-27 20:23:15.160  INFO     steer angle=-30
2026-06-27 20:23:15.162  INFO     drive direction=forward speed=75
2026-06-27 20:23:15.243  INFO     steer angle=-30
2026-06-27 20:23:15.244  INFO     drive direction=forward speed=75
2026-06-27 20:23:15.265  INFO     steer angle=-30
2026-06-27 20:23:15.267  INFO     drive direction=forward speed=75
2026-06-27 20:23:15.343  INFO     steer angle=-30
2026-06-27 20:23:15.354  INFO     drive direction=forward speed=75
2026-06-27 20:23:15.363  INFO     steer angle=-30
2026-06-27 20:23:15.365  INFO     drive direction=forward speed=75
2026-06-27 20:23:15.440  INFO     steer angle=0
2026-06-27 20:23:15.441  INFO     drive direction=forward speed=75
2026-06-27 20:23:15.449  INFO     steer angle=0
2026-06-27 20:23:15.450  INFO     drive direction=forward speed=75
2026-06-27 20:23:15.470  INFO     steer angle=0
2026-06-27 20:23:15.472  INFO     drive direction=stop speed=0
2026-06-27 20:23:16.108  DEBUG    heartbeat from 192.168.1.151
2026-06-27 20:23:16.554  INFO     steer angle=0
2026-06-27 20:23:16.555  INFO     drive direction=backward speed=75
2026-06-27 20:23:16.653  INFO     steer angle=0
2026-06-27 20:23:16.655  INFO     drive direction=backward speed=75
2026-06-27 20:23:16.753  INFO     steer angle=0
2026-06-27 20:23:16.754  INFO     drive direction=backward speed=75
2026-06-27 20:23:16.855  INFO     steer angle=0
2026-06-27 20:23:16.856  INFO     drive direction=backward speed=75
2026-06-27 20:23:16.954  INFO     steer angle=0
2026-06-27 20:23:16.956  INFO     drive direction=backward speed=75
2026-06-27 20:23:17.004  INFO     steer angle=0
2026-06-27 20:23:17.006  INFO     drive direction=stop speed=0
2026-06-27 20:23:17.107  DEBUG    heartbeat from 192.168.1.151
2026-06-27 20:23:17.194  INFO     steer angle=0
2026-06-27 20:23:17.196  INFO     drive direction=backward speed=75
2026-06-27 20:23:17.294  INFO     steer angle=0
2026-06-27 20:23:17.296  INFO     drive direction=backward speed=75
2026-06-27 20:23:17.395  INFO     steer angle=0
2026-06-27 20:23:17.396  INFO     drive direction=backward speed=75
2026-06-27 20:23:17.494  INFO     steer angle=0
2026-06-27 20:23:17.496  INFO     drive direction=backward speed=75
2026-06-27 20:23:17.594  INFO     steer angle=0
2026-06-27 20:23:17.596  INFO     drive direction=backward speed=75
2026-06-27 20:23:17.701  INFO     steer angle=0
2026-06-27 20:23:17.703  INFO     drive direction=backward speed=75
2026-06-27 20:23:17.799  INFO     steer angle=0
2026-06-27 20:23:17.801  INFO     drive direction=backward speed=75
2026-06-27 20:23:17.898  INFO     steer angle=0
2026-06-27 20:23:17.900  INFO     drive direction=backward speed=75
2026-06-27 20:23:17.998  INFO     steer angle=0
2026-06-27 20:23:17.999  INFO     drive direction=backward speed=75
2026-06-27 20:23:18.099  INFO     steer angle=0
2026-06-27 20:23:18.101  INFO     drive direction=backward speed=75
2026-06-27 20:23:18.113  DEBUG    heartbeat from 192.168.1.151
2026-06-27 20:23:18.153  INFO     steer angle=0
2026-06-27 20:23:18.154  INFO     drive direction=stop speed=0
2026-06-27 20:23:18.719  INFO     steer angle=0
2026-06-27 20:23:18.722  INFO     drive direction=forward speed=75
2026-06-27 20:23:18.819  INFO     steer angle=0
2026-06-27 20:23:18.820  INFO     drive direction=forward speed=75
2026-06-27 20:23:18.919  INFO     steer angle=0
2026-06-27 20:23:18.921  INFO     drive direction=forward speed=75
2026-06-27 20:23:19.020  INFO     steer angle=0
2026-06-27 20:23:19.022  INFO     drive direction=forward speed=75
2026-06-27 20:23:19.111  DEBUG    heartbeat from 192.168.1.151
2026-06-27 20:23:19.120  INFO     steer angle=0
2026-06-27 20:23:19.121  INFO     drive direction=forward speed=75
2026-06-27 20:23:19.177  INFO     steer angle=30
2026-06-27 20:23:19.179  INFO     drive direction=forward speed=75
2026-06-27 20:23:19.222  INFO     steer angle=30
2026-06-27 20:23:19.224  INFO     drive direction=forward speed=75
2026-06-27 20:23:19.278  INFO     steer angle=30
2026-06-27 20:23:19.280  INFO     drive direction=forward speed=75
2026-06-27 20:23:19.323  INFO     steer angle=30
2026-06-27 20:23:19.326  INFO     drive direction=forward speed=75
2026-06-27 20:23:19.378  INFO     steer angle=30
2026-06-27 20:23:19.380  INFO     drive direction=forward speed=75
2026-06-27 20:23:19.426  INFO     steer angle=30
2026-06-27 20:23:19.428  INFO     drive direction=forward speed=75
2026-06-27 20:23:19.478  INFO     steer angle=30
2026-06-27 20:23:19.480  INFO     drive direction=forward speed=75
2026-06-27 20:23:19.522  INFO     steer angle=30
2026-06-27 20:23:19.525  INFO     drive direction=forward speed=75
2026-06-27 20:23:19.558  INFO     steer angle=0
2026-06-27 20:23:19.560  INFO     drive direction=forward speed=75
2026-06-27 20:23:19.623  INFO     steer angle=0
2026-06-27 20:23:19.625  INFO     drive direction=forward speed=75
2026-06-27 20:23:19.722  INFO     steer angle=0
2026-06-27 20:23:19.723  INFO     drive direction=forward speed=75
2026-06-27 20:23:19.733  INFO     steer angle=-30
2026-06-27 20:23:19.735  INFO     drive direction=forward speed=75
2026-06-27 20:23:19.820  INFO     steer angle=-30
2026-06-27 20:23:19.822  INFO     drive direction=forward speed=75
2026-06-27 20:23:19.840  INFO     steer angle=-30
2026-06-27 20:23:19.842  INFO     drive direction=forward speed=75
2026-06-27 20:23:19.919  INFO     steer angle=-30
2026-06-27 20:23:19.920  INFO     drive direction=forward speed=75
2026-06-27 20:23:19.933  INFO     steer angle=-30
2026-06-27 20:23:19.935  INFO     drive direction=forward speed=75
2026-06-27 20:23:20.019  INFO     steer angle=-30
2026-06-27 20:23:20.021  INFO     drive direction=forward speed=75
2026-06-27 20:23:20.035  INFO     steer angle=-30
2026-06-27 20:23:20.036  INFO     drive direction=forward speed=75
2026-06-27 20:23:20.108  DEBUG    heartbeat from 192.168.1.151
2026-06-27 20:23:20.119  INFO     steer angle=-30
2026-06-27 20:23:20.124  INFO     drive direction=forward speed=75
2026-06-27 20:23:20.135  INFO     steer angle=-30
2026-06-27 20:23:20.136  INFO     drive direction=forward speed=75
2026-06-27 20:23:20.219  INFO     steer angle=-30
2026-06-27 20:23:20.220  INFO     drive direction=forward speed=75
2026-06-27 20:23:20.246  INFO     steer angle=-30
2026-06-27 20:23:20.248  INFO     drive direction=forward speed=75
2026-06-27 20:23:20.313  INFO     steer angle=-30
2026-06-27 20:23:20.314  INFO     drive direction=stop speed=0
2026-06-27 20:23:20.335  INFO     steer angle=-30
2026-06-27 20:23:20.337  INFO     drive direction=stop speed=0
2026-06-27 20:23:20.345  INFO     steer angle=0
2026-06-27 20:23:20.346  INFO     drive direction=stop speed=0
2026-06-27 20:23:20.364  DEBUG    capture->chaser active
2026-06-27 20:23:21.108  DEBUG    heartbeat from 192.168.1.151
2026-06-27 20:23:22.108  DEBUG    heartbeat from 192.168.1.151
2026-06-27 20:23:23.109  DEBUG    heartbeat from 192.168.1.151
2026-06-27 20:23:24.115  DEBUG    heartbeat from 192.168.1.151
2026-06-27 20:23:25.108  DEBUG    heartbeat from 192.168.1.151
2026-06-27 20:23:26.109  DEBUG    heartbeat from 192.168.1.151
2026-06-27 20:23:27.034  INFO     tag_chase stop
2026-06-27 20:23:27.106  DEBUG    heartbeat from 192.168.1.151
2026-06-27 20:23:28.107  DEBUG    heartbeat from 192.168.1.151
2026-06-27 20:23:29.109  DEBUG    heartbeat from 192.168.1.151
2026-06-27 20:23:30.108  DEBUG    heartbeat from 192.168.1.151
2026-06-27 20:23:30.556  INFO     gimbal axis=pan angle=0
2026-06-27 20:23:30.558  INFO     gimbal axis=tilt angle=0
2026-06-27 20:23:30.596  INFO     WebSocket disconnected from 192.168.1.151
2026-06-27 20:23:30.614  INFO     WebSocket connected from 192.168.1.151
2026-06-27 20:23:31.607  DEBUG    heartbeat from 192.168.1.151
2026-06-27 20:23:32.607  DEBUG    heartbeat from 192.168.1.151
2026-06-27 20:23:33.608  DEBUG    heartbeat from 192.168.1.151
2026-06-27 20:23:33.797  INFO     shutdown command from 192.168.1.151
2026-06-27 20:23:33.798  INFO     Graceful shutdown initiated — stopping hardware
2026-06-27 20:23:34.036  INFO     WebSocket disconnected from 192.168.1.151
2026-06-27 20:23:34.137  INFO     Signal 15 received — releasing hardware
