2026-06-14 17:47:39.942 [INFO ] [marker_detector] cycle_file_open cycle=0 file=cycle_0_raw_174739.json
2026-06-14 17:47:39.942 [INFO ] [marker_detector] manual_track_start cycle=0
2026-06-14 17:47:39.980 [INFO ] [marker_detector] manual_track world_acquired cycle=0
2026-06-14 17:47:47.709 [INFO ] [marker_detector] manual_track world_lost cycle=0 — TF gap open
2026-06-14 17:47:47.848 [INFO ] [marker_detector] manual_track world_acquired cycle=0
2026-06-14 17:47:47.916 [INFO ] [marker_detector] manual_track world_lost cycle=0 — TF gap open
2026-06-14 17:47:48.083 [INFO ] [marker_detector] manual_track world_acquired cycle=0
2026-06-14 17:47:48.111 [INFO ] [marker_detector] manual_track world_lost cycle=0 — TF gap open
2026-06-14 17:47:48.181 [INFO ] [marker_detector] manual_track world_acquired cycle=0
2026-06-14 17:47:48.215 [INFO ] [marker_detector] manual_track world_lost cycle=0 — TF gap open
2026-06-14 17:47:48.913 [INFO ] [marker_detector] manual_track world_acquired cycle=0
2026-06-14 17:47:49.009 [INFO ] [marker_detector] manual_track world_lost cycle=0 — TF gap open
2026-06-14 17:47:49.153 [INFO ] [marker_detector] manual_track world_acquired cycle=0
2026-06-14 17:47:49.213 [INFO ] [marker_detector] manual_track world_lost cycle=0 — TF gap open
2026-06-14 17:47:49.246 [INFO ] [marker_detector] manual_track world_acquired cycle=0
2026-06-14 17:47:49.351 [INFO ] [marker_detector] manual_track world_lost cycle=0 — TF gap open
2026-06-14 17:47:49.379 [INFO ] [marker_detector] manual_track world_acquired cycle=0
2026-06-14 17:47:49.641 [INFO ] [marker_detector] manual_track world_lost cycle=0 — TF gap open
2026-06-14 17:47:49.813 [INFO ] [marker_detector] manual_track world_acquired cycle=0
2026-06-14 17:47:49.842 [INFO ] [marker_detector] manual_track world_lost cycle=0 — TF gap open
2026-06-14 17:47:49.881 [INFO ] [marker_detector] manual_track world_acquired cycle=0
2026-06-14 17:47:49.913 [INFO ] [marker_detector] manual_track world_lost cycle=0 — TF gap open
2026-06-14 17:47:49.945 [INFO ] [marker_detector] manual_track world_acquired cycle=0
2026-06-14 17:47:50.078 [INFO ] [marker_detector] manual_track world_lost cycle=0 — TF gap open
2026-06-14 17:47:50.113 [INFO ] [marker_detector] manual_track world_acquired cycle=0
2026-06-14 17:47:50.174 [INFO ] [marker_detector] manual_track world_lost cycle=0 — TF gap open
2026-06-14 17:47:50.331 [INFO ] [marker_detector] manual_track world_acquired cycle=0
2026-06-14 17:47:50.358 [INFO ] [marker_detector] manual_track world_lost cycle=0 — TF gap open
2026-06-14 17:47:50.432 [INFO ] [marker_detector] manual_track world_acquired cycle=0
2026-06-14 17:47:50.462 [INFO ] [marker_detector] manual_track world_lost cycle=0 — TF gap open
2026-06-14 17:47:50.483 [INFO ] [marker_detector] manual_track world_acquired cycle=0
2026-06-14 17:47:50.511 [INFO ] [marker_detector] manual_track world_lost cycle=0 — TF gap open
2026-06-14 17:47:50.544 [INFO ] [marker_detector] manual_track world_acquired cycle=0
2026-06-14 17:47:50.643 [INFO ] [marker_detector] manual_track world_lost cycle=0 — TF gap open
2026-06-14 17:47:50.712 [INFO ] [marker_detector] manual_track world_acquired cycle=0
2026-06-14 17:47:50.742 [INFO ] [marker_detector] manual_track world_lost cycle=0 — TF gap open
2026-06-14 17:47:51.077 [INFO ] [marker_detector] manual_track world_acquired cycle=0
2026-06-14 17:47:51.707 [INFO ] [marker_detector] manual_track world_lost cycle=0 — TF gap open
2026-06-14 17:47:52.142 [INFO ] [marker_detector] manual_track world_acquired cycle=0
2026-06-14 17:47:52.671 [INFO ] [marker_detector] manual_track world_lost cycle=0 — TF gap open
2026-06-14 17:47:52.744 [INFO ] [marker_detector] manual_track world_acquired cycle=0
2026-06-14 17:47:52.838 [INFO ] [marker_detector] manual_track world_lost cycle=0 — TF gap open
2026-06-14 17:47:52.877 [INFO ] [marker_detector] manual_track world_acquired cycle=0
2026-06-14 17:47:54.040 [INFO ] [marker_detector] manual_track world_lost cycle=0 — TF gap open
2026-06-14 17:47:54.073 [INFO ] [marker_detector] manual_track world_acquired cycle=0
2026-06-14 17:47:54.304 [INFO ] [marker_detector] manual_track world_lost cycle=0 — TF gap open
2026-06-14 17:47:54.340 [INFO ] [marker_detector] manual_track world_acquired cycle=0
2026-06-14 17:47:56.503 [INFO ] [marker_detector] manual_track world_lost cycle=0 — TF gap open
2026-06-14 17:47:56.539 [INFO ] [marker_detector] manual_track world_acquired cycle=0
2026-06-14 17:47:58.866 [INFO ] [marker_detector] manual_track world_lost cycle=0 — TF gap open
2026-06-14 17:47:58.904 [INFO ] [marker_detector] manual_track world_acquired cycle=0
2026-06-14 17:47:58.936 [INFO ] [marker_detector] manual_track world_lost cycle=0 — TF gap open
2026-06-14 17:47:58.971 [INFO ] [marker_detector] manual_track world_acquired cycle=0
2026-06-14 17:47:59.335 [INFO ] [marker_detector] manual_track world_lost cycle=0 — TF gap open
2026-06-14 17:47:59.372 [INFO ] [marker_detector] manual_track world_acquired cycle=0
2026-06-14 17:47:59.633 [INFO ] [marker_detector] manual_track world_lost cycle=0 — TF gap open
2026-06-14 17:47:59.671 [INFO ] [marker_detector] manual_track world_acquired cycle=0
2026-06-14 17:47:59.699 [INFO ] [marker_detector] manual_track world_lost cycle=0 — TF gap open
2026-06-14 17:47:59.804 [INFO ] [marker_detector] manual_track world_acquired cycle=0
2026-06-14 17:48:00.611 [INFO ] [marker_detector] manual_track world_lost cycle=0 — TF gap open
2026-06-14 17:48:00.673 [INFO ] [marker_detector] manual_track world_acquired cycle=0
2026-06-14 17:48:00.769 [INFO ] [marker_detector] manual_track world_lost cycle=0 — TF gap open
2026-06-14 17:48:00.904 [INFO ] [marker_detector] manual_track world_acquired cycle=0
2026-06-14 17:48:00.998 [INFO ] [marker_detector] manual_track world_lost cycle=0 — TF gap open
2026-06-14 17:48:01.237 [INFO ] [marker_detector] manual_track world_acquired cycle=0
2026-06-14 17:48:01.631 [INFO ] [marker_detector] manual_track world_lost cycle=0 — TF gap open
2026-06-14 17:48:01.701 [INFO ] [marker_detector] manual_track world_acquired cycle=0
2026-06-14 17:48:01.731 [INFO ] [marker_detector] manual_track world_lost cycle=0 — TF gap open
2026-06-14 17:48:01.774 [INFO ] [marker_detector] manual_track world_acquired cycle=0
2026-06-14 17:48:01.798 [INFO ] [marker_detector] manual_track world_lost cycle=0 — TF gap open
2026-06-14 17:48:01.901 [INFO ] [marker_detector] manual_track world_acquired cycle=0
2026-06-14 17:48:01.931 [INFO ] [marker_detector] manual_track world_lost cycle=0 — TF gap open
2026-06-14 17:48:02.036 [INFO ] [marker_detector] manual_track world_acquired cycle=0
2026-06-14 17:48:02.468 [INFO ] [marker_detector] manual_track world_lost cycle=0 — TF gap open
2026-06-14 17:48:02.535 [INFO ] [marker_detector] manual_track world_acquired cycle=0
2026-06-14 17:48:02.632 [INFO ] [marker_detector] manual_track world_lost cycle=0 — TF gap open
2026-06-14 17:48:02.668 [INFO ] [marker_detector] manual_track world_acquired cycle=0
2026-06-14 17:48:02.796 [INFO ] [marker_detector] manual_track world_lost cycle=0 — TF gap open
2026-06-14 17:48:02.839 [INFO ] [marker_detector] manual_track world_acquired cycle=0
2026-06-14 17:48:02.862 [INFO ] [marker_detector] manual_track world_lost cycle=0 — TF gap open
2026-06-14 17:48:02.966 [INFO ] [marker_detector] manual_track world_acquired cycle=0
2026-06-14 17:48:03.068 [INFO ] [marker_detector] manual_track world_lost cycle=0 — TF gap open
2026-06-14 17:48:03.102 [INFO ] [marker_detector] manual_track world_acquired cycle=0
2026-06-14 17:48:03.132 [INFO ] [marker_detector] manual_track world_lost cycle=0 — TF gap open
2026-06-14 17:48:03.200 [INFO ] [marker_detector] manual_track world_acquired cycle=0
2026-06-14 17:48:03.467 [INFO ] [marker_detector] manual_track world_lost cycle=0 — TF gap open
2026-06-14 17:48:03.533 [INFO ] [marker_detector] manual_track world_acquired cycle=0
2026-06-14 17:48:03.729 [INFO ] [marker_detector] manual_track world_lost cycle=0 — TF gap open
2026-06-14 17:48:03.767 [INFO ] [marker_detector] manual_track world_acquired cycle=0
2026-06-14 17:48:03.928 [INFO ] [marker_detector] manual_track world_lost cycle=0 — TF gap open
2026-06-14 17:48:04.034 [INFO ] [marker_detector] manual_track world_acquired cycle=0
2026-06-14 17:48:04.599 [INFO ] [marker_detector] manual_track world_lost cycle=0 — TF gap open
2026-06-14 17:48:04.635 [INFO ] [marker_detector] manual_track world_acquired cycle=0
2026-06-14 17:48:04.765 [INFO ] [marker_detector] manual_track world_lost cycle=0 — TF gap open
2026-06-14 17:48:04.966 [INFO ] [marker_detector] manual_track world_acquired cycle=0
2026-06-14 17:48:04.996 [INFO ] [marker_detector] manual_track world_lost cycle=0 — TF gap open
2026-06-14 17:48:05.716 [INFO ] [marker_detector] manual_track world_acquired cycle=0
2026-06-14 17:48:05.777 [INFO ] [marker_detector] manual_track world_lost cycle=0 — TF gap open
2026-06-14 17:48:05.812 [INFO ] [marker_detector] manual_track world_acquired cycle=0
2026-06-14 17:48:06.595 [INFO ] [marker_detector] manual_track world_lost cycle=0 — TF gap open
2026-06-14 17:48:07.464 [INFO ] [marker_detector] manual_track world_acquired cycle=0
2026-06-14 17:48:07.760 [INFO ] [marker_detector] manual_track world_lost cycle=0 — TF gap open
2026-06-14 17:48:07.797 [INFO ] [marker_detector] manual_track world_acquired cycle=0
2026-06-14 17:48:07.963 [INFO ] [marker_detector] manual_track world_lost cycle=0 — TF gap open
2026-06-14 17:48:07.997 [INFO ] [marker_detector] manual_track world_acquired cycle=0
2026-06-14 17:48:08.026 [INFO ] [marker_detector] manual_track world_lost cycle=0 — TF gap open
2026-06-14 17:48:08.063 [INFO ] [marker_detector] manual_track world_acquired cycle=0
2026-06-14 17:48:08.193 [INFO ] [marker_detector] manual_track world_lost cycle=0 — TF gap open
2026-06-14 17:48:08.230 [INFO ] [marker_detector] manual_track world_acquired cycle=0
2026-06-14 17:48:08.358 [INFO ] [marker_detector] manual_track world_lost cycle=0 — TF gap open
2026-06-14 17:48:08.397 [INFO ] [marker_detector] manual_track world_acquired cycle=0
2026-06-14 17:48:08.426 [INFO ] [marker_detector] manual_track world_lost cycle=0 — TF gap open
2026-06-14 17:48:08.463 [INFO ] [marker_detector] manual_track world_acquired cycle=0
2026-06-14 17:48:08.496 [INFO ] [marker_detector] manual_track world_lost cycle=0 — TF gap open
2026-06-14 17:48:08.568 [INFO ] [marker_detector] manual_track world_acquired cycle=0
2026-06-14 17:48:08.790 [INFO ] [marker_detector] manual_track world_lost cycle=0 — TF gap open
2026-06-14 17:48:08.830 [INFO ] [marker_detector] manual_track world_acquired cycle=0
2026-06-14 17:48:08.927 [INFO ] [marker_detector] manual_track world_lost cycle=0 — TF gap open
2026-06-14 17:48:08.960 [INFO ] [marker_detector] manual_track world_acquired cycle=0
2026-06-14 17:48:09.590 [INFO ] [marker_detector] manual_track world_lost cycle=0 — TF gap open
2026-06-14 17:48:09.625 [INFO ] [marker_detector] manual_track world_acquired cycle=0
2026-06-14 17:48:10.761 [INFO ] [marker_detector] manual_track world_lost cycle=0 — TF gap open
2026-06-14 17:48:10.810 [INFO ] [marker_detector] manual_track world_acquired cycle=0
2026-06-14 17:48:10.841 [INFO ] [marker_detector] manual_track world_lost cycle=0 — TF gap open
2026-06-14 17:48:11.125 [INFO ] [marker_detector] manual_track world_acquired cycle=0
2026-06-14 17:48:11.188 [INFO ] [marker_detector] manual_track world_lost cycle=0 — TF gap open
2026-06-14 17:48:11.294 [INFO ] [marker_detector] manual_track world_acquired cycle=0
2026-06-14 17:48:11.426 [INFO ] [marker_detector] manual_track world_lost cycle=0 — TF gap open
2026-06-14 17:48:11.461 [INFO ] [marker_detector] manual_track world_acquired cycle=0
2026-06-14 17:48:11.499 [INFO ] [marker_detector] manual_track world_lost cycle=0 — TF gap open
2026-06-14 17:48:11.526 [INFO ] [marker_detector] manual_track world_acquired cycle=0
2026-06-14 17:48:11.562 [INFO ] [marker_detector] manual_track world_lost cycle=0 — TF gap open
2026-06-14 17:48:11.595 [INFO ] [marker_detector] manual_track world_acquired cycle=0
2026-06-14 17:48:11.697 [INFO ] [marker_detector] manual_track world_lost cycle=0 — TF gap open
2026-06-14 17:48:11.726 [INFO ] [marker_detector] manual_track world_acquired cycle=0
2026-06-14 17:48:11.758 [INFO ] [marker_detector] manual_track world_lost cycle=0 — TF gap open
2026-06-14 17:48:11.828 [INFO ] [marker_detector] manual_track world_acquired cycle=0
2026-06-14 17:48:11.894 [INFO ] [marker_detector] manual_track world_lost cycle=0 — TF gap open
2026-06-14 17:48:11.931 [INFO ] [marker_detector] manual_track world_acquired cycle=0
2026-06-14 17:48:11.958 [INFO ] [marker_detector] manual_track world_lost cycle=0 — TF gap open
2026-06-14 17:48:12.193 [INFO ] [marker_detector] manual_track world_acquired cycle=0
2026-06-14 17:48:12.223 [INFO ] [marker_detector] manual_track world_lost cycle=0 — TF gap open
2026-06-14 17:48:12.260 [INFO ] [marker_detector] manual_track world_acquired cycle=0
2026-06-14 17:48:12.291 [INFO ] [marker_detector] manual_track world_lost cycle=0 — TF gap open
2026-06-14 17:48:12.427 [INFO ] [marker_detector] manual_track world_acquired cycle=0
2026-06-14 17:48:12.456 [INFO ] [marker_detector] manual_track world_lost cycle=0 — TF gap open
2026-06-14 17:48:17.922 [INFO ] [marker_detector] manual_track world_acquired cycle=0
2026-06-14 17:48:17.950 [INFO ] [marker_detector] manual_track world_lost cycle=0 — TF gap open
2026-06-14 17:48:17.988 [INFO ] [marker_detector] manual_track world_acquired cycle=0
2026-06-14 17:48:18.054 [INFO ] [marker_detector] manual_track world_lost cycle=0 — TF gap open
2026-06-14 17:48:18.088 [INFO ] [marker_detector] manual_track world_acquired cycle=0
2026-06-14 17:48:18.119 [INFO ] [marker_detector] manual_track world_lost cycle=0 — TF gap open
2026-06-14 17:48:18.155 [INFO ] [marker_detector] manual_track world_acquired cycle=0
2026-06-14 17:48:18.186 [INFO ] [marker_detector] manual_track world_lost cycle=0 — TF gap open
2026-06-14 17:48:18.221 [INFO ] [marker_detector] manual_track world_acquired cycle=0
2026-06-14 17:48:20.682 [INFO ] [marker_detector] manual_track world_lost cycle=0 — TF gap open
2026-06-14 17:48:22.031 [INFO ] [marker_detector] manual_track world_acquired cycle=0
2026-06-14 17:48:22.057 [INFO ] [marker_detector] manual_track world_lost cycle=0 — TF gap open
2026-06-14 17:48:50.364 [INFO ] [marker_detector] manual_track world_acquired cycle=0
2026-06-14 17:48:50.389 [INFO ] [marker_detector] manual_track world_lost cycle=0 — TF gap open
2026-06-14 17:48:52.124 [INFO ] [marker_detector] manual_track world_acquired cycle=0
2026-06-14 17:48:52.221 [INFO ] [marker_detector] manual_track world_lost cycle=0 — TF gap open
2026-06-14 17:48:52.259 [INFO ] [marker_detector] manual_track world_acquired cycle=0
2026-06-14 17:48:52.287 [INFO ] [marker_detector] manual_track world_lost cycle=0 — TF gap open
2026-06-14 17:48:52.523 [INFO ] [marker_detector] manual_track world_acquired cycle=0
2026-06-14 17:48:53.485 [INFO ] [marker_detector] manual_track world_lost cycle=0 — TF gap open
2026-06-14 17:48:53.688 [INFO ] [marker_detector] manual_track world_acquired cycle=0
2026-06-14 17:48:53.719 [INFO ] [marker_detector] manual_track world_lost cycle=0 — TF gap open
2026-06-14 17:48:54.305 [INFO ] [marker_detector] manual_track world_acquired cycle=0
2026-06-14 17:48:54.788 [INFO ] [marker_detector] manual_track world_lost cycle=0 — TF gap open
2026-06-14 17:48:54.822 [INFO ] [marker_detector] manual_track world_acquired cycle=0
2026-06-14 17:48:55.251 [INFO ] [marker_detector] manual_track world_lost cycle=0 — TF gap open
2026-06-14 17:48:55.289 [INFO ] [marker_detector] manual_track world_acquired cycle=0
2026-06-14 17:48:55.318 [INFO ] [marker_detector] manual_track world_lost cycle=0 — TF gap open
2026-06-14 17:48:57.386 [INFO ] [marker_detector] manual_track world_acquired cycle=0
2026-06-14 17:48:57.450 [INFO ] [marker_detector] manual_track world_lost cycle=0 — TF gap open
2026-06-14 17:48:57.487 [INFO ] [marker_detector] manual_track world_acquired cycle=0
2026-06-14 17:48:57.550 [INFO ] [marker_detector] manual_track world_lost cycle=0 — TF gap open
2026-06-14 17:48:58.452 [INFO ] [marker_detector] manual_track world_acquired cycle=0
2026-06-14 17:48:58.481 [INFO ] [marker_detector] manual_track world_lost cycle=0 — TF gap open
2026-06-14 17:48:58.590 [INFO ] [marker_detector] manual_track world_acquired cycle=0
2026-06-14 17:48:58.615 [INFO ] [marker_detector] manual_track world_lost cycle=0 — TF gap open
2026-06-14 17:48:58.687 [INFO ] [marker_detector] manual_track world_acquired cycle=0
2026-06-14 17:48:58.849 [INFO ] [marker_detector] manual_track world_lost cycle=0 — TF gap open
2026-06-14 17:48:58.951 [INFO ] [marker_detector] manual_track world_acquired cycle=0
2026-06-14 17:48:59.149 [INFO ] [marker_detector] manual_track world_lost cycle=0 — TF gap open
2026-06-14 17:48:59.895 [INFO ] [marker_detector] manual_track world_acquired cycle=0
2026-06-14 17:49:00.814 [INFO ] [marker_detector] manual_track world_lost cycle=0 — TF gap open
2026-06-14 17:49:03.248 [INFO ] [marker_detector] manual_track world_acquired cycle=0
2026-06-14 17:49:03.311 [INFO ] [marker_detector] manual_track world_lost cycle=0 — TF gap open
2026-06-14 17:49:03.381 [INFO ] [marker_detector] manual_track world_acquired cycle=0
2026-06-14 17:49:03.410 [INFO ] [marker_detector] manual_track world_lost cycle=0 — TF gap open
2026-06-14 17:49:03.550 [INFO ] [marker_detector] manual_track world_acquired cycle=0
2026-06-14 17:49:03.649 [INFO ] [marker_detector] manual_track world_lost cycle=0 — TF gap open
2026-06-14 17:49:03.815 [INFO ] [marker_detector] manual_track world_acquired cycle=0
2026-06-14 17:49:06.024 [INFO ] [marker_detector] cycle_file_close cycle=0
2026-06-14 17:49:06.024 [INFO ] [marker_detector] manual_track_stop cycle=0
