2026-06-14 17:47:22.751  INFO     Server starting | session=/home/jvpicar/picar_ros/logs/pi_session_20260614_174722
2026-06-14 17:47:23.152  INFO     Picarx initialized
2026-06-14 17:47:23.249  INFO     TagChaser v2 initialized
2026-06-14 17:47:23.337  INFO     ManualTracker initialized
2026-06-14 17:47:24.169  INFO     Picamera2 started at 640x480
2026-06-14 17:47:24.170  INFO     MJPEG stream at :9000
2026-06-14 17:47:24.170  INFO     Camera stream at http://0.0.0.0:9000
2026-06-14 17:47:24.171  INFO     Sensor and capture loops started
2026-06-14 17:47:24.172  INFO     Dashboard listening at http://0.0.0.0:8000
2026-06-14 17:47:24.187  INFO     frame_diag shape=(480, 640, 3) dtype=uint8 ch0_mean=128.6 ch1_mean=131.0 ch2_mean=130.2
2026-06-14 17:47:26.410  INFO     WebSocket connected from 192.168.1.109
2026-06-14 17:47:27.404  DEBUG    heartbeat from 192.168.1.109
2026-06-14 17:47:28.411  DEBUG    heartbeat from 192.168.1.109
2026-06-14 17:47:29.404  DEBUG    heartbeat from 192.168.1.109
2026-06-14 17:47:29.492  INFO     WebSocket connected from 192.168.1.109
2026-06-14 17:47:30.404  DEBUG    heartbeat from 192.168.1.109
2026-06-14 17:47:31.406  DEBUG    heartbeat from 192.168.1.109
2026-06-14 17:47:32.405  DEBUG    heartbeat from 192.168.1.109
2026-06-14 17:47:33.407  DEBUG    heartbeat from 192.168.1.109
2026-06-14 17:47:34.408  DEBUG    heartbeat from 192.168.1.109
2026-06-14 17:47:35.405  DEBUG    heartbeat from 192.168.1.109
2026-06-14 17:47:36.405  DEBUG    heartbeat from 192.168.1.109
2026-06-14 17:47:37.412  DEBUG    heartbeat from 192.168.1.109
2026-06-14 17:47:38.406  DEBUG    heartbeat from 192.168.1.109
2026-06-14 17:47:38.673  INFO     drive direction=stop speed=0
2026-06-14 17:47:38.682  INFO     steer angle=0
2026-06-14 17:47:39.406  DEBUG    heartbeat from 192.168.1.109
2026-06-14 17:47:39.939  INFO     manual_track action=start tracker_ready=True from 192.168.1.109
2026-06-14 17:47:39.943  INFO     manual_track: tracker started cycle=0
2026-06-14 17:47:40.412  DEBUG    heartbeat from 192.168.1.109
2026-06-14 17:47:41.406  DEBUG    heartbeat from 192.168.1.109
2026-06-14 17:47:41.722  INFO     drive direction=stop speed=0
2026-06-14 17:47:41.729  INFO     steer angle=0
2026-06-14 17:47:42.406  DEBUG    heartbeat from 192.168.1.109
2026-06-14 17:47:43.410  DEBUG    heartbeat from 192.168.1.109
2026-06-14 17:47:44.407  DEBUG    heartbeat from 192.168.1.109
2026-06-14 17:47:45.410  DEBUG    heartbeat from 192.168.1.109
2026-06-14 17:47:46.418  DEBUG    heartbeat from 192.168.1.109
2026-06-14 17:47:47.408  DEBUG    heartbeat from 192.168.1.109
2026-06-14 17:47:47.632  INFO     steer angle=0
2026-06-14 17:47:47.633  INFO     drive direction=forward speed=75
2026-06-14 17:47:47.732  INFO     steer angle=0
2026-06-14 17:47:47.734  INFO     drive direction=forward speed=75
2026-06-14 17:47:47.833  INFO     steer angle=0
2026-06-14 17:47:47.835  INFO     drive direction=forward speed=75
2026-06-14 17:47:47.900  INFO     steer angle=0
2026-06-14 17:47:47.902  INFO     drive direction=stop speed=0
2026-06-14 17:47:48.407  DEBUG    heartbeat from 192.168.1.109
2026-06-14 17:47:48.672  INFO     steer angle=0
2026-06-14 17:47:48.674  INFO     drive direction=forward speed=75
2026-06-14 17:47:48.772  INFO     steer angle=0
2026-06-14 17:47:48.773  INFO     drive direction=forward speed=75
2026-06-14 17:47:48.873  INFO     steer angle=0
2026-06-14 17:47:48.875  INFO     drive direction=forward speed=75
2026-06-14 17:47:48.908  INFO     steer angle=0
2026-06-14 17:47:48.909  INFO     drive direction=stop speed=0
2026-06-14 17:47:49.408  DEBUG    heartbeat from 192.168.1.109
2026-06-14 17:47:49.566  INFO     steer angle=0
2026-06-14 17:47:49.567  INFO     drive direction=forward speed=75
2026-06-14 17:47:49.670  INFO     steer angle=0
2026-06-14 17:47:49.672  INFO     drive direction=forward speed=75
2026-06-14 17:47:49.684  INFO     steer angle=0
2026-06-14 17:47:49.685  INFO     drive direction=stop speed=0
2026-06-14 17:47:50.092  INFO     steer angle=0
2026-06-14 17:47:50.094  INFO     drive direction=forward speed=75
2026-06-14 17:47:50.196  INFO     steer angle=0
2026-06-14 17:47:50.198  INFO     drive direction=forward speed=75
2026-06-14 17:47:50.242  INFO     steer angle=0
2026-06-14 17:47:50.243  INFO     drive direction=stop speed=0
2026-06-14 17:47:50.409  DEBUG    heartbeat from 192.168.1.109
2026-06-14 17:47:50.604  INFO     steer angle=0
2026-06-14 17:47:50.605  INFO     drive direction=forward speed=75
2026-06-14 17:47:50.690  INFO     steer angle=-30
2026-06-14 17:47:50.692  INFO     drive direction=forward speed=75
2026-06-14 17:47:50.705  INFO     steer angle=-30
2026-06-14 17:47:50.706  INFO     drive direction=forward speed=75
2026-06-14 17:47:50.795  INFO     steer angle=-30
2026-06-14 17:47:50.797  INFO     drive direction=forward speed=75
2026-06-14 17:47:50.803  INFO     steer angle=-30
2026-06-14 17:47:50.805  INFO     drive direction=forward speed=75
2026-06-14 17:47:50.884  INFO     steer angle=0
2026-06-14 17:47:50.885  INFO     drive direction=forward speed=75
2026-06-14 17:47:50.903  INFO     steer angle=0
2026-06-14 17:47:50.905  INFO     drive direction=stop speed=0
2026-06-14 17:47:51.407  DEBUG    heartbeat from 192.168.1.109
2026-06-14 17:47:51.631  INFO     steer angle=0
2026-06-14 17:47:51.633  INFO     drive direction=forward speed=75
2026-06-14 17:47:51.647  INFO     steer angle=-30
2026-06-14 17:47:51.649  INFO     drive direction=forward speed=75
2026-06-14 17:47:51.732  INFO     steer angle=-30
2026-06-14 17:47:51.733  INFO     drive direction=forward speed=75
2026-06-14 17:47:51.747  INFO     steer angle=-30
2026-06-14 17:47:51.749  INFO     drive direction=forward speed=75
2026-06-14 17:47:51.831  INFO     steer angle=-30
2026-06-14 17:47:51.833  INFO     drive direction=forward speed=75
2026-06-14 17:47:51.847  INFO     steer angle=-30
2026-06-14 17:47:51.848  INFO     drive direction=forward speed=75
2026-06-14 17:47:51.930  INFO     steer angle=-30
2026-06-14 17:47:51.932  INFO     drive direction=forward speed=75
2026-06-14 17:47:51.948  INFO     steer angle=-30
2026-06-14 17:47:51.949  INFO     drive direction=stop speed=0
2026-06-14 17:47:51.955  INFO     steer angle=0
2026-06-14 17:47:51.957  INFO     drive direction=stop speed=0
2026-06-14 17:47:52.409  DEBUG    heartbeat from 192.168.1.109
2026-06-14 17:47:52.592  INFO     steer angle=0
2026-06-14 17:47:52.594  INFO     drive direction=forward speed=75
2026-06-14 17:47:52.693  INFO     steer angle=0
2026-06-14 17:47:52.694  INFO     drive direction=forward speed=75
2026-06-14 17:47:52.793  INFO     steer angle=0
2026-06-14 17:47:52.795  INFO     drive direction=forward speed=75
2026-06-14 17:47:52.893  INFO     steer angle=0
2026-06-14 17:47:52.894  INFO     drive direction=forward speed=75
2026-06-14 17:47:52.993  INFO     steer angle=0
2026-06-14 17:47:52.994  INFO     drive direction=forward speed=75
2026-06-14 17:47:53.004  INFO     steer angle=0
2026-06-14 17:47:53.005  INFO     drive direction=stop speed=0
2026-06-14 17:47:53.408  DEBUG    heartbeat from 192.168.1.109
2026-06-14 17:47:53.965  INFO     steer angle=0
2026-06-14 17:47:53.966  INFO     drive direction=forward speed=75
2026-06-14 17:47:54.063  INFO     steer angle=0
2026-06-14 17:47:54.065  INFO     drive direction=forward speed=75
2026-06-14 17:47:54.163  INFO     steer angle=0
2026-06-14 17:47:54.165  INFO     drive direction=forward speed=75
2026-06-14 17:47:54.200  INFO     steer angle=0
2026-06-14 17:47:54.201  INFO     drive direction=stop speed=0
2026-06-14 17:47:54.408  DEBUG    heartbeat from 192.168.1.109
2026-06-14 17:47:55.408  DEBUG    heartbeat from 192.168.1.109
2026-06-14 17:47:56.408  DEBUG    heartbeat from 192.168.1.109
2026-06-14 17:47:56.423  INFO     steer angle=0
2026-06-14 17:47:56.424  INFO     drive direction=forward speed=75
2026-06-14 17:47:56.524  INFO     steer angle=0
2026-06-14 17:47:56.526  INFO     drive direction=forward speed=75
2026-06-14 17:47:56.619  INFO     steer angle=0
2026-06-14 17:47:56.621  INFO     drive direction=stop speed=0
2026-06-14 17:47:57.408  DEBUG    heartbeat from 192.168.1.109
2026-06-14 17:47:57.837  INFO     steer angle=0
2026-06-14 17:47:57.838  INFO     drive direction=backward speed=75
2026-06-14 17:47:57.941  INFO     steer angle=0
2026-06-14 17:47:57.942  INFO     drive direction=backward speed=75
2026-06-14 17:47:58.039  INFO     steer angle=0
2026-06-14 17:47:58.040  INFO     drive direction=backward speed=75
2026-06-14 17:47:58.139  INFO     steer angle=0
2026-06-14 17:47:58.140  INFO     drive direction=backward speed=75
2026-06-14 17:47:58.238  INFO     steer angle=0
2026-06-14 17:47:58.239  INFO     drive direction=backward speed=75
2026-06-14 17:47:58.346  INFO     steer angle=0
2026-06-14 17:47:58.347  INFO     drive direction=backward speed=75
2026-06-14 17:47:58.413  DEBUG    heartbeat from 192.168.1.109
2026-06-14 17:47:58.447  INFO     steer angle=0
2026-06-14 17:47:58.448  INFO     drive direction=backward speed=75
2026-06-14 17:47:58.546  INFO     steer angle=0
2026-06-14 17:47:58.547  INFO     drive direction=backward speed=75
2026-06-14 17:47:58.638  INFO     steer angle=0
2026-06-14 17:47:58.639  INFO     drive direction=backward speed=75
2026-06-14 17:47:58.738  INFO     steer angle=0
2026-06-14 17:47:58.739  INFO     drive direction=backward speed=75
2026-06-14 17:47:58.838  INFO     steer angle=0
2026-06-14 17:47:58.840  INFO     drive direction=backward speed=75
2026-06-14 17:47:58.938  INFO     steer angle=0
2026-06-14 17:47:58.939  INFO     drive direction=backward speed=75
2026-06-14 17:47:59.045  INFO     steer angle=0
2026-06-14 17:47:59.047  INFO     drive direction=backward speed=75
2026-06-14 17:47:59.147  INFO     steer angle=0
2026-06-14 17:47:59.148  INFO     drive direction=backward speed=75
2026-06-14 17:47:59.240  INFO     steer angle=0
2026-06-14 17:47:59.242  INFO     drive direction=backward speed=75
2026-06-14 17:47:59.338  INFO     steer angle=0
2026-06-14 17:47:59.339  INFO     drive direction=backward speed=75
2026-06-14 17:47:59.408  DEBUG    heartbeat from 192.168.1.109
2026-06-14 17:47:59.440  INFO     steer angle=0
2026-06-14 17:47:59.442  INFO     drive direction=backward speed=75
2026-06-14 17:47:59.528  INFO     steer angle=0
2026-06-14 17:47:59.529  INFO     drive direction=stop speed=0
2026-06-14 17:48:00.408  DEBUG    heartbeat from 192.168.1.109
2026-06-14 17:48:00.513  INFO     steer angle=0
2026-06-14 17:48:00.515  INFO     drive direction=backward speed=75
2026-06-14 17:48:00.614  INFO     steer angle=0
2026-06-14 17:48:00.615  INFO     drive direction=backward speed=75
2026-06-14 17:48:00.712  INFO     steer angle=0
2026-06-14 17:48:00.713  INFO     drive direction=backward speed=75
2026-06-14 17:48:00.812  INFO     steer angle=0
2026-06-14 17:48:00.814  INFO     drive direction=backward speed=75
2026-06-14 17:48:00.915  INFO     steer angle=0
2026-06-14 17:48:00.916  INFO     drive direction=backward speed=75
2026-06-14 17:48:00.930  INFO     steer angle=0
2026-06-14 17:48:00.932  INFO     drive direction=stop speed=0
2026-06-14 17:48:01.408  DEBUG    heartbeat from 192.168.1.109
2026-06-14 17:48:01.570  INFO     steer angle=0
2026-06-14 17:48:01.572  INFO     drive direction=forward speed=75
2026-06-14 17:48:01.672  INFO     steer angle=0
2026-06-14 17:48:01.673  INFO     drive direction=forward speed=75
2026-06-14 17:48:01.773  INFO     steer angle=0
2026-06-14 17:48:01.775  INFO     drive direction=forward speed=75
2026-06-14 17:48:01.871  INFO     steer angle=0
2026-06-14 17:48:01.872  INFO     drive direction=forward speed=75
2026-06-14 17:48:01.972  INFO     steer angle=0
2026-06-14 17:48:01.974  INFO     drive direction=forward speed=75
2026-06-14 17:48:02.073  INFO     steer angle=0
2026-06-14 17:48:02.074  INFO     drive direction=forward speed=75
2026-06-14 17:48:02.179  INFO     steer angle=0
2026-06-14 17:48:02.180  INFO     drive direction=forward speed=75
2026-06-14 17:48:02.279  INFO     steer angle=0
2026-06-14 17:48:02.280  INFO     drive direction=forward speed=75
2026-06-14 17:48:02.372  INFO     steer angle=0
2026-06-14 17:48:02.373  INFO     drive direction=forward speed=75
2026-06-14 17:48:02.411  DEBUG    heartbeat from 192.168.1.109
2026-06-14 17:48:02.470  INFO     steer angle=0
2026-06-14 17:48:02.475  INFO     drive direction=forward speed=75
2026-06-14 17:48:02.570  INFO     steer angle=0
2026-06-14 17:48:02.572  INFO     drive direction=forward speed=75
2026-06-14 17:48:02.670  INFO     steer angle=0
2026-06-14 17:48:02.671  INFO     drive direction=forward speed=75
2026-06-14 17:48:02.771  INFO     steer angle=0
2026-06-14 17:48:02.772  INFO     drive direction=forward speed=75
2026-06-14 17:48:02.883  INFO     steer angle=0
2026-06-14 17:48:02.884  INFO     drive direction=forward speed=75
2026-06-14 17:48:02.982  INFO     steer angle=0
2026-06-14 17:48:02.984  INFO     drive direction=forward speed=75
2026-06-14 17:48:03.051  INFO     steer angle=0
2026-06-14 17:48:03.052  INFO     drive direction=stop speed=0
2026-06-14 17:48:03.377  INFO     steer angle=0
2026-06-14 17:48:03.379  INFO     drive direction=backward speed=75
2026-06-14 17:48:03.408  DEBUG    heartbeat from 192.168.1.109
2026-06-14 17:48:03.479  INFO     steer angle=0
2026-06-14 17:48:03.484  INFO     drive direction=backward speed=75
2026-06-14 17:48:03.578  INFO     steer angle=0
2026-06-14 17:48:03.580  INFO     drive direction=backward speed=75
2026-06-14 17:48:03.678  INFO     steer angle=0
2026-06-14 17:48:03.680  INFO     drive direction=backward speed=75
2026-06-14 17:48:03.779  INFO     steer angle=0
2026-06-14 17:48:03.781  INFO     drive direction=backward speed=75
2026-06-14 17:48:03.895  INFO     steer angle=0
2026-06-14 17:48:03.897  INFO     drive direction=backward speed=75
2026-06-14 17:48:03.979  INFO     steer angle=0
2026-06-14 17:48:03.981  INFO     drive direction=backward speed=75
2026-06-14 17:48:04.079  INFO     steer angle=0
2026-06-14 17:48:04.087  INFO     drive direction=backward speed=75
2026-06-14 17:48:04.178  INFO     steer angle=0
2026-06-14 17:48:04.180  INFO     drive direction=backward speed=75
2026-06-14 17:48:04.279  INFO     steer angle=0
2026-06-14 17:48:04.280  INFO     drive direction=backward speed=75
2026-06-14 17:48:04.378  INFO     steer angle=0
2026-06-14 17:48:04.380  INFO     drive direction=backward speed=75
2026-06-14 17:48:04.408  DEBUG    heartbeat from 192.168.1.109
2026-06-14 17:48:04.478  INFO     steer angle=0
2026-06-14 17:48:04.480  INFO     drive direction=backward speed=75
2026-06-14 17:48:04.580  INFO     steer angle=0
2026-06-14 17:48:04.581  INFO     drive direction=backward speed=75
2026-06-14 17:48:04.680  INFO     steer angle=0
2026-06-14 17:48:04.682  INFO     drive direction=backward speed=75
2026-06-14 17:48:04.778  INFO     steer angle=0
2026-06-14 17:48:04.780  INFO     drive direction=backward speed=75
2026-06-14 17:48:04.878  INFO     steer angle=0
2026-06-14 17:48:04.880  INFO     drive direction=backward speed=75
2026-06-14 17:48:04.978  INFO     steer angle=0
2026-06-14 17:48:04.980  INFO     drive direction=backward speed=75
2026-06-14 17:48:05.079  INFO     steer angle=0
2026-06-14 17:48:05.081  INFO     drive direction=backward speed=75
2026-06-14 17:48:05.183  INFO     steer angle=0
2026-06-14 17:48:05.185  INFO     drive direction=backward speed=75
2026-06-14 17:48:05.280  INFO     steer angle=0
2026-06-14 17:48:05.281  INFO     drive direction=backward speed=75
2026-06-14 17:48:05.309  INFO     steer angle=0
2026-06-14 17:48:05.310  INFO     drive direction=stop speed=0
2026-06-14 17:48:05.409  DEBUG    heartbeat from 192.168.1.109
2026-06-14 17:48:06.409  DEBUG    heartbeat from 192.168.1.109
2026-06-14 17:48:06.533  INFO     steer angle=0
2026-06-14 17:48:06.534  INFO     drive direction=forward speed=75
2026-06-14 17:48:06.633  INFO     steer angle=0
2026-06-14 17:48:06.635  INFO     drive direction=forward speed=75
2026-06-14 17:48:06.733  INFO     steer angle=0
2026-06-14 17:48:06.735  INFO     drive direction=forward speed=75
2026-06-14 17:48:06.833  INFO     steer angle=0
2026-06-14 17:48:06.837  INFO     drive direction=forward speed=75
2026-06-14 17:48:06.934  INFO     steer angle=0
2026-06-14 17:48:06.935  INFO     drive direction=forward speed=75
2026-06-14 17:48:07.034  INFO     steer angle=0
2026-06-14 17:48:07.036  INFO     drive direction=forward speed=75
2026-06-14 17:48:07.134  INFO     steer angle=0
2026-06-14 17:48:07.136  INFO     drive direction=forward speed=75
2026-06-14 17:48:07.236  INFO     steer angle=0
2026-06-14 17:48:07.239  INFO     drive direction=forward speed=75
2026-06-14 17:48:07.340  INFO     steer angle=0
2026-06-14 17:48:07.341  INFO     drive direction=forward speed=75
2026-06-14 17:48:07.409  DEBUG    heartbeat from 192.168.1.109
2026-06-14 17:48:07.436  INFO     steer angle=0
2026-06-14 17:48:07.437  INFO     drive direction=forward speed=75
2026-06-14 17:48:07.540  INFO     steer angle=0
2026-06-14 17:48:07.541  INFO     drive direction=forward speed=75
2026-06-14 17:48:07.634  INFO     steer angle=0
2026-06-14 17:48:07.636  INFO     drive direction=forward speed=75
2026-06-14 17:48:07.735  INFO     steer angle=0
2026-06-14 17:48:07.736  INFO     drive direction=forward speed=75
2026-06-14 17:48:07.848  INFO     steer angle=0
2026-06-14 17:48:07.851  INFO     drive direction=forward speed=75
2026-06-14 17:48:07.936  INFO     steer angle=0
2026-06-14 17:48:07.937  INFO     drive direction=forward speed=75
2026-06-14 17:48:08.032  INFO     steer angle=0
2026-06-14 17:48:08.034  INFO     drive direction=forward speed=75
2026-06-14 17:48:08.133  INFO     steer angle=0
2026-06-14 17:48:08.135  INFO     drive direction=forward speed=75
2026-06-14 17:48:08.232  INFO     steer angle=0
2026-06-14 17:48:08.234  INFO     drive direction=forward speed=75
2026-06-14 17:48:08.350  INFO     steer angle=0
2026-06-14 17:48:08.352  INFO     drive direction=forward speed=75
2026-06-14 17:48:08.412  DEBUG    heartbeat from 192.168.1.109
2026-06-14 17:48:08.423  INFO     steer angle=0
2026-06-14 17:48:08.424  INFO     drive direction=stop speed=0
2026-06-14 17:48:08.692  INFO     steer angle=0
2026-06-14 17:48:08.694  INFO     drive direction=forward speed=75
2026-06-14 17:48:08.795  INFO     steer angle=0
2026-06-14 17:48:08.796  INFO     drive direction=forward speed=75
2026-06-14 17:48:08.898  INFO     steer angle=0
2026-06-14 17:48:08.900  INFO     drive direction=forward speed=75
2026-06-14 17:48:08.996  INFO     steer angle=0
2026-06-14 17:48:08.997  INFO     drive direction=forward speed=75
2026-06-14 17:48:09.096  INFO     steer angle=0
2026-06-14 17:48:09.097  INFO     drive direction=forward speed=75
2026-06-14 17:48:09.213  INFO     steer angle=0
2026-06-14 17:48:09.217  INFO     drive direction=forward speed=75
2026-06-14 17:48:09.295  INFO     steer angle=0
2026-06-14 17:48:09.296  INFO     drive direction=forward speed=75
2026-06-14 17:48:09.395  INFO     steer angle=0
2026-06-14 17:48:09.397  INFO     drive direction=forward speed=75
2026-06-14 17:48:09.409  DEBUG    heartbeat from 192.168.1.109
2026-06-14 17:48:09.495  INFO     steer angle=0
2026-06-14 17:48:09.496  INFO     drive direction=forward speed=75
2026-06-14 17:48:09.510  INFO     steer angle=0
2026-06-14 17:48:09.511  INFO     drive direction=stop speed=0
2026-06-14 17:48:09.985  INFO     steer angle=0
2026-06-14 17:48:09.987  INFO     drive direction=backward speed=75
2026-06-14 17:48:10.084  INFO     steer angle=0
2026-06-14 17:48:10.086  INFO     drive direction=backward speed=75
2026-06-14 17:48:10.183  INFO     steer angle=0
2026-06-14 17:48:10.184  INFO     drive direction=backward speed=75
2026-06-14 17:48:10.282  INFO     steer angle=0
2026-06-14 17:48:10.284  INFO     drive direction=backward speed=75
2026-06-14 17:48:10.382  INFO     steer angle=0
2026-06-14 17:48:10.384  INFO     drive direction=backward speed=75
2026-06-14 17:48:10.409  DEBUG    heartbeat from 192.168.1.109
2026-06-14 17:48:10.483  INFO     steer angle=0
2026-06-14 17:48:10.484  INFO     drive direction=backward speed=75
2026-06-14 17:48:10.597  INFO     steer angle=0
2026-06-14 17:48:10.598  INFO     drive direction=backward speed=75
2026-06-14 17:48:10.683  INFO     steer angle=0
2026-06-14 17:48:10.685  INFO     drive direction=backward speed=75
2026-06-14 17:48:10.687  INFO     steer angle=-30
2026-06-14 17:48:10.689  INFO     drive direction=backward speed=75
2026-06-14 17:48:10.783  INFO     steer angle=-30
2026-06-14 17:48:10.784  INFO     drive direction=backward speed=75
2026-06-14 17:48:10.788  INFO     steer angle=-30
2026-06-14 17:48:10.790  INFO     drive direction=backward speed=75
2026-06-14 17:48:10.883  INFO     steer angle=0
2026-06-14 17:48:10.885  INFO     drive direction=backward speed=75
2026-06-14 17:48:10.897  INFO     steer angle=0
2026-06-14 17:48:10.898  INFO     drive direction=backward speed=75
2026-06-14 17:48:10.983  INFO     steer angle=0
2026-06-14 17:48:10.985  INFO     drive direction=backward speed=75
2026-06-14 17:48:11.083  INFO     steer angle=0
2026-06-14 17:48:11.084  INFO     drive direction=backward speed=75
2026-06-14 17:48:11.182  INFO     steer angle=0
2026-06-14 17:48:11.185  INFO     drive direction=backward speed=75
2026-06-14 17:48:11.282  INFO     steer angle=0
2026-06-14 17:48:11.284  INFO     drive direction=backward speed=75
2026-06-14 17:48:11.383  INFO     steer angle=0
2026-06-14 17:48:11.385  INFO     drive direction=backward speed=75
2026-06-14 17:48:11.414  DEBUG    heartbeat from 192.168.1.109
2026-06-14 17:48:11.485  INFO     steer angle=0
2026-06-14 17:48:11.486  INFO     drive direction=backward speed=75
2026-06-14 17:48:11.583  INFO     steer angle=0
2026-06-14 17:48:11.584  INFO     drive direction=backward speed=75
2026-06-14 17:48:11.683  INFO     steer angle=0
2026-06-14 17:48:11.684  INFO     drive direction=backward speed=75
2026-06-14 17:48:11.782  INFO     steer angle=0
2026-06-14 17:48:11.784  INFO     drive direction=backward speed=75
2026-06-14 17:48:11.885  INFO     steer angle=0
2026-06-14 17:48:11.887  INFO     drive direction=backward speed=75
2026-06-14 17:48:11.984  INFO     steer angle=0
2026-06-14 17:48:11.986  INFO     drive direction=backward speed=75
2026-06-14 17:48:12.085  INFO     steer angle=0
2026-06-14 17:48:12.086  INFO     drive direction=backward speed=75
2026-06-14 17:48:12.211  INFO     steer angle=0
2026-06-14 17:48:12.213  INFO     drive direction=backward speed=75
2026-06-14 17:48:12.291  INFO     steer angle=0
2026-06-14 17:48:12.292  INFO     drive direction=backward speed=75
2026-06-14 17:48:12.399  INFO     steer angle=0
2026-06-14 17:48:12.401  INFO     drive direction=backward speed=75
2026-06-14 17:48:12.425  DEBUG    heartbeat from 192.168.1.109
2026-06-14 17:48:12.489  INFO     steer angle=0
2026-06-14 17:48:12.490  INFO     drive direction=backward speed=75
2026-06-14 17:48:12.588  INFO     steer angle=0
2026-06-14 17:48:12.589  INFO     drive direction=backward speed=75
2026-06-14 17:48:12.687  INFO     steer angle=0
2026-06-14 17:48:12.688  INFO     drive direction=backward speed=75
2026-06-14 17:48:12.784  INFO     steer angle=0
2026-06-14 17:48:12.786  INFO     drive direction=backward speed=75
2026-06-14 17:48:12.890  INFO     steer angle=0
2026-06-14 17:48:12.891  INFO     drive direction=backward speed=75
2026-06-14 17:48:12.989  INFO     steer angle=0
2026-06-14 17:48:12.991  INFO     drive direction=backward speed=75
2026-06-14 17:48:13.088  INFO     steer angle=0
2026-06-14 17:48:13.089  INFO     drive direction=backward speed=75
2026-06-14 17:48:13.185  INFO     steer angle=0
2026-06-14 17:48:13.188  INFO     drive direction=backward speed=75
2026-06-14 17:48:13.292  INFO     steer angle=0
2026-06-14 17:48:13.294  INFO     drive direction=stop speed=0
2026-06-14 17:48:13.435  DEBUG    heartbeat from 192.168.1.109
2026-06-14 17:48:14.412  DEBUG    heartbeat from 192.168.1.109
2026-06-14 17:48:15.420  DEBUG    heartbeat from 192.168.1.109
2026-06-14 17:48:16.417  DEBUG    heartbeat from 192.168.1.109
2026-06-14 17:48:16.601  INFO     steer angle=0
2026-06-14 17:48:16.615  INFO     drive direction=forward speed=75
2026-06-14 17:48:16.699  INFO     steer angle=0
2026-06-14 17:48:16.700  INFO     drive direction=forward speed=75
2026-06-14 17:48:16.809  INFO     steer angle=0
2026-06-14 17:48:16.811  INFO     drive direction=forward speed=75
2026-06-14 17:48:16.831  INFO     steer angle=0
2026-06-14 17:48:16.833  INFO     drive direction=stop speed=0
2026-06-14 17:48:17.049  INFO     steer angle=0
2026-06-14 17:48:17.050  INFO     drive direction=forward speed=75
2026-06-14 17:48:17.144  INFO     steer angle=0
2026-06-14 17:48:17.145  INFO     drive direction=forward speed=75
2026-06-14 17:48:17.242  INFO     steer angle=0
2026-06-14 17:48:17.244  INFO     drive direction=forward speed=75
2026-06-14 17:48:17.349  INFO     steer angle=0
2026-06-14 17:48:17.350  INFO     drive direction=forward speed=75
2026-06-14 17:48:17.416  DEBUG    heartbeat from 192.168.1.109
2026-06-14 17:48:17.448  INFO     steer angle=0
2026-06-14 17:48:17.449  INFO     drive direction=forward speed=75
2026-06-14 17:48:17.498  INFO     steer angle=0
2026-06-14 17:48:17.499  INFO     drive direction=stop speed=0
2026-06-14 17:48:18.032  INFO     drive direction=stop speed=0
2026-06-14 17:48:18.039  INFO     steer angle=0
2026-06-14 17:48:18.411  DEBUG    heartbeat from 192.168.1.109
2026-06-14 17:48:19.413  DEBUG    heartbeat from 192.168.1.109
2026-06-14 17:48:20.421  DEBUG    heartbeat from 192.168.1.109
2026-06-14 17:48:20.611  INFO     steer angle=0
2026-06-14 17:48:20.612  INFO     drive direction=backward speed=75
2026-06-14 17:48:20.714  INFO     steer angle=0
2026-06-14 17:48:20.716  INFO     drive direction=backward speed=75
2026-06-14 17:48:20.829  INFO     steer angle=0
2026-06-14 17:48:20.830  INFO     drive direction=backward speed=75
2026-06-14 17:48:20.915  INFO     steer angle=0
2026-06-14 17:48:20.916  INFO     drive direction=backward speed=75
2026-06-14 17:48:21.018  INFO     steer angle=0
2026-06-14 17:48:21.019  INFO     drive direction=backward speed=75
2026-06-14 17:48:21.116  INFO     steer angle=0
2026-06-14 17:48:21.118  INFO     drive direction=backward speed=75
2026-06-14 17:48:21.214  INFO     steer angle=0
2026-06-14 17:48:21.216  INFO     drive direction=backward speed=75
2026-06-14 17:48:21.354  INFO     steer angle=0
2026-06-14 17:48:21.356  INFO     drive direction=backward speed=75
2026-06-14 17:48:21.411  INFO     steer angle=0
2026-06-14 17:48:21.413  INFO     drive direction=backward speed=75
2026-06-14 17:48:21.418  DEBUG    heartbeat from 192.168.1.109
2026-06-14 17:48:21.469  INFO     steer angle=0
2026-06-14 17:48:21.470  INFO     drive direction=stop speed=0
2026-06-14 17:48:22.411  DEBUG    heartbeat from 192.168.1.109
2026-06-14 17:48:23.410  DEBUG    heartbeat from 192.168.1.109
2026-06-14 17:48:23.598  INFO     drive direction=stop speed=0
2026-06-14 17:48:23.606  INFO     steer angle=0
2026-06-14 17:48:24.415  DEBUG    heartbeat from 192.168.1.109
2026-06-14 17:48:25.416  DEBUG    heartbeat from 192.168.1.109
2026-06-14 17:48:26.411  DEBUG    heartbeat from 192.168.1.109
2026-06-14 17:48:27.412  DEBUG    heartbeat from 192.168.1.109
2026-06-14 17:48:28.411  DEBUG    heartbeat from 192.168.1.109
2026-06-14 17:48:29.416  DEBUG    heartbeat from 192.168.1.109
2026-06-14 17:48:30.411  DEBUG    heartbeat from 192.168.1.109
2026-06-14 17:48:31.411  DEBUG    heartbeat from 192.168.1.109
2026-06-14 17:48:32.411  DEBUG    heartbeat from 192.168.1.109
2026-06-14 17:48:33.416  DEBUG    heartbeat from 192.168.1.109
2026-06-14 17:48:34.411  DEBUG    heartbeat from 192.168.1.109
2026-06-14 17:48:34.798  INFO     steer angle=0
2026-06-14 17:48:34.800  INFO     drive direction=forward speed=75
2026-06-14 17:48:34.898  INFO     steer angle=0
2026-06-14 17:48:34.900  INFO     drive direction=forward speed=75
2026-06-14 17:48:34.999  INFO     steer angle=0
2026-06-14 17:48:35.001  INFO     drive direction=forward speed=75
2026-06-14 17:48:35.099  INFO     steer angle=0
2026-06-14 17:48:35.101  INFO     drive direction=forward speed=75
2026-06-14 17:48:35.199  INFO     steer angle=0
2026-06-14 17:48:35.201  INFO     drive direction=forward speed=75
2026-06-14 17:48:35.299  INFO     steer angle=0
2026-06-14 17:48:35.301  INFO     drive direction=forward speed=75
2026-06-14 17:48:35.411  INFO     steer angle=0
2026-06-14 17:48:35.412  INFO     drive direction=forward speed=75
2026-06-14 17:48:35.414  DEBUG    heartbeat from 192.168.1.109
2026-06-14 17:48:35.499  INFO     steer angle=0
2026-06-14 17:48:35.501  INFO     drive direction=forward speed=75
2026-06-14 17:48:35.601  INFO     steer angle=0
2026-06-14 17:48:35.602  INFO     drive direction=forward speed=75
2026-06-14 17:48:35.701  INFO     steer angle=0
2026-06-14 17:48:35.702  INFO     drive direction=forward speed=75
2026-06-14 17:48:35.802  INFO     steer angle=0
2026-06-14 17:48:35.803  INFO     drive direction=forward speed=75
2026-06-14 17:48:35.900  INFO     steer angle=0
2026-06-14 17:48:35.902  INFO     drive direction=forward speed=75
2026-06-14 17:48:36.010  INFO     steer angle=0
2026-06-14 17:48:36.011  INFO     drive direction=forward speed=75
2026-06-14 17:48:36.102  INFO     steer angle=0
2026-06-14 17:48:36.103  INFO     drive direction=forward speed=75
2026-06-14 17:48:36.176  INFO     steer angle=-30
2026-06-14 17:48:36.177  INFO     drive direction=forward speed=75
2026-06-14 17:48:36.202  INFO     steer angle=-30
2026-06-14 17:48:36.203  INFO     drive direction=forward speed=75
2026-06-14 17:48:36.276  INFO     steer angle=-30
2026-06-14 17:48:36.277  INFO     drive direction=forward speed=75
2026-06-14 17:48:36.304  INFO     steer angle=-30
2026-06-14 17:48:36.305  INFO     drive direction=forward speed=75
2026-06-14 17:48:36.379  INFO     steer angle=-30
2026-06-14 17:48:36.381  INFO     drive direction=forward speed=75
2026-06-14 17:48:36.401  INFO     steer angle=-30
2026-06-14 17:48:36.404  INFO     drive direction=forward speed=75
2026-06-14 17:48:36.412  DEBUG    heartbeat from 192.168.1.109
2026-06-14 17:48:36.484  INFO     steer angle=-30
2026-06-14 17:48:36.486  INFO     drive direction=forward speed=75
2026-06-14 17:48:36.502  INFO     steer angle=-30
2026-06-14 17:48:36.506  INFO     drive direction=forward speed=75
2026-06-14 17:48:36.576  INFO     steer angle=-30
2026-06-14 17:48:36.578  INFO     drive direction=forward speed=75
2026-06-14 17:48:36.597  INFO     steer angle=0
2026-06-14 17:48:36.599  INFO     drive direction=forward speed=75
2026-06-14 17:48:36.611  INFO     steer angle=0
2026-06-14 17:48:36.612  INFO     drive direction=forward speed=75
2026-06-14 17:48:36.699  INFO     steer angle=0
2026-06-14 17:48:36.701  INFO     drive direction=forward speed=75
2026-06-14 17:48:36.771  INFO     steer angle=-30
2026-06-14 17:48:36.772  INFO     drive direction=forward speed=75
2026-06-14 17:48:36.799  INFO     steer angle=-30
2026-06-14 17:48:36.800  INFO     drive direction=forward speed=75
2026-06-14 17:48:36.871  INFO     steer angle=-30
2026-06-14 17:48:36.872  INFO     drive direction=forward speed=75
2026-06-14 17:48:36.900  INFO     steer angle=-30
2026-06-14 17:48:36.902  INFO     drive direction=forward speed=75
2026-06-14 17:48:36.968  INFO     steer angle=-30
2026-06-14 17:48:36.972  INFO     drive direction=forward speed=75
2026-06-14 17:48:36.999  INFO     steer angle=-30
2026-06-14 17:48:37.001  INFO     drive direction=forward speed=75
2026-06-14 17:48:37.069  INFO     steer angle=-30
2026-06-14 17:48:37.071  INFO     drive direction=forward speed=75
2026-06-14 17:48:37.077  INFO     steer angle=-30
2026-06-14 17:48:37.078  INFO     drive direction=stop speed=0
2026-06-14 17:48:37.168  INFO     steer angle=-30
2026-06-14 17:48:37.170  INFO     drive direction=stop speed=0
2026-06-14 17:48:37.186  INFO     steer angle=0
2026-06-14 17:48:37.187  INFO     drive direction=stop speed=0
2026-06-14 17:48:37.212  INFO     steer angle=0
2026-06-14 17:48:37.213  INFO     drive direction=backward speed=75
2026-06-14 17:48:37.313  INFO     steer angle=0
2026-06-14 17:48:37.314  INFO     drive direction=backward speed=75
2026-06-14 17:48:37.412  INFO     steer angle=0
2026-06-14 17:48:37.414  INFO     drive direction=backward speed=75
2026-06-14 17:48:37.416  DEBUG    heartbeat from 192.168.1.109
2026-06-14 17:48:37.511  INFO     steer angle=0
2026-06-14 17:48:37.513  INFO     drive direction=backward speed=75
2026-06-14 17:48:37.612  INFO     steer angle=0
2026-06-14 17:48:37.613  INFO     drive direction=backward speed=75
2026-06-14 17:48:37.711  INFO     steer angle=0
2026-06-14 17:48:37.713  INFO     drive direction=backward speed=75
2026-06-14 17:48:37.760  INFO     steer angle=-30
2026-06-14 17:48:37.762  INFO     drive direction=backward speed=75
2026-06-14 17:48:37.811  INFO     steer angle=-30
2026-06-14 17:48:37.813  INFO     drive direction=backward speed=75
2026-06-14 17:48:37.862  INFO     steer angle=-30
2026-06-14 17:48:37.863  INFO     drive direction=backward speed=75
2026-06-14 17:48:37.913  INFO     steer angle=-30
2026-06-14 17:48:37.915  INFO     drive direction=backward speed=75
2026-06-14 17:48:37.962  INFO     steer angle=-30
2026-06-14 17:48:37.963  INFO     drive direction=backward speed=75
2026-06-14 17:48:38.011  INFO     steer angle=-30
2026-06-14 17:48:38.013  INFO     drive direction=backward speed=75
2026-06-14 17:48:38.065  INFO     steer angle=-30
2026-06-14 17:48:38.067  INFO     drive direction=backward speed=75
2026-06-14 17:48:38.112  INFO     steer angle=-30
2026-06-14 17:48:38.113  INFO     drive direction=backward speed=75
2026-06-14 17:48:38.163  INFO     steer angle=-30
2026-06-14 17:48:38.165  INFO     drive direction=backward speed=75
2026-06-14 17:48:38.211  INFO     steer angle=-30
2026-06-14 17:48:38.213  INFO     drive direction=backward speed=75
2026-06-14 17:48:38.264  INFO     steer angle=-30
2026-06-14 17:48:38.265  INFO     drive direction=backward speed=75
2026-06-14 17:48:38.312  INFO     steer angle=-30
2026-06-14 17:48:38.313  INFO     drive direction=backward speed=75
2026-06-14 17:48:38.362  INFO     steer angle=-30
2026-06-14 17:48:38.364  INFO     drive direction=backward speed=75
2026-06-14 17:48:38.411  INFO     steer angle=-30
2026-06-14 17:48:38.413  INFO     drive direction=backward speed=75
2026-06-14 17:48:38.415  DEBUG    heartbeat from 192.168.1.109
2026-06-14 17:48:38.464  INFO     steer angle=-30
2026-06-14 17:48:38.466  INFO     drive direction=backward speed=75
2026-06-14 17:48:38.517  INFO     steer angle=-30
2026-06-14 17:48:38.519  INFO     drive direction=backward speed=75
2026-06-14 17:48:38.550  INFO     steer angle=0
2026-06-14 17:48:38.552  INFO     drive direction=backward speed=75
2026-06-14 17:48:38.613  INFO     steer angle=0
2026-06-14 17:48:38.614  INFO     drive direction=backward speed=75
2026-06-14 17:48:38.616  INFO     steer angle=0
2026-06-14 17:48:38.618  INFO     drive direction=stop speed=0
2026-06-14 17:48:39.141  INFO     steer angle=0
2026-06-14 17:48:39.143  INFO     drive direction=backward speed=75
2026-06-14 17:48:39.240  INFO     steer angle=0
2026-06-14 17:48:39.241  INFO     drive direction=backward speed=75
2026-06-14 17:48:39.341  INFO     steer angle=0
2026-06-14 17:48:39.342  INFO     drive direction=backward speed=75
2026-06-14 17:48:39.412  DEBUG    heartbeat from 192.168.1.109
2026-06-14 17:48:39.444  INFO     steer angle=0
2026-06-14 17:48:39.445  INFO     drive direction=backward speed=75
2026-06-14 17:48:39.541  INFO     steer angle=0
2026-06-14 17:48:39.542  INFO     drive direction=backward speed=75
2026-06-14 17:48:39.642  INFO     steer angle=0
2026-06-14 17:48:39.644  INFO     drive direction=backward speed=75
2026-06-14 17:48:39.723  INFO     steer angle=0
2026-06-14 17:48:39.724  INFO     drive direction=stop speed=0
2026-06-14 17:48:40.417  DEBUG    heartbeat from 192.168.1.109
2026-06-14 17:48:41.137  INFO     drive direction=stop speed=0
2026-06-14 17:48:41.143  INFO     steer angle=0
2026-06-14 17:48:41.412  DEBUG    heartbeat from 192.168.1.109
2026-06-14 17:48:42.414  DEBUG    heartbeat from 192.168.1.109
2026-06-14 17:48:43.413  DEBUG    heartbeat from 192.168.1.109
2026-06-14 17:48:44.415  DEBUG    heartbeat from 192.168.1.109
2026-06-14 17:48:44.644  INFO     steer angle=0
2026-06-14 17:48:44.646  INFO     drive direction=backward speed=75
2026-06-14 17:48:44.744  INFO     steer angle=0
2026-06-14 17:48:44.746  INFO     drive direction=backward speed=75
2026-06-14 17:48:44.845  INFO     steer angle=0
2026-06-14 17:48:44.846  INFO     drive direction=backward speed=75
2026-06-14 17:48:44.938  INFO     steer angle=0
2026-06-14 17:48:44.939  INFO     drive direction=stop speed=0
2026-06-14 17:48:45.413  DEBUG    heartbeat from 192.168.1.109
2026-06-14 17:48:46.384  INFO     steer angle=0
2026-06-14 17:48:46.385  INFO     drive direction=backward speed=75
2026-06-14 17:48:46.419  DEBUG    heartbeat from 192.168.1.109
2026-06-14 17:48:46.485  INFO     steer angle=0
2026-06-14 17:48:46.486  INFO     drive direction=backward speed=75
2026-06-14 17:48:46.546  INFO     steer angle=30
2026-06-14 17:48:46.547  INFO     drive direction=backward speed=75
2026-06-14 17:48:46.585  INFO     steer angle=30
2026-06-14 17:48:46.586  INFO     drive direction=backward speed=75
2026-06-14 17:48:46.647  INFO     steer angle=30
2026-06-14 17:48:46.648  INFO     drive direction=backward speed=75
2026-06-14 17:48:46.684  INFO     steer angle=30
2026-06-14 17:48:46.686  INFO     drive direction=backward speed=75
2026-06-14 17:48:46.741  INFO     steer angle=30
2026-06-14 17:48:46.743  INFO     drive direction=backward speed=75
2026-06-14 17:48:46.784  INFO     steer angle=30
2026-06-14 17:48:46.786  INFO     drive direction=backward speed=75
2026-06-14 17:48:46.844  INFO     steer angle=30
2026-06-14 17:48:46.845  INFO     drive direction=backward speed=75
2026-06-14 17:48:46.884  INFO     steer angle=0
2026-06-14 17:48:46.885  INFO     drive direction=backward speed=75
2026-06-14 17:48:46.893  INFO     steer angle=0
2026-06-14 17:48:46.894  INFO     drive direction=backward speed=75
2026-06-14 17:48:46.905  INFO     steer angle=0
2026-06-14 17:48:46.907  INFO     drive direction=stop speed=0
2026-06-14 17:48:47.390  INFO     steer angle=0
2026-06-14 17:48:47.391  INFO     drive direction=forward speed=75
2026-06-14 17:48:47.417  DEBUG    heartbeat from 192.168.1.109
2026-06-14 17:48:47.456  INFO     steer angle=-30
2026-06-14 17:48:47.458  INFO     drive direction=forward speed=75
2026-06-14 17:48:47.490  INFO     steer angle=-30
2026-06-14 17:48:47.492  INFO     drive direction=forward speed=75
2026-06-14 17:48:47.554  INFO     steer angle=-30
2026-06-14 17:48:47.555  INFO     drive direction=forward speed=75
2026-06-14 17:48:47.590  INFO     steer angle=-30
2026-06-14 17:48:47.592  INFO     drive direction=forward speed=75
2026-06-14 17:48:47.654  INFO     steer angle=-30
2026-06-14 17:48:47.655  INFO     drive direction=forward speed=75
2026-06-14 17:48:47.689  INFO     steer angle=-30
2026-06-14 17:48:47.690  INFO     drive direction=stop speed=0
2026-06-14 17:48:47.697  INFO     steer angle=0
2026-06-14 17:48:47.699  INFO     drive direction=stop speed=0
2026-06-14 17:48:47.856  INFO     steer angle=-30
2026-06-14 17:48:47.858  INFO     drive direction=stop speed=0
2026-06-14 17:48:47.920  INFO     steer angle=-30
2026-06-14 17:48:47.921  INFO     drive direction=forward speed=75
2026-06-14 17:48:47.956  INFO     steer angle=-30
2026-06-14 17:48:47.957  INFO     drive direction=forward speed=75
2026-06-14 17:48:48.018  INFO     steer angle=-30
2026-06-14 17:48:48.020  INFO     drive direction=forward speed=75
2026-06-14 17:48:48.054  INFO     steer angle=-30
2026-06-14 17:48:48.055  INFO     drive direction=forward speed=75
2026-06-14 17:48:48.061  INFO     steer angle=0
2026-06-14 17:48:48.062  INFO     drive direction=forward speed=75
2026-06-14 17:48:48.123  INFO     steer angle=0
2026-06-14 17:48:48.124  INFO     drive direction=forward speed=75
2026-06-14 17:48:48.155  INFO     steer angle=0
2026-06-14 17:48:48.156  INFO     drive direction=stop speed=0
2026-06-14 17:48:48.423  DEBUG    heartbeat from 192.168.1.109
2026-06-14 17:48:48.535  INFO     steer angle=0
2026-06-14 17:48:48.536  INFO     drive direction=forward speed=75
2026-06-14 17:48:48.539  INFO     steer angle=30
2026-06-14 17:48:48.540  INFO     drive direction=forward speed=75
2026-06-14 17:48:48.636  INFO     steer angle=30
2026-06-14 17:48:48.637  INFO     drive direction=forward speed=75
2026-06-14 17:48:48.639  INFO     steer angle=30
2026-06-14 17:48:48.640  INFO     drive direction=forward speed=75
2026-06-14 17:48:48.736  INFO     steer angle=30
2026-06-14 17:48:48.737  INFO     drive direction=forward speed=75
2026-06-14 17:48:48.739  INFO     steer angle=30
2026-06-14 17:48:48.740  INFO     drive direction=forward speed=75
2026-06-14 17:48:48.786  INFO     steer angle=0
2026-06-14 17:48:48.787  INFO     drive direction=forward speed=75
2026-06-14 17:48:48.825  INFO     steer angle=0
2026-06-14 17:48:48.829  INFO     drive direction=stop speed=0
2026-06-14 17:48:49.416  DEBUG    heartbeat from 192.168.1.109
2026-06-14 17:48:49.722  INFO     steer angle=0
2026-06-14 17:48:49.724  INFO     drive direction=forward speed=75
2026-06-14 17:48:49.823  INFO     steer angle=0
2026-06-14 17:48:49.824  INFO     drive direction=forward speed=75
2026-06-14 17:48:49.928  INFO     steer angle=0
2026-06-14 17:48:49.929  INFO     drive direction=forward speed=75
2026-06-14 17:48:50.022  INFO     steer angle=0
2026-06-14 17:48:50.023  INFO     drive direction=forward speed=75
2026-06-14 17:48:50.123  INFO     steer angle=0
2026-06-14 17:48:50.125  INFO     drive direction=forward speed=75
2026-06-14 17:48:50.221  INFO     steer angle=0
2026-06-14 17:48:50.222  INFO     drive direction=forward speed=75
2026-06-14 17:48:50.330  INFO     steer angle=0
2026-06-14 17:48:50.331  INFO     drive direction=forward speed=75
2026-06-14 17:48:50.426  DEBUG    heartbeat from 192.168.1.109
2026-06-14 17:48:50.427  INFO     steer angle=0
2026-06-14 17:48:50.428  INFO     drive direction=forward speed=75
2026-06-14 17:48:50.520  INFO     steer angle=0
2026-06-14 17:48:50.521  INFO     drive direction=forward speed=75
2026-06-14 17:48:50.620  INFO     steer angle=0
2026-06-14 17:48:50.622  INFO     drive direction=forward speed=75
2026-06-14 17:48:50.720  INFO     steer angle=0
2026-06-14 17:48:50.721  INFO     drive direction=forward speed=75
2026-06-14 17:48:50.821  INFO     steer angle=0
2026-06-14 17:48:50.822  INFO     drive direction=forward speed=75
2026-06-14 17:48:50.928  INFO     steer angle=0
2026-06-14 17:48:50.930  INFO     drive direction=forward speed=75
2026-06-14 17:48:50.943  INFO     steer angle=0
2026-06-14 17:48:50.946  INFO     drive direction=stop speed=0
2026-06-14 17:48:51.184  INFO     steer angle=0
2026-06-14 17:48:51.186  INFO     drive direction=forward speed=75
2026-06-14 17:48:51.226  INFO     steer angle=-30
2026-06-14 17:48:51.236  INFO     drive direction=forward speed=75
2026-06-14 17:48:51.284  INFO     steer angle=-30
2026-06-14 17:48:51.285  INFO     drive direction=forward speed=75
2026-06-14 17:48:51.328  INFO     steer angle=-30
2026-06-14 17:48:51.330  INFO     drive direction=forward speed=75
2026-06-14 17:48:51.384  INFO     steer angle=-30
2026-06-14 17:48:51.385  INFO     drive direction=forward speed=75
2026-06-14 17:48:51.421  DEBUG    heartbeat from 192.168.1.109
2026-06-14 17:48:51.427  INFO     steer angle=-30
2026-06-14 17:48:51.429  INFO     drive direction=forward speed=75
2026-06-14 17:48:51.484  INFO     steer angle=-30
2026-06-14 17:48:51.485  INFO     drive direction=forward speed=75
2026-06-14 17:48:51.526  INFO     steer angle=-30
2026-06-14 17:48:51.528  INFO     drive direction=forward speed=75
2026-06-14 17:48:51.585  INFO     steer angle=-30
2026-06-14 17:48:51.586  INFO     drive direction=forward speed=75
2026-06-14 17:48:51.626  INFO     steer angle=-30
2026-06-14 17:48:51.628  INFO     drive direction=forward speed=75
2026-06-14 17:48:51.684  INFO     steer angle=-30
2026-06-14 17:48:51.685  INFO     drive direction=forward speed=75
2026-06-14 17:48:51.747  INFO     steer angle=-30
2026-06-14 17:48:51.751  INFO     drive direction=forward speed=75
2026-06-14 17:48:51.784  INFO     steer angle=-30
2026-06-14 17:48:51.786  INFO     drive direction=forward speed=75
2026-06-14 17:48:51.800  INFO     steer angle=0
2026-06-14 17:48:51.801  INFO     drive direction=forward speed=75
2026-06-14 17:48:51.884  INFO     steer angle=0
2026-06-14 17:48:51.885  INFO     drive direction=forward speed=75
2026-06-14 17:48:51.915  INFO     steer angle=0
2026-06-14 17:48:51.916  INFO     drive direction=stop speed=0
2026-06-14 17:48:52.146  INFO     steer angle=0
2026-06-14 17:48:52.148  INFO     drive direction=forward speed=75
2026-06-14 17:48:52.247  INFO     steer angle=0
2026-06-14 17:48:52.249  INFO     drive direction=forward speed=75
2026-06-14 17:48:52.327  INFO     steer angle=0
2026-06-14 17:48:52.328  INFO     drive direction=stop speed=0
2026-06-14 17:48:52.416  DEBUG    heartbeat from 192.168.1.109
2026-06-14 17:48:53.412  INFO     steer angle=0
2026-06-14 17:48:53.414  INFO     drive direction=forward speed=75
2026-06-14 17:48:53.430  DEBUG    heartbeat from 192.168.1.109
2026-06-14 17:48:53.517  INFO     steer angle=0
2026-06-14 17:48:53.524  INFO     drive direction=forward speed=75
2026-06-14 17:48:53.615  INFO     steer angle=0
2026-06-14 17:48:53.617  INFO     drive direction=forward speed=75
2026-06-14 17:48:53.632  INFO     steer angle=-30
2026-06-14 17:48:53.633  INFO     drive direction=forward speed=75
2026-06-14 17:48:53.713  INFO     steer angle=-30
2026-06-14 17:48:53.714  INFO     drive direction=forward speed=75
2026-06-14 17:48:53.735  INFO     steer angle=-30
2026-06-14 17:48:53.737  INFO     drive direction=forward speed=75
2026-06-14 17:48:53.815  INFO     steer angle=-30
2026-06-14 17:48:53.816  INFO     drive direction=forward speed=75
2026-06-14 17:48:53.828  INFO     steer angle=-30
2026-06-14 17:48:53.830  INFO     drive direction=forward speed=75
2026-06-14 17:48:53.913  INFO     steer angle=-30
2026-06-14 17:48:53.914  INFO     drive direction=forward speed=75
2026-06-14 17:48:53.929  INFO     steer angle=-30
2026-06-14 17:48:53.930  INFO     drive direction=forward speed=75
2026-06-14 17:48:54.013  INFO     steer angle=-30
2026-06-14 17:48:54.014  INFO     drive direction=forward speed=75
2026-06-14 17:48:54.029  INFO     steer angle=-30
2026-06-14 17:48:54.030  INFO     drive direction=forward speed=75
2026-06-14 17:48:54.077  INFO     steer angle=0
2026-06-14 17:48:54.078  INFO     drive direction=forward speed=75
2026-06-14 17:48:54.113  INFO     steer angle=0
2026-06-14 17:48:54.114  INFO     drive direction=forward speed=75
2026-06-14 17:48:54.138  INFO     steer angle=0
2026-06-14 17:48:54.140  INFO     drive direction=stop speed=0
2026-06-14 17:48:54.415  DEBUG    heartbeat from 192.168.1.109
2026-06-14 17:48:54.697  INFO     steer angle=0
2026-06-14 17:48:54.698  INFO     drive direction=backward speed=75
2026-06-14 17:48:54.800  INFO     steer angle=0
2026-06-14 17:48:54.802  INFO     drive direction=backward speed=75
2026-06-14 17:48:54.897  INFO     steer angle=0
2026-06-14 17:48:54.898  INFO     drive direction=backward speed=75
2026-06-14 17:48:55.000  INFO     steer angle=0
2026-06-14 17:48:55.001  INFO     drive direction=backward speed=75
2026-06-14 17:48:55.096  INFO     steer angle=0
2026-06-14 17:48:55.097  INFO     drive direction=backward speed=75
2026-06-14 17:48:55.180  INFO     steer angle=30
2026-06-14 17:48:55.182  INFO     drive direction=backward speed=75
2026-06-14 17:48:55.196  INFO     steer angle=30
2026-06-14 17:48:55.197  INFO     drive direction=backward speed=75
2026-06-14 17:48:55.281  INFO     steer angle=30
2026-06-14 17:48:55.282  INFO     drive direction=backward speed=75
2026-06-14 17:48:55.296  INFO     steer angle=0
2026-06-14 17:48:55.298  INFO     drive direction=backward speed=75
2026-06-14 17:48:55.311  INFO     steer angle=0
2026-06-14 17:48:55.312  INFO     drive direction=backward speed=75
2026-06-14 17:48:55.380  INFO     steer angle=-30
2026-06-14 17:48:55.381  INFO     drive direction=backward speed=75
2026-06-14 17:48:55.396  INFO     steer angle=-30
2026-06-14 17:48:55.398  INFO     drive direction=backward speed=75
2026-06-14 17:48:55.399  INFO     steer angle=-30
2026-06-14 17:48:55.401  INFO     drive direction=backward speed=75
2026-06-14 17:48:55.425  DEBUG    heartbeat from 192.168.1.109
2026-06-14 17:48:55.497  INFO     steer angle=-30
2026-06-14 17:48:55.498  INFO     drive direction=backward speed=75
2026-06-14 17:48:55.500  INFO     steer angle=-30
2026-06-14 17:48:55.501  INFO     drive direction=backward speed=75
2026-06-14 17:48:55.547  INFO     steer angle=-30
2026-06-14 17:48:55.548  INFO     drive direction=stop speed=0
2026-06-14 17:48:55.593  INFO     steer angle=0
2026-06-14 17:48:55.595  INFO     drive direction=stop speed=0
2026-06-14 17:48:55.627  INFO     steer angle=0
2026-06-14 17:48:55.629  INFO     drive direction=forward speed=75
2026-06-14 17:48:55.732  INFO     steer angle=-30
2026-06-14 17:48:55.734  INFO     drive direction=forward speed=75
2026-06-14 17:48:55.736  INFO     steer angle=-30
2026-06-14 17:48:55.738  INFO     drive direction=forward speed=75
2026-06-14 17:48:55.814  INFO     steer angle=-30
2026-06-14 17:48:55.815  INFO     drive direction=forward speed=75
2026-06-14 17:48:55.826  INFO     steer angle=-30
2026-06-14 17:48:55.827  INFO     drive direction=forward speed=75
2026-06-14 17:48:55.914  INFO     steer angle=-30
2026-06-14 17:48:55.915  INFO     drive direction=forward speed=75
2026-06-14 17:48:55.926  INFO     steer angle=-30
2026-06-14 17:48:55.927  INFO     drive direction=forward speed=75
2026-06-14 17:48:56.036  INFO     steer angle=-30
2026-06-14 17:48:56.037  INFO     drive direction=forward speed=75
2026-06-14 17:48:56.039  INFO     steer angle=-30
2026-06-14 17:48:56.042  INFO     drive direction=forward speed=75
2026-06-14 17:48:56.117  INFO     steer angle=-30
2026-06-14 17:48:56.118  INFO     drive direction=forward speed=75
2026-06-14 17:48:56.126  INFO     steer angle=-30
2026-06-14 17:48:56.128  INFO     drive direction=forward speed=75
2026-06-14 17:48:56.214  INFO     steer angle=-30
2026-06-14 17:48:56.215  INFO     drive direction=forward speed=75
2026-06-14 17:48:56.226  INFO     steer angle=-30
2026-06-14 17:48:56.227  INFO     drive direction=forward speed=75
2026-06-14 17:48:56.337  INFO     steer angle=-30
2026-06-14 17:48:56.339  INFO     drive direction=forward speed=75
2026-06-14 17:48:56.342  INFO     steer angle=-30
2026-06-14 17:48:56.344  INFO     drive direction=forward speed=75
2026-06-14 17:48:56.414  INFO     steer angle=-30
2026-06-14 17:48:56.416  INFO     drive direction=forward speed=75
2026-06-14 17:48:56.418  DEBUG    heartbeat from 192.168.1.109
2026-06-14 17:48:56.430  INFO     steer angle=-30
2026-06-14 17:48:56.431  INFO     drive direction=forward speed=75
2026-06-14 17:48:56.516  INFO     steer angle=-30
2026-06-14 17:48:56.517  INFO     drive direction=forward speed=75
2026-06-14 17:48:56.527  INFO     steer angle=-30
2026-06-14 17:48:56.529  INFO     drive direction=forward speed=75
2026-06-14 17:48:56.537  INFO     steer angle=0
2026-06-14 17:48:56.538  INFO     drive direction=forward speed=75
2026-06-14 17:48:56.564  INFO     steer angle=30
2026-06-14 17:48:56.566  INFO     drive direction=forward speed=75
2026-06-14 17:48:56.647  INFO     steer angle=30
2026-06-14 17:48:56.650  INFO     drive direction=forward speed=75
2026-06-14 17:48:56.652  INFO     steer angle=30
2026-06-14 17:48:56.653  INFO     drive direction=forward speed=75
2026-06-14 17:48:56.726  INFO     steer angle=30
2026-06-14 17:48:56.727  INFO     drive direction=forward speed=75
2026-06-14 17:48:56.735  INFO     steer angle=30
2026-06-14 17:48:56.737  INFO     drive direction=forward speed=75
2026-06-14 17:48:56.826  INFO     steer angle=30
2026-06-14 17:48:56.827  INFO     drive direction=forward speed=75
2026-06-14 17:48:56.835  INFO     steer angle=30
2026-06-14 17:48:56.837  INFO     drive direction=forward speed=75
2026-06-14 17:48:56.926  INFO     steer angle=30
2026-06-14 17:48:56.927  INFO     drive direction=forward speed=75
2026-06-14 17:48:56.976  INFO     steer angle=30
2026-06-14 17:48:56.977  INFO     drive direction=forward speed=75
2026-06-14 17:48:57.027  INFO     steer angle=30
2026-06-14 17:48:57.028  INFO     drive direction=forward speed=75
2026-06-14 17:48:57.035  INFO     steer angle=30
2026-06-14 17:48:57.037  INFO     drive direction=forward speed=75
2026-06-14 17:48:57.126  INFO     steer angle=30
2026-06-14 17:48:57.128  INFO     drive direction=forward speed=75
2026-06-14 17:48:57.142  INFO     steer angle=30
2026-06-14 17:48:57.143  INFO     drive direction=forward speed=75
2026-06-14 17:48:57.235  INFO     steer angle=30
2026-06-14 17:48:57.237  INFO     drive direction=stop speed=0
2026-06-14 17:48:57.286  INFO     steer angle=30
2026-06-14 17:48:57.287  INFO     drive direction=stop speed=0
2026-06-14 17:48:57.326  INFO     steer angle=0
2026-06-14 17:48:57.328  INFO     drive direction=stop speed=0
2026-06-14 17:48:57.342  INFO     steer angle=0
2026-06-14 17:48:57.343  INFO     drive direction=stop speed=0
2026-06-14 17:48:57.370  INFO     steer angle=0
2026-06-14 17:48:57.371  INFO     drive direction=backward speed=75
2026-06-14 17:48:57.388  INFO     steer angle=-30
2026-06-14 17:48:57.389  INFO     drive direction=backward speed=75
2026-06-14 17:48:57.413  DEBUG    heartbeat from 192.168.1.109
2026-06-14 17:48:57.427  INFO     steer angle=-30
2026-06-14 17:48:57.429  INFO     drive direction=backward speed=75
2026-06-14 17:48:57.471  INFO     steer angle=-30
2026-06-14 17:48:57.473  INFO     drive direction=backward speed=75
2026-06-14 17:48:57.533  INFO     steer angle=-30
2026-06-14 17:48:57.535  INFO     drive direction=backward speed=75
2026-06-14 17:48:57.595  INFO     steer angle=-30
2026-06-14 17:48:57.597  INFO     drive direction=backward speed=75
2026-06-14 17:48:57.628  INFO     steer angle=-30
2026-06-14 17:48:57.630  INFO     drive direction=backward speed=75
2026-06-14 17:48:57.669  INFO     steer angle=-30
2026-06-14 17:48:57.671  INFO     drive direction=backward speed=75
2026-06-14 17:48:57.727  INFO     steer angle=-30
2026-06-14 17:48:57.728  INFO     drive direction=backward speed=75
2026-06-14 17:48:57.771  INFO     steer angle=-30
2026-06-14 17:48:57.773  INFO     drive direction=backward speed=75
2026-06-14 17:48:57.827  INFO     steer angle=-30
2026-06-14 17:48:57.828  INFO     drive direction=backward speed=75
2026-06-14 17:48:57.840  INFO     steer angle=0
2026-06-14 17:48:57.841  INFO     drive direction=backward speed=75
2026-06-14 17:48:57.881  INFO     steer angle=0
2026-06-14 17:48:57.883  INFO     drive direction=backward speed=75
2026-06-14 17:48:57.935  INFO     steer angle=30
2026-06-14 17:48:57.936  INFO     drive direction=backward speed=75
2026-06-14 17:48:57.970  INFO     steer angle=30
2026-06-14 17:48:57.971  INFO     drive direction=backward speed=75
2026-06-14 17:48:58.036  INFO     steer angle=30
2026-06-14 17:48:58.037  INFO     drive direction=backward speed=75
2026-06-14 17:48:58.070  INFO     steer angle=30
2026-06-14 17:48:58.071  INFO     drive direction=backward speed=75
2026-06-14 17:48:58.135  INFO     steer angle=30
2026-06-14 17:48:58.137  INFO     drive direction=backward speed=75
2026-06-14 17:48:58.175  INFO     steer angle=30
2026-06-14 17:48:58.177  INFO     drive direction=stop speed=0
2026-06-14 17:48:58.219  INFO     steer angle=30
2026-06-14 17:48:58.220  INFO     drive direction=forward speed=75
2026-06-14 17:48:58.235  INFO     steer angle=30
2026-06-14 17:48:58.237  INFO     drive direction=forward speed=75
2026-06-14 17:48:58.293  INFO     steer angle=0
2026-06-14 17:48:58.295  INFO     drive direction=forward speed=75
2026-06-14 17:48:58.318  INFO     steer angle=0
2026-06-14 17:48:58.320  INFO     drive direction=forward speed=75
2026-06-14 17:48:58.339  INFO     steer angle=30
2026-06-14 17:48:58.340  INFO     drive direction=forward speed=75
2026-06-14 17:48:58.402  INFO     steer angle=0
2026-06-14 17:48:58.403  INFO     drive direction=forward speed=75
2026-06-14 17:48:58.415  DEBUG    heartbeat from 192.168.1.109
2026-06-14 17:48:58.418  INFO     steer angle=0
2026-06-14 17:48:58.419  INFO     drive direction=forward speed=75
2026-06-14 17:48:58.518  INFO     steer angle=0
2026-06-14 17:48:58.519  INFO     drive direction=forward speed=75
2026-06-14 17:48:58.618  INFO     steer angle=0
2026-06-14 17:48:58.620  INFO     drive direction=forward speed=75
2026-06-14 17:48:58.718  INFO     steer angle=0
2026-06-14 17:48:58.720  INFO     drive direction=forward speed=75
2026-06-14 17:48:58.819  INFO     steer angle=0
2026-06-14 17:48:58.821  INFO     drive direction=forward speed=75
2026-06-14 17:48:58.921  INFO     steer angle=0
2026-06-14 17:48:58.922  INFO     drive direction=forward speed=75
2026-06-14 17:48:58.988  INFO     steer angle=-30
2026-06-14 17:48:58.990  INFO     drive direction=forward speed=75
2026-06-14 17:48:59.018  INFO     steer angle=-30
2026-06-14 17:48:59.020  INFO     drive direction=forward speed=75
2026-06-14 17:48:59.088  INFO     steer angle=-30
2026-06-14 17:48:59.089  INFO     drive direction=forward speed=75
2026-06-14 17:48:59.119  INFO     steer angle=-30
2026-06-14 17:48:59.121  INFO     drive direction=forward speed=75
2026-06-14 17:48:59.188  INFO     steer angle=-30
2026-06-14 17:48:59.190  INFO     drive direction=forward speed=75
2026-06-14 17:48:59.219  INFO     steer angle=-30
2026-06-14 17:48:59.221  INFO     drive direction=forward speed=75
2026-06-14 17:48:59.289  INFO     steer angle=-30
2026-06-14 17:48:59.290  INFO     drive direction=forward speed=75
2026-06-14 17:48:59.318  INFO     steer angle=-30
2026-06-14 17:48:59.320  INFO     drive direction=forward speed=75
2026-06-14 17:48:59.389  INFO     steer angle=-30
2026-06-14 17:48:59.391  INFO     drive direction=forward speed=75
2026-06-14 17:48:59.415  DEBUG    heartbeat from 192.168.1.109
2026-06-14 17:48:59.419  INFO     steer angle=-30
2026-06-14 17:48:59.425  INFO     drive direction=forward speed=75
2026-06-14 17:48:59.448  INFO     steer angle=0
2026-06-14 17:48:59.452  INFO     drive direction=forward speed=75
2026-06-14 17:48:59.511  INFO     steer angle=0
2026-06-14 17:48:59.513  INFO     drive direction=stop speed=0
2026-06-14 17:48:59.611  INFO     steer angle=0
2026-06-14 17:48:59.613  INFO     drive direction=backward speed=75
2026-06-14 17:48:59.714  INFO     steer angle=0
2026-06-14 17:48:59.716  INFO     drive direction=backward speed=75
2026-06-14 17:48:59.814  INFO     steer angle=0
2026-06-14 17:48:59.815  INFO     drive direction=backward speed=75
2026-06-14 17:48:59.917  INFO     steer angle=0
2026-06-14 17:48:59.919  INFO     drive direction=backward speed=75
2026-06-14 17:49:00.013  INFO     steer angle=0
2026-06-14 17:49:00.014  INFO     drive direction=backward speed=75
2026-06-14 17:49:00.113  INFO     steer angle=0
2026-06-14 17:49:00.114  INFO     drive direction=backward speed=75
2026-06-14 17:49:00.214  INFO     steer angle=0
2026-06-14 17:49:00.215  INFO     drive direction=backward speed=75
2026-06-14 17:49:00.312  INFO     steer angle=0
2026-06-14 17:49:00.313  INFO     drive direction=backward speed=75
2026-06-14 17:49:00.411  INFO     steer angle=0
2026-06-14 17:49:00.412  INFO     drive direction=backward speed=75
2026-06-14 17:49:00.420  DEBUG    heartbeat from 192.168.1.109
2026-06-14 17:49:00.511  INFO     steer angle=0
2026-06-14 17:49:00.512  INFO     drive direction=backward speed=75
2026-06-14 17:49:00.612  INFO     steer angle=0
2026-06-14 17:49:00.613  INFO     drive direction=backward speed=75
2026-06-14 17:49:00.666  INFO     steer angle=30
2026-06-14 17:49:00.668  INFO     drive direction=backward speed=75
2026-06-14 17:49:00.711  INFO     steer angle=30
2026-06-14 17:49:00.712  INFO     drive direction=backward speed=75
2026-06-14 17:49:00.765  INFO     steer angle=30
2026-06-14 17:49:00.766  INFO     drive direction=backward speed=75
2026-06-14 17:49:00.811  INFO     steer angle=30
2026-06-14 17:49:00.812  INFO     drive direction=backward speed=75
2026-06-14 17:49:00.867  INFO     steer angle=30
2026-06-14 17:49:00.871  INFO     drive direction=backward speed=75
2026-06-14 17:49:00.910  INFO     steer angle=0
2026-06-14 17:49:00.912  INFO     drive direction=backward speed=75
2026-06-14 17:49:00.931  INFO     steer angle=0
2026-06-14 17:49:00.932  INFO     drive direction=backward speed=75
2026-06-14 17:49:00.963  INFO     steer angle=-30
2026-06-14 17:49:00.965  INFO     drive direction=backward speed=75
2026-06-14 17:49:00.972  INFO     steer angle=0
2026-06-14 17:49:00.973  INFO     drive direction=backward speed=75
2026-06-14 17:49:01.011  INFO     steer angle=0
2026-06-14 17:49:01.012  INFO     drive direction=backward speed=75
2026-06-14 17:49:01.111  INFO     steer angle=0
2026-06-14 17:49:01.112  INFO     drive direction=backward speed=75
2026-06-14 17:49:01.211  INFO     steer angle=0
2026-06-14 17:49:01.212  INFO     drive direction=backward speed=75
2026-06-14 17:49:01.311  INFO     steer angle=0
2026-06-14 17:49:01.312  INFO     drive direction=backward speed=75
2026-06-14 17:49:01.411  INFO     steer angle=0
2026-06-14 17:49:01.412  INFO     drive direction=backward speed=75
2026-06-14 17:49:01.415  DEBUG    heartbeat from 192.168.1.109
2026-06-14 17:49:01.511  INFO     steer angle=0
2026-06-14 17:49:01.512  INFO     drive direction=backward speed=75
2026-06-14 17:49:01.539  INFO     steer angle=0
2026-06-14 17:49:01.541  INFO     drive direction=stop speed=0
2026-06-14 17:49:01.779  INFO     steer angle=0
2026-06-14 17:49:01.780  INFO     drive direction=forward speed=75
2026-06-14 17:49:01.873  INFO     steer angle=30
2026-06-14 17:49:01.874  INFO     drive direction=forward speed=75
2026-06-14 17:49:01.880  INFO     steer angle=30
2026-06-14 17:49:01.882  INFO     drive direction=forward speed=75
2026-06-14 17:49:01.975  INFO     steer angle=30
2026-06-14 17:49:01.976  INFO     drive direction=forward speed=75
2026-06-14 17:49:01.979  INFO     steer angle=30
2026-06-14 17:49:01.980  INFO     drive direction=forward speed=75
2026-06-14 17:49:02.073  INFO     steer angle=30
2026-06-14 17:49:02.074  INFO     drive direction=forward speed=75
2026-06-14 17:49:02.080  INFO     steer angle=30
2026-06-14 17:49:02.081  INFO     drive direction=forward speed=75
2026-06-14 17:49:02.173  INFO     steer angle=30
2026-06-14 17:49:02.174  INFO     drive direction=forward speed=75
2026-06-14 17:49:02.178  INFO     steer angle=30
2026-06-14 17:49:02.179  INFO     drive direction=forward speed=75
2026-06-14 17:49:02.273  INFO     steer angle=30
2026-06-14 17:49:02.274  INFO     drive direction=forward speed=75
2026-06-14 17:49:02.279  INFO     steer angle=30
2026-06-14 17:49:02.280  INFO     drive direction=forward speed=75
2026-06-14 17:49:02.372  INFO     steer angle=30
2026-06-14 17:49:02.374  INFO     drive direction=forward speed=75
2026-06-14 17:49:02.380  INFO     steer angle=30
2026-06-14 17:49:02.381  INFO     drive direction=forward speed=75
2026-06-14 17:49:02.414  DEBUG    heartbeat from 192.168.1.109
2026-06-14 17:49:02.475  INFO     steer angle=30
2026-06-14 17:49:02.477  INFO     drive direction=forward speed=75
2026-06-14 17:49:02.480  INFO     steer angle=30
2026-06-14 17:49:02.481  INFO     drive direction=forward speed=75
2026-06-14 17:49:02.582  INFO     steer angle=30
2026-06-14 17:49:02.583  INFO     drive direction=forward speed=75
2026-06-14 17:49:02.585  INFO     steer angle=30
2026-06-14 17:49:02.586  INFO     drive direction=forward speed=75
2026-06-14 17:49:02.637  INFO     steer angle=30
2026-06-14 17:49:02.640  INFO     drive direction=stop speed=0
2026-06-14 17:49:02.647  INFO     steer angle=0
2026-06-14 17:49:02.648  INFO     drive direction=stop speed=0
2026-06-14 17:49:03.036  INFO     steer angle=0
2026-06-14 17:49:03.038  INFO     drive direction=backward speed=75
2026-06-14 17:49:03.136  INFO     steer angle=0
2026-06-14 17:49:03.137  INFO     drive direction=backward speed=75
2026-06-14 17:49:03.236  INFO     steer angle=0
2026-06-14 17:49:03.237  INFO     drive direction=backward speed=75
2026-06-14 17:49:03.336  INFO     steer angle=0
2026-06-14 17:49:03.337  INFO     drive direction=backward speed=75
2026-06-14 17:49:03.414  DEBUG    heartbeat from 192.168.1.109
2026-06-14 17:49:03.436  INFO     steer angle=0
2026-06-14 17:49:03.437  INFO     drive direction=backward speed=75
2026-06-14 17:49:03.536  INFO     steer angle=0
2026-06-14 17:49:03.538  INFO     drive direction=backward speed=75
2026-06-14 17:49:03.583  INFO     steer angle=0
2026-06-14 17:49:03.584  INFO     drive direction=stop speed=0
2026-06-14 17:49:04.420  DEBUG    heartbeat from 192.168.1.109
2026-06-14 17:49:05.414  DEBUG    heartbeat from 192.168.1.109
2026-06-14 17:49:06.023  INFO     manual_track action=stop tracker_ready=True from 192.168.1.109
2026-06-14 17:49:06.025  INFO     manual_track: tracker stopped
2026-06-14 17:49:06.414  DEBUG    heartbeat from 192.168.1.109
2026-06-14 17:49:07.419  DEBUG    heartbeat from 192.168.1.109
2026-06-14 17:49:08.415  DEBUG    heartbeat from 192.168.1.109
2026-06-14 17:49:09.415  DEBUG    heartbeat from 192.168.1.109
2026-06-14 17:49:10.415  DEBUG    heartbeat from 192.168.1.109
2026-06-14 17:49:11.421  DEBUG    heartbeat from 192.168.1.109
2026-06-14 17:49:12.415  DEBUG    heartbeat from 192.168.1.109
2026-06-14 17:49:13.115  INFO     drive direction=stop speed=0
2026-06-14 17:49:13.122  INFO     steer angle=0
2026-06-14 17:49:13.417  DEBUG    heartbeat from 192.168.1.109
2026-06-14 17:49:14.418  DEBUG    heartbeat from 192.168.1.109
2026-06-14 17:49:15.417  DEBUG    heartbeat from 192.168.1.109
2026-06-14 17:49:16.420  DEBUG    heartbeat from 192.168.1.109
2026-06-14 17:49:17.421  DEBUG    heartbeat from 192.168.1.109
2026-06-14 17:49:17.749  INFO     shutdown command from 192.168.1.109
2026-06-14 17:49:17.750  INFO     Graceful shutdown initiated — stopping hardware
2026-06-14 17:49:17.990  INFO     WebSocket disconnected from 192.168.1.109
2026-06-14 17:49:17.991  INFO     WebSocket disconnected from 192.168.1.109
