2026-06-13 23:32:16.427 [INFO ] [marker_detector] cycle_file_open cycle=0 file=cycle_0_raw_233216.json
2026-06-13 23:32:16.428 [INFO ] [marker_detector] manual_track_start cycle=0
2026-06-13 23:32:16.577 [INFO ] [marker_detector] manual_track world_acquired cycle=0
2026-06-13 23:32:17.544 [INFO ] [marker_detector] manual_track world_lost cycle=0 — TF gap open
2026-06-13 23:32:17.613 [INFO ] [marker_detector] manual_track world_acquired cycle=0
2026-06-13 23:32:30.805 [INFO ] [marker_detector] manual_track world_lost cycle=0 — TF gap open
2026-06-13 23:32:30.923 [INFO ] [marker_detector] manual_track world_acquired cycle=0
2026-06-13 23:32:30.983 [INFO ] [marker_detector] manual_track world_lost cycle=0 — TF gap open
2026-06-13 23:32:31.117 [INFO ] [marker_detector] manual_track world_acquired cycle=0
2026-06-13 23:32:31.244 [INFO ] [marker_detector] manual_track world_lost cycle=0 — TF gap open
2026-06-13 23:32:31.674 [INFO ] [marker_detector] manual_track world_acquired cycle=0
2026-06-13 23:32:31.736 [INFO ] [marker_detector] manual_track world_lost cycle=0 — TF gap open
2026-06-13 23:32:31.924 [INFO ] [marker_detector] manual_track world_acquired cycle=0
2026-06-13 23:32:32.051 [INFO ] [marker_detector] manual_track world_lost cycle=0 — TF gap open
2026-06-13 23:32:32.244 [INFO ] [marker_detector] manual_track world_acquired cycle=0
2026-06-13 23:32:32.374 [INFO ] [marker_detector] manual_track world_lost cycle=0 — TF gap open
2026-06-13 23:32:32.630 [INFO ] [marker_detector] manual_track world_acquired cycle=0
2026-06-13 23:32:32.756 [INFO ] [marker_detector] manual_track world_lost cycle=0 — TF gap open
2026-06-13 23:32:33.008 [INFO ] [marker_detector] manual_track world_acquired cycle=0
2026-06-13 23:32:33.068 [INFO ] [marker_detector] manual_track world_lost cycle=0 — TF gap open
2026-06-13 23:32:33.633 [INFO ] [marker_detector] manual_track world_acquired cycle=0
2026-06-13 23:32:33.700 [INFO ] [marker_detector] manual_track world_lost cycle=0 — TF gap open
2026-06-13 23:32:33.824 [INFO ] [marker_detector] manual_track world_acquired cycle=0
2026-06-13 23:32:33.890 [INFO ] [marker_detector] manual_track world_lost cycle=0 — TF gap open
2026-06-13 23:32:33.959 [INFO ] [marker_detector] manual_track world_acquired cycle=0
2026-06-13 23:32:34.025 [INFO ] [marker_detector] manual_track world_lost cycle=0 — TF gap open
2026-06-13 23:32:34.163 [INFO ] [marker_detector] manual_track world_acquired cycle=0
2026-06-13 23:32:34.224 [INFO ] [marker_detector] manual_track world_lost cycle=0 — TF gap open
2026-06-13 23:32:34.539 [INFO ] [marker_detector] manual_track world_acquired cycle=0
2026-06-13 23:32:34.605 [INFO ] [marker_detector] manual_track world_lost cycle=0 — TF gap open
2026-06-13 23:32:34.669 [INFO ] [marker_detector] manual_track world_acquired cycle=0
2026-06-13 23:32:34.865 [INFO ] [marker_detector] manual_track world_lost cycle=0 — TF gap open
2026-06-13 23:32:35.126 [INFO ] [marker_detector] manual_track world_acquired cycle=0
2026-06-13 23:32:35.257 [INFO ] [marker_detector] manual_track world_lost cycle=0 — TF gap open
2026-06-13 23:32:35.322 [INFO ] [marker_detector] manual_track world_acquired cycle=0
2026-06-13 23:32:35.390 [INFO ] [marker_detector] manual_track world_lost cycle=0 — TF gap open
2026-06-13 23:32:35.456 [INFO ] [marker_detector] manual_track world_acquired cycle=0
2026-06-13 23:32:35.646 [INFO ] [marker_detector] manual_track world_lost cycle=0 — TF gap open
2026-06-13 23:32:35.712 [INFO ] [marker_detector] manual_track world_acquired cycle=0
2026-06-13 23:32:35.838 [INFO ] [marker_detector] manual_track world_lost cycle=0 — TF gap open
2026-06-13 23:32:36.021 [INFO ] [marker_detector] manual_track world_acquired cycle=0
2026-06-13 23:32:36.280 [INFO ] [marker_detector] manual_track world_lost cycle=0 — TF gap open
2026-06-13 23:32:36.598 [INFO ] [marker_detector] manual_track world_acquired cycle=0
2026-06-13 23:32:36.730 [INFO ] [marker_detector] manual_track world_lost cycle=0 — TF gap open
2026-06-13 23:32:36.790 [INFO ] [marker_detector] manual_track world_acquired cycle=0
2026-06-13 23:32:36.853 [INFO ] [marker_detector] manual_track world_lost cycle=0 — TF gap open
2026-06-13 23:32:37.107 [INFO ] [marker_detector] manual_track world_acquired cycle=0
2026-06-13 23:32:37.168 [INFO ] [marker_detector] manual_track world_lost cycle=0 — TF gap open
2026-06-13 23:32:37.234 [INFO ] [marker_detector] manual_track world_acquired cycle=0
2026-06-13 23:32:37.365 [INFO ] [marker_detector] manual_track world_lost cycle=0 — TF gap open
2026-06-13 23:32:37.430 [INFO ] [marker_detector] manual_track world_acquired cycle=0
2026-06-13 23:32:37.560 [INFO ] [marker_detector] manual_track world_lost cycle=0 — TF gap open
2026-06-13 23:32:37.687 [INFO ] [marker_detector] manual_track world_acquired cycle=0
2026-06-13 23:32:37.816 [INFO ] [marker_detector] manual_track world_lost cycle=0 — TF gap open
2026-06-13 23:32:38.013 [INFO ] [marker_detector] manual_track world_acquired cycle=0
2026-06-13 23:32:38.079 [INFO ] [marker_detector] manual_track world_lost cycle=0 — TF gap open
2026-06-13 23:32:38.152 [INFO ] [marker_detector] manual_track world_acquired cycle=0
2026-06-13 23:32:38.216 [INFO ] [marker_detector] manual_track world_lost cycle=0 — TF gap open
2026-06-13 23:32:38.281 [INFO ] [marker_detector] manual_track world_acquired cycle=0
2026-06-13 23:32:38.413 [INFO ] [marker_detector] manual_track world_lost cycle=0 — TF gap open
2026-06-13 23:32:38.604 [INFO ] [marker_detector] manual_track world_acquired cycle=0
2026-06-13 23:32:38.673 [INFO ] [marker_detector] manual_track world_lost cycle=0 — TF gap open
2026-06-13 23:32:39.126 [INFO ] [marker_detector] manual_track world_acquired cycle=0
2026-06-13 23:32:39.188 [INFO ] [marker_detector] manual_track world_lost cycle=0 — TF gap open
2026-06-13 23:32:39.315 [INFO ] [marker_detector] manual_track world_acquired cycle=0
2026-06-13 23:32:39.380 [INFO ] [marker_detector] manual_track world_lost cycle=0 — TF gap open
2026-06-13 23:32:39.505 [INFO ] [marker_detector] manual_track world_acquired cycle=0
2026-06-13 23:32:39.630 [INFO ] [marker_detector] manual_track world_lost cycle=0 — TF gap open
2026-06-13 23:32:39.940 [INFO ] [marker_detector] manual_track world_acquired cycle=0
2026-06-13 23:32:40.005 [INFO ] [marker_detector] manual_track world_lost cycle=0 — TF gap open
2026-06-13 23:32:40.324 [INFO ] [marker_detector] manual_track world_acquired cycle=0
2026-06-13 23:32:40.385 [INFO ] [marker_detector] manual_track world_lost cycle=0 — TF gap open
2026-06-13 23:32:40.446 [INFO ] [marker_detector] manual_track world_acquired cycle=0
2026-06-13 23:32:40.508 [INFO ] [marker_detector] manual_track world_lost cycle=0 — TF gap open
2026-06-13 23:32:40.635 [INFO ] [marker_detector] manual_track world_acquired cycle=0
2026-06-13 23:32:40.700 [INFO ] [marker_detector] manual_track world_lost cycle=0 — TF gap open
2026-06-13 23:32:41.084 [INFO ] [marker_detector] manual_track world_acquired cycle=0
2026-06-13 23:32:41.214 [INFO ] [marker_detector] manual_track world_lost cycle=0 — TF gap open
2026-06-13 23:32:41.279 [INFO ] [marker_detector] manual_track world_acquired cycle=0
2026-06-13 23:32:41.402 [INFO ] [marker_detector] manual_track world_lost cycle=0 — TF gap open
2026-06-13 23:32:42.370 [INFO ] [marker_detector] manual_track world_acquired cycle=0
2026-06-13 23:32:42.436 [INFO ] [marker_detector] manual_track world_lost cycle=0 — TF gap open
2026-06-13 23:32:42.565 [INFO ] [marker_detector] manual_track world_acquired cycle=0
2026-06-13 23:32:42.630 [INFO ] [marker_detector] manual_track world_lost cycle=0 — TF gap open
2026-06-13 23:32:42.813 [INFO ] [marker_detector] manual_track world_acquired cycle=0
2026-06-13 23:32:42.877 [INFO ] [marker_detector] manual_track world_lost cycle=0 — TF gap open
2026-06-13 23:32:43.122 [INFO ] [marker_detector] manual_track world_acquired cycle=0
2026-06-13 23:32:43.186 [INFO ] [marker_detector] manual_track world_lost cycle=0 — TF gap open
2026-06-13 23:32:43.549 [INFO ] [marker_detector] manual_track world_acquired cycle=0
2026-06-13 23:32:43.610 [INFO ] [marker_detector] manual_track world_lost cycle=0 — TF gap open
2026-06-13 23:32:43.675 [INFO ] [marker_detector] manual_track world_acquired cycle=0
2026-06-13 23:32:43.739 [INFO ] [marker_detector] manual_track world_lost cycle=0 — TF gap open
2026-06-13 23:32:43.925 [INFO ] [marker_detector] manual_track world_acquired cycle=0
2026-06-13 23:32:43.988 [INFO ] [marker_detector] manual_track world_lost cycle=0 — TF gap open
2026-06-13 23:32:44.054 [INFO ] [marker_detector] manual_track world_acquired cycle=0
2026-06-13 23:32:44.114 [INFO ] [marker_detector] manual_track world_lost cycle=0 — TF gap open
2026-06-13 23:32:44.303 [INFO ] [marker_detector] manual_track world_acquired cycle=0
2026-06-13 23:32:44.367 [INFO ] [marker_detector] manual_track world_lost cycle=0 — TF gap open
2026-06-13 23:32:44.429 [INFO ] [marker_detector] manual_track world_acquired cycle=0
2026-06-13 23:32:44.491 [INFO ] [marker_detector] manual_track world_lost cycle=0 — TF gap open
2026-06-13 23:32:44.685 [INFO ] [marker_detector] manual_track world_acquired cycle=0
2026-06-13 23:32:44.746 [INFO ] [marker_detector] manual_track world_lost cycle=0 — TF gap open
2026-06-13 23:32:44.924 [INFO ] [marker_detector] manual_track world_acquired cycle=0
2026-06-13 23:32:44.987 [INFO ] [marker_detector] manual_track world_lost cycle=0 — TF gap open
2026-06-13 23:32:45.862 [INFO ] [marker_detector] manual_track world_acquired cycle=0
2026-06-13 23:32:46.052 [INFO ] [marker_detector] manual_track world_lost cycle=0 — TF gap open
2026-06-13 23:32:46.426 [INFO ] [marker_detector] manual_track world_acquired cycle=0
2026-06-13 23:32:46.486 [INFO ] [marker_detector] manual_track world_lost cycle=0 — TF gap open
2026-06-13 23:32:46.552 [INFO ] [marker_detector] manual_track world_acquired cycle=0
2026-06-13 23:32:46.870 [INFO ] [marker_detector] manual_track world_lost cycle=0 — TF gap open
2026-06-13 23:32:47.181 [INFO ] [marker_detector] manual_track world_acquired cycle=0
2026-06-13 23:32:47.366 [INFO ] [marker_detector] manual_track world_lost cycle=0 — TF gap open
2026-06-13 23:32:47.428 [INFO ] [marker_detector] manual_track world_acquired cycle=0
2026-06-13 23:32:47.490 [INFO ] [marker_detector] manual_track world_lost cycle=0 — TF gap open
2026-06-13 23:32:47.804 [INFO ] [marker_detector] manual_track world_acquired cycle=0
2026-06-13 23:32:47.865 [INFO ] [marker_detector] manual_track world_lost cycle=0 — TF gap open
2026-06-13 23:32:47.989 [INFO ] [marker_detector] manual_track world_acquired cycle=0
2026-06-13 23:32:48.112 [INFO ] [marker_detector] manual_track world_lost cycle=0 — TF gap open
2026-06-13 23:32:48.287 [INFO ] [marker_detector] manual_track world_acquired cycle=0
2026-06-13 23:32:48.346 [INFO ] [marker_detector] manual_track world_lost cycle=0 — TF gap open
2026-06-13 23:32:48.478 [INFO ] [marker_detector] manual_track world_acquired cycle=0
2026-06-13 23:32:48.541 [INFO ] [marker_detector] manual_track world_lost cycle=0 — TF gap open
2026-06-13 23:32:48.672 [INFO ] [marker_detector] manual_track world_acquired cycle=0
2026-06-13 23:32:48.743 [INFO ] [marker_detector] manual_track world_lost cycle=0 — TF gap open
2026-06-13 23:32:48.808 [INFO ] [marker_detector] manual_track world_acquired cycle=0
2026-06-13 23:32:49.053 [INFO ] [marker_detector] manual_track world_lost cycle=0 — TF gap open
2026-06-13 23:32:49.306 [INFO ] [marker_detector] manual_track world_acquired cycle=0
2026-06-13 23:32:49.373 [INFO ] [marker_detector] manual_track world_lost cycle=0 — TF gap open
2026-06-13 23:32:49.496 [INFO ] [marker_detector] manual_track world_acquired cycle=0
2026-06-13 23:32:49.678 [INFO ] [marker_detector] manual_track world_lost cycle=0 — TF gap open
2026-06-13 23:32:50.109 [INFO ] [marker_detector] manual_track world_acquired cycle=0
2026-06-13 23:32:50.173 [INFO ] [marker_detector] manual_track world_lost cycle=0 — TF gap open
2026-06-13 23:32:50.796 [INFO ] [marker_detector] manual_track world_acquired cycle=0
2026-06-13 23:32:50.856 [INFO ] [marker_detector] manual_track world_lost cycle=0 — TF gap open
2026-06-13 23:32:51.481 [INFO ] [marker_detector] manual_track world_acquired cycle=0
2026-06-13 23:32:51.545 [INFO ] [marker_detector] manual_track world_lost cycle=0 — TF gap open
2026-06-13 23:32:51.610 [INFO ] [marker_detector] manual_track world_acquired cycle=0
2026-06-13 23:32:51.672 [INFO ] [marker_detector] manual_track world_lost cycle=0 — TF gap open
2026-06-13 23:32:51.793 [INFO ] [marker_detector] manual_track world_acquired cycle=0
2026-06-13 23:32:51.850 [INFO ] [marker_detector] manual_track world_lost cycle=0 — TF gap open
2026-06-13 23:32:52.599 [INFO ] [marker_detector] manual_track world_acquired cycle=0
2026-06-13 23:32:52.663 [INFO ] [marker_detector] manual_track world_lost cycle=0 — TF gap open
2026-06-13 23:32:52.976 [INFO ] [marker_detector] manual_track world_acquired cycle=0
2026-06-13 23:32:53.040 [INFO ] [marker_detector] manual_track world_lost cycle=0 — TF gap open
2026-06-13 23:32:53.426 [INFO ] [marker_detector] manual_track world_acquired cycle=0
2026-06-13 23:32:53.490 [INFO ] [marker_detector] manual_track world_lost cycle=0 — TF gap open
2026-06-13 23:32:53.619 [INFO ] [marker_detector] manual_track world_acquired cycle=0
2026-06-13 23:32:53.684 [INFO ] [marker_detector] manual_track world_lost cycle=0 — TF gap open
2026-06-13 23:32:53.806 [INFO ] [marker_detector] manual_track world_acquired cycle=0
2026-06-13 23:32:53.868 [INFO ] [marker_detector] manual_track world_lost cycle=0 — TF gap open
2026-06-13 23:32:54.286 [INFO ] [marker_detector] manual_track world_acquired cycle=0
2026-06-13 23:32:54.408 [INFO ] [marker_detector] manual_track world_lost cycle=0 — TF gap open
2026-06-13 23:32:54.533 [INFO ] [marker_detector] manual_track world_acquired cycle=0
2026-06-13 23:32:54.597 [INFO ] [marker_detector] manual_track world_lost cycle=0 — TF gap open
2026-06-13 23:32:54.976 [INFO ] [marker_detector] manual_track world_acquired cycle=0
2026-06-13 23:32:55.040 [INFO ] [marker_detector] manual_track world_lost cycle=0 — TF gap open
2026-06-13 23:32:55.104 [INFO ] [marker_detector] manual_track world_acquired cycle=0
2026-06-13 23:32:55.163 [INFO ] [marker_detector] manual_track world_lost cycle=0 — TF gap open
2026-06-13 23:32:55.525 [INFO ] [marker_detector] manual_track world_acquired cycle=0
2026-06-13 23:32:55.653 [INFO ] [marker_detector] manual_track world_lost cycle=0 — TF gap open
2026-06-13 23:32:55.777 [INFO ] [marker_detector] manual_track world_acquired cycle=0
2026-06-13 23:32:55.842 [INFO ] [marker_detector] manual_track world_lost cycle=0 — TF gap open
2026-06-13 23:32:55.909 [INFO ] [marker_detector] manual_track world_acquired cycle=0
2026-06-13 23:32:56.031 [INFO ] [marker_detector] manual_track world_lost cycle=0 — TF gap open
2026-06-13 23:32:56.097 [INFO ] [marker_detector] manual_track world_acquired cycle=0
2026-06-13 23:32:56.283 [INFO ] [marker_detector] manual_track world_lost cycle=0 — TF gap open
2026-06-13 23:32:56.346 [INFO ] [marker_detector] manual_track world_acquired cycle=0
2026-06-13 23:32:56.539 [INFO ] [marker_detector] manual_track world_lost cycle=0 — TF gap open
2026-06-13 23:32:56.608 [INFO ] [marker_detector] manual_track world_acquired cycle=0
2026-06-13 23:32:56.671 [INFO ] [marker_detector] manual_track world_lost cycle=0 — TF gap open
2026-06-13 23:32:56.739 [INFO ] [marker_detector] manual_track world_acquired cycle=0
2026-06-13 23:32:56.925 [INFO ] [marker_detector] manual_track world_lost cycle=0 — TF gap open
2026-06-13 23:32:57.046 [INFO ] [marker_detector] manual_track world_acquired cycle=0
2026-06-13 23:32:57.112 [INFO ] [marker_detector] manual_track world_lost cycle=0 — TF gap open
2026-06-13 23:32:57.289 [INFO ] [marker_detector] manual_track world_acquired cycle=0
2026-06-13 23:32:57.351 [INFO ] [marker_detector] manual_track world_lost cycle=0 — TF gap open
2026-06-13 23:32:57.418 [INFO ] [marker_detector] manual_track world_acquired cycle=0
2026-06-13 23:32:57.476 [INFO ] [marker_detector] manual_track world_lost cycle=0 — TF gap open
2026-06-13 23:32:57.599 [INFO ] [marker_detector] manual_track world_acquired cycle=0
2026-06-13 23:32:57.662 [INFO ] [marker_detector] manual_track world_lost cycle=0 — TF gap open
2026-06-13 23:32:58.160 [INFO ] [marker_detector] manual_track world_acquired cycle=0
2026-06-13 23:32:58.483 [INFO ] [marker_detector] manual_track world_lost cycle=0 — TF gap open
2026-06-13 23:32:58.742 [INFO ] [marker_detector] manual_track world_acquired cycle=0
2026-06-13 23:32:58.804 [INFO ] [marker_detector] manual_track world_lost cycle=0 — TF gap open
2026-06-13 23:32:59.186 [INFO ] [marker_detector] manual_track world_acquired cycle=0
2026-06-13 23:32:59.248 [INFO ] [marker_detector] manual_track world_lost cycle=0 — TF gap open
2026-06-13 23:32:59.804 [INFO ] [marker_detector] manual_track world_acquired cycle=0
2026-06-13 23:32:59.993 [INFO ] [marker_detector] manual_track world_lost cycle=0 — TF gap open
2026-06-13 23:33:00.117 [INFO ] [marker_detector] manual_track world_acquired cycle=0
2026-06-13 23:33:00.178 [INFO ] [marker_detector] manual_track world_lost cycle=0 — TF gap open
2026-06-13 23:33:00.372 [INFO ] [marker_detector] manual_track world_acquired cycle=0
2026-06-13 23:33:00.746 [INFO ] [marker_detector] manual_track world_lost cycle=0 — TF gap open
2026-06-13 23:33:00.874 [INFO ] [marker_detector] manual_track world_acquired cycle=0
2026-06-13 23:33:00.938 [INFO ] [marker_detector] manual_track world_lost cycle=0 — TF gap open
2026-06-13 23:33:01.315 [INFO ] [marker_detector] manual_track world_acquired cycle=0
2026-06-13 23:33:01.377 [INFO ] [marker_detector] manual_track world_lost cycle=0 — TF gap open
2026-06-13 23:33:02.325 [INFO ] [marker_detector] manual_track world_acquired cycle=0
2026-06-13 23:33:02.459 [INFO ] [marker_detector] manual_track world_lost cycle=0 — TF gap open
2026-06-13 23:33:02.585 [INFO ] [marker_detector] manual_track world_acquired cycle=0
2026-06-13 23:33:02.647 [INFO ] [marker_detector] manual_track world_lost cycle=0 — TF gap open
2026-06-13 23:33:02.842 [INFO ] [marker_detector] manual_track world_acquired cycle=0
2026-06-13 23:33:02.906 [INFO ] [marker_detector] manual_track world_lost cycle=0 — TF gap open
2026-06-13 23:33:03.038 [INFO ] [marker_detector] manual_track world_acquired cycle=0
2026-06-13 23:33:03.098 [INFO ] [marker_detector] manual_track world_lost cycle=0 — TF gap open
2026-06-13 23:33:03.421 [INFO ] [marker_detector] manual_track world_acquired cycle=0
2026-06-13 23:33:03.479 [INFO ] [marker_detector] manual_track world_lost cycle=0 — TF gap open
2026-06-13 23:33:03.606 [INFO ] [marker_detector] manual_track world_acquired cycle=0
2026-06-13 23:33:03.732 [INFO ] [marker_detector] manual_track world_lost cycle=0 — TF gap open
2026-06-13 23:33:03.798 [INFO ] [marker_detector] manual_track world_acquired cycle=0
2026-06-13 23:33:03.925 [INFO ] [marker_detector] manual_track world_lost cycle=0 — TF gap open
2026-06-13 23:33:04.301 [INFO ] [marker_detector] manual_track world_acquired cycle=0
2026-06-13 23:33:04.489 [INFO ] [marker_detector] manual_track world_lost cycle=0 — TF gap open
2026-06-13 23:33:04.612 [INFO ] [marker_detector] manual_track world_acquired cycle=0
2026-06-13 23:33:04.681 [INFO ] [marker_detector] manual_track world_lost cycle=0 — TF gap open
2026-06-13 23:33:04.871 [INFO ] [marker_detector] manual_track world_acquired cycle=0
2026-06-13 23:33:04.931 [INFO ] [marker_detector] manual_track world_lost cycle=0 — TF gap open
2026-06-13 23:33:05.312 [INFO ] [marker_detector] manual_track world_acquired cycle=0
2026-06-13 23:33:05.372 [INFO ] [marker_detector] manual_track world_lost cycle=0 — TF gap open
2026-06-13 23:33:05.621 [INFO ] [marker_detector] manual_track world_acquired cycle=0
2026-06-13 23:33:05.743 [INFO ] [marker_detector] manual_track world_lost cycle=0 — TF gap open
2026-06-13 23:33:05.870 [INFO ] [marker_detector] manual_track world_acquired cycle=0
2026-06-13 23:33:05.935 [INFO ] [marker_detector] manual_track world_lost cycle=0 — TF gap open
2026-06-13 23:33:06.632 [INFO ] [marker_detector] manual_track world_acquired cycle=0
2026-06-13 23:33:06.689 [INFO ] [marker_detector] manual_track world_lost cycle=0 — TF gap open
2026-06-13 23:33:06.938 [INFO ] [marker_detector] manual_track world_acquired cycle=0
2026-06-13 23:33:07.063 [INFO ] [marker_detector] manual_track world_lost cycle=0 — TF gap open
2026-06-13 23:33:07.131 [INFO ] [marker_detector] manual_track world_acquired cycle=0
2026-06-13 23:33:07.194 [INFO ] [marker_detector] manual_track world_lost cycle=0 — TF gap open
2026-06-13 23:33:07.257 [INFO ] [marker_detector] manual_track world_acquired cycle=0
2026-06-13 23:33:07.319 [INFO ] [marker_detector] manual_track world_lost cycle=0 — TF gap open
2026-06-13 23:33:07.512 [INFO ] [marker_detector] manual_track world_acquired cycle=0
2026-06-13 23:33:07.577 [INFO ] [marker_detector] manual_track world_lost cycle=0 — TF gap open
2026-06-13 23:33:07.765 [INFO ] [marker_detector] manual_track world_acquired cycle=0
2026-06-13 23:33:07.826 [INFO ] [marker_detector] manual_track world_lost cycle=0 — TF gap open
2026-06-13 23:33:08.255 [INFO ] [marker_detector] manual_track world_acquired cycle=0
2026-06-13 23:33:08.320 [INFO ] [marker_detector] manual_track world_lost cycle=0 — TF gap open
2026-06-13 23:33:08.442 [INFO ] [marker_detector] manual_track world_acquired cycle=0
2026-06-13 23:33:08.505 [INFO ] [marker_detector] manual_track world_lost cycle=0 — TF gap open
2026-06-13 23:33:08.631 [INFO ] [marker_detector] manual_track world_acquired cycle=0
2026-06-13 23:33:08.761 [INFO ] [marker_detector] manual_track world_lost cycle=0 — TF gap open
2026-06-13 23:33:08.830 [INFO ] [marker_detector] manual_track world_acquired cycle=0
2026-06-13 23:33:08.898 [INFO ] [marker_detector] manual_track world_lost cycle=0 — TF gap open
2026-06-13 23:33:09.208 [INFO ] [marker_detector] manual_track world_acquired cycle=0
2026-06-13 23:33:09.332 [INFO ] [marker_detector] manual_track world_lost cycle=0 — TF gap open
2026-06-13 23:33:09.654 [INFO ] [marker_detector] manual_track world_acquired cycle=0
2026-06-13 23:33:09.715 [INFO ] [marker_detector] manual_track world_lost cycle=0 — TF gap open
2026-06-13 23:33:09.842 [INFO ] [marker_detector] manual_track world_acquired cycle=0
2026-06-13 23:33:09.903 [INFO ] [marker_detector] manual_track world_lost cycle=0 — TF gap open
2026-06-13 23:33:10.095 [INFO ] [marker_detector] manual_track world_acquired cycle=0
2026-06-13 23:33:10.163 [INFO ] [marker_detector] manual_track world_lost cycle=0 — TF gap open
2026-06-13 23:33:10.287 [INFO ] [marker_detector] manual_track world_acquired cycle=0
2026-06-13 23:33:10.543 [INFO ] [marker_detector] manual_track world_lost cycle=0 — TF gap open
2026-06-13 23:33:10.730 [INFO ] [marker_detector] manual_track world_acquired cycle=0
2026-06-13 23:33:10.792 [INFO ] [marker_detector] manual_track world_lost cycle=0 — TF gap open
2026-06-13 23:33:10.922 [INFO ] [marker_detector] manual_track world_acquired cycle=0
2026-06-13 23:33:10.982 [INFO ] [marker_detector] manual_track world_lost cycle=0 — TF gap open
2026-06-13 23:33:11.726 [INFO ] [marker_detector] manual_track world_acquired cycle=0
2026-06-13 23:33:11.852 [INFO ] [marker_detector] manual_track world_lost cycle=0 — TF gap open
2026-06-13 23:33:11.911 [INFO ] [marker_detector] manual_track world_acquired cycle=0
2026-06-13 23:33:11.974 [INFO ] [marker_detector] manual_track world_lost cycle=0 — TF gap open
2026-06-13 23:33:12.162 [INFO ] [marker_detector] manual_track world_acquired cycle=0
2026-06-13 23:33:12.225 [INFO ] [marker_detector] manual_track world_lost cycle=0 — TF gap open
2026-06-13 23:33:12.352 [INFO ] [marker_detector] manual_track world_acquired cycle=0
2026-06-13 23:33:12.483 [INFO ] [marker_detector] manual_track world_lost cycle=0 — TF gap open
2026-06-13 23:33:12.861 [INFO ] [marker_detector] manual_track world_acquired cycle=0
2026-06-13 23:33:12.990 [INFO ] [marker_detector] manual_track world_lost cycle=0 — TF gap open
2026-06-13 23:33:13.299 [INFO ] [marker_detector] manual_track world_acquired cycle=0
2026-06-13 23:33:13.428 [INFO ] [marker_detector] manual_track world_lost cycle=0 — TF gap open
2026-06-13 23:33:13.489 [INFO ] [marker_detector] manual_track world_acquired cycle=0
2026-06-13 23:33:13.615 [INFO ] [marker_detector] manual_track world_lost cycle=0 — TF gap open
2026-06-13 23:33:13.803 [INFO ] [marker_detector] manual_track world_acquired cycle=0
2026-06-13 23:33:13.865 [INFO ] [marker_detector] manual_track world_lost cycle=0 — TF gap open
2026-06-13 23:33:13.932 [INFO ] [marker_detector] manual_track world_acquired cycle=0
2026-06-13 23:33:14.184 [INFO ] [marker_detector] manual_track world_lost cycle=0 — TF gap open
2026-06-13 23:33:14.248 [INFO ] [marker_detector] manual_track world_acquired cycle=0
2026-06-13 23:33:14.311 [INFO ] [marker_detector] manual_track world_lost cycle=0 — TF gap open
2026-06-13 23:33:14.645 [INFO ] [marker_detector] manual_track world_acquired cycle=0
2026-06-13 23:33:14.769 [INFO ] [marker_detector] manual_track world_lost cycle=0 — TF gap open
2026-06-13 23:33:14.834 [INFO ] [marker_detector] manual_track world_acquired cycle=0
2026-06-13 23:33:14.895 [INFO ] [marker_detector] manual_track world_lost cycle=0 — TF gap open
2026-06-13 23:33:15.348 [INFO ] [marker_detector] manual_track world_acquired cycle=0
2026-06-13 23:33:15.414 [INFO ] [marker_detector] manual_track world_lost cycle=0 — TF gap open
2026-06-13 23:33:15.666 [INFO ] [marker_detector] manual_track world_acquired cycle=0
2026-06-13 23:33:15.732 [INFO ] [marker_detector] manual_track world_lost cycle=0 — TF gap open
2026-06-13 23:33:15.795 [INFO ] [marker_detector] manual_track world_acquired cycle=0
2026-06-13 23:33:15.988 [INFO ] [marker_detector] manual_track world_lost cycle=0 — TF gap open
2026-06-13 23:33:16.125 [INFO ] [marker_detector] manual_track world_acquired cycle=0
2026-06-13 23:33:16.185 [INFO ] [marker_detector] manual_track world_lost cycle=0 — TF gap open
2026-06-13 23:33:16.425 [INFO ] [marker_detector] manual_track world_acquired cycle=0
2026-06-13 23:33:16.489 [INFO ] [marker_detector] manual_track world_lost cycle=0 — TF gap open
2026-06-13 23:33:16.963 [INFO ] [marker_detector] manual_track world_acquired cycle=0
2026-06-13 23:33:17.037 [INFO ] [marker_detector] manual_track world_lost cycle=0 — TF gap open
2026-06-13 23:33:17.099 [INFO ] [marker_detector] manual_track world_acquired cycle=0
2026-06-13 23:33:17.227 [INFO ] [marker_detector] manual_track world_lost cycle=0 — TF gap open
2026-06-13 23:33:17.471 [INFO ] [marker_detector] manual_track world_acquired cycle=0
2026-06-13 23:33:17.536 [INFO ] [marker_detector] manual_track world_lost cycle=0 — TF gap open
2026-06-13 23:33:17.660 [INFO ] [marker_detector] manual_track world_acquired cycle=0
2026-06-13 23:33:17.723 [INFO ] [marker_detector] manual_track world_lost cycle=0 — TF gap open
2026-06-13 23:33:17.904 [INFO ] [marker_detector] manual_track world_acquired cycle=0
2026-06-13 23:33:17.966 [INFO ] [marker_detector] manual_track world_lost cycle=0 — TF gap open
2026-06-13 23:33:18.151 [INFO ] [marker_detector] manual_track world_acquired cycle=0
2026-06-13 23:33:18.222 [INFO ] [marker_detector] manual_track world_lost cycle=0 — TF gap open
2026-06-13 23:33:18.467 [INFO ] [marker_detector] manual_track world_acquired cycle=0
2026-06-13 23:33:18.526 [INFO ] [marker_detector] manual_track world_lost cycle=0 — TF gap open
2026-06-13 23:33:18.720 [INFO ] [marker_detector] manual_track world_acquired cycle=0
2026-06-13 23:33:18.854 [INFO ] [marker_detector] manual_track world_lost cycle=0 — TF gap open
2026-06-13 23:33:18.914 [INFO ] [marker_detector] manual_track world_acquired cycle=0
2026-06-13 23:33:18.976 [INFO ] [marker_detector] manual_track world_lost cycle=0 — TF gap open
2026-06-13 23:33:19.467 [INFO ] [marker_detector] manual_track world_acquired cycle=0
2026-06-13 23:33:19.528 [INFO ] [marker_detector] manual_track world_lost cycle=0 — TF gap open
2026-06-13 23:33:19.836 [INFO ] [marker_detector] manual_track world_acquired cycle=0
2026-06-13 23:33:19.894 [INFO ] [marker_detector] manual_track world_lost cycle=0 — TF gap open
2026-06-13 23:33:20.074 [INFO ] [marker_detector] manual_track world_acquired cycle=0
2026-06-13 23:33:20.199 [INFO ] [marker_detector] manual_track world_lost cycle=0 — TF gap open
2026-06-13 23:33:20.326 [INFO ] [marker_detector] manual_track world_acquired cycle=0
2026-06-13 23:33:20.511 [INFO ] [marker_detector] manual_track world_lost cycle=0 — TF gap open
2026-06-13 23:33:20.638 [INFO ] [marker_detector] manual_track world_acquired cycle=0
2026-06-13 23:33:20.702 [INFO ] [marker_detector] manual_track world_lost cycle=0 — TF gap open
2026-06-13 23:33:20.856 [INFO ] [marker_detector] manual_track world_acquired cycle=0
2026-06-13 23:33:21.272 [INFO ] [marker_detector] manual_track world_lost cycle=0 — TF gap open
2026-06-13 23:33:21.331 [INFO ] [marker_detector] manual_track world_acquired cycle=0
2026-06-13 23:33:21.388 [INFO ] [marker_detector] manual_track world_lost cycle=0 — TF gap open
2026-06-13 23:33:21.683 [INFO ] [marker_detector] manual_track world_acquired cycle=0
2026-06-13 23:33:21.862 [INFO ] [marker_detector] manual_track world_lost cycle=0 — TF gap open
2026-06-13 23:33:22.464 [INFO ] [marker_detector] manual_track world_acquired cycle=0
2026-06-13 23:33:22.522 [INFO ] [marker_detector] manual_track world_lost cycle=0 — TF gap open
2026-06-13 23:33:22.913 [INFO ] [marker_detector] manual_track world_acquired cycle=0
2026-06-13 23:33:22.972 [INFO ] [marker_detector] manual_track world_lost cycle=0 — TF gap open
2026-06-13 23:33:23.034 [INFO ] [marker_detector] manual_track world_acquired cycle=0
2026-06-13 23:33:23.403 [INFO ] [marker_detector] manual_track world_lost cycle=0 — TF gap open
2026-06-13 23:33:23.584 [INFO ] [marker_detector] manual_track world_acquired cycle=0
2026-06-13 23:33:23.896 [INFO ] [marker_detector] manual_track world_lost cycle=0 — TF gap open
2026-06-13 23:33:24.443 [INFO ] [marker_detector] manual_track world_acquired cycle=0
2026-06-13 23:33:24.498 [INFO ] [marker_detector] manual_track world_lost cycle=0 — TF gap open
2026-06-13 23:33:24.607 [INFO ] [marker_detector] manual_track world_acquired cycle=0
2026-06-13 23:33:24.944 [INFO ] [marker_detector] manual_track world_lost cycle=0 — TF gap open
2026-06-13 23:33:25.164 [INFO ] [marker_detector] manual_track world_acquired cycle=0
2026-06-13 23:33:25.218 [INFO ] [marker_detector] manual_track world_lost cycle=0 — TF gap open
2026-06-13 23:33:25.272 [INFO ] [marker_detector] manual_track world_acquired cycle=0
2026-06-13 23:33:26.049 [INFO ] [marker_detector] manual_track world_lost cycle=0 — TF gap open
2026-06-13 23:33:26.102 [INFO ] [marker_detector] manual_track world_acquired cycle=0
2026-06-13 23:33:26.778 [INFO ] [marker_detector] manual_track world_lost cycle=0 — TF gap open
2026-06-13 23:33:26.892 [INFO ] [marker_detector] manual_track world_acquired cycle=0
2026-06-13 23:33:27.077 [INFO ] [marker_detector] manual_track world_lost cycle=0 — TF gap open
2026-06-13 23:33:27.139 [INFO ] [marker_detector] manual_track world_acquired cycle=0
2026-06-13 23:33:27.317 [INFO ] [marker_detector] manual_track world_lost cycle=0 — TF gap open
2026-06-13 23:33:27.376 [INFO ] [marker_detector] manual_track world_acquired cycle=0
2026-06-13 23:33:27.437 [INFO ] [marker_detector] manual_track world_lost cycle=0 — TF gap open
2026-06-13 23:33:27.544 [INFO ] [marker_detector] manual_track world_acquired cycle=0
2026-06-13 23:33:27.706 [INFO ] [marker_detector] manual_track world_lost cycle=0 — TF gap open
2026-06-13 23:33:27.764 [INFO ] [marker_detector] manual_track world_acquired cycle=0
2026-06-13 23:33:27.881 [INFO ] [marker_detector] manual_track world_lost cycle=0 — TF gap open
2026-06-13 23:33:28.052 [INFO ] [marker_detector] manual_track world_acquired cycle=0
2026-06-13 23:33:28.333 [INFO ] [marker_detector] manual_track world_lost cycle=0 — TF gap open
2026-06-13 23:33:28.502 [INFO ] [marker_detector] manual_track world_acquired cycle=0
2026-06-13 23:33:28.558 [INFO ] [marker_detector] manual_track world_lost cycle=0 — TF gap open
2026-06-13 23:33:28.613 [INFO ] [marker_detector] manual_track world_acquired cycle=0
2026-06-13 23:33:28.676 [INFO ] [marker_detector] manual_track world_lost cycle=0 — TF gap open
2026-06-13 23:33:28.735 [INFO ] [marker_detector] manual_track world_acquired cycle=0
2026-06-13 23:33:28.841 [INFO ] [marker_detector] manual_track world_lost cycle=0 — TF gap open
2026-06-13 23:33:29.008 [INFO ] [marker_detector] manual_track world_acquired cycle=0
2026-06-13 23:33:29.290 [INFO ] [marker_detector] manual_track world_lost cycle=0 — TF gap open
2026-06-13 23:33:29.533 [INFO ] [marker_detector] manual_track world_acquired cycle=0
2026-06-13 23:33:29.592 [INFO ] [marker_detector] manual_track world_lost cycle=0 — TF gap open
2026-06-13 23:33:29.655 [INFO ] [marker_detector] manual_track world_acquired cycle=0
2026-06-13 23:33:30.011 [INFO ] [marker_detector] manual_track world_lost cycle=0 — TF gap open
2026-06-13 23:33:30.130 [INFO ] [marker_detector] manual_track world_acquired cycle=0
2026-06-13 23:33:30.185 [INFO ] [marker_detector] manual_track world_lost cycle=0 — TF gap open
2026-06-13 23:33:30.497 [INFO ] [marker_detector] manual_track world_acquired cycle=0
2026-06-13 23:33:30.892 [INFO ] [marker_detector] manual_track world_lost cycle=0 — TF gap open
2026-06-13 23:33:31.001 [INFO ] [marker_detector] manual_track world_acquired cycle=0
2026-06-13 23:33:31.128 [INFO ] [marker_detector] manual_track world_lost cycle=0 — TF gap open
2026-06-13 23:33:31.192 [INFO ] [marker_detector] manual_track world_acquired cycle=0
2026-06-13 23:33:31.249 [INFO ] [marker_detector] manual_track world_lost cycle=0 — TF gap open
2026-06-13 23:33:31.307 [INFO ] [marker_detector] manual_track world_acquired cycle=0
2026-06-13 23:33:31.370 [INFO ] [marker_detector] manual_track world_lost cycle=0 — TF gap open
2026-06-13 23:33:31.431 [INFO ] [marker_detector] manual_track world_acquired cycle=0
2026-06-13 23:33:31.624 [INFO ] [marker_detector] manual_track world_lost cycle=0 — TF gap open
2026-06-13 23:33:31.687 [INFO ] [marker_detector] manual_track world_acquired cycle=0
2026-06-13 23:33:31.745 [INFO ] [marker_detector] manual_track world_lost cycle=0 — TF gap open
2026-06-13 23:33:32.339 [INFO ] [marker_detector] manual_track world_acquired cycle=0
2026-06-13 23:33:32.859 [INFO ] [marker_detector] manual_track world_lost cycle=0 — TF gap open
2026-06-13 23:33:33.112 [INFO ] [marker_detector] manual_track world_acquired cycle=0
2026-06-13 23:33:34.022 [INFO ] [marker_detector] manual_track world_lost cycle=0 — TF gap open
2026-06-13 23:33:34.494 [INFO ] [marker_detector] manual_track world_acquired cycle=0
2026-06-13 23:33:35.829 [INFO ] [marker_detector] manual_track world_lost cycle=0 — TF gap open
2026-06-13 23:33:35.890 [INFO ] [marker_detector] manual_track world_acquired cycle=0
2026-06-13 23:33:36.261 [INFO ] [marker_detector] manual_track world_lost cycle=0 — TF gap open
2026-06-13 23:33:36.923 [INFO ] [marker_detector] manual_track world_acquired cycle=0
2026-06-13 23:33:37.258 [INFO ] [marker_detector] manual_track world_lost cycle=0 — TF gap open
2026-06-13 23:33:37.381 [INFO ] [marker_detector] manual_track world_acquired cycle=0
2026-06-13 23:33:37.441 [INFO ] [marker_detector] manual_track world_lost cycle=0 — TF gap open
2026-06-13 23:33:37.503 [INFO ] [marker_detector] manual_track world_acquired cycle=0
2026-06-13 23:33:38.068 [INFO ] [marker_detector] manual_track world_lost cycle=0 — TF gap open
2026-06-13 23:33:38.419 [INFO ] [marker_detector] manual_track world_acquired cycle=0
2026-06-13 23:33:38.663 [INFO ] [marker_detector] manual_track world_lost cycle=0 — TF gap open
2026-06-13 23:33:38.846 [INFO ] [marker_detector] manual_track world_acquired cycle=0
2026-06-13 23:33:38.982 [INFO ] [marker_detector] manual_track world_lost cycle=0 — TF gap open
2026-06-13 23:33:39.107 [INFO ] [marker_detector] manual_track world_acquired cycle=0
2026-06-13 23:33:39.169 [INFO ] [marker_detector] manual_track world_lost cycle=0 — TF gap open
2026-06-13 23:33:39.234 [INFO ] [marker_detector] manual_track world_acquired cycle=0
2026-06-13 23:33:39.426 [INFO ] [marker_detector] manual_track world_lost cycle=0 — TF gap open
2026-06-13 23:33:39.736 [INFO ] [marker_detector] manual_track world_acquired cycle=0
2026-06-13 23:33:40.173 [INFO ] [marker_detector] manual_track world_lost cycle=0 — TF gap open
2026-06-13 23:33:40.239 [INFO ] [marker_detector] manual_track world_acquired cycle=0
2026-06-13 23:33:40.372 [INFO ] [marker_detector] manual_track world_lost cycle=0 — TF gap open
2026-06-13 23:33:40.435 [INFO ] [marker_detector] manual_track world_acquired cycle=0
2026-06-13 23:33:41.274 [INFO ] [marker_detector] manual_track world_lost cycle=0 — TF gap open
2026-06-13 23:33:41.396 [INFO ] [marker_detector] manual_track world_acquired cycle=0
2026-06-13 23:33:41.856 [INFO ] [marker_detector] manual_track world_lost cycle=0 — TF gap open
2026-06-13 23:33:41.920 [INFO ] [marker_detector] manual_track world_acquired cycle=0
2026-06-13 23:33:42.113 [INFO ] [marker_detector] manual_track world_lost cycle=0 — TF gap open
2026-06-13 23:33:42.176 [INFO ] [marker_detector] manual_track world_acquired cycle=0
2026-06-13 23:33:42.237 [INFO ] [marker_detector] manual_track world_lost cycle=0 — TF gap open
2026-06-13 23:33:42.301 [INFO ] [marker_detector] manual_track world_acquired cycle=0
2026-06-13 23:33:43.836 [INFO ] [marker_detector] manual_track world_lost cycle=0 — TF gap open
2026-06-13 23:33:43.900 [INFO ] [marker_detector] manual_track world_acquired cycle=0
2026-06-13 23:33:44.095 [INFO ] [marker_detector] manual_track world_lost cycle=0 — TF gap open
2026-06-13 23:33:44.160 [INFO ] [marker_detector] manual_track world_acquired cycle=0
2026-06-13 23:33:44.540 [INFO ] [marker_detector] manual_track world_lost cycle=0 — TF gap open
2026-06-13 23:33:44.612 [INFO ] [marker_detector] manual_track world_acquired cycle=0
2026-06-13 23:33:44.861 [INFO ] [marker_detector] manual_track world_lost cycle=0 — TF gap open
2026-06-13 23:33:44.927 [INFO ] [marker_detector] manual_track world_acquired cycle=0
2026-06-13 23:33:46.953 [INFO ] [marker_detector] manual_track world_lost cycle=0 — TF gap open
2026-06-13 23:33:47.078 [INFO ] [marker_detector] manual_track world_acquired cycle=0
2026-06-13 23:33:47.985 [INFO ] [marker_detector] manual_track world_lost cycle=0 — TF gap open
2026-06-13 23:33:48.052 [INFO ] [marker_detector] manual_track world_acquired cycle=0
2026-06-13 23:33:48.115 [INFO ] [marker_detector] manual_track world_lost cycle=0 — TF gap open
2026-06-13 23:33:48.181 [INFO ] [marker_detector] manual_track world_acquired cycle=0
2026-06-13 23:33:48.496 [INFO ] [marker_detector] manual_track world_lost cycle=0 — TF gap open
2026-06-13 23:33:48.562 [INFO ] [marker_detector] manual_track world_acquired cycle=0
2026-06-13 23:33:48.698 [INFO ] [marker_detector] manual_track world_lost cycle=0 — TF gap open
2026-06-13 23:33:48.758 [INFO ] [marker_detector] manual_track world_acquired cycle=0
2026-06-13 23:33:48.820 [INFO ] [marker_detector] manual_track world_lost cycle=0 — TF gap open
2026-06-13 23:33:48.882 [INFO ] [marker_detector] manual_track world_acquired cycle=0
2026-06-13 23:33:48.939 [INFO ] [marker_detector] manual_track world_lost cycle=0 — TF gap open
2026-06-13 23:33:49.000 [INFO ] [marker_detector] manual_track world_acquired cycle=0
2026-06-13 23:33:49.253 [INFO ] [marker_detector] manual_track world_lost cycle=0 — TF gap open
2026-06-13 23:33:49.314 [INFO ] [marker_detector] manual_track world_acquired cycle=0
2026-06-13 23:33:49.695 [INFO ] [marker_detector] manual_track world_lost cycle=0 — TF gap open
2026-06-13 23:33:49.759 [INFO ] [marker_detector] manual_track world_acquired cycle=0
2026-06-13 23:33:50.407 [INFO ] [marker_detector] manual_track world_lost cycle=0 — TF gap open
2026-06-13 23:33:50.471 [INFO ] [marker_detector] manual_track world_acquired cycle=0
2026-06-13 23:33:50.497 [INFO ] [marker_detector] cycle_file_close cycle=0
2026-06-13 23:33:50.497 [INFO ] [marker_detector] manual_track_stop cycle=0
2026-06-13 23:33:53.453 [INFO ] [marker_detector] cycle_file_open cycle=1 file=cycle_1_raw_233353.json
2026-06-13 23:33:53.453 [INFO ] [marker_detector] manual_track_start cycle=1
2026-06-13 23:33:53.519 [INFO ] [marker_detector] manual_track world_acquired cycle=1
2026-06-13 23:33:53.712 [INFO ] [marker_detector] manual_track world_lost cycle=1 — TF gap open
2026-06-13 23:33:53.783 [INFO ] [marker_detector] manual_track world_acquired cycle=1
2026-06-13 23:33:54.107 [INFO ] [marker_detector] manual_track world_lost cycle=1 — TF gap open
2026-06-13 23:33:54.948 [INFO ] [marker_detector] manual_track world_acquired cycle=1
2026-06-13 23:33:55.194 [INFO ] [marker_detector] manual_track world_lost cycle=1 — TF gap open
2026-06-13 23:33:55.254 [INFO ] [marker_detector] manual_track world_acquired cycle=1
2026-06-13 23:33:55.316 [INFO ] [marker_detector] manual_track world_lost cycle=1 — TF gap open
2026-06-13 23:33:55.935 [INFO ] [marker_detector] manual_track world_acquired cycle=1
2026-06-13 23:33:55.997 [INFO ] [marker_detector] manual_track world_lost cycle=1 — TF gap open
2026-06-13 23:33:56.222 [INFO ] [marker_detector] manual_track world_acquired cycle=1
2026-06-13 23:33:56.276 [INFO ] [marker_detector] manual_track world_lost cycle=1 — TF gap open
2026-06-13 23:33:57.021 [INFO ] [marker_detector] manual_track world_acquired cycle=1
2026-06-13 23:33:57.286 [INFO ] [marker_detector] manual_track world_lost cycle=1 — TF gap open
2026-06-13 23:33:57.343 [INFO ] [marker_detector] manual_track world_acquired cycle=1
2026-06-13 23:33:59.891 [INFO ] [marker_detector] manual_track world_lost cycle=1 — TF gap open
2026-06-13 23:33:59.947 [INFO ] [marker_detector] manual_track world_acquired cycle=1
2026-06-13 23:34:00.005 [INFO ] [marker_detector] manual_track world_lost cycle=1 — TF gap open
2026-06-13 23:34:00.064 [INFO ] [marker_detector] manual_track world_acquired cycle=1
2026-06-13 23:34:01.538 [INFO ] [marker_detector] manual_track world_lost cycle=1 — TF gap open
2026-06-13 23:34:01.591 [INFO ] [marker_detector] manual_track world_acquired cycle=1
2026-06-13 23:34:01.701 [INFO ] [marker_detector] manual_track world_lost cycle=1 — TF gap open
2026-06-13 23:34:03.468 [INFO ] [marker_detector] manual_track world_acquired cycle=1
2026-06-13 23:34:04.414 [INFO ] [marker_detector] manual_track world_lost cycle=1 — TF gap open
2026-06-13 23:34:04.592 [INFO ] [marker_detector] manual_track world_acquired cycle=1
2026-06-13 23:34:04.652 [INFO ] [marker_detector] manual_track world_lost cycle=1 — TF gap open
2026-06-13 23:34:04.713 [INFO ] [marker_detector] manual_track world_acquired cycle=1
2026-06-13 23:34:05.740 [INFO ] [marker_detector] manual_track world_lost cycle=1 — TF gap open
2026-06-13 23:34:05.799 [INFO ] [marker_detector] manual_track world_acquired cycle=1
2026-06-13 23:34:06.770 [INFO ] [marker_detector] cycle_file_close cycle=1
2026-06-13 23:34:06.770 [INFO ] [marker_detector] manual_track_stop cycle=1
