2026-06-13 12:18:06.202 [INFO ] [marker_detector] cycle_file_open cycle=0 file=cycle_0_raw_121806.json
2026-06-13 12:18:06.202 [INFO ] [marker_detector] manual_track_start cycle=0
2026-06-13 12:18:06.319 [INFO ] [marker_detector] manual_track world_acquired cycle=0
2026-06-13 12:18:10.241 [INFO ] [marker_detector] cycle_file_close cycle=0
2026-06-13 12:18:10.241 [INFO ] [marker_detector] manual_track_stop cycle=0
2026-06-13 12:18:11.722 [INFO ] [marker_detector] cycle_file_open cycle=1 file=cycle_1_raw_121811.json
2026-06-13 12:18:11.722 [INFO ] [marker_detector] manual_track_start cycle=1
2026-06-13 12:18:11.795 [INFO ] [marker_detector] manual_track world_acquired cycle=1
2026-06-13 12:18:13.616 [INFO ] [marker_detector] cycle_file_close cycle=1
2026-06-13 12:18:13.617 [INFO ] [marker_detector] manual_track_stop cycle=1
2026-06-13 12:18:15.174 [INFO ] [marker_detector] cycle_file_open cycle=2 file=cycle_2_raw_121815.json
2026-06-13 12:18:15.174 [INFO ] [marker_detector] manual_track_start cycle=2
2026-06-13 12:18:15.258 [INFO ] [marker_detector] manual_track world_acquired cycle=2
2026-06-13 12:18:34.506 [INFO ] [marker_detector] manual_track world_lost cycle=2 — TF gap open
2026-06-13 12:18:34.633 [INFO ] [marker_detector] manual_track world_acquired cycle=2
2026-06-13 12:18:34.693 [INFO ] [marker_detector] manual_track world_lost cycle=2 — TF gap open
2026-06-13 12:18:34.758 [INFO ] [marker_detector] manual_track world_acquired cycle=2
2026-06-13 12:18:35.894 [INFO ] [marker_detector] manual_track world_lost cycle=2 — TF gap open
2026-06-13 12:18:36.211 [INFO ] [marker_detector] manual_track world_acquired cycle=2
2026-06-13 12:18:36.421 [INFO ] [marker_detector] manual_track world_lost cycle=2 — TF gap open
2026-06-13 12:18:36.484 [INFO ] [marker_detector] manual_track world_acquired cycle=2
2026-06-13 12:18:36.547 [INFO ] [marker_detector] manual_track world_lost cycle=2 — TF gap open
2026-06-13 12:18:36.737 [INFO ] [marker_detector] manual_track world_acquired cycle=2
2026-06-13 12:18:48.397 [INFO ] [marker_detector] manual_track world_lost cycle=2 — TF gap open
2026-06-13 12:18:48.462 [INFO ] [marker_detector] manual_track world_acquired cycle=2
2026-06-13 12:18:48.725 [INFO ] [marker_detector] manual_track world_lost cycle=2 — TF gap open
2026-06-13 12:18:48.801 [INFO ] [marker_detector] manual_track world_acquired cycle=2
2026-06-13 12:18:49.237 [INFO ] [marker_detector] manual_track world_lost cycle=2 — TF gap open
2026-06-13 12:18:49.298 [INFO ] [marker_detector] manual_track world_acquired cycle=2
2026-06-13 12:18:49.484 [INFO ] [marker_detector] manual_track world_lost cycle=2 — TF gap open
2026-06-13 12:18:49.553 [INFO ] [marker_detector] manual_track world_acquired cycle=2
2026-06-13 12:18:49.748 [INFO ] [marker_detector] manual_track world_lost cycle=2 — TF gap open
2026-06-13 12:18:49.803 [INFO ] [marker_detector] manual_track world_acquired cycle=2
2026-06-13 12:18:49.858 [INFO ] [marker_detector] manual_track world_lost cycle=2 — TF gap open
2026-06-13 12:18:49.911 [INFO ] [marker_detector] manual_track world_acquired cycle=2
2026-06-13 12:18:50.819 [INFO ] [marker_detector] manual_track world_lost cycle=2 — TF gap open
2026-06-13 12:18:50.869 [INFO ] [marker_detector] manual_track world_acquired cycle=2
2026-06-13 12:18:52.755 [INFO ] [marker_detector] manual_track world_lost cycle=2 — TF gap open
2026-06-13 12:18:52.807 [INFO ] [marker_detector] manual_track world_acquired cycle=2
2026-06-13 12:18:52.911 [INFO ] [marker_detector] manual_track world_lost cycle=2 — TF gap open
2026-06-13 12:18:53.055 [INFO ] [marker_detector] manual_track world_acquired cycle=2
2026-06-13 12:19:09.824 [INFO ] [marker_detector] manual_track world_lost cycle=2 — TF gap open
2026-06-13 12:19:09.875 [INFO ] [marker_detector] manual_track world_acquired cycle=2
2026-06-13 12:19:09.926 [INFO ] [marker_detector] manual_track world_lost cycle=2 — TF gap open
2026-06-13 12:19:10.142 [INFO ] [marker_detector] manual_track world_acquired cycle=2
2026-06-13 12:19:10.747 [INFO ] [marker_detector] manual_track world_lost cycle=2 — TF gap open
2026-06-13 12:19:10.861 [INFO ] [marker_detector] manual_track world_acquired cycle=2
