2026-06-13 23:38:11.700 [INFO ] [tf_bridge] tf_bridge started | session=/home/jeano/picar_ros/logs/session_20260613_233811
2026-06-13 23:38:11.700 [INFO ] [tf_bridge] xyz_file_open path=/home/jeano/picar_ros/logs/session_20260613_233811/points.xyz
2026-06-13 23:38:11.700 [INFO ] [tf_bridge] connecting to ws://picar-jv:8000/ws
2026-06-13 23:38:11.721 [WARNING] [tf_bridge] connection refused: [Errno -3] Temporary failure in name resolution — retry in 1.0s
2026-06-13 23:38:12.733 [WARNING] [tf_bridge] connection refused: [Errno -3] Temporary failure in name resolution — retry in 2.0s
2026-06-13 23:38:14.746 [WARNING] [tf_bridge] connection refused: [Errno -3] Temporary failure in name resolution — retry in 4.0s
2026-06-13 23:38:18.778 [INFO ] [tf_bridge] websocket connected to ws://picar-jv:8000/ws
2026-06-13 23:38:18.810 [INFO ] [tf_bridge] first_detection session cycle=1
2026-06-13 23:38:18.810 [INFO ] [tf_bridge] cycle_start cycle=1
2026-06-13 23:38:18.811 [INFO ] [tf_bridge] cycle_file_open file=cycle_1_world_233818.json
2026-06-13 23:38:18.812 [INFO ] [tf_bridge] world_origin_published cycle=1
2026-06-13 23:39:32.508 [WARNING] [tf_bridge] websocket closed: received 1012 (service restart); then sent 1012 (service restart) — retry in 1.0s
2026-06-13 23:39:33.529 [WARNING] [tf_bridge] connection refused: Multiple exceptions: [Errno 111] Connect call failed ('2600:1700:4660:8620:da3a:ddff:fea1:685f', 8000, 0, 0), [Errno 111] Connect call failed ('192.168.1.241', 8000), [Errno 22] Invalid argument — retry in 2.0s
2026-06-13 23:39:35.545 [WARNING] [tf_bridge] connection refused: [Errno -3] Temporary failure in name resolution — retry in 4.0s
2026-06-13 23:39:39.572 [WARNING] [tf_bridge] connection refused: Multiple exceptions: [Errno 111] Connect call failed ('2600:1700:4660:8620:da3a:ddff:fea1:685f', 8000, 0, 0), [Errno 111] Connect call failed ('192.168.1.241', 8000), [Errno 22] Invalid argument — retry in 8.0s
2026-06-13 23:39:47.592 [WARNING] [tf_bridge] connection refused: [Errno -3] Temporary failure in name resolution — retry in 16.0s
2026-06-13 23:40:03.619 [WARNING] [tf_bridge] connection refused: [Errno -3] Temporary failure in name resolution — retry in 30.0s
2026-06-13 23:40:33.640 [WARNING] [tf_bridge] connection refused: [Errno -3] Temporary failure in name resolution — retry in 30.0s
2026-06-13 23:41:03.668 [WARNING] [tf_bridge] connection refused: [Errno -3] Temporary failure in name resolution — retry in 30.0s
2026-06-13 23:41:33.701 [WARNING] [tf_bridge] connection refused: [Errno -3] Temporary failure in name resolution — retry in 30.0s
2026-06-13 23:41:54.569 [INFO ] [tf_bridge] cycle_file_close cycle=1
