2026-06-23 07:17:49.889 [INFO ] [marker_detector] cycle_file_open cycle=0 file=cycle_0_raw_071749.json
2026-06-23 07:17:49.890 [INFO ] [marker_detector] manual_track_start cycle=0
2026-06-23 07:17:50.109 [INFO ] [marker_detector] manual_track world_acquired cycle=0
2026-06-23 07:17:50.140 [INFO ] [marker_detector] manual_track world_lost cycle=0 — TF gap open
2026-06-23 07:17:50.196 [INFO ] [marker_detector] manual_track world_acquired cycle=0
2026-06-23 07:17:50.279 [INFO ] [marker_detector] manual_track world_lost cycle=0 — TF gap open
2026-06-23 07:17:50.385 [INFO ] [marker_detector] manual_track world_acquired cycle=0
2026-06-23 07:17:50.411 [INFO ] [marker_detector] manual_track world_lost cycle=0 — TF gap open
2026-06-23 07:17:50.443 [INFO ] [marker_detector] manual_track world_acquired cycle=0
2026-06-23 07:17:50.507 [INFO ] [marker_detector] manual_track world_lost cycle=0 — TF gap open
2026-06-23 07:17:50.575 [INFO ] [marker_detector] manual_track world_acquired cycle=0
2026-06-23 07:17:50.605 [INFO ] [marker_detector] manual_track world_lost cycle=0 — TF gap open
2026-06-23 07:17:50.739 [INFO ] [marker_detector] manual_track world_acquired cycle=0
2026-06-23 07:17:50.774 [INFO ] [marker_detector] manual_track world_lost cycle=0 — TF gap open
2026-06-23 07:17:50.873 [INFO ] [marker_detector] manual_track world_acquired cycle=0
2026-06-23 07:17:50.906 [INFO ] [marker_detector] manual_track world_lost cycle=0 — TF gap open
2026-06-23 07:17:51.206 [INFO ] [marker_detector] manual_track world_acquired cycle=0
2026-06-23 07:17:51.271 [INFO ] [marker_detector] manual_track world_lost cycle=0 — TF gap open
2026-06-23 07:17:51.310 [INFO ] [marker_detector] manual_track world_acquired cycle=0
2026-06-23 07:17:51.374 [INFO ] [marker_detector] manual_track world_lost cycle=0 — TF gap open
2026-06-23 07:17:51.475 [INFO ] [marker_detector] manual_track world_acquired cycle=0
2026-06-23 07:17:51.506 [INFO ] [marker_detector] manual_track world_lost cycle=0 — TF gap open
2026-06-23 07:17:51.807 [INFO ] [marker_detector] manual_track world_acquired cycle=0
2026-06-23 07:17:51.838 [INFO ] [marker_detector] manual_track world_lost cycle=0 — TF gap open
2026-06-23 07:17:52.375 [INFO ] [marker_detector] manual_track world_acquired cycle=0
2026-06-23 07:17:52.441 [INFO ] [marker_detector] manual_track world_lost cycle=0 — TF gap open
2026-06-23 07:17:52.575 [INFO ] [marker_detector] manual_track world_acquired cycle=0
2026-06-23 07:17:52.603 [INFO ] [marker_detector] manual_track world_lost cycle=0 — TF gap open
2026-06-23 07:17:52.673 [INFO ] [marker_detector] manual_track world_acquired cycle=0
2026-06-23 07:17:52.706 [INFO ] [marker_detector] manual_track world_lost cycle=0 — TF gap open
2026-06-23 07:17:52.777 [INFO ] [marker_detector] manual_track world_acquired cycle=0
2026-06-23 07:17:52.806 [INFO ] [marker_detector] manual_track world_lost cycle=0 — TF gap open
2026-06-23 07:17:52.840 [INFO ] [marker_detector] manual_track world_acquired cycle=0
2026-06-23 07:17:52.946 [INFO ] [marker_detector] manual_track world_lost cycle=0 — TF gap open
2026-06-23 07:17:53.138 [INFO ] [marker_detector] manual_track world_acquired cycle=0
2026-06-23 07:17:53.269 [INFO ] [marker_detector] manual_track world_lost cycle=0 — TF gap open
2026-06-23 07:17:53.506 [INFO ] [marker_detector] manual_track world_acquired cycle=0
2026-06-23 07:17:53.538 [INFO ] [marker_detector] manual_track world_lost cycle=0 — TF gap open
2026-06-23 07:17:53.641 [INFO ] [marker_detector] manual_track world_acquired cycle=0
2026-06-23 07:17:53.739 [INFO ] [marker_detector] manual_track world_lost cycle=0 — TF gap open
2026-06-23 07:17:53.775 [INFO ] [marker_detector] manual_track world_acquired cycle=0
2026-06-23 07:17:53.838 [INFO ] [marker_detector] manual_track world_lost cycle=0 — TF gap open
2026-06-23 07:17:54.047 [INFO ] [marker_detector] manual_track world_acquired cycle=0
2026-06-23 07:17:54.074 [INFO ] [marker_detector] manual_track world_lost cycle=0 — TF gap open
2026-06-23 07:17:54.245 [INFO ] [marker_detector] manual_track world_acquired cycle=0
2026-06-23 07:17:54.273 [INFO ] [marker_detector] manual_track world_lost cycle=0 — TF gap open
2026-06-23 07:17:54.607 [INFO ] [marker_detector] manual_track world_acquired cycle=0
2026-06-23 07:17:54.638 [INFO ] [marker_detector] manual_track world_lost cycle=0 — TF gap open
2026-06-23 07:17:54.774 [INFO ] [marker_detector] manual_track world_acquired cycle=0
2026-06-23 07:17:54.804 [INFO ] [marker_detector] manual_track world_lost cycle=0 — TF gap open
2026-06-23 07:17:54.972 [INFO ] [marker_detector] manual_track world_acquired cycle=0
2026-06-23 07:17:55.071 [INFO ] [marker_detector] manual_track world_lost cycle=0 — TF gap open
2026-06-23 07:17:55.194 [INFO ] [marker_detector] manual_track world_acquired cycle=0
2026-06-23 07:17:55.221 [INFO ] [marker_detector] manual_track world_lost cycle=0 — TF gap open
2026-06-23 07:17:55.304 [INFO ] [marker_detector] manual_track world_acquired cycle=0
2026-06-23 07:17:55.437 [INFO ] [marker_detector] manual_track world_lost cycle=0 — TF gap open
2026-06-23 07:17:55.668 [INFO ] [marker_detector] manual_track world_acquired cycle=0
2026-06-23 07:17:56.840 [INFO ] [marker_detector] manual_track world_lost cycle=0 — TF gap open
2026-06-23 07:17:56.871 [INFO ] [marker_detector] manual_track world_acquired cycle=0
2026-06-23 07:17:58.233 [INFO ] [marker_detector] manual_track world_lost cycle=0 — TF gap open
2026-06-23 07:17:58.265 [INFO ] [marker_detector] manual_track world_acquired cycle=0
2026-06-23 07:17:58.901 [INFO ] [marker_detector] manual_track world_lost cycle=0 — TF gap open
2026-06-23 07:17:58.933 [INFO ] [marker_detector] manual_track world_acquired cycle=0
2026-06-23 07:17:59.930 [INFO ] [marker_detector] manual_track world_lost cycle=0 — TF gap open
2026-06-23 07:17:59.966 [INFO ] [marker_detector] manual_track world_acquired cycle=0
2026-06-23 07:18:00.348 [INFO ] [marker_detector] manual_track world_lost cycle=0 — TF gap open
2026-06-23 07:18:00.374 [INFO ] [marker_detector] manual_track world_acquired cycle=0
2026-06-23 07:18:01.265 [INFO ] [marker_detector] manual_track world_lost cycle=0 — TF gap open
2026-06-23 07:18:01.299 [INFO ] [marker_detector] manual_track world_acquired cycle=0
2026-06-23 07:18:02.862 [INFO ] [marker_detector] manual_track world_lost cycle=0 — TF gap open
2026-06-23 07:18:02.897 [INFO ] [marker_detector] manual_track world_acquired cycle=0
2026-06-23 07:18:03.928 [INFO ] [marker_detector] manual_track world_lost cycle=0 — TF gap open
2026-06-23 07:18:03.960 [INFO ] [marker_detector] manual_track world_acquired cycle=0
2026-06-23 07:18:05.126 [INFO ] [marker_detector] manual_track world_lost cycle=0 — TF gap open
2026-06-23 07:18:05.162 [INFO ] [marker_detector] manual_track world_acquired cycle=0
2026-06-23 07:18:05.307 [INFO ] [marker_detector] manual_track world_lost cycle=0 — TF gap open
2026-06-23 07:18:05.347 [INFO ] [marker_detector] manual_track world_acquired cycle=0
2026-06-23 07:18:06.559 [INFO ] [marker_detector] manual_track world_lost cycle=0 — TF gap open
2026-06-23 07:18:06.829 [INFO ] [marker_detector] manual_track world_acquired cycle=0
2026-06-23 07:18:07.358 [INFO ] [marker_detector] manual_track world_lost cycle=0 — TF gap open
2026-06-23 07:18:07.460 [INFO ] [marker_detector] manual_track world_acquired cycle=0
2026-06-23 07:18:07.491 [INFO ] [marker_detector] manual_track world_lost cycle=0 — TF gap open
2026-06-23 07:18:07.593 [INFO ] [marker_detector] manual_track world_acquired cycle=0
2026-06-23 07:18:08.124 [INFO ] [marker_detector] manual_track world_lost cycle=0 — TF gap open
2026-06-23 07:18:08.292 [INFO ] [marker_detector] manual_track world_acquired cycle=0
2026-06-23 07:18:08.322 [INFO ] [marker_detector] manual_track world_lost cycle=0 — TF gap open
2026-06-23 07:18:08.360 [INFO ] [marker_detector] manual_track world_acquired cycle=0
2026-06-23 07:18:09.524 [INFO ] [marker_detector] manual_track world_lost cycle=0 — TF gap open
2026-06-23 07:18:09.603 [INFO ] [marker_detector] manual_track world_acquired cycle=0
2026-06-23 07:18:09.628 [INFO ] [marker_detector] manual_track world_lost cycle=0 — TF gap open
2026-06-23 07:18:09.797 [INFO ] [marker_detector] manual_track world_acquired cycle=0
2026-06-23 07:18:09.823 [INFO ] [marker_detector] manual_track world_lost cycle=0 — TF gap open
2026-06-23 07:18:09.860 [INFO ] [marker_detector] manual_track world_acquired cycle=0
2026-06-23 07:18:10.028 [INFO ] [marker_detector] manual_track world_lost cycle=0 — TF gap open
2026-06-23 07:18:10.257 [INFO ] [marker_detector] manual_track world_acquired cycle=0
2026-06-23 07:18:10.722 [INFO ] [marker_detector] manual_track world_lost cycle=0 — TF gap open
2026-06-23 07:18:10.789 [INFO ] [marker_detector] manual_track world_acquired cycle=0
2026-06-23 07:18:10.820 [INFO ] [marker_detector] manual_track world_lost cycle=0 — TF gap open
2026-06-23 07:18:11.026 [INFO ] [marker_detector] manual_track world_acquired cycle=0
2026-06-23 07:18:11.055 [INFO ] [marker_detector] manual_track world_lost cycle=0 — TF gap open
2026-06-23 07:18:11.424 [INFO ] [marker_detector] manual_track world_acquired cycle=0
2026-06-23 07:18:11.722 [INFO ] [marker_detector] manual_track world_lost cycle=0 — TF gap open
2026-06-23 07:18:12.122 [INFO ] [marker_detector] manual_track world_acquired cycle=0
2026-06-23 07:18:12.856 [INFO ] [marker_detector] manual_track world_lost cycle=0 — TF gap open
2026-06-23 07:18:13.229 [INFO ] [marker_detector] manual_track world_acquired cycle=0
2026-06-23 07:18:14.327 [INFO ] [marker_detector] manual_track world_lost cycle=0 — TF gap open
2026-06-23 07:18:14.526 [INFO ] [marker_detector] manual_track world_acquired cycle=0
2026-06-23 07:18:14.754 [INFO ] [marker_detector] manual_track world_lost cycle=0 — TF gap open
2026-06-23 07:18:14.819 [INFO ] [marker_detector] manual_track world_acquired cycle=0
2026-06-23 07:18:14.852 [INFO ] [marker_detector] manual_track world_lost cycle=0 — TF gap open
2026-06-23 07:18:14.887 [INFO ] [marker_detector] manual_track world_acquired cycle=0
2026-06-23 07:18:14.919 [INFO ] [marker_detector] manual_track world_lost cycle=0 — TF gap open
2026-06-23 07:18:15.021 [INFO ] [marker_detector] manual_track world_acquired cycle=0
2026-06-23 07:20:44.815 [INFO ] [marker_detector] cycle_file_close cycle=0
2026-06-23 07:20:44.816 [INFO ] [marker_detector] manual_track_stop cycle=0
