2026-06-23 07:49:55.520 [INFO ] [marker_detector] cycle_file_open cycle=0 file=cycle_0_raw_074955.json
2026-06-23 07:49:55.520 [INFO ] [marker_detector] manual_track_start cycle=0
2026-06-23 07:49:55.591 [INFO ] [marker_detector] manual_track world_acquired cycle=0
2026-06-23 07:49:58.933 [INFO ] [marker_detector] manual_track world_lost cycle=0 — TF gap open
2026-06-23 07:49:58.969 [INFO ] [marker_detector] manual_track world_acquired cycle=0
2026-06-23 07:49:59.032 [INFO ] [marker_detector] manual_track world_lost cycle=0 — TF gap open
2026-06-23 07:49:59.069 [INFO ] [marker_detector] manual_track world_acquired cycle=0
2026-06-23 07:49:59.568 [INFO ] [marker_detector] manual_track world_lost cycle=0 — TF gap open
2026-06-23 07:49:59.642 [INFO ] [marker_detector] manual_track world_acquired cycle=0
2026-06-23 07:49:59.702 [INFO ] [marker_detector] manual_track world_lost cycle=0 — TF gap open
2026-06-23 07:49:59.734 [INFO ] [marker_detector] manual_track world_acquired cycle=0
2026-06-23 07:50:00.804 [INFO ] [marker_detector] manual_track world_lost cycle=0 — TF gap open
2026-06-23 07:50:00.835 [INFO ] [marker_detector] manual_track world_acquired cycle=0
2026-06-23 07:50:01.200 [INFO ] [marker_detector] manual_track world_lost cycle=0 — TF gap open
2026-06-23 07:50:01.236 [INFO ] [marker_detector] manual_track world_acquired cycle=0
2026-06-23 07:50:01.300 [INFO ] [marker_detector] manual_track world_lost cycle=0 — TF gap open
2026-06-23 07:50:01.333 [INFO ] [marker_detector] manual_track world_acquired cycle=0
2026-06-23 07:50:17.518 [INFO ] [marker_detector] manual_track world_lost cycle=0 — TF gap open
2026-06-23 07:50:17.555 [INFO ] [marker_detector] manual_track world_acquired cycle=0
2026-06-23 07:51:00.513 [INFO ] [marker_detector] manual_track world_lost cycle=0 — TF gap open
2026-06-23 07:51:00.547 [INFO ] [marker_detector] manual_track world_acquired cycle=0
2026-06-23 07:51:11.869 [INFO ] [marker_detector] manual_track world_lost cycle=0 — TF gap open
2026-06-23 07:51:11.904 [INFO ] [marker_detector] manual_track world_acquired cycle=0
2026-06-23 07:51:11.989 [INFO ] [marker_detector] manual_track world_lost cycle=0 — TF gap open
2026-06-23 07:51:12.057 [INFO ] [marker_detector] manual_track world_acquired cycle=0
2026-06-23 07:51:12.169 [INFO ] [marker_detector] manual_track world_lost cycle=0 — TF gap open
2026-06-23 07:51:12.238 [INFO ] [marker_detector] manual_track world_acquired cycle=0
2026-06-23 07:52:14.413 [INFO ] [marker_detector] manual_track world_lost cycle=0 — TF gap open
2026-06-23 07:52:14.448 [INFO ] [marker_detector] manual_track world_acquired cycle=0
2026-06-23 07:52:15.713 [INFO ] [marker_detector] manual_track world_lost cycle=0 — TF gap open
2026-06-23 07:52:15.751 [INFO ] [marker_detector] manual_track world_acquired cycle=0
2026-06-23 07:52:15.811 [INFO ] [marker_detector] manual_track world_lost cycle=0 — TF gap open
2026-06-23 07:52:15.847 [INFO ] [marker_detector] manual_track world_acquired cycle=0
2026-06-23 07:52:15.911 [INFO ] [marker_detector] manual_track world_lost cycle=0 — TF gap open
2026-06-23 07:52:15.947 [INFO ] [marker_detector] manual_track world_acquired cycle=0
2026-06-23 07:52:21.545 [INFO ] [marker_detector] cycle_file_close cycle=0
2026-06-23 07:52:21.545 [INFO ] [marker_detector] manual_track_stop cycle=0
