2026-06-13 09:29:49.036 [INFO ] [tf_bridge] tf_bridge started | session=/home/jeano/picar_ros/logs/session_20260613_092949
2026-06-13 09:29:49.037 [INFO ] [tf_bridge] connecting to ws://localhost:8000/ws
2026-06-13 09:29:49.051 [WARNING] [tf_bridge] connection refused: [Errno 111] Connect call failed ('127.0.0.1', 8000) — retry in 1.0s
2026-06-13 09:29:50.054 [WARNING] [tf_bridge] connection refused: [Errno 111] Connect call failed ('127.0.0.1', 8000) — retry in 2.0s
2026-06-13 09:29:52.059 [WARNING] [tf_bridge] connection refused: [Errno 111] Connect call failed ('127.0.0.1', 8000) — retry in 4.0s
2026-06-13 09:29:56.065 [WARNING] [tf_bridge] connection refused: [Errno 111] Connect call failed ('127.0.0.1', 8000) — retry in 8.0s
2026-06-13 09:30:04.072 [WARNING] [tf_bridge] connection refused: [Errno 111] Connect call failed ('127.0.0.1', 8000) — retry in 16.0s
2026-06-13 09:30:20.093 [INFO ] [tf_bridge] websocket connected to ws://localhost:8000/ws
2026-06-13 09:30:20.189 [INFO ] [tf_bridge] first_detection session cycle=0
2026-06-13 09:30:20.190 [INFO ] [tf_bridge] cycle_start cycle=0
2026-06-13 09:30:20.191 [INFO ] [tf_bridge] cycle_file_open file=cycle_0_world_093020.json
2026-06-13 09:30:20.197 [INFO ] [tf_bridge] world_origin_published cycle=0
2026-06-13 09:30:49.353 [INFO ] [tf_bridge] cycle_end cycle=0
2026-06-13 09:30:49.353 [INFO ] [tf_bridge] cycle_file_close cycle=0
2026-06-13 09:30:49.353 [INFO ] [tf_bridge] cycle_start cycle=1
2026-06-13 09:30:49.354 [INFO ] [tf_bridge] cycle_file_open file=cycle_1_world_093049.json
2026-06-13 09:31:04.516 [INFO ] [tf_bridge] cycle_end cycle=1
2026-06-13 09:31:04.516 [INFO ] [tf_bridge] cycle_file_close cycle=1
2026-06-13 09:31:04.516 [INFO ] [tf_bridge] cycle_start cycle=0
2026-06-13 09:31:04.518 [INFO ] [tf_bridge] cycle_file_open file=cycle_0_world_093104.json
2026-06-13 09:31:39.815 [INFO ] [tf_bridge] cycle_end cycle=0
2026-06-13 09:31:39.816 [INFO ] [tf_bridge] cycle_file_close cycle=0
2026-06-13 09:31:39.816 [INFO ] [tf_bridge] cycle_start cycle=1
2026-06-13 09:31:39.817 [INFO ] [tf_bridge] cycle_file_open file=cycle_1_world_093139.json
2026-06-13 09:31:54.944 [INFO ] [tf_bridge] cycle_end cycle=1
2026-06-13 09:31:54.944 [INFO ] [tf_bridge] cycle_file_close cycle=1
2026-06-13 09:31:54.944 [INFO ] [tf_bridge] cycle_start cycle=0
2026-06-13 09:31:54.945 [INFO ] [tf_bridge] cycle_file_open file=cycle_0_world_093154.json
2026-06-13 09:32:30.278 [INFO ] [tf_bridge] cycle_end cycle=0
2026-06-13 09:32:30.279 [INFO ] [tf_bridge] cycle_file_close cycle=0
2026-06-13 09:32:30.279 [INFO ] [tf_bridge] cycle_start cycle=1
2026-06-13 09:32:30.281 [INFO ] [tf_bridge] cycle_file_open file=cycle_1_world_093230.json
2026-06-13 09:32:45.426 [INFO ] [tf_bridge] cycle_end cycle=1
2026-06-13 09:32:45.427 [INFO ] [tf_bridge] cycle_file_close cycle=1
2026-06-13 09:32:45.427 [INFO ] [tf_bridge] cycle_start cycle=0
2026-06-13 09:32:45.428 [INFO ] [tf_bridge] cycle_file_open file=cycle_0_world_093245.json
2026-06-13 09:33:20.745 [INFO ] [tf_bridge] cycle_end cycle=0
2026-06-13 09:33:20.745 [INFO ] [tf_bridge] cycle_file_close cycle=0
2026-06-13 09:33:20.745 [INFO ] [tf_bridge] cycle_start cycle=1
2026-06-13 09:33:20.746 [INFO ] [tf_bridge] cycle_file_open file=cycle_1_world_093320.json
2026-06-13 09:33:35.872 [INFO ] [tf_bridge] cycle_end cycle=1
2026-06-13 09:33:35.873 [INFO ] [tf_bridge] cycle_file_close cycle=1
2026-06-13 09:33:35.873 [INFO ] [tf_bridge] cycle_start cycle=0
2026-06-13 09:33:35.874 [INFO ] [tf_bridge] cycle_file_open file=cycle_0_world_093335.json
2026-06-13 09:34:01.857 [WARNING] [tf_bridge] websocket closed: no close frame received or sent — retry in 1.0s
2026-06-13 09:34:02.860 [WARNING] [tf_bridge] connection refused: [Errno 111] Connect call failed ('127.0.0.1', 8000) — retry in 2.0s
2026-06-13 09:34:03.390 [INFO ] [tf_bridge] cycle_file_close cycle=0
