2026-06-13 23:45:55.911 [INFO ] [marker_detector] cycle_file_open cycle=0 file=cycle_0_raw_234555.json
2026-06-13 23:45:55.912 [INFO ] [marker_detector] manual_track_start cycle=0
2026-06-13 23:45:55.992 [INFO ] [marker_detector] manual_track world_acquired cycle=0
2026-06-13 23:46:02.458 [INFO ] [marker_detector] manual_track world_lost cycle=0 — TF gap open
2026-06-13 23:46:02.627 [INFO ] [marker_detector] manual_track world_acquired cycle=0
2026-06-13 23:46:02.689 [INFO ] [marker_detector] manual_track world_lost cycle=0 — TF gap open
2026-06-13 23:46:02.749 [INFO ] [marker_detector] manual_track world_acquired cycle=0
2026-06-13 23:46:03.573 [INFO ] [marker_detector] manual_track world_lost cycle=0 — TF gap open
2026-06-13 23:46:03.687 [INFO ] [marker_detector] manual_track world_acquired cycle=0
2026-06-13 23:46:03.749 [INFO ] [marker_detector] manual_track world_lost cycle=0 — TF gap open
2026-06-13 23:46:03.811 [INFO ] [marker_detector] manual_track world_acquired cycle=0
2026-06-13 23:46:34.268 [INFO ] [marker_detector] manual_track world_lost cycle=0 — TF gap open
2026-06-13 23:46:34.326 [INFO ] [marker_detector] manual_track world_acquired cycle=0
2026-06-13 23:46:34.384 [INFO ] [marker_detector] manual_track world_lost cycle=0 — TF gap open
2026-06-13 23:46:34.700 [INFO ] [marker_detector] manual_track world_acquired cycle=0
2026-06-13 23:46:35.366 [INFO ] [marker_detector] manual_track world_lost cycle=0 — TF gap open
2026-06-13 23:46:35.420 [INFO ] [marker_detector] manual_track world_acquired cycle=0
2026-06-13 23:46:35.477 [INFO ] [marker_detector] manual_track world_lost cycle=0 — TF gap open
2026-06-13 23:46:36.082 [INFO ] [marker_detector] manual_track world_acquired cycle=0
2026-06-13 23:47:10.314 [INFO ] [marker_detector] cycle_file_close cycle=0
2026-06-13 23:47:10.315 [INFO ] [marker_detector] manual_track_stop cycle=0
2026-06-13 23:47:11.297 [INFO ] [marker_detector] cycle_file_open cycle=1 file=cycle_1_raw_234711.json
2026-06-13 23:47:11.297 [INFO ] [marker_detector] manual_track_start cycle=1
2026-06-13 23:47:11.360 [INFO ] [marker_detector] manual_track world_acquired cycle=1
2026-06-13 23:47:31.497 [INFO ] [marker_detector] manual_track world_lost cycle=1 — TF gap open
2026-06-13 23:47:31.563 [INFO ] [marker_detector] manual_track world_acquired cycle=1
2026-06-13 23:47:31.642 [INFO ] [marker_detector] manual_track world_lost cycle=1 — TF gap open
2026-06-13 23:47:31.819 [INFO ] [marker_detector] manual_track world_acquired cycle=1
2026-06-13 23:47:31.881 [INFO ] [marker_detector] manual_track world_lost cycle=1 — TF gap open
2026-06-13 23:47:31.939 [INFO ] [marker_detector] manual_track world_acquired cycle=1
2026-06-13 23:47:32.053 [INFO ] [marker_detector] manual_track world_lost cycle=1 — TF gap open
2026-06-13 23:47:32.174 [INFO ] [marker_detector] manual_track world_acquired cycle=1
2026-06-13 23:47:32.233 [INFO ] [marker_detector] manual_track world_lost cycle=1 — TF gap open
2026-06-13 23:47:32.298 [INFO ] [marker_detector] manual_track world_acquired cycle=1
2026-06-13 23:47:32.360 [INFO ] [marker_detector] manual_track world_lost cycle=1 — TF gap open
2026-06-13 23:47:32.423 [INFO ] [marker_detector] manual_track world_acquired cycle=1
2026-06-13 23:47:32.478 [INFO ] [marker_detector] manual_track world_lost cycle=1 — TF gap open
2026-06-13 23:47:32.934 [INFO ] [marker_detector] manual_track world_acquired cycle=1
2026-06-13 23:47:33.045 [INFO ] [marker_detector] manual_track world_lost cycle=1 — TF gap open
2026-06-13 23:47:33.216 [INFO ] [marker_detector] manual_track world_acquired cycle=1
2026-06-13 23:47:33.340 [INFO ] [marker_detector] manual_track world_lost cycle=1 — TF gap open
2026-06-13 23:47:33.738 [INFO ] [marker_detector] manual_track world_acquired cycle=1
2026-06-13 23:47:33.799 [INFO ] [marker_detector] manual_track world_lost cycle=1 — TF gap open
2026-06-13 23:47:33.862 [INFO ] [marker_detector] manual_track world_acquired cycle=1
2026-06-13 23:47:33.917 [INFO ] [marker_detector] manual_track world_lost cycle=1 — TF gap open
2026-06-13 23:47:35.911 [INFO ] [marker_detector] manual_track world_acquired cycle=1
2026-06-13 23:47:36.248 [INFO ] [marker_detector] manual_track world_lost cycle=1 — TF gap open
2026-06-13 23:47:36.302 [INFO ] [marker_detector] manual_track world_acquired cycle=1
2026-06-13 23:47:37.085 [INFO ] [marker_detector] manual_track world_lost cycle=1 — TF gap open
2026-06-13 23:47:37.143 [INFO ] [marker_detector] manual_track world_acquired cycle=1
2026-06-13 23:47:37.205 [INFO ] [marker_detector] manual_track world_lost cycle=1 — TF gap open
2026-06-13 23:47:37.267 [INFO ] [marker_detector] manual_track world_acquired cycle=1
2026-06-13 23:47:37.779 [INFO ] [marker_detector] manual_track world_lost cycle=1 — TF gap open
2026-06-13 23:47:37.843 [INFO ] [marker_detector] manual_track world_acquired cycle=1
2026-06-13 23:47:38.097 [INFO ] [marker_detector] manual_track world_lost cycle=1 — TF gap open
2026-06-13 23:47:38.218 [INFO ] [marker_detector] manual_track world_acquired cycle=1
2026-06-13 23:47:38.540 [INFO ] [marker_detector] manual_track world_lost cycle=1 — TF gap open
2026-06-13 23:47:38.609 [INFO ] [marker_detector] manual_track world_acquired cycle=1
2026-06-13 23:47:38.795 [INFO ] [marker_detector] manual_track world_lost cycle=1 — TF gap open
2026-06-13 23:47:38.921 [INFO ] [marker_detector] manual_track world_acquired cycle=1
2026-06-13 23:47:39.044 [INFO ] [marker_detector] manual_track world_lost cycle=1 — TF gap open
2026-06-13 23:47:39.106 [INFO ] [marker_detector] manual_track world_acquired cycle=1
2026-06-13 23:47:39.295 [INFO ] [marker_detector] manual_track world_lost cycle=1 — TF gap open
2026-06-13 23:47:39.517 [INFO ] [marker_detector] manual_track world_acquired cycle=1
2026-06-13 23:47:39.839 [INFO ] [marker_detector] manual_track world_lost cycle=1 — TF gap open
2026-06-13 23:47:40.708 [INFO ] [marker_detector] manual_track world_acquired cycle=1
2026-06-13 23:47:40.928 [INFO ] [marker_detector] manual_track world_lost cycle=1 — TF gap open
2026-06-13 23:47:40.981 [INFO ] [marker_detector] manual_track world_acquired cycle=1
2026-06-13 23:47:41.716 [INFO ] [marker_detector] manual_track world_lost cycle=1 — TF gap open
2026-06-13 23:47:41.834 [INFO ] [marker_detector] manual_track world_acquired cycle=1
2026-06-13 23:47:41.893 [INFO ] [marker_detector] manual_track world_lost cycle=1 — TF gap open
2026-06-13 23:47:43.712 [INFO ] [marker_detector] manual_track world_acquired cycle=1
2026-06-13 23:47:43.830 [INFO ] [marker_detector] manual_track world_lost cycle=1 — TF gap open
2026-06-13 23:47:44.002 [INFO ] [marker_detector] manual_track world_acquired cycle=1
2026-06-13 23:47:44.058 [INFO ] [marker_detector] manual_track world_lost cycle=1 — TF gap open
2026-06-13 23:47:44.231 [INFO ] [marker_detector] manual_track world_acquired cycle=1
2026-06-13 23:47:44.458 [INFO ] [marker_detector] manual_track world_lost cycle=1 — TF gap open
2026-06-13 23:47:44.730 [INFO ] [marker_detector] manual_track world_acquired cycle=1
2026-06-13 23:47:44.840 [INFO ] [marker_detector] manual_track world_lost cycle=1 — TF gap open
2026-06-13 23:47:45.184 [INFO ] [marker_detector] manual_track world_acquired cycle=1
2026-06-13 23:47:45.292 [INFO ] [marker_detector] manual_track world_lost cycle=1 — TF gap open
2026-06-13 23:47:45.410 [INFO ] [marker_detector] manual_track world_acquired cycle=1
2026-06-13 23:47:45.518 [INFO ] [marker_detector] manual_track world_lost cycle=1 — TF gap open
2026-06-13 23:47:45.742 [INFO ] [marker_detector] manual_track world_acquired cycle=1
2026-06-13 23:47:45.802 [INFO ] [marker_detector] manual_track world_lost cycle=1 — TF gap open
2026-06-13 23:47:45.966 [INFO ] [marker_detector] manual_track world_acquired cycle=1
2026-06-13 23:47:46.073 [INFO ] [marker_detector] manual_track world_lost cycle=1 — TF gap open
2026-06-13 23:47:46.243 [INFO ] [marker_detector] manual_track world_acquired cycle=1
2026-06-13 23:47:48.498 [INFO ] [marker_detector] cycle_file_close cycle=1
2026-06-13 23:47:48.498 [INFO ] [marker_detector] manual_track_stop cycle=1
