2026-06-23 07:19:56.109 [INFO ] [tf_bridge] tf_bridge started | session=/home/jeano/picar_ros/logs/session_20260623_071956
2026-06-23 07:19:56.109 [INFO ] [tf_bridge] camera_height=0.075m±0.020m  world_tags=[2,3]  x_offset=0.065m  offset_tol=0.020m  nz_tol=0.025m
2026-06-23 07:19:56.109 [INFO ] [tf_bridge] connecting to ws://192.168.1.241:8000/ws
2026-06-23 07:19:56.145 [INFO ] [tf_bridge] websocket connected to ws://192.168.1.241:8000/ws
2026-06-23 07:19:56.231 [INFO ] [tf_bridge] first_detection session cycle=0
2026-06-23 07:19:56.231 [INFO ] [tf_bridge] cycle_start cycle=0
2026-06-23 07:19:56.232 [INFO ] [tf_bridge] cycle_file_open file=cycle_0_world_071956.json
2026-06-23 07:19:56.232 [WARNING] [tf_bridge] pair_valid=True but one world tag missing — skipping
2026-06-23 07:19:56.332 [WARNING] [tf_bridge] pair_valid=True but one world tag missing — skipping
2026-06-23 07:19:56.427 [WARNING] [tf_bridge] pair_valid=True but one world tag missing — skipping
2026-06-23 07:19:56.561 [WARNING] [tf_bridge] pair_valid=True but one world tag missing — skipping
2026-06-23 07:19:56.701 [WARNING] [tf_bridge] pair_valid=True but one world tag missing — skipping
2026-06-23 07:19:56.832 [WARNING] [tf_bridge] pair_valid=True but one world tag missing — skipping
2026-06-23 07:19:56.959 [WARNING] [tf_bridge] pair_valid=True but one world tag missing — skipping
2026-06-23 07:19:57.062 [WARNING] [tf_bridge] pair_valid=True but one world tag missing — skipping
2026-06-23 07:19:57.193 [WARNING] [tf_bridge] pair_valid=True but one world tag missing — skipping
2026-06-23 07:19:57.292 [WARNING] [tf_bridge] pair_valid=True but one world tag missing — skipping
2026-06-23 07:19:57.456 [WARNING] [tf_bridge] pair_valid=True but one world tag missing — skipping
2026-06-23 07:19:57.548 [WARNING] [tf_bridge] pair_valid=True but one world tag missing — skipping
2026-06-23 07:19:57.665 [WARNING] [tf_bridge] pair_valid=True but one world tag missing — skipping
2026-06-23 07:19:57.792 [WARNING] [tf_bridge] pair_valid=True but one world tag missing — skipping
2026-06-23 07:19:57.904 [WARNING] [tf_bridge] pair_valid=True but one world tag missing — skipping
2026-06-23 07:19:58.029 [WARNING] [tf_bridge] pair_valid=True but one world tag missing — skipping
2026-06-23 07:19:58.127 [WARNING] [tf_bridge] pair_valid=True but one world tag missing — skipping
2026-06-23 07:19:58.259 [WARNING] [tf_bridge] pair_valid=True but one world tag missing — skipping
2026-06-23 07:19:58.362 [WARNING] [tf_bridge] pair_valid=True but one world tag missing — skipping
2026-06-23 07:19:58.491 [WARNING] [tf_bridge] pair_valid=True but one world tag missing — skipping
2026-06-23 07:19:58.591 [WARNING] [tf_bridge] pair_valid=True but one world tag missing — skipping
2026-06-23 07:19:58.727 [WARNING] [tf_bridge] pair_valid=True but one world tag missing — skipping
2026-06-23 07:19:58.858 [WARNING] [tf_bridge] pair_valid=True but one world tag missing — skipping
2026-06-23 07:19:58.991 [WARNING] [tf_bridge] pair_valid=True but one world tag missing — skipping
2026-06-23 07:19:59.090 [WARNING] [tf_bridge] pair_valid=True but one world tag missing — skipping
2026-06-23 07:19:59.198 [WARNING] [tf_bridge] pair_valid=True but one world tag missing — skipping
2026-06-23 07:19:59.324 [WARNING] [tf_bridge] pair_valid=True but one world tag missing — skipping
2026-06-23 07:19:59.425 [WARNING] [tf_bridge] pair_valid=True but one world tag missing — skipping
2026-06-23 07:19:59.526 [WARNING] [tf_bridge] pair_valid=True but one world tag missing — skipping
2026-06-23 07:19:59.629 [WARNING] [tf_bridge] pair_valid=True but one world tag missing — skipping
2026-06-23 07:19:59.761 [WARNING] [tf_bridge] pair_valid=True but one world tag missing — skipping
2026-06-23 07:19:59.862 [WARNING] [tf_bridge] pair_valid=True but one world tag missing — skipping
2026-06-23 07:19:59.996 [WARNING] [tf_bridge] pair_valid=True but one world tag missing — skipping
2026-06-23 07:20:00.123 [WARNING] [tf_bridge] pair_valid=True but one world tag missing — skipping
2026-06-23 07:20:00.268 [WARNING] [tf_bridge] pair_valid=True but one world tag missing — skipping
2026-06-23 07:20:00.389 [WARNING] [tf_bridge] pair_valid=True but one world tag missing — skipping
2026-06-23 07:20:00.489 [WARNING] [tf_bridge] pair_valid=True but one world tag missing — skipping
2026-06-23 07:20:00.623 [WARNING] [tf_bridge] pair_valid=True but one world tag missing — skipping
2026-06-23 07:20:00.732 [WARNING] [tf_bridge] pair_valid=True but one world tag missing — skipping
2026-06-23 07:20:00.855 [WARNING] [tf_bridge] pair_valid=True but one world tag missing — skipping
2026-06-23 07:20:00.955 [WARNING] [tf_bridge] pair_valid=True but one world tag missing — skipping
2026-06-23 07:20:01.088 [WARNING] [tf_bridge] pair_valid=True but one world tag missing — skipping
2026-06-23 07:20:01.190 [WARNING] [tf_bridge] pair_valid=True but one world tag missing — skipping
2026-06-23 07:20:01.327 [WARNING] [tf_bridge] pair_valid=True but one world tag missing — skipping
2026-06-23 07:20:01.426 [WARNING] [tf_bridge] pair_valid=True but one world tag missing — skipping
2026-06-23 07:20:01.679 [WARNING] [tf_bridge] pair_valid=True but one world tag missing — skipping
2026-06-23 07:20:01.730 [WARNING] [tf_bridge] pair_valid=True but one world tag missing — skipping
2026-06-23 07:20:01.869 [WARNING] [tf_bridge] pair_valid=True but one world tag missing — skipping
2026-06-23 07:20:01.994 [WARNING] [tf_bridge] pair_valid=True but one world tag missing — skipping
2026-06-23 07:20:02.127 [WARNING] [tf_bridge] pair_valid=True but one world tag missing — skipping
2026-06-23 07:20:02.258 [WARNING] [tf_bridge] pair_valid=True but one world tag missing — skipping
2026-06-23 07:20:02.401 [WARNING] [tf_bridge] pair_valid=True but one world tag missing — skipping
2026-06-23 07:20:02.423 [WARNING] [tf_bridge] pair_valid=True but one world tag missing — skipping
2026-06-23 07:20:02.540 [WARNING] [tf_bridge] pair_valid=True but one world tag missing — skipping
2026-06-23 07:20:02.669 [WARNING] [tf_bridge] pair_valid=True but one world tag missing — skipping
2026-06-23 07:20:02.907 [WARNING] [tf_bridge] pair_valid=True but one world tag missing — skipping
2026-06-23 07:20:02.937 [WARNING] [tf_bridge] pair_valid=True but one world tag missing — skipping
2026-06-23 07:20:03.031 [WARNING] [tf_bridge] pair_valid=True but one world tag missing — skipping
2026-06-23 07:20:03.154 [WARNING] [tf_bridge] pair_valid=True but one world tag missing — skipping
2026-06-23 07:20:03.356 [WARNING] [tf_bridge] pair_valid=True but one world tag missing — skipping
2026-06-23 07:20:03.356 [WARNING] [tf_bridge] pair_valid=True but one world tag missing — skipping
2026-06-23 07:20:03.523 [WARNING] [tf_bridge] pair_valid=True but one world tag missing — skipping
2026-06-23 07:20:03.729 [WARNING] [tf_bridge] pair_valid=True but one world tag missing — skipping
2026-06-23 07:20:03.729 [WARNING] [tf_bridge] pair_valid=True but one world tag missing — skipping
2026-06-23 07:20:03.839 [WARNING] [tf_bridge] pair_valid=True but one world tag missing — skipping
2026-06-23 07:20:04.001 [WARNING] [tf_bridge] pair_valid=True but one world tag missing — skipping
2026-06-23 07:20:04.025 [WARNING] [tf_bridge] pair_valid=True but one world tag missing — skipping
2026-06-23 07:20:04.241 [WARNING] [tf_bridge] pair_valid=True but one world tag missing — skipping
2026-06-23 07:20:04.295 [WARNING] [tf_bridge] pair_valid=True but one world tag missing — skipping
2026-06-23 07:20:04.549 [WARNING] [tf_bridge] pair_valid=True but one world tag missing — skipping
2026-06-23 07:20:04.549 [WARNING] [tf_bridge] pair_valid=True but one world tag missing — skipping
2026-06-23 07:20:04.639 [WARNING] [tf_bridge] pair_valid=True but one world tag missing — skipping
2026-06-23 07:20:04.854 [WARNING] [tf_bridge] pair_valid=True but one world tag missing — skipping
2026-06-23 07:20:04.855 [WARNING] [tf_bridge] pair_valid=True but one world tag missing — skipping
2026-06-23 07:20:04.984 [WARNING] [tf_bridge] pair_valid=True but one world tag missing — skipping
2026-06-23 07:20:05.216 [WARNING] [tf_bridge] pair_valid=True but one world tag missing — skipping
2026-06-23 07:20:05.216 [WARNING] [tf_bridge] pair_valid=True but one world tag missing — skipping
2026-06-23 07:20:05.287 [WARNING] [tf_bridge] pair_valid=True but one world tag missing — skipping
2026-06-23 07:20:05.432 [WARNING] [tf_bridge] pair_valid=True but one world tag missing — skipping
2026-06-23 07:20:05.553 [WARNING] [tf_bridge] pair_valid=True but one world tag missing — skipping
2026-06-23 07:20:05.685 [WARNING] [tf_bridge] pair_valid=True but one world tag missing — skipping
2026-06-23 07:20:05.820 [WARNING] [tf_bridge] pair_valid=True but one world tag missing — skipping
2026-06-23 07:20:05.950 [WARNING] [tf_bridge] pair_valid=True but one world tag missing — skipping
2026-06-23 07:20:06.084 [WARNING] [tf_bridge] pair_valid=True but one world tag missing — skipping
2026-06-23 07:20:06.218 [WARNING] [tf_bridge] pair_valid=True but one world tag missing — skipping
2026-06-23 07:20:06.353 [WARNING] [tf_bridge] pair_valid=True but one world tag missing — skipping
2026-06-23 07:20:06.451 [WARNING] [tf_bridge] pair_valid=True but one world tag missing — skipping
2026-06-23 07:20:06.588 [WARNING] [tf_bridge] pair_valid=True but one world tag missing — skipping
2026-06-23 07:20:06.723 [WARNING] [tf_bridge] pair_valid=True but one world tag missing — skipping
2026-06-23 07:20:06.855 [WARNING] [tf_bridge] pair_valid=True but one world tag missing — skipping
2026-06-23 07:20:06.960 [WARNING] [tf_bridge] pair_valid=True but one world tag missing — skipping
2026-06-23 07:20:07.092 [WARNING] [tf_bridge] pair_valid=True but one world tag missing — skipping
2026-06-23 07:20:07.219 [WARNING] [tf_bridge] pair_valid=True but one world tag missing — skipping
2026-06-23 07:20:07.364 [WARNING] [tf_bridge] pair_valid=True but one world tag missing — skipping
2026-06-23 07:20:07.486 [WARNING] [tf_bridge] pair_valid=True but one world tag missing — skipping
2026-06-23 07:20:07.584 [WARNING] [tf_bridge] pair_valid=True but one world tag missing — skipping
2026-06-23 07:20:07.706 [WARNING] [tf_bridge] pair_valid=True but one world tag missing — skipping
2026-06-23 07:20:07.823 [WARNING] [tf_bridge] pair_valid=True but one world tag missing — skipping
2026-06-23 07:20:07.948 [WARNING] [tf_bridge] pair_valid=True but one world tag missing — skipping
2026-06-23 07:20:08.083 [WARNING] [tf_bridge] pair_valid=True but one world tag missing — skipping
2026-06-23 07:20:08.183 [WARNING] [tf_bridge] pair_valid=True but one world tag missing — skipping
2026-06-23 07:20:08.319 [WARNING] [tf_bridge] pair_valid=True but one world tag missing — skipping
2026-06-23 07:20:08.456 [WARNING] [tf_bridge] pair_valid=True but one world tag missing — skipping
2026-06-23 07:20:08.590 [WARNING] [tf_bridge] pair_valid=True but one world tag missing — skipping
2026-06-23 07:20:08.689 [WARNING] [tf_bridge] pair_valid=True but one world tag missing — skipping
2026-06-23 07:20:08.822 [WARNING] [tf_bridge] pair_valid=True but one world tag missing — skipping
2026-06-23 07:20:08.923 [WARNING] [tf_bridge] pair_valid=True but one world tag missing — skipping
2026-06-23 07:20:09.015 [WARNING] [tf_bridge] pair_valid=True but one world tag missing — skipping
2026-06-23 07:20:09.149 [WARNING] [tf_bridge] pair_valid=True but one world tag missing — skipping
2026-06-23 07:20:09.284 [WARNING] [tf_bridge] pair_valid=True but one world tag missing — skipping
2026-06-23 07:20:09.414 [WARNING] [tf_bridge] pair_valid=True but one world tag missing — skipping
2026-06-23 07:20:09.515 [WARNING] [tf_bridge] pair_valid=True but one world tag missing — skipping
2026-06-23 07:20:09.647 [WARNING] [tf_bridge] pair_valid=True but one world tag missing — skipping
2026-06-23 07:20:09.751 [WARNING] [tf_bridge] pair_valid=True but one world tag missing — skipping
2026-06-23 07:20:09.882 [WARNING] [tf_bridge] pair_valid=True but one world tag missing — skipping
2026-06-23 07:20:10.018 [WARNING] [tf_bridge] pair_valid=True but one world tag missing — skipping
2026-06-23 07:20:10.158 [WARNING] [tf_bridge] pair_valid=True but one world tag missing — skipping
2026-06-23 07:20:10.285 [WARNING] [tf_bridge] pair_valid=True but one world tag missing — skipping
2026-06-23 07:20:10.421 [WARNING] [tf_bridge] pair_valid=True but one world tag missing — skipping
2026-06-23 07:20:10.557 [WARNING] [tf_bridge] pair_valid=True but one world tag missing — skipping
2026-06-23 07:20:10.650 [WARNING] [tf_bridge] pair_valid=True but one world tag missing — skipping
2026-06-23 07:20:10.749 [WARNING] [tf_bridge] pair_valid=True but one world tag missing — skipping
2026-06-23 07:20:10.880 [WARNING] [tf_bridge] pair_valid=True but one world tag missing — skipping
2026-06-23 07:20:11.018 [WARNING] [tf_bridge] pair_valid=True but one world tag missing — skipping
2026-06-23 07:20:11.146 [WARNING] [tf_bridge] pair_valid=True but one world tag missing — skipping
2026-06-23 07:20:11.245 [WARNING] [tf_bridge] pair_valid=True but one world tag missing — skipping
2026-06-23 07:20:11.381 [WARNING] [tf_bridge] pair_valid=True but one world tag missing — skipping
2026-06-23 07:20:11.515 [WARNING] [tf_bridge] pair_valid=True but one world tag missing — skipping
2026-06-23 07:20:11.656 [WARNING] [tf_bridge] pair_valid=True but one world tag missing — skipping
2026-06-23 07:20:11.780 [WARNING] [tf_bridge] pair_valid=True but one world tag missing — skipping
2026-06-23 07:20:11.883 [WARNING] [tf_bridge] pair_valid=True but one world tag missing — skipping
2026-06-23 07:20:12.018 [WARNING] [tf_bridge] pair_valid=True but one world tag missing — skipping
2026-06-23 07:20:12.117 [WARNING] [tf_bridge] pair_valid=True but one world tag missing — skipping
2026-06-23 07:20:12.252 [WARNING] [tf_bridge] pair_valid=True but one world tag missing — skipping
2026-06-23 07:20:12.347 [WARNING] [tf_bridge] pair_valid=True but one world tag missing — skipping
2026-06-23 07:20:12.455 [WARNING] [tf_bridge] pair_valid=True but one world tag missing — skipping
2026-06-23 07:20:12.548 [WARNING] [tf_bridge] pair_valid=True but one world tag missing — skipping
2026-06-23 07:20:12.680 [WARNING] [tf_bridge] pair_valid=True but one world tag missing — skipping
2026-06-23 07:20:12.798 [WARNING] [tf_bridge] pair_valid=True but one world tag missing — skipping
2026-06-23 07:20:12.925 [WARNING] [tf_bridge] pair_valid=True but one world tag missing — skipping
2026-06-23 07:20:13.046 [WARNING] [tf_bridge] pair_valid=True but one world tag missing — skipping
2026-06-23 07:20:13.180 [WARNING] [tf_bridge] pair_valid=True but one world tag missing — skipping
2026-06-23 07:20:13.311 [WARNING] [tf_bridge] pair_valid=True but one world tag missing — skipping
2026-06-23 07:20:13.444 [WARNING] [tf_bridge] pair_valid=True but one world tag missing — skipping
2026-06-23 07:20:13.579 [WARNING] [tf_bridge] pair_valid=True but one world tag missing — skipping
2026-06-23 07:20:13.714 [WARNING] [tf_bridge] pair_valid=True but one world tag missing — skipping
2026-06-23 07:20:13.815 [WARNING] [tf_bridge] pair_valid=True but one world tag missing — skipping
2026-06-23 07:20:13.948 [WARNING] [tf_bridge] pair_valid=True but one world tag missing — skipping
2026-06-23 07:20:14.050 [WARNING] [tf_bridge] pair_valid=True but one world tag missing — skipping
2026-06-23 07:20:14.185 [WARNING] [tf_bridge] pair_valid=True but one world tag missing — skipping
2026-06-23 07:20:14.278 [WARNING] [tf_bridge] pair_valid=True but one world tag missing — skipping
2026-06-23 07:20:14.413 [WARNING] [tf_bridge] pair_valid=True but one world tag missing — skipping
2026-06-23 07:20:14.545 [WARNING] [tf_bridge] pair_valid=True but one world tag missing — skipping
2026-06-23 07:20:14.648 [WARNING] [tf_bridge] pair_valid=True but one world tag missing — skipping
2026-06-23 07:20:14.778 [WARNING] [tf_bridge] pair_valid=True but one world tag missing — skipping
2026-06-23 07:20:14.889 [WARNING] [tf_bridge] pair_valid=True but one world tag missing — skipping
2026-06-23 07:20:15.010 [WARNING] [tf_bridge] pair_valid=True but one world tag missing — skipping
2026-06-23 07:20:15.112 [WARNING] [tf_bridge] pair_valid=True but one world tag missing — skipping
2026-06-23 07:20:15.243 [WARNING] [tf_bridge] pair_valid=True but one world tag missing — skipping
2026-06-23 07:20:15.347 [WARNING] [tf_bridge] pair_valid=True but one world tag missing — skipping
2026-06-23 07:20:15.477 [WARNING] [tf_bridge] pair_valid=True but one world tag missing — skipping
2026-06-23 07:20:15.580 [WARNING] [tf_bridge] pair_valid=True but one world tag missing — skipping
2026-06-23 07:20:15.679 [WARNING] [tf_bridge] pair_valid=True but one world tag missing — skipping
2026-06-23 07:20:15.784 [WARNING] [tf_bridge] pair_valid=True but one world tag missing — skipping
2026-06-23 07:20:15.915 [WARNING] [tf_bridge] pair_valid=True but one world tag missing — skipping
2026-06-23 07:20:16.016 [WARNING] [tf_bridge] pair_valid=True but one world tag missing — skipping
2026-06-23 07:20:16.155 [WARNING] [tf_bridge] pair_valid=True but one world tag missing — skipping
2026-06-23 07:20:16.276 [WARNING] [tf_bridge] pair_valid=True but one world tag missing — skipping
2026-06-23 07:20:16.392 [WARNING] [tf_bridge] pair_valid=True but one world tag missing — skipping
2026-06-23 07:20:16.509 [WARNING] [tf_bridge] pair_valid=True but one world tag missing — skipping
2026-06-23 07:20:16.609 [WARNING] [tf_bridge] pair_valid=True but one world tag missing — skipping
2026-06-23 07:20:16.741 [WARNING] [tf_bridge] pair_valid=True but one world tag missing — skipping
2026-06-23 07:20:16.845 [WARNING] [tf_bridge] pair_valid=True but one world tag missing — skipping
2026-06-23 07:20:16.974 [WARNING] [tf_bridge] pair_valid=True but one world tag missing — skipping
2026-06-23 07:20:17.078 [WARNING] [tf_bridge] pair_valid=True but one world tag missing — skipping
2026-06-23 07:20:17.212 [WARNING] [tf_bridge] pair_valid=True but one world tag missing — skipping
2026-06-23 07:20:17.311 [WARNING] [tf_bridge] pair_valid=True but one world tag missing — skipping
2026-06-23 07:20:17.447 [WARNING] [tf_bridge] pair_valid=True but one world tag missing — skipping
2026-06-23 07:20:17.580 [WARNING] [tf_bridge] pair_valid=True but one world tag missing — skipping
2026-06-23 07:20:17.685 [WARNING] [tf_bridge] pair_valid=True but one world tag missing — skipping
2026-06-23 07:20:17.817 [WARNING] [tf_bridge] pair_valid=True but one world tag missing — skipping
2026-06-23 07:20:17.932 [WARNING] [tf_bridge] pair_valid=True but one world tag missing — skipping
2026-06-23 07:20:18.044 [WARNING] [tf_bridge] pair_valid=True but one world tag missing — skipping
2026-06-23 07:20:18.173 [WARNING] [tf_bridge] pair_valid=True but one world tag missing — skipping
2026-06-23 07:20:18.307 [WARNING] [tf_bridge] pair_valid=True but one world tag missing — skipping
2026-06-23 07:20:18.440 [WARNING] [tf_bridge] pair_valid=True but one world tag missing — skipping
2026-06-23 07:20:18.543 [WARNING] [tf_bridge] pair_valid=True but one world tag missing — skipping
2026-06-23 07:20:18.675 [WARNING] [tf_bridge] pair_valid=True but one world tag missing — skipping
2026-06-23 07:20:18.774 [WARNING] [tf_bridge] pair_valid=True but one world tag missing — skipping
2026-06-23 07:20:18.906 [WARNING] [tf_bridge] pair_valid=True but one world tag missing — skipping
2026-06-23 07:20:19.041 [WARNING] [tf_bridge] pair_valid=True but one world tag missing — skipping
2026-06-23 07:20:19.184 [WARNING] [tf_bridge] pair_valid=True but one world tag missing — skipping
2026-06-23 07:20:19.310 [WARNING] [tf_bridge] pair_valid=True but one world tag missing — skipping
2026-06-23 07:20:19.415 [WARNING] [tf_bridge] pair_valid=True but one world tag missing — skipping
2026-06-23 07:20:19.513 [WARNING] [tf_bridge] pair_valid=True but one world tag missing — skipping
2026-06-23 07:20:19.616 [WARNING] [tf_bridge] pair_valid=True but one world tag missing — skipping
2026-06-23 07:20:19.740 [WARNING] [tf_bridge] pair_valid=True but one world tag missing — skipping
2026-06-23 07:20:19.840 [WARNING] [tf_bridge] pair_valid=True but one world tag missing — skipping
2026-06-23 07:20:19.974 [WARNING] [tf_bridge] pair_valid=True but one world tag missing — skipping
2026-06-23 07:20:20.075 [WARNING] [tf_bridge] pair_valid=True but one world tag missing — skipping
2026-06-23 07:20:20.205 [WARNING] [tf_bridge] pair_valid=True but one world tag missing — skipping
2026-06-23 07:20:20.340 [WARNING] [tf_bridge] pair_valid=True but one world tag missing — skipping
2026-06-23 07:20:20.474 [WARNING] [tf_bridge] pair_valid=True but one world tag missing — skipping
2026-06-23 07:20:20.606 [WARNING] [tf_bridge] pair_valid=True but one world tag missing — skipping
2026-06-23 07:20:20.738 [WARNING] [tf_bridge] pair_valid=True but one world tag missing — skipping
2026-06-23 07:20:20.878 [WARNING] [tf_bridge] pair_valid=True but one world tag missing — skipping
2026-06-23 07:20:21.006 [WARNING] [tf_bridge] pair_valid=True but one world tag missing — skipping
2026-06-23 07:20:21.115 [WARNING] [tf_bridge] pair_valid=True but one world tag missing — skipping
2026-06-23 07:20:21.240 [WARNING] [tf_bridge] pair_valid=True but one world tag missing — skipping
2026-06-23 07:20:21.340 [WARNING] [tf_bridge] pair_valid=True but one world tag missing — skipping
2026-06-23 07:20:21.472 [WARNING] [tf_bridge] pair_valid=True but one world tag missing — skipping
2026-06-23 07:20:21.584 [WARNING] [tf_bridge] pair_valid=True but one world tag missing — skipping
2026-06-23 07:20:21.705 [WARNING] [tf_bridge] pair_valid=True but one world tag missing — skipping
2026-06-23 07:20:21.838 [WARNING] [tf_bridge] pair_valid=True but one world tag missing — skipping
2026-06-23 07:20:21.978 [WARNING] [tf_bridge] pair_valid=True but one world tag missing — skipping
2026-06-23 07:20:22.104 [WARNING] [tf_bridge] pair_valid=True but one world tag missing — skipping
2026-06-23 07:20:22.237 [WARNING] [tf_bridge] pair_valid=True but one world tag missing — skipping
2026-06-23 07:20:22.370 [WARNING] [tf_bridge] pair_valid=True but one world tag missing — skipping
2026-06-23 07:20:22.504 [WARNING] [tf_bridge] pair_valid=True but one world tag missing — skipping
2026-06-23 07:20:22.605 [WARNING] [tf_bridge] pair_valid=True but one world tag missing — skipping
2026-06-23 07:20:22.741 [WARNING] [tf_bridge] pair_valid=True but one world tag missing — skipping
2026-06-23 07:20:22.846 [WARNING] [tf_bridge] pair_valid=True but one world tag missing — skipping
2026-06-23 07:20:22.955 [WARNING] [tf_bridge] pair_valid=True but one world tag missing — skipping
2026-06-23 07:20:23.057 [WARNING] [tf_bridge] pair_valid=True but one world tag missing — skipping
2026-06-23 07:20:23.176 [WARNING] [tf_bridge] pair_valid=True but one world tag missing — skipping
2026-06-23 07:20:23.270 [WARNING] [tf_bridge] pair_valid=True but one world tag missing — skipping
2026-06-23 07:20:23.403 [WARNING] [tf_bridge] pair_valid=True but one world tag missing — skipping
2026-06-23 07:20:23.506 [WARNING] [tf_bridge] pair_valid=True but one world tag missing — skipping
2026-06-23 07:20:23.637 [WARNING] [tf_bridge] pair_valid=True but one world tag missing — skipping
2026-06-23 07:20:23.769 [WARNING] [tf_bridge] pair_valid=True but one world tag missing — skipping
2026-06-23 07:20:23.912 [WARNING] [tf_bridge] pair_valid=True but one world tag missing — skipping
2026-06-23 07:20:24.036 [WARNING] [tf_bridge] pair_valid=True but one world tag missing — skipping
2026-06-23 07:20:24.136 [WARNING] [tf_bridge] pair_valid=True but one world tag missing — skipping
2026-06-23 07:20:24.269 [WARNING] [tf_bridge] pair_valid=True but one world tag missing — skipping
2026-06-23 07:20:24.376 [WARNING] [tf_bridge] pair_valid=True but one world tag missing — skipping
2026-06-23 07:20:24.506 [WARNING] [tf_bridge] pair_valid=True but one world tag missing — skipping
2026-06-23 07:20:24.642 [WARNING] [tf_bridge] pair_valid=True but one world tag missing — skipping
2026-06-23 07:20:24.747 [WARNING] [tf_bridge] pair_valid=True but one world tag missing — skipping
2026-06-23 07:20:24.877 [WARNING] [tf_bridge] pair_valid=True but one world tag missing — skipping
2026-06-23 07:20:25.010 [WARNING] [tf_bridge] pair_valid=True but one world tag missing — skipping
2026-06-23 07:20:25.135 [WARNING] [tf_bridge] pair_valid=True but one world tag missing — skipping
2026-06-23 07:20:25.267 [WARNING] [tf_bridge] pair_valid=True but one world tag missing — skipping
2026-06-23 07:20:25.369 [WARNING] [tf_bridge] pair_valid=True but one world tag missing — skipping
2026-06-23 07:20:25.501 [WARNING] [tf_bridge] pair_valid=True but one world tag missing — skipping
2026-06-23 07:20:25.611 [WARNING] [tf_bridge] pair_valid=True but one world tag missing — skipping
2026-06-23 07:20:25.735 [WARNING] [tf_bridge] pair_valid=True but one world tag missing — skipping
2026-06-23 07:20:25.845 [WARNING] [tf_bridge] pair_valid=True but one world tag missing — skipping
2026-06-23 07:20:25.971 [WARNING] [tf_bridge] pair_valid=True but one world tag missing — skipping
2026-06-23 07:20:26.102 [WARNING] [tf_bridge] pair_valid=True but one world tag missing — skipping
2026-06-23 07:20:26.234 [WARNING] [tf_bridge] pair_valid=True but one world tag missing — skipping
2026-06-23 07:20:26.367 [WARNING] [tf_bridge] pair_valid=True but one world tag missing — skipping
2026-06-23 07:20:26.501 [WARNING] [tf_bridge] pair_valid=True but one world tag missing — skipping
2026-06-23 07:20:26.634 [WARNING] [tf_bridge] pair_valid=True but one world tag missing — skipping
2026-06-23 07:20:26.739 [WARNING] [tf_bridge] pair_valid=True but one world tag missing — skipping
2026-06-23 07:20:26.868 [WARNING] [tf_bridge] pair_valid=True but one world tag missing — skipping
2026-06-23 07:20:27.001 [WARNING] [tf_bridge] pair_valid=True but one world tag missing — skipping
2026-06-23 07:20:27.141 [WARNING] [tf_bridge] pair_valid=True but one world tag missing — skipping
2026-06-23 07:20:27.266 [WARNING] [tf_bridge] pair_valid=True but one world tag missing — skipping
2026-06-23 07:20:27.373 [WARNING] [tf_bridge] pair_valid=True but one world tag missing — skipping
2026-06-23 07:20:27.502 [WARNING] [tf_bridge] pair_valid=True but one world tag missing — skipping
2026-06-23 07:20:27.602 [WARNING] [tf_bridge] pair_valid=True but one world tag missing — skipping
2026-06-23 07:20:27.740 [WARNING] [tf_bridge] pair_valid=True but one world tag missing — skipping
2026-06-23 07:20:27.845 [WARNING] [tf_bridge] pair_valid=True but one world tag missing — skipping
2026-06-23 07:20:27.931 [WARNING] [tf_bridge] pair_valid=True but one world tag missing — skipping
2026-06-23 07:20:28.051 [WARNING] [tf_bridge] pair_valid=True but one world tag missing — skipping
2026-06-23 07:20:28.149 [WARNING] [tf_bridge] pair_valid=True but one world tag missing — skipping
2026-06-23 07:20:28.270 [WARNING] [tf_bridge] pair_valid=True but one world tag missing — skipping
2026-06-23 07:20:28.402 [WARNING] [tf_bridge] pair_valid=True but one world tag missing — skipping
2026-06-23 07:20:28.531 [WARNING] [tf_bridge] pair_valid=True but one world tag missing — skipping
2026-06-23 07:20:28.644 [WARNING] [tf_bridge] pair_valid=True but one world tag missing — skipping
2026-06-23 07:20:28.764 [WARNING] [tf_bridge] pair_valid=True but one world tag missing — skipping
2026-06-23 07:20:28.898 [WARNING] [tf_bridge] pair_valid=True but one world tag missing — skipping
2026-06-23 07:20:29.033 [WARNING] [tf_bridge] pair_valid=True but one world tag missing — skipping
2026-06-23 07:20:29.165 [WARNING] [tf_bridge] pair_valid=True but one world tag missing — skipping
2026-06-23 07:20:29.301 [WARNING] [tf_bridge] pair_valid=True but one world tag missing — skipping
2026-06-23 07:20:29.438 [WARNING] [tf_bridge] pair_valid=True but one world tag missing — skipping
2026-06-23 07:20:29.537 [WARNING] [tf_bridge] pair_valid=True but one world tag missing — skipping
2026-06-23 07:20:29.670 [WARNING] [tf_bridge] pair_valid=True but one world tag missing — skipping
2026-06-23 07:20:29.804 [WARNING] [tf_bridge] pair_valid=True but one world tag missing — skipping
2026-06-23 07:20:29.931 [WARNING] [tf_bridge] pair_valid=True but one world tag missing — skipping
2026-06-23 07:20:30.065 [WARNING] [tf_bridge] pair_valid=True but one world tag missing — skipping
2026-06-23 07:20:30.169 [WARNING] [tf_bridge] pair_valid=True but one world tag missing — skipping
2026-06-23 07:20:30.295 [WARNING] [tf_bridge] pair_valid=True but one world tag missing — skipping
2026-06-23 07:20:30.428 [WARNING] [tf_bridge] pair_valid=True but one world tag missing — skipping
2026-06-23 07:20:30.572 [WARNING] [tf_bridge] pair_valid=True but one world tag missing — skipping
2026-06-23 07:20:30.697 [WARNING] [tf_bridge] pair_valid=True but one world tag missing — skipping
2026-06-23 07:20:30.797 [WARNING] [tf_bridge] pair_valid=True but one world tag missing — skipping
2026-06-23 07:20:30.933 [WARNING] [tf_bridge] pair_valid=True but one world tag missing — skipping
2026-06-23 07:20:31.037 [WARNING] [tf_bridge] pair_valid=True but one world tag missing — skipping
2026-06-23 07:20:31.168 [WARNING] [tf_bridge] pair_valid=True but one world tag missing — skipping
2026-06-23 07:20:31.301 [WARNING] [tf_bridge] pair_valid=True but one world tag missing — skipping
2026-06-23 07:20:31.440 [WARNING] [tf_bridge] pair_valid=True but one world tag missing — skipping
2026-06-23 07:20:31.570 [WARNING] [tf_bridge] pair_valid=True but one world tag missing — skipping
2026-06-23 07:20:31.672 [WARNING] [tf_bridge] pair_valid=True but one world tag missing — skipping
2026-06-23 07:20:31.806 [WARNING] [tf_bridge] pair_valid=True but one world tag missing — skipping
2026-06-23 07:20:31.930 [WARNING] [tf_bridge] pair_valid=True but one world tag missing — skipping
2026-06-23 07:20:32.065 [WARNING] [tf_bridge] pair_valid=True but one world tag missing — skipping
2026-06-23 07:20:32.195 [WARNING] [tf_bridge] pair_valid=True but one world tag missing — skipping
2026-06-23 07:20:32.297 [WARNING] [tf_bridge] pair_valid=True but one world tag missing — skipping
2026-06-23 07:20:32.427 [WARNING] [tf_bridge] pair_valid=True but one world tag missing — skipping
2026-06-23 07:20:32.532 [WARNING] [tf_bridge] pair_valid=True but one world tag missing — skipping
2026-06-23 07:20:32.663 [WARNING] [tf_bridge] pair_valid=True but one world tag missing — skipping
2026-06-23 07:20:32.765 [WARNING] [tf_bridge] pair_valid=True but one world tag missing — skipping
2026-06-23 07:20:32.863 [WARNING] [tf_bridge] pair_valid=True but one world tag missing — skipping
2026-06-23 07:20:32.964 [WARNING] [tf_bridge] pair_valid=True but one world tag missing — skipping
2026-06-23 07:20:33.098 [WARNING] [tf_bridge] pair_valid=True but one world tag missing — skipping
2026-06-23 07:20:33.222 [WARNING] [tf_bridge] pair_valid=True but one world tag missing — skipping
2026-06-23 07:20:33.345 [WARNING] [tf_bridge] pair_valid=True but one world tag missing — skipping
2026-06-23 07:20:33.458 [WARNING] [tf_bridge] pair_valid=True but one world tag missing — skipping
2026-06-23 07:20:33.561 [WARNING] [tf_bridge] pair_valid=True but one world tag missing — skipping
2026-06-23 07:20:33.695 [WARNING] [tf_bridge] pair_valid=True but one world tag missing — skipping
2026-06-23 07:20:33.800 [WARNING] [tf_bridge] pair_valid=True but one world tag missing — skipping
2026-06-23 07:20:33.928 [WARNING] [tf_bridge] pair_valid=True but one world tag missing — skipping
2026-06-23 07:20:34.061 [WARNING] [tf_bridge] pair_valid=True but one world tag missing — skipping
2026-06-23 07:20:34.204 [WARNING] [tf_bridge] pair_valid=True but one world tag missing — skipping
2026-06-23 07:20:34.327 [WARNING] [tf_bridge] pair_valid=True but one world tag missing — skipping
2026-06-23 07:20:34.461 [WARNING] [tf_bridge] pair_valid=True but one world tag missing — skipping
2026-06-23 07:20:34.596 [WARNING] [tf_bridge] pair_valid=True but one world tag missing — skipping
2026-06-23 07:20:34.698 [WARNING] [tf_bridge] pair_valid=True but one world tag missing — skipping
2026-06-23 07:20:34.829 [WARNING] [tf_bridge] pair_valid=True but one world tag missing — skipping
2026-06-23 07:20:34.935 [WARNING] [tf_bridge] pair_valid=True but one world tag missing — skipping
2026-06-23 07:20:35.071 [WARNING] [tf_bridge] pair_valid=True but one world tag missing — skipping
2026-06-23 07:20:35.195 [WARNING] [tf_bridge] pair_valid=True but one world tag missing — skipping
2026-06-23 07:20:35.306 [WARNING] [tf_bridge] pair_valid=True but one world tag missing — skipping
2026-06-23 07:20:35.427 [WARNING] [tf_bridge] pair_valid=True but one world tag missing — skipping
2026-06-23 07:20:35.525 [WARNING] [tf_bridge] pair_valid=True but one world tag missing — skipping
2026-06-23 07:20:35.658 [WARNING] [tf_bridge] pair_valid=True but one world tag missing — skipping
2026-06-23 07:20:35.762 [WARNING] [tf_bridge] pair_valid=True but one world tag missing — skipping
2026-06-23 07:20:35.892 [WARNING] [tf_bridge] pair_valid=True but one world tag missing — skipping
2026-06-23 07:20:35.993 [WARNING] [tf_bridge] pair_valid=True but one world tag missing — skipping
2026-06-23 07:20:36.093 [WARNING] [tf_bridge] pair_valid=True but one world tag missing — skipping
2026-06-23 07:20:36.193 [WARNING] [tf_bridge] pair_valid=True but one world tag missing — skipping
2026-06-23 07:20:36.328 [WARNING] [tf_bridge] pair_valid=True but one world tag missing — skipping
2026-06-23 07:20:36.464 [WARNING] [tf_bridge] pair_valid=True but one world tag missing — skipping
2026-06-23 07:20:36.598 [WARNING] [tf_bridge] pair_valid=True but one world tag missing — skipping
2026-06-23 07:20:36.732 [WARNING] [tf_bridge] pair_valid=True but one world tag missing — skipping
2026-06-23 07:20:36.864 [WARNING] [tf_bridge] pair_valid=True but one world tag missing — skipping
2026-06-23 07:20:37.003 [WARNING] [tf_bridge] pair_valid=True but one world tag missing — skipping
2026-06-23 07:20:37.123 [WARNING] [tf_bridge] pair_valid=True but one world tag missing — skipping
2026-06-23 07:20:37.243 [WARNING] [tf_bridge] pair_valid=True but one world tag missing — skipping
2026-06-23 07:20:37.357 [WARNING] [tf_bridge] pair_valid=True but one world tag missing — skipping
2026-06-23 07:20:37.458 [WARNING] [tf_bridge] pair_valid=True but one world tag missing — skipping
2026-06-23 07:20:37.589 [WARNING] [tf_bridge] pair_valid=True but one world tag missing — skipping
2026-06-23 07:20:37.691 [WARNING] [tf_bridge] pair_valid=True but one world tag missing — skipping
2026-06-23 07:20:37.824 [WARNING] [tf_bridge] pair_valid=True but one world tag missing — skipping
2026-06-23 07:20:37.958 [WARNING] [tf_bridge] pair_valid=True but one world tag missing — skipping
2026-06-23 07:20:38.103 [WARNING] [tf_bridge] pair_valid=True but one world tag missing — skipping
2026-06-23 07:20:38.236 [WARNING] [tf_bridge] pair_valid=True but one world tag missing — skipping
2026-06-23 07:20:38.349 [WARNING] [tf_bridge] pair_valid=True but one world tag missing — skipping
2026-06-23 07:20:38.465 [WARNING] [tf_bridge] pair_valid=True but one world tag missing — skipping
2026-06-23 07:20:38.595 [WARNING] [tf_bridge] pair_valid=True but one world tag missing — skipping
2026-06-23 07:20:38.689 [WARNING] [tf_bridge] pair_valid=True but one world tag missing — skipping
2026-06-23 07:20:38.832 [WARNING] [tf_bridge] pair_valid=True but one world tag missing — skipping
2026-06-23 07:20:38.960 [WARNING] [tf_bridge] pair_valid=True but one world tag missing — skipping
2026-06-23 07:20:39.090 [WARNING] [tf_bridge] pair_valid=True but one world tag missing — skipping
2026-06-23 07:20:39.224 [WARNING] [tf_bridge] pair_valid=True but one world tag missing — skipping
2026-06-23 07:20:39.364 [WARNING] [tf_bridge] pair_valid=True but one world tag missing — skipping
2026-06-23 07:20:39.490 [WARNING] [tf_bridge] pair_valid=True but one world tag missing — skipping
2026-06-23 07:20:39.599 [WARNING] [tf_bridge] pair_valid=True but one world tag missing — skipping
2026-06-23 07:20:39.724 [WARNING] [tf_bridge] pair_valid=True but one world tag missing — skipping
2026-06-23 07:20:39.857 [WARNING] [tf_bridge] pair_valid=True but one world tag missing — skipping
2026-06-23 07:20:39.991 [WARNING] [tf_bridge] pair_valid=True but one world tag missing — skipping
2026-06-23 07:20:40.124 [WARNING] [tf_bridge] pair_valid=True but one world tag missing — skipping
2026-06-23 07:20:40.231 [WARNING] [tf_bridge] pair_valid=True but one world tag missing — skipping
2026-06-23 07:20:40.321 [WARNING] [tf_bridge] pair_valid=True but one world tag missing — skipping
2026-06-23 07:20:40.466 [WARNING] [tf_bridge] pair_valid=True but one world tag missing — skipping
2026-06-23 07:20:40.590 [WARNING] [tf_bridge] pair_valid=True but one world tag missing — skipping
2026-06-23 07:20:40.721 [WARNING] [tf_bridge] pair_valid=True but one world tag missing — skipping
2026-06-23 07:20:40.822 [WARNING] [tf_bridge] pair_valid=True but one world tag missing — skipping
2026-06-23 07:20:40.956 [WARNING] [tf_bridge] pair_valid=True but one world tag missing — skipping
2026-06-23 07:20:41.092 [WARNING] [tf_bridge] pair_valid=True but one world tag missing — skipping
2026-06-23 07:20:41.220 [WARNING] [tf_bridge] pair_valid=True but one world tag missing — skipping
2026-06-23 07:20:41.327 [WARNING] [tf_bridge] pair_valid=True but one world tag missing — skipping
2026-06-23 07:20:41.456 [WARNING] [tf_bridge] pair_valid=True but one world tag missing — skipping
2026-06-23 07:20:41.557 [WARNING] [tf_bridge] pair_valid=True but one world tag missing — skipping
2026-06-23 07:20:41.691 [WARNING] [tf_bridge] pair_valid=True but one world tag missing — skipping
2026-06-23 07:20:41.826 [WARNING] [tf_bridge] pair_valid=True but one world tag missing — skipping
2026-06-23 07:20:41.963 [WARNING] [tf_bridge] pair_valid=True but one world tag missing — skipping
2026-06-23 07:20:42.091 [WARNING] [tf_bridge] pair_valid=True but one world tag missing — skipping
2026-06-23 07:20:42.187 [WARNING] [tf_bridge] pair_valid=True but one world tag missing — skipping
2026-06-23 07:20:42.288 [WARNING] [tf_bridge] pair_valid=True but one world tag missing — skipping
2026-06-23 07:20:42.400 [WARNING] [tf_bridge] pair_valid=True but one world tag missing — skipping
2026-06-23 07:20:42.522 [WARNING] [tf_bridge] pair_valid=True but one world tag missing — skipping
2026-06-23 07:20:42.652 [WARNING] [tf_bridge] pair_valid=True but one world tag missing — skipping
2026-06-23 07:20:42.753 [WARNING] [tf_bridge] pair_valid=True but one world tag missing — skipping
2026-06-23 07:20:42.857 [WARNING] [tf_bridge] pair_valid=True but one world tag missing — skipping
2026-06-23 07:20:42.986 [WARNING] [tf_bridge] pair_valid=True but one world tag missing — skipping
2026-06-23 07:20:43.119 [WARNING] [tf_bridge] pair_valid=True but one world tag missing — skipping
2026-06-23 07:20:43.261 [WARNING] [tf_bridge] pair_valid=True but one world tag missing — skipping
2026-06-23 07:20:43.372 [WARNING] [tf_bridge] pair_valid=True but one world tag missing — skipping
2026-06-23 07:20:43.477 [WARNING] [tf_bridge] pair_valid=True but one world tag missing — skipping
2026-06-23 07:20:43.589 [WARNING] [tf_bridge] pair_valid=True but one world tag missing — skipping
2026-06-23 07:20:43.691 [WARNING] [tf_bridge] pair_valid=True but one world tag missing — skipping
2026-06-23 07:20:43.825 [WARNING] [tf_bridge] pair_valid=True but one world tag missing — skipping
2026-06-23 07:20:43.917 [WARNING] [tf_bridge] pair_valid=True but one world tag missing — skipping
2026-06-23 07:20:44.053 [WARNING] [tf_bridge] pair_valid=True but one world tag missing — skipping
2026-06-23 07:20:44.184 [WARNING] [tf_bridge] pair_valid=True but one world tag missing — skipping
2026-06-23 07:20:44.333 [WARNING] [tf_bridge] pair_valid=True but one world tag missing — skipping
2026-06-23 07:20:44.452 [WARNING] [tf_bridge] pair_valid=True but one world tag missing — skipping
2026-06-23 07:20:44.553 [WARNING] [tf_bridge] pair_valid=True but one world tag missing — skipping
2026-06-23 07:20:44.684 [WARNING] [tf_bridge] pair_valid=True but one world tag missing — skipping
2026-06-23 07:20:44.786 [WARNING] [tf_bridge] pair_valid=True but one world tag missing — skipping
2026-06-23 07:21:12.520 [WARNING] [tf_bridge] websocket closed: received 1012 (service restart); then sent 1012 (service restart) — retry in 1.0s
2026-06-23 07:21:13.532 [WARNING] [tf_bridge] connection refused: [Errno 111] Connect call failed ('192.168.1.241', 8000) — retry in 2.0s
2026-06-23 07:21:15.544 [WARNING] [tf_bridge] connection refused: [Errno 111] Connect call failed ('192.168.1.241', 8000) — retry in 4.0s
2026-06-23 07:21:19.587 [WARNING] [tf_bridge] connection refused: [Errno 111] Connect call failed ('192.168.1.241', 8000) — retry in 8.0s
2026-06-23 07:21:24.558 [INFO ] [tf_bridge] cycle_file_close cycle=0
