2026-06-13 09:51:24.920 [INFO ] [marker_detector] chase_toggle_on cycle=0
2026-06-13 09:51:25.066 [INFO ] [marker_detector] chase_start cycle=0 world=acquired
2026-06-13 09:51:25.067 [INFO ] [marker_detector] chase_countdown n=3
2026-06-13 09:51:26.067 [INFO ] [marker_detector] chase_countdown n=2
2026-06-13 09:51:27.068 [INFO ] [marker_detector] chase_countdown n=1
2026-06-13 09:51:28.069 [INFO ] [marker_detector] cycle_file_open cycle=0 file=cycle_0_raw_095128.json
2026-06-13 09:51:28.069 [INFO ] [marker_detector] chasing_started cycle=0 speed=75
2026-06-13 09:51:28.178 [INFO ] [marker_detector] world_reacquired — TF gap closed
2026-06-13 09:51:28.179 [INFO ] [marker_detector] detect tag0_lost
2026-06-13 09:56:05.161 [INFO ] [marker_detector] detect tag0_acquired dist_cm=68.1
2026-06-13 09:56:05.313 [INFO ] [marker_detector] world_lost — continuing chase, TF gap open
2026-06-13 09:56:05.381 [INFO ] [marker_detector] detect tag0_lost
2026-06-13 09:56:05.512 [INFO ] [marker_detector] detect tag0_acquired dist_cm=62.3
2026-06-13 09:56:05.576 [INFO ] [marker_detector] detect tag0_lost
2026-06-13 09:56:05.716 [INFO ] [marker_detector] detect tag0_acquired dist_cm=55.8
2026-06-13 09:56:05.787 [INFO ] [marker_detector] detect tag0_lost
2026-06-13 09:56:05.911 [INFO ] [marker_detector] detect tag0_acquired dist_cm=53.7
2026-06-13 09:56:05.966 [INFO ] [marker_detector] detect tag0_lost
2026-06-13 09:56:06.031 [INFO ] [marker_detector] detect tag0_acquired dist_cm=50.7
2026-06-13 09:56:06.158 [INFO ] [marker_detector] detect tag0_lost
2026-06-13 09:56:06.287 [INFO ] [marker_detector] detect tag0_acquired dist_cm=48.0
2026-06-13 09:56:06.412 [INFO ] [marker_detector] detect tag0_lost
2026-06-13 09:56:06.797 [INFO ] [marker_detector] detect tag0_acquired dist_cm=32.5
2026-06-13 09:56:07.070 [INFO ] [marker_detector] detect tag0_lost
2026-06-13 09:56:29.364 [INFO ] [marker_detector] world_reacquired — TF gap closed
2026-06-13 09:56:29.534 [INFO ] [marker_detector] world_lost — continuing chase, TF gap open
2026-06-13 09:56:29.615 [INFO ] [marker_detector] world_reacquired — TF gap closed
2026-06-13 09:56:29.691 [INFO ] [marker_detector] world_lost — continuing chase, TF gap open
2026-06-13 09:56:29.990 [INFO ] [marker_detector] world_reacquired — TF gap closed
2026-06-13 09:56:30.223 [INFO ] [marker_detector] world_lost — continuing chase, TF gap open
2026-06-13 09:56:30.452 [INFO ] [marker_detector] world_reacquired — TF gap closed
2026-06-13 09:56:30.682 [INFO ] [marker_detector] world_lost — continuing chase, TF gap open
2026-06-13 09:56:30.895 [INFO ] [marker_detector] world_reacquired — TF gap closed
2026-06-13 09:56:43.168 [INFO ] [marker_detector] cycle_file_close cycle=0
2026-06-13 09:56:43.168 [INFO ] [marker_detector] chase_stop cycle=0 reason=toggle_off
