2026-06-13 23:42:36.645 [INFO ] [marker_detector] cycle_file_open cycle=0 file=cycle_0_raw_234236.json
2026-06-13 23:42:36.646 [INFO ] [marker_detector] manual_track_start cycle=0
2026-06-13 23:42:36.741 [INFO ] [marker_detector] manual_track world_acquired cycle=0
2026-06-13 23:43:12.213 [INFO ] [marker_detector] manual_track world_lost cycle=0 — TF gap open
2026-06-13 23:43:12.331 [INFO ] [marker_detector] manual_track world_acquired cycle=0
2026-06-13 23:43:12.390 [INFO ] [marker_detector] manual_track world_lost cycle=0 — TF gap open
2026-06-13 23:43:12.453 [INFO ] [marker_detector] manual_track world_acquired cycle=0
2026-06-13 23:43:31.430 [INFO ] [marker_detector] manual_track world_lost cycle=0 — TF gap open
2026-06-13 23:43:31.545 [INFO ] [marker_detector] manual_track world_acquired cycle=0
2026-06-13 23:43:43.571 [INFO ] [marker_detector] manual_track world_lost cycle=0 — TF gap open
2026-06-13 23:43:43.625 [INFO ] [marker_detector] manual_track world_acquired cycle=0
2026-06-13 23:43:45.275 [INFO ] [marker_detector] manual_track world_lost cycle=0 — TF gap open
2026-06-13 23:43:45.334 [INFO ] [marker_detector] manual_track world_acquired cycle=0
2026-06-13 23:43:45.512 [INFO ] [marker_detector] manual_track world_lost cycle=0 — TF gap open
2026-06-13 23:43:45.570 [INFO ] [marker_detector] manual_track world_acquired cycle=0
2026-06-13 23:43:45.627 [INFO ] [marker_detector] manual_track world_lost cycle=0 — TF gap open
2026-06-13 23:43:45.748 [INFO ] [marker_detector] manual_track world_acquired cycle=0
2026-06-13 23:43:46.680 [INFO ] [marker_detector] manual_track world_lost cycle=0 — TF gap open
2026-06-13 23:43:47.039 [INFO ] [marker_detector] manual_track world_acquired cycle=0
2026-06-13 23:43:47.269 [INFO ] [marker_detector] manual_track world_lost cycle=0 — TF gap open
2026-06-13 23:43:47.540 [INFO ] [marker_detector] manual_track world_acquired cycle=0
2026-06-13 23:43:48.940 [INFO ] [marker_detector] manual_track world_lost cycle=0 — TF gap open
2026-06-13 23:43:51.041 [INFO ] [marker_detector] manual_track world_acquired cycle=0
2026-06-13 23:43:51.093 [INFO ] [marker_detector] manual_track world_lost cycle=0 — TF gap open
2026-06-13 23:43:51.204 [INFO ] [marker_detector] manual_track world_acquired cycle=0
2026-06-13 23:43:51.589 [INFO ] [marker_detector] manual_track world_lost cycle=0 — TF gap open
2026-06-13 23:43:52.008 [INFO ] [marker_detector] manual_track world_acquired cycle=0
2026-06-13 23:43:52.670 [INFO ] [marker_detector] manual_track world_lost cycle=0 — TF gap open
2026-06-13 23:43:52.725 [INFO ] [marker_detector] manual_track world_acquired cycle=0
2026-06-13 23:43:52.783 [INFO ] [marker_detector] manual_track world_lost cycle=0 — TF gap open
2026-06-13 23:43:52.838 [INFO ] [marker_detector] manual_track world_acquired cycle=0
2026-06-13 23:43:52.944 [INFO ] [marker_detector] manual_track world_lost cycle=0 — TF gap open
2026-06-13 23:43:53.215 [INFO ] [marker_detector] manual_track world_acquired cycle=0
2026-06-13 23:43:53.724 [INFO ] [marker_detector] manual_track world_lost cycle=0 — TF gap open
2026-06-13 23:43:54.259 [INFO ] [marker_detector] manual_track world_acquired cycle=0
2026-06-13 23:43:54.597 [INFO ] [marker_detector] manual_track world_lost cycle=0 — TF gap open
2026-06-13 23:43:54.654 [INFO ] [marker_detector] manual_track world_acquired cycle=0
2026-06-13 23:43:54.710 [INFO ] [marker_detector] manual_track world_lost cycle=0 — TF gap open
2026-06-13 23:43:54.921 [INFO ] [marker_detector] manual_track world_acquired cycle=0
2026-06-13 23:43:55.094 [INFO ] [marker_detector] manual_track world_lost cycle=0 — TF gap open
2026-06-13 23:43:55.874 [INFO ] [marker_detector] manual_track world_acquired cycle=0
2026-06-13 23:43:56.050 [INFO ] [marker_detector] manual_track world_lost cycle=0 — TF gap open
2026-06-13 23:43:56.714 [INFO ] [marker_detector] manual_track world_acquired cycle=0
2026-06-13 23:43:57.724 [INFO ] [marker_detector] manual_track world_lost cycle=0 — TF gap open
2026-06-13 23:43:57.938 [INFO ] [marker_detector] manual_track world_acquired cycle=0
2026-06-13 23:43:57.995 [INFO ] [marker_detector] manual_track world_lost cycle=0 — TF gap open
2026-06-13 23:43:58.106 [INFO ] [marker_detector] manual_track world_acquired cycle=0
2026-06-13 23:43:58.835 [INFO ] [marker_detector] manual_track world_lost cycle=0 — TF gap open
2026-06-13 23:43:58.947 [INFO ] [marker_detector] manual_track world_acquired cycle=0
2026-06-13 23:43:59.057 [INFO ] [marker_detector] manual_track world_lost cycle=0 — TF gap open
2026-06-13 23:43:59.230 [INFO ] [marker_detector] manual_track world_acquired cycle=0
2026-06-13 23:44:00.534 [INFO ] [marker_detector] manual_track world_lost cycle=0 — TF gap open
2026-06-13 23:44:00.591 [INFO ] [marker_detector] manual_track world_acquired cycle=0
2026-06-13 23:44:00.647 [INFO ] [marker_detector] manual_track world_lost cycle=0 — TF gap open
2026-06-13 23:44:00.699 [INFO ] [marker_detector] manual_track world_acquired cycle=0
2026-06-13 23:44:00.759 [INFO ] [marker_detector] manual_track world_lost cycle=0 — TF gap open
2026-06-13 23:44:00.865 [INFO ] [marker_detector] manual_track world_acquired cycle=0
2026-06-13 23:44:01.680 [INFO ] [marker_detector] manual_track world_lost cycle=0 — TF gap open
2026-06-13 23:44:01.846 [INFO ] [marker_detector] manual_track world_acquired cycle=0
2026-06-13 23:44:10.091 [INFO ] [marker_detector] manual_track world_lost cycle=0 — TF gap open
2026-06-13 23:44:10.150 [INFO ] [marker_detector] manual_track world_acquired cycle=0
2026-06-13 23:44:10.262 [INFO ] [marker_detector] manual_track world_lost cycle=0 — TF gap open
2026-06-13 23:44:10.371 [INFO ] [marker_detector] manual_track world_acquired cycle=0
2026-06-13 23:44:10.645 [INFO ] [marker_detector] manual_track world_lost cycle=0 — TF gap open
2026-06-13 23:44:10.703 [INFO ] [marker_detector] manual_track world_acquired cycle=0
2026-06-13 23:44:10.758 [INFO ] [marker_detector] manual_track world_lost cycle=0 — TF gap open
2026-06-13 23:44:10.872 [INFO ] [marker_detector] manual_track world_acquired cycle=0
2026-06-13 23:44:30.752 [INFO ] [marker_detector] manual_track world_lost cycle=0 — TF gap open
2026-06-13 23:44:30.923 [INFO ] [marker_detector] manual_track world_acquired cycle=0
2026-06-13 23:44:30.977 [INFO ] [marker_detector] manual_track world_lost cycle=0 — TF gap open
2026-06-13 23:44:31.037 [INFO ] [marker_detector] manual_track world_acquired cycle=0
2026-06-13 23:44:31.370 [INFO ] [marker_detector] manual_track world_lost cycle=0 — TF gap open
2026-06-13 23:44:31.600 [INFO ] [marker_detector] manual_track world_acquired cycle=0
2026-06-13 23:44:32.061 [INFO ] [marker_detector] manual_track world_lost cycle=0 — TF gap open
2026-06-13 23:44:32.122 [INFO ] [marker_detector] manual_track world_acquired cycle=0
2026-06-13 23:44:32.175 [INFO ] [marker_detector] manual_track world_lost cycle=0 — TF gap open
2026-06-13 23:44:32.229 [INFO ] [marker_detector] manual_track world_acquired cycle=0
2026-06-13 23:44:32.288 [INFO ] [marker_detector] manual_track world_lost cycle=0 — TF gap open
2026-06-13 23:44:32.344 [INFO ] [marker_detector] manual_track world_acquired cycle=0
2026-06-13 23:44:32.396 [INFO ] [marker_detector] manual_track world_lost cycle=0 — TF gap open
2026-06-13 23:44:32.523 [INFO ] [marker_detector] manual_track world_acquired cycle=0
2026-06-13 23:44:32.581 [INFO ] [marker_detector] manual_track world_lost cycle=0 — TF gap open
2026-06-13 23:44:32.644 [INFO ] [marker_detector] manual_track world_acquired cycle=0
2026-06-13 23:44:33.322 [INFO ] [marker_detector] manual_track world_lost cycle=0 — TF gap open
2026-06-13 23:44:33.433 [INFO ] [marker_detector] manual_track world_acquired cycle=0
2026-06-13 23:44:33.622 [INFO ] [marker_detector] manual_track world_lost cycle=0 — TF gap open
2026-06-13 23:44:33.686 [INFO ] [marker_detector] manual_track world_acquired cycle=0
2026-06-13 23:44:34.107 [INFO ] [marker_detector] manual_track world_lost cycle=0 — TF gap open
2026-06-13 23:44:34.228 [INFO ] [marker_detector] manual_track world_acquired cycle=0
2026-06-13 23:44:34.344 [INFO ] [marker_detector] manual_track world_lost cycle=0 — TF gap open
2026-06-13 23:44:34.463 [INFO ] [marker_detector] manual_track world_acquired cycle=0
2026-06-13 23:44:34.519 [INFO ] [marker_detector] manual_track world_lost cycle=0 — TF gap open
2026-06-13 23:44:34.581 [INFO ] [marker_detector] manual_track world_acquired cycle=0
2026-06-13 23:44:34.639 [INFO ] [marker_detector] manual_track world_lost cycle=0 — TF gap open
2026-06-13 23:44:34.700 [INFO ] [marker_detector] manual_track world_acquired cycle=0
2026-06-13 23:44:35.234 [INFO ] [marker_detector] manual_track world_lost cycle=0 — TF gap open
2026-06-13 23:44:35.291 [INFO ] [marker_detector] manual_track world_acquired cycle=0
2026-06-13 23:44:35.401 [INFO ] [marker_detector] manual_track world_lost cycle=0 — TF gap open
2026-06-13 23:44:35.509 [INFO ] [marker_detector] manual_track world_acquired cycle=0
2026-06-13 23:44:36.012 [INFO ] [marker_detector] manual_track world_lost cycle=0 — TF gap open
2026-06-13 23:44:36.123 [INFO ] [marker_detector] manual_track world_acquired cycle=0
2026-06-13 23:44:36.291 [INFO ] [marker_detector] manual_track world_lost cycle=0 — TF gap open
2026-06-13 23:44:36.348 [INFO ] [marker_detector] manual_track world_acquired cycle=0
2026-06-13 23:44:37.341 [INFO ] [marker_detector] manual_track world_lost cycle=0 — TF gap open
2026-06-13 23:44:37.736 [INFO ] [marker_detector] manual_track world_acquired cycle=0
2026-06-13 23:44:39.162 [INFO ] [marker_detector] manual_track world_lost cycle=0 — TF gap open
2026-06-13 23:44:39.214 [INFO ] [marker_detector] manual_track world_acquired cycle=0
2026-06-13 23:44:39.903 [INFO ] [marker_detector] manual_track world_lost cycle=0 — TF gap open
2026-06-13 23:44:39.958 [INFO ] [marker_detector] manual_track world_acquired cycle=0
2026-06-13 23:44:40.542 [INFO ] [marker_detector] manual_track world_lost cycle=0 — TF gap open
2026-06-13 23:44:40.597 [INFO ] [marker_detector] manual_track world_acquired cycle=0
2026-06-13 23:44:41.252 [INFO ] [marker_detector] manual_track world_lost cycle=0 — TF gap open
2026-06-13 23:44:41.311 [INFO ] [marker_detector] manual_track world_acquired cycle=0
2026-06-13 23:44:42.303 [INFO ] [marker_detector] manual_track world_lost cycle=0 — TF gap open
2026-06-13 23:44:42.362 [INFO ] [marker_detector] manual_track world_acquired cycle=0
2026-06-13 23:44:42.805 [INFO ] [marker_detector] manual_track world_lost cycle=0 — TF gap open
2026-06-13 23:44:42.858 [INFO ] [marker_detector] manual_track world_acquired cycle=0
2026-06-13 23:44:42.912 [INFO ] [marker_detector] manual_track world_lost cycle=0 — TF gap open
2026-06-13 23:44:43.124 [INFO ] [marker_detector] manual_track world_acquired cycle=0
2026-06-13 23:44:43.452 [INFO ] [marker_detector] manual_track world_lost cycle=0 — TF gap open
2026-06-13 23:44:43.508 [INFO ] [marker_detector] manual_track world_acquired cycle=0
2026-06-13 23:44:43.683 [INFO ] [marker_detector] manual_track world_lost cycle=0 — TF gap open
2026-06-13 23:44:43.741 [INFO ] [marker_detector] manual_track world_acquired cycle=0
2026-06-13 23:44:43.803 [INFO ] [marker_detector] manual_track world_lost cycle=0 — TF gap open
2026-06-13 23:44:43.965 [INFO ] [marker_detector] manual_track world_acquired cycle=0
2026-06-13 23:44:47.310 [INFO ] [marker_detector] manual_track world_lost cycle=0 — TF gap open
2026-06-13 23:44:47.583 [INFO ] [marker_detector] manual_track world_acquired cycle=0
2026-06-13 23:44:47.759 [INFO ] [marker_detector] manual_track world_lost cycle=0 — TF gap open
2026-06-13 23:44:47.874 [INFO ] [marker_detector] manual_track world_acquired cycle=0
2026-06-13 23:44:47.933 [INFO ] [marker_detector] manual_track world_lost cycle=0 — TF gap open
2026-06-13 23:44:48.098 [INFO ] [marker_detector] manual_track world_acquired cycle=0
2026-06-13 23:44:48.328 [INFO ] [marker_detector] manual_track world_lost cycle=0 — TF gap open
2026-06-13 23:44:48.630 [INFO ] [marker_detector] manual_track world_acquired cycle=0
2026-06-13 23:44:48.690 [INFO ] [marker_detector] manual_track world_lost cycle=0 — TF gap open
2026-06-13 23:44:48.968 [INFO ] [marker_detector] manual_track world_acquired cycle=0
2026-06-13 23:44:49.269 [INFO ] [marker_detector] manual_track world_lost cycle=0 — TF gap open
2026-06-13 23:44:49.382 [INFO ] [marker_detector] manual_track world_acquired cycle=0
2026-06-13 23:44:49.439 [INFO ] [marker_detector] manual_track world_lost cycle=0 — TF gap open
2026-06-13 23:44:49.498 [INFO ] [marker_detector] manual_track world_acquired cycle=0
2026-06-13 23:44:49.926 [INFO ] [marker_detector] manual_track world_lost cycle=0 — TF gap open
2026-06-13 23:44:50.278 [INFO ] [marker_detector] manual_track world_acquired cycle=0
2026-06-13 23:44:50.929 [INFO ] [marker_detector] manual_track world_lost cycle=0 — TF gap open
2026-06-13 23:44:50.984 [INFO ] [marker_detector] manual_track world_acquired cycle=0
2026-06-13 23:44:51.111 [INFO ] [marker_detector] manual_track world_lost cycle=0 — TF gap open
2026-06-13 23:44:51.231 [INFO ] [marker_detector] manual_track world_acquired cycle=0
2026-06-13 23:45:04.760 [INFO ] [marker_detector] cycle_file_close cycle=0
2026-06-13 23:45:04.760 [INFO ] [marker_detector] manual_track_stop cycle=0
